['_Behavior__diagnostic1043902184__root__Diagnostic_20__behavior_layer1__diagnostic__Crouch_8',
 '_Behavior__diagnostic1043902184__root__Diagnostic_20__behavior_layer1__diagnostic__EyesWhite_4/Duration (s)',
 '_Behavior__diagnostic1043902184__root__Diagnostic_20__behavior_layer1__diagnostic__EyesWhite_4',
 '_Behavior__diagnostic1043902184__root__Diagnostic_20__behavior_layer1__diagnostic__Init_3',
 '_Behavior__diagnostic1043902184__root__Diagnostic_20__behavior_layer1__diagnostic__WakeUp_11__Diagnostic__Diagnostic__EyesRed_2/Duration (s)',
 '_Behavior__diagnostic1043902184__root__Diagnostic_20__behavior_layer1__diagnostic__WakeUp_11__Diagnostic__Diagnostic__EyesRed_2',
 '_Behavior__diagnostic1043902184__root__Diagnostic_20__behavior_layer1__diagnostic__WakeUp_11__Diagnostic__Diagnostic__EyesGreen_1/Duration (s)',
 '_Behavior__diagnostic1043902184__root__Diagnostic_20__behavior_layer1__diagnostic__WakeUp_11__Diagnostic__Diagnostic__EyesGreen_1/Side',
 '_Behavior__diagnostic1043902184__root__Diagnostic_20__behavior_layer1__diagnostic__WakeUp_11__Fx__keyframe476__PlaySound_1/Panorama',
 '_Behavior__diagnostic1043902184__root__Diagnostic_20__behavior_layer1__diagnostic__WakeUp_11__Fx__keyframe476__PlaySound_1/Volume (%)',
 '_Behavior__diagnostic1043902184__root__Diagnostic_20__behavior_layer1__diagnostic__WakeUp_11__Fx__keyframe268__PlaySound_1/Play in loop',
 '_Behavior__diagnostic1043902184__root__Diagnostic_20__behavior_layer1__diagnostic__WakeUp_11__Fx__keyframe268__PlaySound_1/Panorama',
 '_Behavior__diagnostic1043902184__root__Diagnostic_20__behavior_layer1__diagnostic__WakeUp_11__Fx__keyframe77__PlaySound_1/Play in loop',
 '_Behavior__diagnostic1043902184__root__Diagnostic_20__behavior_layer1__diagnostic__WakeUp_11',
 '_Behavior__diagnostic1043902184__root',
 '_Behavior__default_launchpad_pluginsTouch1043891824__root__onStopped',
 '_Behavior__default_launchpad_pluginsTouch1043891824__root',
 'Launchpad/QRCodeAppID',
 'Launchpad/QRCode',
 '_Behavior__default_launchpad_pluginsQRCode1043873832__root',
 '_Behavior__bootconfig162815720__root__onStopped',
 '_Behavior__bootconfig162815720__root__bootconfigmain_2__PreloadDialog_29',
 '_Behavior__bootconfig162815720__root__bootconfigmain_2__Loaders_4',
 '_Behavior__bootconfig162815720__root__bootconfigmain_2__Utils_18',
 '_Behavior__bootconfig162815720__root__bootconfigmain_2',
 '_Behavior__animationsSitGesturesComeOn_11046802600__root_31',
 '_Behavior__animationsSitGesturesHey_31046111256__root_24__onStopped',
 '_Behavior__animationsSitWaitingRest_11046140352__root_1',
 '_Behavior__animationsSitWaitingCramp_11047516872__root_1__onStopped',
 '_Behavior__animationsSitWaitingCramp_11047516872__root_1',
 '_Behavior__animationsSitWaitingPoorlySeated_11041532864__root__onStopped',
 '_Behavior__animationsSitWaitingPlayHands_31046802880__root__onStopped',
 '_Behavior__animationsSitWaitingPlayHands_31046802880__root',
 '_Behavior__animationsSitWaitingAutoFormat_11045385624__root_1__Fx__keyframe327__PlaySound_1/Begin position (s)',
 '_Behavior__animationsSitWaitingAutoFormat_11045385624__root_1__Fx__keyframe327__PlaySound_1',
 '_Behavior__animationsSitWaitingAutoFormat_11045385624__root_1__speech__format__Say_2/Voice shaping (%)',
 '_Behavior__animationsSitWaitingAutoFormat_11045385624__root_1__speech__confirm__Say_1/Voice shaping (%)',
 '_Behavior__animationsSitWaitingAutoFormat_11045385624__root_1__speech__confirm__Say_1',
 '_Behavior__animationsSitWaitingAutoFormat_11045385624__root_1',
 '_Behavior__animationsSitWaitingKnockKnee_2162758864__root_1__onStopped',
 '_Behavior__animationsSitWaitingPlayHands_1144456424__root__onStopped',
 '_Behavior__animationsSitWaitingPlayHands_1144456424__root',
 '_Behavior__animationsSitWaitingScratchLeg_11044981304__root__onStopped',
 '_Behavior__animationsSitWaitingRobot_11048153360__root_23__fx__r2d2__PlaySound_1/File path',
 '_Behavior__animationsSitWaitingRobot_11048153360__root_23__fx__r2d2__PlaySound_1/Play in loop',
 '_Behavior__animationsSitWaitingScratchEye_1162305136__root__onStopped',
 '_Behavior__animationsSitWaitingScratchEye_1162305136__root',
 '_Behavior__animationsSitWaitingPhone_11048170576__root_4__Anim_sit_allo_3__behavior_layer1__keyframe1__BlinkRandom_4',
 '_Behavior__animationsSitWaitingPhone_11048170576__root_4__Anim_sit_allo_3__speech__speech__Say_2',
 '_Behavior__animationsSitWaitingPhone_11048170576__root_4__Anim_sit_allo_3',
 '_Behavior__animationsSitWaitingPhone_11048170576__root_4__Anim_sit_vibreur_1',
 '_Behavior__animationsSitWaitingPhone_11048170576__root_4',
 '_Behavior__animationsSitWaitingZenCircles_1151949528__root_1__onStopped',
 '_Behavior__animationsSitWaitingZenCircles_1151949528__root_1__LED__blink__CircleEyes_3/Speed',
 '_Behavior__animationsSitWaitingZenCircles_1151949528__root_1__LED__blink__CircleEyes_3',
 '_Behavior__animationsSitWaitingZenCircles_1151949528__root_1',
 '_Behavior__animationsSitWaitingRelaxation_11044664664__root',
 '_Behavior__animationsSitWaitingScratchHead_11048967752__root',
 '_Behavior__animationsSitWaitingMusic_VieEnRose_1145005520__root_8__onStopped',
 '_Behavior__animationsSitWaitingMusic_VieEnRose_1145005520__root_8__Music__keyframe1__PlaySound_1/Play in loop',
 '_Behavior__animationsSitWaitingMusic_VieEnRose_1145005520__root_8__Music__keyframe1__PlaySound_1/Panorama',
 '_Behavior__animationsSitWaitingMusic_VieEnRose_1145005520__root_8__Music__keyframe1__PlaySound_1/Begin position (s)',
 '_Behavior__animationsSitWaitingMusic_VieEnRose_1145005520__root_8',
 '_Behavior__animationsSitWaitingKnockEye_1161856288__root_1__sound__fx_neonOn__PlaySound_4/File path',
 '_Behavior__animationsSitWaitingKnockEye_1161856288__root_1__sound__fx_neonOn__PlaySound_4/Play in loop',
 '_Behavior__animationsSitWaitingKnockEye_1161856288__root_1__sound__fx_neonOn__PlaySound_4/Panorama',
 '_Behavior__animationsSitWaitingKnockEye_1161856288__root_1__sound__fx_neonOn__PlaySound_4/Volume (%)',
 '_Behavior__animationsSitWaitingKnockEye_1161856288__root_1__sound__fx_neonOn__PlaySound_4/Begin position (s)',
 '_Behavior__animationsSitWaitingKnockEye_1161856288__root_1__sound__fx_neonOff__PlaySound_4/File path',
 '_Behavior__animationsSitWaitingKnockEye_1161856288__root_1__sound__fx_neonOff__PlaySound_4/Panorama',
 '_Behavior__animationsSitWaitingKnockEye_1161856288__root_1__sound__fx_neonOff__PlaySound_4/Volume (%)',
 '_Behavior__animationsSitWaitingKnockEye_1161856288__root_1__sound__fx_neonOff__PlaySound_4',
 '_Behavior__animationsSitWaitingOar_11046614624__root_1__sound__rame__PlaySound_1/File path',
 '_Behavior__animationsSitWaitingOar_11046614624__root_1__sound__rame__PlaySound_1/Play in loop',
 '_Behavior__animationsSitWaitingOar_11046614624__root_1__sound__rame__PlaySound_1/Volume (%)',
 '_Behavior__animationsSitWaitingOar_11046614624__root_1__sound__rame__PlaySound_1/Begin position (s)',
 '_Behavior__animationsSitWaitingOar_11046614624__root_1',
 '_Behavior__animationsSitWaitingPong_11047519312__root_2__fx__keyframe182__PlaySound_1/Play in loop',
 '_Behavior__animationsSitWaitingPong_11047519312__root_2__fx__keyframe182__PlaySound_1/Panorama',
 '_Behavior__animationsSitWaitingPong_11047519312__root_2__fx__keyframe182__PlaySound_1/Volume (%)',
 '_Behavior__animationsSitWaitingPong_11047519312__root_2__fx__keyframe153__PlaySound_1/File path',
 '_Behavior__animationsSitWaitingPong_11047519312__root_2__fx__keyframe153__PlaySound_1/Play in loop',
 '_Behavior__animationsSitWaitingPong_11047519312__root_2__fx__keyframe153__PlaySound_1/Volume (%)',
 '_Behavior__animationsSitWaitingPong_11047519312__root_2__fx__keyframe153__PlaySound_1/Begin position (s)',
 '_Behavior__animationsSitWaitingPong_11047519312__root_2__fx__keyframe99__PlaySound_1/File path',
 '_Behavior__animationsSitWaitingPong_11047519312__root_2__fx__keyframe99__PlaySound_1/Play in loop',
 '_Behavior__animationsSitWaitingPong_11047519312__root_2__fx__keyframe99__PlaySound_1/Begin position (s)',
 '_Behavior__animationsSitWaitingPong_11047519312__root_2__fx__keyframe44__PlaySound_1/File path',
 '_Behavior__animationsSitWaitingPong_11047519312__root_2__fx__keyframe44__PlaySound_1',
 '_Behavior__animationsSitWaitingPong_11047519312__root_2',
 '_Behavior__animationsSitWaitingCatchFly_1161415064__root_1__onStopped',
 '_Behavior__animationsSitWaitingCatchFly_1161415064__root_1__fx__miam__PlaySound_1/Play in loop',
 '_Behavior__animationsSitWaitingCatchFly_1161415064__root_1__fx__miam__PlaySound_1/Panorama',
 '_Behavior__animationsSitWaitingCatchFly_1161415064__root_1__fx__miam__PlaySound_1/Volume (%)',
 '_Behavior__animationsSitWaitingCatchFly_1161415064__root_1__fx__miam__PlaySound_1/Begin position (s)',
 '_Behavior__animationsSitWaitingCatchFly_1161415064__root_1__fx__miam__PlaySound_1',
 '_Behavior__animationsSitWaitingCatchFly_1161415064__root_1__fx__fly__PlaySound_1/File path',
 '_Behavior__animationsSitWaitingCatchFly_1161415064__root_1__fx__fly__PlaySound_1/Play in loop',
 '_Behavior__animationsSitWaitingCatchFly_1161415064__root_1__fx__fly__PlaySound_1/Panorama',
 '_Behavior__animationsSitWaitingCatchFly_1161415064__root_1__fx__fly__PlaySound_1/Volume (%)',
 '_Behavior__animationsSitWaitingCatchFly_1161415064__root_1',
 '_Behavior__animationsSitWaitingThink_2161256800__root_1__onStopped',
 '_Behavior__animationsSitWaitingThink_2161256800__root_1',
 '_Behavior__animationsSitWaitingThink_3161363720__root_1__onStopped',
 'Launchpad/QRCodePhoneID',
 '_Behavior__animationsSitWaitingFitness_11046699408__root_1__onStopped',
 '_Behavior__animationsSitWaitingMysticalPower_1160996400__root_10__onStopped',
 '_Behavior__animationsSitWaitingMysticalPower_1160996400__root_10__Fx__keyframe50__PlaySound_1/Panorama',
 '_Behavior__animationsSitWaitingOar_11046614624__root_1__sound__rame__PlaySound_1/Panorama',
 '_Behavior__animationsSitWaitingMysticalPower_1160996400__root_10__Fx__keyframe50__PlaySound_1/Volume (%)',
 '_Behavior__animationsSitWaitingMysticalPower_1160996400__root_10__Fx__keyframe50__PlaySound_1/Begin position (s)',
 '_Behavior__animationsSitWaitingMysticalPower_1160996400__root_10__Fx__keyframe50__PlaySound_1',
 '_Behavior__animationsSitWaitingMysticalPower_1160996400__root_10__LED__LED__CircleEyes_4',
 '_Behavior__animationsSitWaitingMysticalPower_1160996400__root_10',
 '_Behavior__animationsSitWaitingGeoSquare_1161270208__root_1__onStopped',
 '_Behavior__animationsSitWaitingMusic_HighwayToHell_11052737080__root_5__Speech__keyframe712__Say_1/Speed (%)',
 '_Behavior__animationsSitWaitingMusic_HighwayToHell_11052737080__root_5__Music__keyframe29__PlaySound_1/Play in loop',
 '_Behavior__animationsSitWaitingMusic_HighwayToHell_11052737080__root_5__Music__keyframe29__PlaySound_1/Panorama',
 '_Behavior__animationsSitWaitingDriveCar_11048973264__root_1__onStopped',
 '_Behavior__animationsSitWaitingDriveCar_11048973264__root_1__sounds__angry__PlaySound_3/Begin position (s)',
 '_Behavior__animationsSitWaitingDriveCar_11048973264__root_1__sounds__hey__PlaySound_3/File path',
 '_Behavior__animationsSitWaitingPong_11047519312__root_2__fx__keyframe182__PlaySound_1/Begin position (s)',
 '_Behavior__animationsSitWaitingDriveCar_11048973264__root_1__sounds__hey__PlaySound_3/Volume (%)',
 '_Behavior__animationsSitWaitingDriveCar_11048973264__root_1__sounds__carStart__PlaySound_3/Play in loop',
 '_Behavior__animationsSitWaitingDriveCar_11048973264__root_1__sounds__carStart__PlaySound_3/Panorama',
 '_Behavior__animationsSitWaitingDriveCar_11048973264__root_1__sounds__carStart__PlaySound_3/Volume (%)',
 '_Behavior__animationsSitWaitingDriveCar_11048973264__root_1__sounds__carStart__PlaySound_3',
 '_Behavior__animationsSitWaitingDriveCar_11048973264__root_1',
 '_Behavior__animationsSitWaitingFalseStop_21052414288__root_1__onStopped',
 '_Behavior__animationsSitWaitingFalseStop_21052414288__root_1__fx__goingUp__PlaySound_2/File path',
 '_Behavior__animationsSitWaitingFalseStop_21052414288__root_1__fx__goingUp__PlaySound_2/Play in loop',
 '_Behavior__animationsSitWaitingFalseStop_21052414288__root_1__fx__goingUp__PlaySound_2/Panorama',
 '_Behavior__animationsSitWaitingFalseStop_21052414288__root_1__fx__goingUp__PlaySound_2/Volume (%)',
 '_Behavior__animationsSitWaitingFalseStop_21052414288__root_1__fx__goingUp__PlaySound_2/Begin position (s)',
 '_Behavior__animationsSitWaitingFalseStop_21052414288__root_1__fx__goingUp__PlaySound_2',
 '_Behavior__animationsSitWaitingFalseStop_21052414288__root_1__fx__goingUp__PlaySound_1/Panorama',
 '_Behavior__animationsSitWaitingFalseStop_21052414288__root_1__fx__goingUp__PlaySound_1/Volume (%)',
 '_Behavior__animationsSitWaitingFalseStop_21052414288__root_1__fx__goingUp__PlaySound_1/Begin position (s)',
 '_Behavior__animationsSitWaitingFalseStop_21052414288__root_1__fx__goingUp__PlaySound_1',
 '_Behavior__animationsSitWaitingGeoCircle_11051906016__root_1__onStopped',
 '_Behavior__animationsSitWaitingGeoCircle_11051906016__root_1',
 '_Behavior__animationsSitWaitingTakePicture_11049735936__root_1__onStopped',
 '_Behavior__animationsSitWaitingTakePicture_11049735936__root_1__Fx__keyframe57__PlaySound_3/File name',
 '_Behavior__animationsSitWaitingDriveCar_11048973264__root_1__sounds__hey__PlaySound_3/Play in loop',
 '_Behavior__animationsSitWaitingTakePicture_11049735936__root_1__Fx__keyframe57__PlaySound_3/Play in loop',
 '_Behavior__animationsSitWaitingTakePicture_11049735936__root_1__Fx__keyframe57__PlaySound_3/Volume (%)',
 '_Behavior__animationsSitWaitingTakePicture_11049735936__root_1__Fx__keyframe57__PlaySound_3',
 '_Behavior__animationsSitWaitingTakePicture_11049735936__root_1',
 '_Behavior__animationsSitWaitingScratchBack_11053811464__root__onStopped',
 '_Behavior__animationsSitWaitingScratchBack_11053811464__root',
 '_Behavior__animationsSitWaitingBinoculars_11053578312__root_1__onStopped',
 '_Behavior__animationsSitWaitingPuppet_1161066304__root_1__onStopped',
 '_Behavior__animationsSitWaitingPuppet_1161066304__root_1__speech__speech_copy_copy_copy__PlaySound_1/Play in loop',
 '_Behavior__animationsSitWaitingPuppet_1161066304__root_1__speech__speech_copy_copy_copy__PlaySound_1/Begin position (s)',
 '_Behavior__animationsSitWaitingPuppet_1161066304__root_1__speech__speech_copy_copy__PlaySound_1/Begin position (s)',
 '_Behavior__animationsSitWaitingPuppet_1161066304__root_1__speech__speech_copy_copy__PlaySound_1',
 '_Behavior__animationsSitWaitingPuppet_1161066304__root_1__speech__speech_copy_copy__PlaySound_5/File path',
 '_Behavior__animationsSitWaitingPuppet_1161066304__root_1__speech__speech_copy_copy__PlaySound_5/Panorama',
 '_Behavior__animationsSitWaitingPuppet_1161066304__root_1__speech__speech_copy_copy__PlaySound_5/Volume (%)',
 '_Behavior__animationsSitWaitingPuppet_1161066304__root_1__speech__speech_copy__PlaySound_3/File path',
 '_Behavior__animationsSitWaitingPuppet_1161066304__root_1__speech__speech_copy__PlaySound_3/Panorama',
 '_Behavior__animationsSitWaitingPuppet_1161066304__root_1__speech__speech_copy__PlaySound_3/Begin position (s)',
 '_Behavior__animationsSitWaitingPuppet_1161066304__root_1__speech__speech_copy__PlaySound_3',
 '_Behavior__animationsSitWaitingPuppet_1161066304__root_1__speech__speech__PlaySound_3/File path',
 '_Behavior__diagnostic1043902184__root__Diagnostic_20__behavior_layer1__init__Bumpers_2',
 '_Behavior__animationsSitWaitingPuppet_1161066304__root_1__speech__speech__PlaySound_3/Panorama',
 '_Behavior__animationsSitWaitingPuppet_1161066304__root_1__speech__speech__PlaySound_3/Volume (%)',
 '_Behavior__animationsSitWaitingPuppet_1161066304__root_1__speech__speech__PlaySound_3/Begin position (s)',
 '_Behavior__animationsSitWaitingKnockKnee_11053038656__root_1__onStopped',
 '_Behavior__animationsSitWaitingRelaxation_21057595968__root__onStopped',
 '_Behavior__animationsSitWaitingWakeUp_11054588568__root_1__onStopped',
 '_Behavior__animationsSitWaitingFalseStop_11054587104__root_1__onStopped',
 '_Behavior__animationsSitWaitingFalseStop_11054587104__root_1__fx__off__PlaySound_1/Play in loop',
 '_Behavior__animationsSitWaitingFalseStop_11054587104__root_1__fx__off__PlaySound_1/Panorama',
 '_Behavior__animationsSitWaitingCallSomeone_11075323272__root_1__fx__keyframe62__PlaySound_1/File path',
 '_Behavior__diagnostic1043902184__root__Diagnostic_20__behavior_layer1__diagnostic__StandUp_7',
 '_Behavior__animationsSitWaitingCallSomeone_11075323272__root_1__fx__keyframe62__PlaySound_1/Play in loop',
 '_Behavior__animationsSitWaitingCallSomeone_11075323272__root_1__fx__keyframe62__PlaySound_1/Panorama',
 '_Behavior__animationsSitWaitingCallSomeone_11075323272__root_1__fx__keyframe62__PlaySound_1/Volume (%)',
 '_Behavior__animationsSitWaitingCallSomeone_11075323272__root_1__fx__keyframe62__PlaySound_1/Begin position (s)',
 '_Behavior__animationsSitWaitingCallSomeone_11075323272__root_1',
 '_Behavior__animationsSitWaitingYawn_1159871504__root_31__Fx__keyframe32__PlaySound_1/Balance L/R',
 '_Behavior__animationsSitWaitingYawn_1159871504__root_31__Fx__keyframe32__PlaySound_1/Volume (%)',
 '_Behavior__animationsSitWaitingYawn_1159871504__root_31__Fx__keyframe32__PlaySound_1',
 '_Behavior__animationsSitWaitingYawn_1159871504__root_31',
 '_Behavior__animationsSitWaitingLookHand_11051582296__root__onStopped',
 '_Behavior__animationsSitWaitingGeoTriangle_1159925832__root_1__onStopped',
 '_Behavior__animationsSitEmotionsNeutralAskForAttention_21051179856__root_1__onStopped',
 '_Behavior__animationsSitEmotionsNeutralAskForAttention_21051179856__root_1__behavior_layer2__Sound__PlaySound_1/Play in loop',
 '_Behavior__animationsSitEmotionsNeutralAskForAttention_21051179856__root_1__behavior_layer2__Sound__PlaySound_1/Volume (%)',
 '_Behavior__animationsSitEmotionsNeutralAskForAttention_21051179856__root_1__behavior_layer2__Sound__PlaySound_1',
 '_Behavior__animationsSitEmotionsNeutralSneeze_1159501992__root_1__onStopped',
 '_Behavior__animationsSitEmotionsNeutralSneeze_1159501992__root_1__sounds__sneeze__PlaySound_1',
 '_Behavior__animationsSitWaitingKnockEye_1161856288__root_1__sound__fx_neonOff__PlaySound_4/Begin position (s)',
 '_Behavior__animationsSitEmotionsNeutralAskForAttention_1159799912__root_2__onStopped',
 '_Behavior__animationsSitEmotionsNeutralAskForAttention_1159799912__root_2__behavior_layer2__SayPssst__PlaySound_1/Play in loop',
 '_Behavior__animationsSitEmotionsNeutralAskForAttention_1159799912__root_2__behavior_layer2__SayPssst__PlaySound_1/Panorama',
 '_Behavior__animationsSitEmotionsNeutralAskForAttention_1159799912__root_2__behavior_layer2__SayPssst__PlaySound_1/Volume (%)',
 '_Behavior__animationsSitEmotionsNeutralAskForAttention_1159799912__root_2__behavior_layer2__SayPssst__PlaySound_1/Begin position (s)',
 '_Behavior__animationsSitEmotionsNeutralAskForAttention_1159799912__root_2__behavior_layer2__SayPssst__PlaySound_1',
 '_Behavior__animationsSitEmotionsNeutralAskForAttention_31053819400__root_1__onStopped',
 '_Behavior__animationsSitEmotionsNeutralAskForAttention_31053819400__root_1__behavior_layer2__Sound__PlaySound_1/File path',
 '_Behavior__animationsSitEmotionsNeutralAskForAttention_31053819400__root_1__behavior_layer2__Sound__PlaySound_1/Play in loop',
 '_Behavior__animationsSitEmotionsNeutralAskForAttention_31053819400__root_1',
 '_Behavior__animationsSitEmotionsPositiveWinner_1157978768__root_1__onStopped',
 '_Behavior__animationsSitEmotionsPositiveWinner_1157978768__root_1__behavior_layer2__Sound__PlaySound_1/Panorama',
 '_Behavior__animationsSitEmotionsPositiveWinner_1157978768__root_1__behavior_layer2__Sound__PlaySound_1/Volume (%)',
 '_Behavior__animationsSitEmotionsPositiveWinner_1157978768__root_1__behavior_layer2__Sound__PlaySound_1/Begin position (s)',
 '_Behavior__animationsSitEmotionsPositiveWinner_1157978768__root_1__behavior_layer2__Sound__PlaySound_1',
 '_Behavior__animationsSitEmotionsPositiveWinner_1157978768__root_1',
 '_Behavior__animationsSitEmotionsPositiveHappy_31063777448__root_1__behavior_layer2__Sound__PlaySound_2/Play in loop',
 '_Behavior__animationsSitEmotionsPositiveHappy_31063777448__root_1__behavior_layer2__Sound__PlaySound_2/Panorama',
 '_Behavior__animationsSitEmotionsPositiveHappy_31063777448__root_1__behavior_layer2__Sound__PlaySound_2/Volume (%)',
 '_Behavior__animationsSitEmotionsPositiveHappy_31063777448__root_1__behavior_layer2__Sound__PlaySound_2/Begin position (s)',
 '_Behavior__animationsSitEmotionsPositiveHappy_31063777448__root_1__behavior_layer2__Sound__PlaySound_2',
 '_Behavior__animationsSitEmotionsPositiveHappy_31063777448__root_1',
 '_Behavior__animationsSitEmotionsPositiveHappy_21051145816__root_1__behavior_layer2__SayYes__PlaySound_2/File path',
 '_Behavior__animationsSitEmotionsPositiveHappy_21051145816__root_1__behavior_layer2__SayYes__PlaySound_2/Play in loop',
 '_Behavior__animationsSitEmotionsPositiveHappy_21051145816__root_1__behavior_layer2__SayYes__PlaySound_2/Panorama',
 '_Behavior__animationsSitEmotionsPositiveHappy_21051145816__root_1__behavior_layer2__SayYes__PlaySound_2/Begin position (s)',
 '_Behavior__animationsSitEmotionsPositiveHappy_21051145816__root_1__behavior_layer2__SayYes__PlaySound_2',
 '_Behavior__animationsSitEmotionsPositiveHappy_21051145816__root_1',
 '_Behavior__animationsSitEmotionsPositiveLaugh_11053826656__root_1__onStopped',
 '_Behavior__animationsSitEmotionsPositiveLaugh_11053826656__root_1__behavior_layer2__Sound__PlaySound_1/File path',
 '_Behavior__animationsSitEmotionsPositiveLaugh_11053826656__root_1__behavior_layer2__Sound__PlaySound_1/Play in loop',
 '_Behavior__animationsSitEmotionsPositiveLaugh_11053826656__root_1__behavior_layer2__Sound__PlaySound_1/Panorama',
 '_Behavior__animationsSitEmotionsPositiveLaugh_11053826656__root_1__behavior_layer2__Sound__PlaySound_1/Volume (%)',
 '_Behavior__animationsSitEmotionsPositiveLaugh_11053826656__root_1__behavior_layer2__Sound__PlaySound_1/Begin position (s)',
 '_Behavior__animationsSitEmotionsPositiveShy_1158595056__root_28__onStopped',
 '_Behavior__animationsSitEmotionsPositiveHappy_1157989624__root_1__behavior_layer3__Sound__PlaySound_1/Panorama',
 '_Behavior__animationsSitEmotionsPositiveHappy_1157989624__root_1__behavior_layer3__Sound__PlaySound_1/Volume (%)',
 '_Behavior__animationsSitEmotionsPositiveHappy_1157989624__root_1__behavior_layer3__Sound__PlaySound_1/Begin position (s)',
 '_Behavior__animationsSitEmotionsPositiveHappy_1157989624__root_1__behavior_layer3__Sound__PlaySound_1',
 '_Behavior__animationsSitEmotionsPositiveMocker_1158573888__root_29__onStopped',
 '_Behavior__animationsSitEmotionsPositiveMocker_1158573888__root_29__behavior_layer2__Sound1__PlaySound_4/Play in loop',
 '_Behavior__animationsSitEmotionsPositiveMocker_1158573888__root_29__behavior_layer2__Sound1__PlaySound_4/Volume (%)',
 '_Behavior__animationsSitEmotionsPositiveMocker_1158573888__root_29__behavior_layer2__Sound1__PlaySound_4/Begin position (s)',
 '_Behavior__animationsSitEmotionsPositiveMocker_1158573888__root_29__behavior_layer2__Sound1__PlaySound_4',
 '_Behavior__animationsSitEmotionsPositiveLaugh_21050846024__root_1__onStopped',
 '_Behavior__animationsSitEmotionsPositiveLaugh_21050846024__root_1__behavior_layer2__keyframe7__PlaySound_1/File path',
 '_Behavior__animationsSitEmotionsPositiveLaugh_21050846024__root_1__behavior_layer2__keyframe7__PlaySound_1/Panorama',
 '_Behavior__animationsSitEmotionsPositiveLaugh_21050846024__root_1__behavior_layer2__keyframe7__PlaySound_1',
 '_Behavior__animationsSitEmotionsPositiveHappy_41055118776__root_1__onStopped',
 '_Behavior__animationsSitEmotionsPositiveHungry_11055755664__root_34__Fx2__keyframe89__PlaySound_1/Panorama',
 '_Behavior__animationsSitEmotionsPositiveHungry_11055755664__root_34__Fx2__keyframe89__PlaySound_1',
 '_Behavior__animationsSitEmotionsPositiveHungry_11055755664__root_34__Fx__keyframe8__PlaySound_1/Play in loop',
 '_Behavior__animationsSitEmotionsPositiveHungry_11055755664__root_34__Fx__keyframe8__PlaySound_1/Panorama',
 '_Behavior__animationsSitEmotionsPositiveHungry_11055755664__root_34__Fx__keyframe8__PlaySound_1/Begin position (s)',
 '_Behavior__animationsSitEmotionsPositiveHungry_11055755664__root_34',
 '_Behavior__animationsSitEmotionsNegativeAngry_11055440824__root_1__onStopped',
 '_Behavior__animationsSitEmotionsNegativeAngry_11055440824__root_1__behavior_layer2__Sound__PlaySound_1/File path',
 '_Behavior__animationsSitEmotionsNegativeAngry_11055440824__root_1__behavior_layer2__Sound__PlaySound_1/Volume (%)',
 '_Behavior__animationsSitEmotionsNegativeAngry_11055440824__root_1__behavior_layer2__Sound__PlaySound_1',
 '_Behavior__animationsSitEmotionsNegativeAngry_11055440824__root_1',
 '_Behavior__animationsSitEmotionsNegativeFrustrated_11057570544__root_1__behavior_layer2__Sound__PlaySound_1/File path',
 '_Behavior__animationsSitEmotionsNegativeFrustrated_11057570544__root_1__behavior_layer2__Sound__PlaySound_1/Panorama',
 '_Behavior__animationsSitEmotionsNegativeFrustrated_11057570544__root_1__behavior_layer2__Sound__PlaySound_1/Begin position (s)',
 '_Behavior__animationsSitEmotionsNegativeFrustrated_11057570544__root_1',
 '_Behavior__animationsSitEmotionsNegativeFear_11057334688__root_1__behavior_layer2__Sound__PlaySound_1/File path',
 '_Behavior__animationsSitEmotionsNegativeFear_11057334688__root_1__behavior_layer2__Sound__PlaySound_1/Play in loop',
 '_Behavior__animationsSitEmotionsNegativeFear_11057334688__root_1__behavior_layer2__Sound__PlaySound_1/Volume (%)',
 '_Behavior__animationsSitEmotionsNegativeFear_11057334688__root_1__behavior_layer2__Sound__PlaySound_1/Begin position (s)',
 '_Behavior__animationsSitEmotionsNegativeFear_11057334688__root_1',
 '_Behavior__animationsSitEmotionsNegativeSad_11060170184__root_1__onStopped',
 '_Behavior__animationsSitEmotionsNegativeSad_11060170184__root_1__behavior_layer2__Sound__PlaySound_1/Play in loop',
 '_Behavior__animationsSitEmotionsNegativeSad_11060170184__root_1__behavior_layer2__Sound__PlaySound_1/Volume (%)',
 '_Behavior__animationsSitEmotionsNegativeSad_11060170184__root_1__behavior_layer2__Sound__PlaySound_1/Begin position (s)',
 '_Behavior__animationsSitEmotionsNegativeSad_11060170184__root_1__behavior_layer2__Sound__PlaySound_1',
 '_Behavior__animationsSitEmotionsNegativeSad_11060170184__root_1',
 '_Behavior__animationsSitEmotionsNegativeSurprise_11060170240__root_1__behavior_layer2__Sound__PlaySound_1/File path',
 '_Behavior__animationsSitEmotionsNegativeSurprise_11060170240__root_1__behavior_layer2__Sound__PlaySound_1/Panorama',
 '_Behavior__animationsSitEmotionsNegativeSurprise_11060170240__root_1__behavior_layer2__Sound__PlaySound_1/Volume (%)',
 '_Behavior__animationsSitEmotionsNegativeSurprise_11060170240__root_1',
 '_Behavior__animationsSitEmotionsNegativeLate_1156291080__root_1__onStopped',
 '_Behavior__animationsSitEmotionsNegativeLate_1156291080__root_1__behavior_layer2__Sound__PlaySound_1/Play in loop',
 '_Behavior__animationsSitEmotionsNegativeLate_1156291080__root_1',
 '_Behavior__animationsSitReactionsTouchHead_41064706584__root_6__LED__touch__FaceLeds_1',
 '_Behavior__animationsSitReactionsTouchHead_41064706584__root_6',
 '_Behavior__animationsSitReactionsBumpers_2157889128__root_4__onStopped',
 '_Behavior__animationsSitReactionsBumpers_2157889128__root_4',
 '_Behavior__animationsSitReactionsHeat_11061130448__root_27__onStopped',
 '_Behavior__animationsSitReactionsHeat_11061130448__root_27',
 '_Behavior__animationsSitReactionsShakeBody_1147924544__root_4__onStopped',
 '_Behavior__animationsSitReactionsLightShine_4157699768__root_4__onStopped',
 '_Behavior__animationsSitReactionsLightShine_4157699768__root_4',
 '_Behavior__animationsSitReactionsSeeColor_3156815952__root_5',
 '_Behavior__animationsSitReactionsShakeBody_2148251352__root_3__onStopped',
 '_Behavior__animationsSitReactionsShakeBody_2148251352__root_3',
 '_Behavior__animationsSitReactionsSeeColor_2157428208__root_4__onStopped',
 '_Behavior__animationsSitReactionsSeeColor_2157428208__root_4',
 '_Behavior__animationsSitReactionsEthernetOn_1156231296__root_1__onStopped',
 '_Behavior__animationsSitReactionsShakeBody_3156742920__root_5__onStopped',
 '_Behavior__animationsSitReactionsShakeBody_3156742920__root_5',
 '_Behavior__animationsSitReactionsTouchHead_11064547296__root_5__LED__touch__FaceLeds_1',
 '_Behavior__animationsSitReactionsTouchHead_11064547296__root_5',
 '_Behavior__animationsSitReactionsBumperLeft_11131811640__root_3',
 '_Behavior__animationsSitReactionsSeeColor_1156432664__root_3',
 '_Behavior__animationsSitReactionsLightShine_11132017336__root_3__onStopped',
 '_Behavior__animationsSitReactionsLightShine_11132017336__root_3',
 '_Behavior__animationsSitReactionsLightShine_31059608200__root_6',
 '_Behavior__animationsSitReactionsTouchHead_21065242200__root_4__onStopped',
 '_Behavior__animationsSitReactionsBumperRight_11064635840__root_3',
 '_Behavior__animationsSitReactionsTouchHead_31065164680__root_3__onStopped',
 '_Behavior__animationsSitReactionsTouchHead_31065164680__root_3__LED__touch__FaceLeds_1',
 '_Behavior__animationsSitReactionsLightShine_21064775088__root_5__onStopped',
 '_Behavior__animationsStandGesturesHey_41142417216__root_6__onStopped',
 '_Behavior__animationsStandGesturesHey_41142417216__root_6',
 '_Behavior__animationsStandGesturesShowFloor_11064746984__root_108',
 '_Behavior__animationsStandGesturesAngry_11064708520__root_1__onStopped',
 '_Behavior__animationsStandGesturesAngry_11064708520__root_1',
 '_Behavior__animationsStandGesturesYouKnowWhat_61132235488__root_181__onStopped',
 '_Behavior__animationsStandGesturesYouKnowWhat_61132235488__root_181',
 '_Behavior__animationsStandGesturesSalute_21055057304__root_4__onStopped',
 '_Behavior__animationsStandGesturesShowSky_101060033232__root_122',
 '_Behavior__animationsStandGesturesLook_21133464680__root_75',
 '_Behavior__animationsStandGesturesDesperate_51133448224__root_27',
 '_Behavior__animationsStandGesturesMe_31142859984__root_78__onStopped',
 '_Behavior__animationsStandGesturesMe_31142859984__root_78',
 '_Behavior__animationsStandGesturesCountThree_21130436200__root_15__onStopped',
 '_Behavior__animationsStandGesturesCountThree_21130436200__root_15',
 '_Behavior__animationsStandGesturesIDontKnow_11060100560__root_63__onStopped',
 '_Behavior__animationsStandGesturesIDontKnow_31060100672__root_65__onStopped',
 '_Behavior__animationsStandGesturesEverything_31059860088__root_34__onStopped',
 '_Behavior__animationsStandGesturesEverything_21059776776__root_33__onStopped',
 '_Behavior__animationsStandGesturesIDontKnow_41059551080__root_66__onStopped',
 '_Behavior__animationsStandGesturesIDontKnow_41059551080__root_66',
 '_Behavior__animationsStandGesturesYouKnowWhat_41060012200__root_179__onStopped',
 '_Behavior__animationsStandGesturesYouKnowWhat_41060012200__root_179',
 '_Behavior__animationsStandGesturesReject_61133478552__root_106',
 '_Behavior__animationsStandGesturesExplain_51059973024__root_43__onStopped',
 '_Behavior__animationsStandGesturesCountTwo_21059783984__root_16__onStopped',
 '_Behavior__animationsStandGesturesCountTwo_21059783984__root_16',
 '_Behavior__animationsSitEmotionsNegativeHurt_11057250000__root_1__onStopped',
 '_Behavior__animationsStandGesturesThis_111133461408__root_148__onStopped',
 '_Behavior__animationsStandGesturesThis_111133461408__root_148',
 '_Behavior__animationsStandGesturesWhatSThis_161133157696__root_168',
 '_Behavior__animationsStandGesturesShowSky_11132052904__root_113__onStopped',
 '_Behavior__animationsStandGesturesGreat_11142891208__root_3__onStopped',
 '_Behavior__animationsStandGesturesComeOn_11131953104__root_30',
 '_Behavior__animationsStandGesturesOnTheEvening_31142212088__root_95',
 '_Behavior__animationsStandGesturesJointHands_11131546616__root_69__onStopped',
 '_Behavior__animationsStandGesturesWhatSThis_131132198672__root_165__onStopped',
 '_Behavior__animationsStandGesturesWhatSThis_131132198672__root_165',
 '_Behavior__animationsStandGesturesShowSky_111132046288__root_123__onStopped',
 '_Behavior__animationsStandGesturesShowSky_111132046288__root_123',
 '_Behavior__animationsSitWaitingDriveCar_11048973264__root_1__sounds__angry__PlaySound_3',
 '_Behavior__animationsStandGesturesNo_61419172248__root_89__onStopped',
 '_Behavior__animationsSitWaitingPong_11047519312__root_2__fx__keyframe99__PlaySound_1/Panorama',
 '_Behavior__animationsStandGesturesNo_61419172248__root_89',
 '_Behavior__animationsStandGesturesEverything_51130427512__root_36__onStopped',
 '_Behavior__animationsStandGesturesEverything_51130427512__root_36',
 '_Behavior__animationsStandGesturesClaw_11131607416__root_17__onStopped',
 '_Behavior__animationsStandGesturesShowFloor_51059687656__root_112',
 '_Behavior__animationsStandGesturesWhatSThis_101059720000__root_162__onStopped',
 '_Behavior__animationsStandGesturesWhatSThis_101059720000__root_162',
 '_Behavior__animationsStandGesturesNo_81059719768__root_2__onStopped',
 '_Behavior__animationsStandGesturesNo_81059719768__root_2',
 '_Behavior__animationsStandGesturesNo_41130417840__root_87',
 '_Behavior__animationsStandGesturesConfused_21061597864__root_22__onStopped',
 '_Behavior__animationsStandGesturesShowSky_6148161224__root_118__onStopped',
 '_Behavior__animationsStandGesturesShowSky_6148161224__root_118',
 '_Behavior__animationsSitWaitingPong_11047519312__root_2__fx__keyframe153__PlaySound_1/Panorama',
 '_Behavior__animationsStandGesturesYouKnowWhat_21130424360__root_177__onStopped',
 '_Behavior__animationsStandGesturesYouKnowWhat_21130424360__root_177',
 '_Behavior__animationsStandGesturesEverything_11064591992__root_32__onStopped',
 '_Behavior__animationsSitWaitingGeoSquare_1161270208__root_1',
 '_Behavior__animationsStandGesturesThinking_11060718640__root_130',
 'BootConfig/HasStartedAtBoot',
 '_Behavior__animationsStandGesturesNo_71060648296__root_90',
 '_Behavior__animationsStandGesturesYou_41060142576__root_14__onStopped',
 '_Behavior__animationsStandGesturesPlease_21060771720__root_99__onStopped',
 '_Behavior__animationsStandGesturesMe_41060876432__root_79__onStopped',
 '_Behavior__animationsSitReactionsTouchHead_41064706584__root_6__onStopped',
 '_Behavior__animationsStandGesturesApplause_11060786952__root_2__onStopped',
 '_Behavior__animationsStandGesturesChoice_21060786264__root_16__onStopped',
 '_Behavior__animationsStandGesturesChoice_21060786264__root_16',
 '_Behavior__animationsStandGesturesThis_141060150320__root_151__onStopped',
 '_Behavior__animationsStandGesturesThis_141060150320__root_151',
 '_Behavior__animationsStandGesturesCountMore_21060518616__root_17',
 '_Behavior__animationsStandGesturesCountFive_21060646024__root_18',
 '_Behavior__animationsStandGesturesYou_3156033872__root_9__onStopped',
 '_Behavior__animationsSitWaitingRobot_11048153360__root_23__fx__r2d2__PlaySound_1',
 '_Behavior__animationsStandGesturesYou_3156033872__root_9',
 '_Behavior__animationsSitEmotionsNegativeFrustrated_11057570544__root_1__behavior_layer2__Sound__PlaySound_1/Play in loop',
 '_Behavior__animationsStandGesturesBowShort_11061565328__root_13__onStopped',
 '_Behavior__animationsStandGesturesMe_51061322256__root_80__onStopped',
 '_Behavior__animationsStandGesturesMe_51061322256__root_80',
 '_Behavior__animationsStandGesturesCountFour_11064384544__root_6__onStopped',
 '_Behavior__animationsStandGesturesCountFour_11064384544__root_6',
 '_Behavior__animationsStandGesturesWhatSThis_121064315424__root_164__onStopped',
 '_Behavior__animationsStandGesturesWhatSThis_121064315424__root_164',
 '_Behavior__animationsStandGesturesExplain_2156153376__root_40__onStopped',
 '_Behavior__animationsStandGesturesExplain_2156153376__root_40',
 '_Behavior__animationsStandGesturesNothing_11077722472__root_91__onStopped',
 '_Behavior__animationsStandGesturesNothing_11077722472__root_91',
 '_Behavior__animationsStandGesturesShowSky_4156330632__root_116__onStopped',
 '_Behavior__animationsStandGesturesShowSky_4156330632__root_116',
 '_Behavior__animationsStandGesturesStretch_2156105448__root_127',
 '_Behavior__animationsStandGesturesGive_5156096448__root_5',
 '_Behavior__animationsStandGesturesCalmDown_3156151464__root_7__onStopped',
 '_Behavior__animationsStandGesturesWhatSThis_1155529256__root_153__onStopped',
 '_Behavior__animationsStandGesturesThis_81061425600__root_145__onStopped',
 '_Behavior__animationsStandGesturesGive_61075082008__root_13__onStopped',
 '_Behavior__animationsStandGesturesGive_61075082008__root_13',
 '_Behavior__animationsStandGesturesReject_41066210544__root_104__onStopped',
 '_Behavior__animationsStandGesturesReject_31060450200__root_103__onStopped',
 '_Behavior__animationsStandGesturesReject_31060450200__root_103',
 '_Behavior__animationsStandGesturesFreeze_11066208112__root_53',
 '_Behavior__animationsStandGesturesNo_91060301640__root_6__onStopped',
 '_Behavior__animationsStandGesturesWhatSThis_71060393296__root_159__onStopped',
 '_Behavior__animationsStandGesturesHeSays_21066209312__root_59',
 '_Behavior__animationsStandGesturesSalute_1155702440__root_107',
 '_Behavior__animationsStandGesturesEnthusiastic_41060287432__root_31__onStopped',
 '_Behavior__animationsStandGesturesEnthusiastic_41060287432__root_31',
 '_Behavior__animationsStandGesturesEnthusiastic_21066227072__root_29__onStopped',
 '_Behavior__animationsStandGesturesEverything_61066186464__root_37__onStopped',
 '_Behavior__animationsStandGesturesEverything_61066186464__root_37',
 '_Behavior__animationsStandGesturesYou_21065693080__root_175__onStopped',
 '_Behavior__animationsStandGesturesThinking_41061424536__root_133__onStopped',
 '_Behavior__animationsStandGesturesWhatSThis_111061797872__root_163',
 '_Behavior__animationsStandGesturesCountMore_11070430696__root_12',
 '_Behavior__animationsStandGesturesShowSky_51061526648__root_117__onStopped',
 '_Behavior__animationsStandGesturesJointHands_21061688824__root_70',
 '_Behavior__animationsStandGesturesExcited_11061221512__root_38',
 '_Behavior__animationsStandGesturesYou_11061380960__root_174__onStopped',
 '_Behavior__animationsSitEmotionsNeutralSneeze_1159501992__root_1__sounds__sneeze__PlaySound_1/Volume (%)',
 '_Behavior__animationsStandGesturesYou_11061380960__root_174',
 '_Behavior__animationsStandGesturesHey_2155921488__root_9',
 '_Behavior__animationsStandGesturesCalmDown_1155684472__root_5',
 '_Behavior__animationsStandGesturesShowFloor_3155801408__root_110__onStopped',
 '_Behavior__animationsStandGesturesShowFloor_3155801408__root_110',
 '_Behavior__animationsStandGesturesJoy_11065656800__root_72',
 '_Behavior__animationsStandGesturesHey_61070336120__root_8__onStopped',
 '_Behavior__animationsStandGesturesHey_61070336120__root_8',
 '_Behavior__animationsStandGesturesNo_31067410424__root_86__onStopped',
 '_Behavior__animationsStandGesturesNo_31067410424__root_86',
 '_Behavior__animationsStandGesturesExplain_11067149192__root_39',
 '_Behavior__animationsStandGesturesCountFour_21067255096__root_13__onStopped',
 '_Behavior__animationsStandGesturesCountFour_21067255096__root_13',
 '_Behavior__animationsSitEmotionsPositiveHappy_1157989624__root_1__behavior_layer3__Sound__PlaySound_1/Play in loop',
 '_Behavior__animationsStandGesturesWhatSThis_21067149152__root_154',
 '_Behavior__animationsStandGesturesCatchFly_11067211920__root_13__onStopped',
 '_Behavior__animationsStandGesturesCalmDown_41075693336__root_8',
 '_Behavior__animationsStandGesturesYes_31075705984__root_6',
 '_Behavior__animationsStandGesturesHey_51075706056__root_8__onStopped',
 '_Behavior__animationsStandGesturesEnthusiastic_51063420064__root_19__onStopped',
 '_Behavior__animationsStandGesturesEnthusiastic_51063420064__root_19',
 '_Behavior__animationsStandGesturesThis_131063842392__root_150__onStopped',
 '_Behavior__animationsStandGesturesWhatSThis_3155816520__root_155__onStopped',
 '_Behavior__animationsStandGesturesWhatSThis_3155816520__root_155',
 '_Behavior__animationsStandGesturesOnTheEvening_51063668168__root_97',
 '_Behavior__animationsStandGesturesMime_21075708576__root_83__onStopped',
 '_Behavior__animationsStandGesturesMime_21075708576__root_83',
 '_Behavior__animationsStandGesturesWhatSThis_41063624104__root_156',
 '_Behavior__animationsStandGesturesShy_11075690632__root_125__onStopped',
 '_Behavior__animationsStandGesturesIDontKnow_21075692688__root_64__onStopped',
 '_Behavior__animationsStandGesturesIDontKnow_21075692688__root_64',
 '_Behavior__animationsStandGesturesConfused_11063391872__root_21',
 '_Behavior__animationsStandGesturesShowSky_71063383344__root_119__onStopped',
 '_Behavior__animationsStandGesturesShowSky_71063383344__root_119',
 '_Behavior__animationsStandGesturesReject_11063420360__root_101__onStopped',
 '_Behavior__animationsStandGesturesReject_11063420360__root_101',
 '_Behavior__animationsStandGesturesCalmDown_51063419512__root_9__onStopped',
 '_Behavior__animationsStandGesturesMe_41060876432__root_79',
 '_Behavior__animationsStandGesturesCalmDown_51063419512__root_9',
 '_Behavior__animationsStandGesturesThis_51075727440__root_142',
 '_Behavior__animationsStandGesturesYou_51075693792__root_18__onStopped',
 '_Behavior__animationsStandGesturesThis_21075694448__root_139__onStopped',
 '_Behavior__animationsStandGesturesThis_21075694448__root_139',
 '_Behavior__animationsStandGesturesThis_41075689936__root_141',
 '_Behavior__animationsStandGesturesIDontKnow_51075531792__root_67__onStopped',
 '_Behavior__animationsStandGesturesIDontKnow_51075531792__root_67',
 '_Behavior__animationsStandGesturesCalmDown_21066173224__root_6__onStopped',
 '_Behavior__animationsStandGesturesWings_21065593744__root_170__onStopped',
 '_Behavior__animationsStandGesturesWings_21065593744__root_170',
 '_Behavior__animationsStandGesturesOnTheEvening_21065402808__root_94__onStopped',
 '_Behavior__animationsStandGesturesOnTheEvening_41069426744__root_96',
 '_Behavior__animationsStandGesturesCaress_11065653488__root_11',
 '_Behavior__animationsStandGesturesExplain_61068645120__root_44__onStopped',
 '_Behavior__animationsStandGesturesNo_1154423912__root_84',
 '_Behavior__animationsStandGesturesExplain_3155409264__root_41',
 '_Behavior__animationsStandGesturesThinking_2155328456__root_131__onStopped',
 '_Behavior__animationsStandGesturesThinking_2155328456__root_131',
 '_Behavior__animationsStandGesturesWings_31097562832__root_171',
 '_Behavior__animationsSitWaitingFalseStop_21052414288__root_1__fx__goingUp__PlaySound_1/File path',
 '_Behavior__animationsStandGesturesThis_151066524040__root_152',
 '_Behavior__animationsStandGesturesHide_11070319832__root_61__onStopped',
 '_Behavior__animationsStandGesturesThinking_31075408360__root_132__onStopped',
 '_Behavior__animationsStandGesturesThinking_31075408360__root_132',
 '_Behavior__animationsStandGesturesExplain_10154410760__root_48__onStopped',
 '_Behavior__animationsStandGesturesYouKnowWhat_1155198904__root_176',
 '_Behavior__animationsStandGesturesDesperate_4155244360__root_26',
 '_Behavior__animationsStandGesturesShowSky_2155048472__root_114__onStopped',
 '_Behavior__animationsStandGesturesShowSky_2155048472__root_114',
 '_Behavior__animationsStandGesturesCaress_2154982880__root_12__onStopped',
 '_Behavior__animationsStandGesturesNo_5155057400__root_88__onStopped',
 '_Behavior__animationsStandGesturesNo_5155057400__root_88',
 '_Behavior__animationsStandGesturesNothing_21060316200__root_92__onStopped',
 '_Behavior__animationsStandGesturesPlease_1155048600__root_98__onStopped',
 '_Behavior__animationsStandGesturesPlease_1155048600__root_98',
 '_Behavior__animationsStandGesturesMe_2155254768__root_77__onStopped',
 '_Behavior__animationsStandGesturesMe_2155254768__root_77',
 '_Behavior__animationsStandGesturesExplain_9153290672__root_47__onStopped',
 '_Behavior__animationsStandGesturesFar_2154360944__root_51__onStopped',
 '_Behavior__animationsStandGesturesFar_2154360944__root_51',
 '_Behavior__animationsStandGesturesCountFive_1154419904__root_11__onStopped',
 '_Behavior__animationsStandGesturesDesperate_21070488384__root_24__onStopped',
 '_Behavior__animationsSitWaitingRelaxation_21057595968__root',
 '_Behavior__animationsStandGesturesCountOne_11066471576__root_8__onStopped',
 '_Behavior__animationsStandGesturesCountOne_11066471576__root_8',
 '_Behavior__animationsStandGesturesThis_91066622296__root_146__onStopped',
 '_Behavior__animationsStandGesturesThis_91066622296__root_146',
 '_Behavior__animationsStandGesturesGive_31066607456__root_56__onStopped',
 '_Behavior__animationsStandGesturesGive_31066607456__root_56',
 '_Behavior__animationsStandGesturesCoaxing_11066521936__root_19__onStopped',
 '_Behavior__animationsStandGesturesHey_71070554712__root_5__onStopped',
 '_Behavior__animationsStandGesturesHey_71070554712__root_5',
 '_Behavior__animationsStandGesturesCountTwo_11070353616__root_9__onStopped',
 '_Behavior__animationsStandGesturesCountTwo_11070353616__root_9',
 '_Behavior__animationsStandGesturesThis_11081479672__root_138__onStopped',
 '_Behavior__animationsStandGesturesThis_11081479672__root_138',
 '_Behavior__animationsStandGesturesOnTheEvening_11070323456__root_93__onStopped',
 '_Behavior__animationsStandGesturesAngry_31088271976__root_3__onStopped',
 '_Behavior__animationsStandGesturesShowSky_31083805920__root_115__onStopped',
 '_Behavior__animationsStandGesturesShowSky_31083805920__root_115',
 '_Behavior__animationsStandGesturesMaybe_11070321376__root_3__onStopped',
 '_Behavior__animationsStandGesturesMaybe_11070321376__root_3',
 '_Behavior__animationsStandGesturesEnthusiastic_31070190024__root_30__onStopped',
 '_Behavior__animationsStandGesturesEnthusiastic_31070190024__root_30',
 '_Behavior__animationsStandGesturesExplain_41070230488__root_42__onStopped',
 '_Behavior__animationsStandGesturesExplain_41070230488__root_42',
 '_Behavior__animationsStandGesturesHey_31081076744__root_3__onStopped',
 '_Behavior__animationsStandGesturesMime_11065639424__root_82',
 '_Behavior__animationsStandGesturesWings_41068155800__root_172__onStopped',
 '_Behavior__animationsStandGesturesWings_41068155800__root_172',
 '_Behavior__animationsStandGesturesSurprised_11068339480__root_128__onStopped',
 '_Behavior__animationsStandGesturesSurprised_11068339480__root_128',
 '_Behavior__animationsStandGesturesFar_11069474640__root_50__onStopped',
 '_Behavior__animationsStandGesturesNext_11065500368__root_7__onStopped',
 '_Behavior__animationsStandGesturesCatchFly_21065409448__root_14',
 '_Behavior__animationsSitWaitingYawn_1159871504__root_31__Fx__keyframe32__PlaySound_1/File name',
 '_Behavior__animationsStandGesturesKisses_11075363208__root_73',
 '_Behavior__animationsStandGesturesThis_61068871168__root_143__onStopped',
 '_Behavior__animationsStandGesturesThis_61068871168__root_143',
 '_Behavior__animationsStandGesturesHungry_11068707664__root_62__onStopped',
 '_Behavior__animationsStandGesturesShowSky_81068672696__root_120__onStopped',
 '_Behavior__animationsStandGesturesShowSky_81068672696__root_120',
 '_Behavior__animationsSitWaitingPong_11047519312__root_2__fx__keyframe44__PlaySound_1/Begin position (s)',
 '_Behavior__animationsStandGesturesThis_71068207680__root_144',
 '_Behavior__animationsStandGesturesNo_21068438816__root_85__onStopped',
 '_Behavior__animationsStandGesturesNo_21068438816__root_85',
 '_Behavior__animationsStandGesturesSalute_31068733240__root_9__onStopped',
 '_Behavior__animationsStandGesturesSalute_31068733240__root_9',
 '_Behavior__animationsStandGesturesIDontKnow_61068797568__root_68__onStopped',
 '_Behavior__animationsStandGesturesIDontKnow_61068797568__root_68',
 '_Behavior__animationsStandGesturesReject_51070910384__root_105__onStopped',
 '_Behavior__animationsStandGesturesWhatSThis_141068680048__root_166__onStopped',
 '_Behavior__animationsStandGesturesFar_31068765440__root_7__onStopped',
 '_Behavior__animationsStandGesturesFar_31068765440__root_7',
 '_Behavior__animationsStandGesturesMe_11068555384__root_76',
 '_Behavior__animationsStandGesturesYum_11068483640__root_182__onStopped',
 '_Behavior__animationsStandGesturesYum_11068483640__root_182',
 '_Behavior__animationsStandGesturesThinking_81068317744__root_137__onStopped',
 '_Behavior__animationsStandGesturesThinking_81068317744__root_137',
 '_Behavior__animationsStandGesturesThinking_51068555344__root_134',
 '_Behavior__animationsStandGesturesExplain_111068339264__root_49__onStopped',
 '_Behavior__animationsStandGesturesEverything_41068461272__root_35__onStopped',
 '_Behavior__animationsStandGesturesEverything_41068461272__root_35',
 '_Behavior__animationsStandGesturesEnthusiastic_11067928240__root_28',
 '_Behavior__animationsStandGesturesShowSky_121072371872__root_124__onStopped',
 '_Behavior__animationsStandGesturesWhatSThis_61072372000__root_158__onStopped',
 '_Behavior__animationsStandGesturesThinking_6154378408__root_135__onStopped',
 '_Behavior__animationsStandGesturesThinking_6154378408__root_135',
 '_Behavior__animationsStandGesturesJointHands_3154430112__root_71',
 '_Behavior__animationsStandGesturesYes_2154405808__root_5',
 '_Behavior__animationsSitEmotionsPositiveHappy_1157989624__root_1',
 '_Behavior__animationsStandGesturesBut_11070113240__root_4__onStopped',
 '_Behavior__animationsStandGesturesMe_71070910800__root_10__onStopped',
 '_Behavior__animationsStandGesturesMe_71070910800__root_10',
 '_Behavior__animationsStandGesturesYes_11072456712__root_4__onStopped',
 '_Behavior__animationsStandWaitingTaxi_11067974688__root_1__onStopped',
 '_Behavior__animationsStandWaitingTaxi_11067974688__root_1__fx__keyframe14__PlaySound_4/Play in loop',
 '_Behavior__animationsStandWaitingTaxi_11067974688__root_1__fx__keyframe14__PlaySound_4/Panorama',
 '_Behavior__animationsStandWaitingTaxi_11067974688__root_1__fx__keyframe14__PlaySound_4/Volume (%)',
 '_Behavior__animationsStandWaitingTaxi_11067974688__root_1',
 '_Behavior__animationsStandWaitingHappyBirthday_1154001728__root_1__onStopped',
 '_Behavior__animationsStandWaitingHappyBirthday_1154001728__root_1__Fx__keyframe29__PlaySound_1/File name',
 '_Behavior__animationsStandWaitingHappyBirthday_1154001728__root_1__Fx__keyframe29__PlaySound_1/Play in loop',
 '_Behavior__animationsStandWaitingHappyBirthday_1154001728__root_1__Fx__keyframe29__PlaySound_1/Balance L/R',
 '_Behavior__animationsStandWaitingHappyBirthday_1154001728__root_1__Fx__keyframe29__PlaySound_1/Volume (%)',
 '_Behavior__animationsStandWaitingHappyBirthday_1154001728__root_1__Fx__keyframe29__PlaySound_1/Begin position (s)',
 '_Behavior__animationsStandWaitingHappyBirthday_1154001728__root_1__Fx__keyframe29__PlaySound_1',
 '_Behavior__animationsStandWaitingHappyBirthday_1154001728__root_1',
 '_Behavior__animationsStandWaitingShowSky_1153942128__root_16__onStopped',
 '_Behavior__animationsStandWaitingShowSky_1153942128__root_16',
 '_Behavior__animationsSitWaitingDriveCar_11048973264__root_1__sounds__angry__PlaySound_3/Volume (%)',
 '_Behavior__animationsStandWaitingRelaxation_4154261920__root_4__onStopped',
 '_Behavior__animationsStandWaitingPlayHands_2153931840__root_8__onStopped',
 '_Behavior__animationsStandWaitingSpaceShuttle_11075332920__root_1__fx2__keyframe171__PlaySound_1/File path',
 '_Behavior__animationsStandWaitingSpaceShuttle_11075332920__root_1__fx2__keyframe171__PlaySound_1/Play in loop',
 '_Behavior__animationsStandWaitingSpaceShuttle_11075332920__root_1__fx2__keyframe171__PlaySound_1/Begin position (s)',
 '_Behavior__animationsStandWaitingSpaceShuttle_11075332920__root_1__speech__keyframe157__Say_1/Voice shaping (%)',
 '_Behavior__animationsStandWaitingSpaceShuttle_11075332920__root_1__fx__keyframe21__PlaySound_1/File path',
 '_Behavior__animationsStandWaitingSpaceShuttle_11075332920__root_1__fx__keyframe21__PlaySound_1/Panorama',
 '_Behavior__animationsStandWaitingSpaceShuttle_11075332920__root_1__fx__keyframe21__PlaySound_1',
 '_Behavior__animationsStandWaitingSpaceShuttle_11075332920__root_1',
 '_Behavior__animationsStandWaitingPlayHands_31072320136__root_9__onStopped',
 '_Behavior__animationsStandWaitingPlayHands_31072320136__root_9',
 '_Behavior__animationsStandWaitingScratchBottom_11072371040__root_7',
 '_Behavior__animationsStandWaitingPlayHands_1153564640__root_7__onStopped',
 '_Behavior__animationsStandWaitingPlayHands_1153564640__root_7',
 '_Behavior__animationsStandWaitingAirGuitar_11072367856__root_1__stand_airGuitar1_loop_2__music__music__PlaySound_4/Panorama',
 '_Behavior__animationsStandWaitingAirGuitar_11072367856__root_1__stand_airGuitar1_loop_2__music__music__PlaySound_4',
 '_Behavior__animationsStandWaitingAirGuitar_11072367856__root_1__stand_airGuitar1_loop_2',
 '_Behavior__animationsSitEmotionsNeutralSneeze_1159501992__root_1__sounds__sneeze__PlaySound_1/Begin position (s)',
 '_Behavior__animationsStandWaitingScratchLeg_1153368816__root_11',
 '_Behavior__animationsStandWaitingRobot_1153325320__root_10__onStopped',
 '_Behavior__animationsStandWaitingRobot_1153325320__root_10__fx__r2d2__PlaySound_1/File path',
 '_Behavior__animationsStandWaitingRobot_1153325320__root_10__fx__r2d2__PlaySound_1/Play in loop',
 '_Behavior__animationsStandWaitingRobot_1153325320__root_10__fx__r2d2__PlaySound_1/Panorama',
 '_Behavior__animationsStandWaitingHideEyes_11077918536__root_10__onStopped',
 '_Behavior__animationsStandWaitingHideEyes_11077918536__root_10',
 '_Behavior__animationsStandWaitingStretch_21077920904__root_6',
 '_Behavior__animationsStandWaitingRelaxation_11072481096__root_1__onStopped',
 '_Behavior__animationsStandWaitingDrink_11072500992__root_1__onStopped',
 '_Behavior__animationsStandWaitingDrink_11072500992__root_1',
 '_Behavior__animationsStandWaitingScratchHead_11072434488__root_10__onStopped',
 '_Behavior__animationsStandWaitingVacuum_11071120744__root_8__onStopped',
 '_Behavior__animationsStandWaitingVacuum_11071120744__root_8__LED__keyframe175__CircleEyes_3/Speed',
 '_Behavior__animationsStandWaitingVacuum_11071120744__root_8__LED__keyframe175__CircleEyes_3',
 '_Behavior__animationsStandWaitingVacuum_11071120744__root_8__Fx__keyframe175__PlaySound_1/File path',
 '_Behavior__animationsStandWaitingVacuum_11071120744__root_8__Fx__keyframe175__PlaySound_1/Play in loop',
 '_Behavior__animationsStandWaitingVacuum_11071120744__root_8__Fx__keyframe175__PlaySound_1/Panorama',
 '_Behavior__animationsStandWaitingVacuum_11071120744__root_8__Fx__keyframe175__PlaySound_1/Volume (%)',
 '_Behavior__animationsStandWaitingAirJuggle_11072291496__root_2__onStopped',
 '_Behavior__animationsStandWaitingAirJuggle_11072291496__root_2',
 '_Behavior__animationsStandWaitingKnockEye_11072286608__root_2__onStopped',
 '_Behavior__animationsStandWaitingKnockEye_11072286608__root_2__sound__fx_neonOn__PlaySound_4/Play in loop',
 '_Behavior__animationsStandWaitingKnockEye_11072286608__root_2__sound__fx_neonOn__PlaySound_4/Volume (%)',
 '_Behavior__animationsStandWaitingKnockEye_11072286608__root_2__sound__fx_neonOn__PlaySound_4/Begin position (s)',
 '_Behavior__animationsStandWaitingKnockEye_11072286608__root_2__sound__fx_neonOff__PlaySound_4/File path',
 '_Behavior__animationsStandWaitingKnockEye_11072286608__root_2__sound__fx_neonOff__PlaySound_4',
 '_Behavior__animationsStandWaitingKnockEye_11072286608__root_2',
 '_Behavior__animationsStandWaitingBandmaster_11069969552__root_1__onStopped',
 '_Behavior__animationsStandWaitingBandmaster_11069969552__root_1',
 '_Behavior__animationsStandWaitingLoveYou_11081566184__root_5__onStopped',
 '_Behavior__animationsStandWaitingZombie_11080592296__root_1__onStopped',
 '_Behavior__animationsStandWaitingZombie_11080592296__root_1',
 '_Behavior__animationsStandWaitingHelicopter_11081372184__root_1__onStopped',
 '_Behavior__animationsStandWaitingHelicopter_11081372184__root_1__Fx__keyframe1__PlaySound_1/Play in loop',
 '_Behavior__animationsStandWaitingHelicopter_11081372184__root_1__Fx__keyframe1__PlaySound_1/Balance L/R',
 '_Behavior__animationsStandWaitingHelicopter_11081372184__root_1__Fx__keyframe1__PlaySound_1/Volume (%)',
 '_Behavior__animationsStandWaitingHelicopter_11081372184__root_1__Fx__keyframe1__PlaySound_1/Begin position (s)',
 '_Behavior__animationsSitEmotionsPositiveHungry_11055755664__root_34__Fx__keyframe8__PlaySound_1',
 '_Behavior__animationsStandWaitingWalkInTheShit_11083211584__root_1__onStopped',
 '_Behavior__animationsSitWaitingFalseStop_21052414288__root_1__fx__goingUp__PlaySound_1/Play in loop',
 '_Behavior__animationsStandWaitingWalkInTheShit_11083211584__root_1',
 '_Behavior__animationsStandWaitingWaddle_21074572384__root_1',
 '_Behavior__animationsStandWaitingThink_31071882624__root_1__onStopped',
 '_Behavior__animationsStandWaitingMonster_11071701208__root_6__onStopped',
 '_Behavior__animationsStandWaitingMonster_11071701208__root_6__Fx__keyframe59__PlaySound_1/File path',
 '_Behavior__animationsStandWaitingMonster_11071701208__root_6__Fx__keyframe59__PlaySound_1/Panorama',
 '_Behavior__animationsStandWaitingMonster_11071701208__root_6__Fx__keyframe59__PlaySound_1',
 '_Behavior__animationsStandWaitingBackRubs_11074340616__root_3__onStopped',
 '_Behavior__animationsStandWaitingBackRubs_11074340616__root_3',
 '_Behavior__animationsStandWaitingFitness_1152379584__root_2',
 '_Behavior__animationsStandWaitingShowMuscles_2152534960__root_2',
 '_Behavior__animationsStandWaitingScratchHand_1152378712__root_9__onStopped',
 '_Behavior__animationsStandWaitingScratchHand_1152378712__root_9',
 '_Behavior__animationsStandWaitingMysticalPower_11080598232__root_10__onStopped',
 '_Behavior__animationsStandWaitingMysticalPower_11080598232__root_10__Fx__keyframe50__PlaySound_1/File path',
 '_Behavior__animationsStandWaitingMysticalPower_11080598232__root_10__Fx__keyframe50__PlaySound_1/Play in loop',
 '_Behavior__animationsStandWaitingMysticalPower_11080598232__root_10__Fx__keyframe50__PlaySound_1/Panorama',
 '_Behavior__animationsStandWaitingMysticalPower_11080598232__root_10__Fx__keyframe50__PlaySound_1/Begin position (s)',
 '_Behavior__animationsStandWaitingMysticalPower_11080598232__root_10__LED__LED__CircleEyes_4',
 '_Behavior__animationsStandWaitingMysticalPower_11080598232__root_10',
 '_Behavior__animationsStandWaitingFitness_21073921064__root_3__onStopped',
 '_Behavior__animationsStandWaitingHideHands_11083214384__root_11',
 '_Behavior__animationsStandWaitingHeadbang_11083209584__root_7',
 '_Behavior__animationsStandWaitingFunnySlide_11074420944__root_6__onStopped',
 '_Behavior__animationsStandGesturesThis_31067252272__root_140',
 '_Behavior__animationsStandWaitingFunnySlide_11074420944__root_6',
 '_Behavior__animationsStandWaitingKnight_11073972048__root_6',
 '_Behavior__animationsStandWaitingThink_11073971728__root_1__onStopped',
 '_Behavior__animationsStandWaitingThink_11073971728__root_1',
 '_Behavior__animationsStandWaitingShowSky_21073929112__root_17__onStopped',
 '_Behavior__animationsStandWaitingShowSky_21073929112__root_17',
 '_Behavior__animationsStandWaitingLookHand_21073940368__root_4__onStopped',
 '_Behavior__animationsStandWaitingLookHand_21073940368__root_4',
 '_Behavior__animationsStandWaitingStretch_11074026512__root_5__onStopped',
 '_Behavior__animationsStandWaitingStretch_11074026512__root_5',
 '_Behavior__animationsStandWaitingDriveCar_11073971056__root_1__onStopped',
 '_Behavior__animationsStandWaitingDriveCar_11073971056__root_1__sounds2__keyframe242__PlaySound_1/File path',
 '_Behavior__animationsStandWaitingDriveCar_11073971056__root_1__sounds2__keyframe242__PlaySound_1/Play in loop',
 '_Behavior__animationsStandWaitingDriveCar_11073971056__root_1__sounds2__keyframe242__PlaySound_1/Panorama',
 '_Behavior__animationsStandWaitingDriveCar_11073971056__root_1__sounds2__keyframe242__PlaySound_1/Begin position (s)',
 '_Behavior__animationsStandWaitingDriveCar_11073971056__root_1__sounds2__keyframe242__PlaySound_1',
 '_Behavior__animationsStandGesturesConfused_11063391872__root_21__onStopped',
 '_Behavior__animationsStandWaitingDriveCar_11073971056__root_1__sounds__angry__PlaySound_3/File path',
 '_Behavior__animationsStandWaitingDriveCar_11073971056__root_1__sounds__angry__PlaySound_3/Play in loop',
 '_Behavior__animationsStandWaitingDriveCar_11073971056__root_1__sounds__angry__PlaySound_3/Panorama',
 '_Behavior__animationsStandWaitingDriveCar_11073971056__root_1__sounds__angry__PlaySound_3/Volume (%)',
 '_Behavior__animationsStandWaitingSpaceShuttle_11075332920__root_1__fx__keyframe21__PlaySound_1/Volume (%)',
 '_Behavior__animationsStandWaitingDriveCar_11073971056__root_1__sounds__angry__PlaySound_3/Begin position (s)',
 '_Behavior__animationsStandWaitingDriveCar_11073971056__root_1__sounds__hey__PlaySound_3/File path',
 '_Behavior__animationsStandWaitingDriveCar_11073971056__root_1__sounds__hey__PlaySound_3/Begin position (s)',
 '_Behavior__animationsStandWaitingDriveCar_11073971056__root_1__sounds__carStart__PlaySound_3/Play in loop',
 '_Behavior__animationsStandWaitingDriveCar_11073971056__root_1__sounds__carStart__PlaySound_3/Panorama',
 '_Behavior__animationsStandWaitingDriveCar_11073971056__root_1__sounds__carStart__PlaySound_3',
 '_Behavior__animationsStandGesturesExplain_9153290672__root_47',
 '_Behavior__animationsStandWaitingThink_4151970288__root_1__onStopped',
 '_Behavior__animationsStandWaitingThink_4151970288__root_1',
 '_Behavior__animationsSitWaitingMusic_HighwayToHell_11052737080__root_5__Speech__keyframe712__Say_1/Voice shaping (%)',
 '_Behavior__animationsStandWaitingFitness_31078953400__root_4',
 '_Behavior__animationsStandWaitingShowMuscles_11078816552__root_1__onStopped',
 '_Behavior__animationsStandWaitingShowMuscles_11078816552__root_1',
 '_Behavior__animationsStandWaitingFunnyDancer_11078472680__root_5__onStopped',
 '_Behavior__animationsStandWaitingAirGuitar_11072367856__root_1__onStopped',
 '_Behavior__animationsStandWaitingShowMuscles_41078179928__root_4__onStopped',
 '_Behavior__animationsStandWaitingShowMuscles_41078179928__root_4__Fx__keyframe18__PlaySound_1/Play in loop',
 '_Behavior__animationsStandWaitingShowMuscles_41078179928__root_4__Fx__keyframe18__PlaySound_1/Begin position (s)',
 '_Behavior__animationsSitReactionsLightShine_31059608200__root_6__onStopped',
 '_Behavior__animationsStandWaitingTakePicture_11077944288__root_1__Fx__keyframe57__PlaySound_3/File name',
 '_Behavior__animationsStandGesturesSalute_1155702440__root_107__onStopped',
 '_Behavior__animationsStandWaitingTakePicture_11077944288__root_1__Fx__keyframe57__PlaySound_3/Play in loop',
 '_Behavior__animationsStandWaitingTakePicture_11077944288__root_1__Fx__keyframe57__PlaySound_3/Balance L/R',
 '_Behavior__animationsStandWaitingTakePicture_11077944288__root_1__Fx__keyframe57__PlaySound_3/Begin position (s)',
 '_Behavior__animationsStandWaitingTakePicture_11077944288__root_1__Fx__keyframe57__PlaySound_3',
 '_Behavior__animationsStandWaitingScratchBack_11086499096__root_6',
 '_Behavior__animationsStandWaitingWaddle_11083822184__root_1__onStopped',
 '_Behavior__animationsStandWaitingWaddle_11083822184__root_1',
 '_Behavior__animationsStandWaitingRelaxation_21083959376__root_2__onStopped',
 '_Behavior__animationsStandWaitingRelaxation_21083959376__root_2',
 '_Behavior__animationsStandWaitingShowMuscles_51086501672__root_8__onStopped',
 '_Behavior__animationsStandWaitingInnocent_11083703696__root_1__onStopped',
 '_Behavior__animationsStandWaitingInnocent_11083703696__root_1',
 '_Behavior__animationsStandWaitingWakeUp_11082048920__root_1__Fx__keyframe383__PlaySound_1/Volume (%)',
 '_Behavior__animationsSitEmotionsNeutralSneeze_1159501992__root_1__sounds__sneeze__PlaySound_1/Panorama',
 '_Behavior__animationsStandWaitingWakeUp_11082048920__root_1__Fx__keyframe383__PlaySound_1/Begin position (s)',
 '_Behavior__animationsStandWaitingWakeUp_11082048920__root_1__Fx__keyframe245__PlaySound_1/Play in loop',
 '_Behavior__animationsStandGesturesEverything_21059776776__root_33',
 '_Behavior__animationsStandWaitingWakeUp_11082048920__root_1__Fx__keyframe245__PlaySound_1/Volume (%)',
 '_Behavior__animationsStandWaitingWakeUp_11082048920__root_1__Fx__keyframe77__PlaySound_1/File path',
 '_Behavior__animationsStandWaitingWakeUp_11082048920__root_1__Fx__keyframe77__PlaySound_1/Play in loop',
 '_Behavior__animationsStandWaitingWakeUp_11082048920__root_1__Fx__keyframe77__PlaySound_1/Volume (%)',
 '_Behavior__animationsStandWaitingCallSomeone_11081422200__root_1__onStopped',
 '_Behavior__animationsStandWaitingCallSomeone_11081422200__root_1__speech__keyframe134__Say_1/Voice shaping (%)',
 '_Behavior__animationsStandWaitingCallSomeone_11081422200__root_1__speech__keyframe134__Say_1',
 '_Behavior__animationsStandWaitingCallSomeone_11081422200__root_1__fx__keyframe62__PlaySound_1/File path',
 '_Behavior__animationsStandWaitingCallSomeone_11081422200__root_1__fx__keyframe62__PlaySound_1/Volume (%)',
 '_Behavior__animationsStandWaitingCallSomeone_11081422200__root_1__fx__keyframe62__PlaySound_1',
 '_Behavior__animationsStandWaitingVacuum_11071120744__root_8__Fx__keyframe175__PlaySound_1/Begin position (s)',
 '_Behavior__animationsStandWaitingLookHand_11081123128__root_3',
 '_Behavior__animationsStandWaitingScratchTorso_11088313936__root_12__onStopped',
 '_Behavior__animationsStandWaitingRelaxation_31088218848__root_3',
 '_Behavior__animationsStandEmotionsNeutralEmbarrassed_11759615680__root_1__onStopped',
 '_Behavior__animationsStandEmotionsNeutralEmbarrassed_11759615680__root_1',
 '_Behavior__animationsStandEmotionsNeutralAlienated_11081104904__root_1',
 '_Behavior__animationsStandEmotionsNeutralPuzzled_11087946136__root_1__onStopped',
 '_Behavior__animationsStandEmotionsNeutralMischievous_11080499936__root_2',
 '_Behavior__animationsStandEmotionsNeutralSuspicious_1151949008__root_1__onStopped',
 '_Behavior__animationsStandEmotionsNeutralSuspicious_1151949008__root_1',
 '_Behavior__animationsStandEmotionsNeutralStubborn_11086994704__root_1__onStopped',
 '_Behavior__animationsStandEmotionsNeutralStubborn_11086994704__root_1',
 '_Behavior__animationsStandEmotionsNeutralAskForAttention_21080501440__root_2__onStopped',
 '_Behavior__animationsStandEmotionsNeutralAskForAttention_21080501440__root_2__behavior_layer2__Sound__PlaySound_4/File path',
 '_Behavior__animationsStandEmotionsNeutralAskForAttention_21080501440__root_2__behavior_layer2__Sound__PlaySound_4/Panorama',
 '_Behavior__animationsStandEmotionsNeutralAskForAttention_21080501440__root_2__behavior_layer2__Sound__PlaySound_4/Volume (%)',
 '_Behavior__animationsStandEmotionsNeutralAskForAttention_21080501440__root_2__behavior_layer2__Sound__PlaySound_4/Begin position (s)',
 '_Behavior__animationsStandEmotionsNeutralAskForAttention_21080501440__root_2__behavior_layer2__Sound__PlaySound_4',
 '_Behavior__animationsStandEmotionsNeutralAskForAttention_21080501440__root_2',
 '_Behavior__animationsStandEmotionsNeutralLonely_11759636224__root_1__onStopped',
 '_Behavior__animationsStandEmotionsNeutralAnnoyed_11083545960__root_1__onStopped',
 '_Behavior__animationsStandEmotionsNeutralAnnoyed_11083545960__root_1',
 '_Behavior__animationsStandEmotionsNeutralCautious_11083187864__root_1__onStopped',
 '_Behavior__animationsStandEmotionsNeutralCautious_11083187864__root_1',
 '_Behavior__animationsStandEmotionsNeutralSneeze1083480744__root_20__onStopped',
 '_Behavior__animationsStandEmotionsNeutralSneeze1083480744__root_20__sound__sound__PlaySound_4/File path',
 '_Behavior__animationsStandEmotionsNeutralSneeze1083480744__root_20__sound__sound__PlaySound_4/Volume (%)',
 '_Behavior__animationsStandEmotionsNeutralSneeze1083480744__root_20__sound__sound__PlaySound_4/Begin position (s)',
 '_Behavior__animationsStandEmotionsNeutralSneeze1083480744__root_20__sound__sound__PlaySound_4',
 '_Behavior__animationsStandEmotionsNeutralSneeze1083480744__root_20',
 '_Behavior__animationsStandEmotionsNeutralAskForAttention_1152054176__root_1__onStopped',
 '_Behavior__animationsStandWaitingFitness_21073921064__root_3',
 '_Behavior__animationsStandEmotionsNeutralAskForAttention_1152054176__root_1__behavior_layer2__SayPssst__PlaySound_4/Play in loop',
 '_Behavior__animationsStandEmotionsNeutralAskForAttention_1152054176__root_1__behavior_layer2__SayPssst__PlaySound_4/Panorama',
 '_Behavior__animationsStandEmotionsNeutralAskForAttention_1152054176__root_1',
 '_Behavior__animationsStandEmotionsNeutralHesitation_11083050312__root_1__behavior_layer2__Sound__PlaySound_4/File path',
 '_Behavior__animationsStandEmotionsNeutralHesitation_11083050312__root_1__behavior_layer2__Sound__PlaySound_4/Play in loop',
 '_Behavior__animationsStandEmotionsNeutralHesitation_11083050312__root_1__behavior_layer2__Sound__PlaySound_4/Begin position (s)',
 '_Behavior__animationsStandGesturesExplain_51059973024__root_43',
 '_Behavior__animationsStandEmotionsNeutralHesitation_11083050312__root_1__behavior_layer2__Sound__PlaySound_4',
 'Device/SubDeviceList/Head/Touch/Middle/Sensor/Offset',
 '_Behavior__animationsStandEmotionsNeutralInnocent_1151907400__root_1__onStopped',
 '_Behavior__animationsStandWaitingCallSomeone_11081422200__root_1__speech__keyframe134__Say_1/Speed (%)',
 '_Behavior__animationsStandEmotionsNeutralAskForAttention_31088281896__root_3__behavior_layer2__Sound__PlaySound_4/Play in loop',
 '_Behavior__animationsStandEmotionsNeutralHello_11087945032__root_1__onStopped',
 '_Behavior__animationsSitOnPodGesturesWhatSThis_4148376320__root_156',
 '_Behavior__animationsStandEmotionsNeutralHello_11087945032__root_1',
 'Device/SubDeviceList/RShoulderPitch/Hardness/Actuator/Device',
 '_Behavior__animationsStandEmotionsPositiveWinner_11083129096__root_1__onStopped',
 '_Behavior__animationsStandEmotionsPositiveWinner_11083129096__root_1__behavior_layer2__Sound__PlaySound_4/Play in loop',
 '_Behavior__animationsStandEmotionsPositiveWinner_11083129096__root_1__behavior_layer2__Sound__PlaySound_4/Panorama',
 '_Behavior__animationsSitEmotionsNegativeFear_11057334688__root_1__behavior_layer2__Sound__PlaySound_1/Panorama',
 '_Behavior__animationsStandEmotionsPositiveWinner_11083129096__root_1__behavior_layer2__Sound__PlaySound_4/Volume (%)',
 '_Behavior__animationsStandEmotionsPositiveInterested_21082498128__root_2__behavior_layer2__Sound__PlaySound_4/Volume (%)',
 '_Behavior__animationsStandEmotionsPositiveWinner_11083129096__root_1__behavior_layer2__Sound__PlaySound_4/Begin position (s)',
 'Device/DeviceList/iocommunicationPlugin/Error',
 'Device/SubDeviceList/RHand/Touch/Back/Sensor/Value',
 '_Behavior__animationsStandEmotionsPositiveWinner_11083129096__root_1',
 'Device/DeviceList/iocommunicationPlugin/Type',
 '_Behavior__animationsStandEmotionsPositiveSure_11082804152__root_1',
 'Device/SubDeviceList/LFoot/Bumper/Left/Sensor/Gain',
 '_Behavior__animationsStandEmotionsPositiveHappy_31086649120__root_3__behavior_layer2__Sound__PlaySound_4/Begin position (s)',
 '_Behavior__default_launchpad_pluginsNetwork1043891208__root__onStopped',
 '_Behavior__animationsStandEmotionsPositiveHappy_31086649120__root_3',
 'Device/SubDeviceList/RWristYaw/Position/Sensor/positionChainMREJoint',
 '_Behavior__animationsStandEmotionsPositiveLaugh_31086691384__root_1__onStopped',
 '_Behavior__animationsStandEmotionsPositiveLaugh_31086691384__root_1__behavior_layer2__keyframe1__PlaySound_4/Begin position (s)',
 '_Behavior__animationsStandEmotionsPositiveLaugh_31086691384__root_1__behavior_layer2__keyframe1__PlaySound_4',
 'Device/SubDeviceList/Ears/Led/Left/216Deg/Actuator/Offset',
 '_Behavior__animationsStandEmotionsPositiveShy_21086916968__root_2',
 'Device/SubDeviceList/InertialSensor/AccelerometerZ/Sensor/Name',
 '_Behavior__animationsStandEmotionsPositiveHappy_21086648816__root_2__behavior_layer2__SayYes__PlaySound_4/Volume (%)',
 '_Behavior__animationsStandEmotionsPositiveHappy_21086648816__root_2__behavior_layer2__SayYes__PlaySound_4/Begin position (s)',
 'Device/SubDeviceList/RHand/Position/Actuator/Type',
 '_Behavior__animationsStandEmotionsPositiveExcited_11086552760__root_1',
 'Diagnosis/Temperature/RFoot/FSR/RearLeft/Error',
 'Device/SubDeviceList/LHand/Position/Actuator/Device',
 '_Behavior__animationsStandEmotionsPositiveInterested_21082498128__root_2__onStopped',
 'Device/SubDeviceList/LWristYaw/Hardness/Actuator/Min',
 '_Behavior__animationsStandEmotionsPositiveInterested_21082498128__root_2__behavior_layer2__Sound__PlaySound_4/File path',
 '_Behavior__animationsStandEmotionsPositiveInterested_21082498128__root_2__behavior_layer2__Sound__PlaySound_4/Panorama',
 '_Behavior__animationsStandBodyTalkSpeakingBodyTalk_41145096352__root_24__onStopped',
 '_Behavior__animationsStandEmotionsPositiveInterested_21082498128__root_2__behavior_layer2__Sound__PlaySound_4',
 '_Behavior__animationsSitBodyTalkListeningListening_21142587136__root__onStopped',
 '_Behavior__animationsStandEmotionsPositiveInterested_21082498128__root_2',
 'Device/SubDeviceList/LAnklePitch/Position/Actuator/Max',
 '_Behavior__animationsStandEmotionsPositiveProud_31082290896__root_3',
 '_Behavior__animationsStandEmotionsPositiveWinner_21091560224__root_2__behavior_layer2__Sound__PlaySound_4/Play in loop',
 '_Behavior__animationsStandEmotionsPositiveWinner_21091560224__root_2__behavior_layer2__Sound__PlaySound_4',
 '_Behavior__animationsStandEmotionsPositiveWinner_21091560224__root_2',
 '_Behavior__animationsStandEmotionsPositiveLaugh_11097323680__root_1__onStopped',
 '_Behavior__animationsSitWaitingPhone_11048170576__root_4__Anim_sit_allo_3__speech__speech__Say_2/Speed (%)',
 '_Behavior__animationsStandEmotionsPositiveLaugh_11097323680__root_1__behavior_layer2__Sound__PlaySound_4/File path',
 '_Behavior__animationsStandEmotionsPositiveShy_11086202568__root_1__onStopped',
 'ALSpeechRecognition/SignalTooLow',
 '_Behavior__animationsStandEmotionsPositiveShy_11086202568__root_1',
 'Device/SubDeviceList/LElbowYaw/Temperature/Sensor/Register',
 '_Behavior__animationsStandEmotionsPositiveOptimistic_11085990648__root_1',
 'Device/SubDeviceList/LElbowRoll/Hardness/Actuator/Name',
 '_Behavior__animationsStandEmotionsPositiveHysterical_11086051624__root_1',
 '_Behavior__animationsStandEmotionsPositiveAmused_11085178544__root_1__behavior_layer1__Sound__PlaySound_4/File path',
 '_Behavior__animationsStandEmotionsNegativeExhausted_1150034048__root_1',
 '_Behavior__animationsStandEmotionsPositiveAmused_11085178544__root_1__behavior_layer1__Sound__PlaySound_4/Play in loop',
 'Device/SubDeviceList/RHand/ElectricCurrent/Sensor/SubDeviceNumber',
 '_Behavior__animationsStandEmotionsPositiveAmused_11085178544__root_1__behavior_layer1__Sound__PlaySound_4/Panorama',
 '_Behavior__animationsStandEmotionsPositiveAmused_11085178544__root_1',
 'Device/SubDeviceList/SpecialJointLimitationPlugin/SpecialLimitLAnkle/Max',
 '_Behavior__animationsStandEmotionsPositiveHappy_11084700288__root_1__behavior_layer3__Sound__PlaySound_4/Play in loop',
 'Device/SubDeviceList/RElbowYaw/Position/Actuator/Max',
 '_Behavior__animationsStandEmotionsPositiveHappy_11084700288__root_1__behavior_layer3__Sound__PlaySound_4/Volume (%)',
 '_Behavior__animationsStandEmotionsPositiveEcstatic_11084233048__root_1__onStopped',
 '_Behavior__animationsStandEmotionsPositiveMocker_11085071392__root_1__behavior_layer2__Sound1__PlaySound_4/File path',
 '_Behavior__animationsStandEmotionsPositiveMocker_11085071392__root_1__behavior_layer2__Sound1__PlaySound_4/Volume (%)',
 'Device/DeviceList/RightHandBoard/Available',
 '_Behavior__animationsSitOnPodGesturesEverything_11133000944__root_32__onStopped',
 '_Behavior__animationsStandEmotionsPositiveMocker_11085071392__root_1__behavior_layer2__Sound1__PlaySound_4/Begin position (s)',
 'Device/SubDeviceList/LElbowYaw/Position/Sensor/Offset',
 '_Behavior__animationsStandEmotionsPositiveLaugh_21084685280__root_2__onStopped',
 'Device/SubDeviceList/LFoot/FSR/CenterOfPressure/Y/Sensor/Value',
 'Diagnosis/Passive/RFoot/FSR/FrontRight/Error',
 '_Behavior__animationsStandEmotionsPositiveLaugh_21084685280__root_2__behavior_layer1__Sound__PlaySound_4/Volume (%)',
 '_Behavior__animationsStandEmotionsPositiveLaugh_21084685280__root_2__behavior_layer1__Sound__PlaySound_4/Begin position (s)',
 '_Behavior__animationsStandEmotionsPositiveLaugh_21084685280__root_2__behavior_layer1__Sound__PlaySound_4',
 'Device/SubDeviceList/Face/Led/Green/Left/135Deg/Actuator/Register',
 '_Behavior__animationsStandEmotionsPositiveRelieved_11142269536__root_1__onStopped',
 '_Behavior__animationsStandGesturesFar_11069474640__root_50',
 '_Behavior__animationsStandEmotionsPositiveRelieved_11142269536__root_1',
 '_Behavior__animationsStandEmotionsPositiveHungry_11084702832__root_33__Fx2__keyframe89__PlaySound_1/File path',
 '_Behavior__animationsStandEmotionsPositiveHungry_11084702832__root_33__Fx2__keyframe89__PlaySound_1/Play in loop',
 '_Behavior__animationsStandGesturesWhatSThis_51065709880__root_157__onStopped',
 'Device/SubDeviceList/RKneePitch/ElectricCurrent/Sensor/Register',
 '_Behavior__animationsStandEmotionsPositiveHungry_11084702832__root_33__Fx2__keyframe89__PlaySound_1',
 'Device/SubDeviceList/LShoulderRoll/Position/Sensor/Offset',
 '_Behavior__animationsStandEmotionsPositiveHungry_11084702832__root_33__Fx__keyframe8__PlaySound_1/Play in loop',
 '_Behavior__animationsStandEmotionsPositiveHungry_11084702832__root_33__Fx__keyframe8__PlaySound_1/Panorama',
 '_Behavior__animationsStandEmotionsPositiveHungry_11084702832__root_33__Fx__keyframe8__PlaySound_1/Volume (%)',
 'Device/DeviceList/RightShinBoard/currentCalibrationResultMotor2',
 '_Behavior__animationsStandEmotionsPositiveHungry_11084702832__root_33__Fx__keyframe8__PlaySound_1',
 '_Behavior__animationsStandEmotionsPositiveEnthusiastic_11090482800__root_1__onStopped',
 'Diagnosis/Passive/Face/Led/Green/Left/0Deg/Error',
 '_Behavior__animationsStandEmotionsPositiveEnthusiastic_11090482800__root_1',
 'Device/SubDeviceList/LAnklePitch/Hardness/Actuator/SubDeviceNumber',
 '_Behavior__animationsStandEmotionsPositiveInterested_11142900472__root_1',
 '_Behavior__animationsStandEmotionsPositivePeaceful_11142267472__root_1__onStopped',
 '_Behavior__animationsSitWaitingPuppet_1161066304__root_1__speech__speech_copy_copy_copy__PlaySound_1/Volume (%)',
 'Device/DeviceList/TestRobotVersionPlugin/Nack',
 'Device/SubDeviceList/RAnklePitch/Position/Sensor/Gain',
 '_Behavior__animationsStandEmotionsNegativeAngry_1150295080__root_1__sound__angry__PlaySound_4/Play in loop',
 '_Behavior__animationsStandEmotionsNegativeAngry_1150295080__root_1__sound__angry__PlaySound_4/Panorama',
 'Device/DeviceList/LeftHandBoard/Address',
 '_Behavior__animationsStandEmotionsNegativeAngry_1150295080__root_1__sound__angry__PlaySound_4/Volume (%)',
 '_Behavior__animationsStandEmotionsNegativeAngry_1150295080__root_1__sound__angry__PlaySound_4/Begin position (s)',
 '_Behavior__animationsStandEmotionsPositivePeaceful_11142267472__root_1',
 '_Behavior__animationsStandEmotionsNegativeAngry_1150295080__root_1__sound__angry__PlaySound_4',
 '_Behavior__animationsStandEmotionsNegativeAnxious_1151177192__root_1',
 '_Behavior__animationsStandGesturesCalmDown_1155684472__root_5__onStopped',
 '_Behavior__animationsStandEmotionsNegativeFrustrated_1150689232__root_4__onStopped',
 '_Behavior__animationsStandEmotionsNegativeFrustrated_1150689232__root_4__behavior_layer2__Sound__PlaySound_4/Panorama',
 '_Behavior__animationsStandEmotionsNegativeFrustrated_1150689232__root_4__behavior_layer2__Sound__PlaySound_4/Volume (%)',
 '_Behavior__animationsStandEmotionsNegativeFrustrated_1150689232__root_4__behavior_layer2__Sound__PlaySound_4/Begin position (s)',
 '_Behavior__animationsStandEmotionsNegativeFrustrated_1150689232__root_4__behavior_layer2__Sound__PlaySound_4',
 '_Behavior__animationsStandEmotionsNegativeHurt_21095582000__root_3__behavior_layer3__Sound__PlaySound_4/Panorama',
 'Device/SubDeviceList/RAnklePitch/Temperature/Sensor/Status',
 'Device/SubDeviceList/US/Left/Sensor/Value9',
 '_Behavior__animationsStandEmotionsNegativeHurt_21095582000__root_3__behavior_layer3__Sound__PlaySound_4/Volume (%)',
 '_Behavior__animationsStandEmotionsNegativeHurt_21095582000__root_3__behavior_layer3__Sound__PlaySound_4',
 'Device/SubDeviceList/LFoot/FSR/TotalWeight/Sensor/Max',
 '_Behavior__animationsStandEmotionsNegativeExhausted_2150364160__root_2__onStopped',
 'Device/SubDeviceList/LElbowRoll/Temperature/Sensor/StartTemperature',
 '_Behavior__animationsStandEmotionsNegativeExhausted_2150364160__root_2__Fx__Baille__PlaySound_4/File path',
 '_Behavior__animationsStandEmotionsNegativeExhausted_2150364160__root_2__Fx__Baille__PlaySound_4/Panorama',
 '_Behavior__animationsStandEmotionsNegativeSurprise_2150138368__root_2__behavior_layer2__Sound__PlaySound_4/Panorama',
 'Device/SubDeviceList/LFoot/Led/Blue/Actuator/SubDeviceNumber',
 'Motion/ExternalCollision/ClippingAmplitude/LLeg',
 '_Behavior__animationsStandEmotionsNegativeSurprise_2150138368__root_2__behavior_layer2__Sound__PlaySound_4/Begin position (s)',
 '_Behavior__animationsStandEmotionsNegativeSurprise_2150138368__root_2',
 '_Behavior__animationsStandEmotionsNegativeAngry_41093618672__root_4__behavior_layer2__Sound__PlaySound_4/File path',
 '_Behavior__animationsSitWaitingRest_11046140352__root_1__onStopped',
 'Device/SubDeviceList/LFoot/FSR/RearRight/Sensor/Name',
 '_Behavior__animationsStandEmotionsNegativeAngry_41093618672__root_4__behavior_layer2__Sound__PlaySound_4/Play in loop',
 '_Behavior__animationsStandGesturesWhatSThis_81303413376__root_160',
 'Diagnosis/Active/InfraredL/Error',
 'Dialog/IsStarted',
 '_Behavior__animationsStandEmotionsNegativeAngry_21088783704__root_2__sound__angry__PlaySound_4/Volume (%)',
 '_Behavior__animationsStandEmotionsNegativeSurprise_31088783872__root_3__behavior_layer2__Sound__PlaySound_4/Begin position (s)',
 '_Behavior__animationsStandEmotionsNegativeFear_11088849472__root_1__onStopped',
 'Diagnosis/Passive/Head/Led/Rear/Right/1/Error',
 '_Behavior__animationsStandEmotionsNegativeFear_11088849472__root_1__behavior_layer2__Sound__PlaySound_4/File path',
 'Motion/Position/Error/LHipPitch',
 'Diagnosis/Temperature/LHipRoll/Error',
 '_Behavior__animationsStandEmotionsNegativeFear_11088849472__root_1__behavior_layer2__Sound__PlaySound_4/Play in loop',
 'SonarRightDetected',
 '_Behavior__animationsStandEmotionsNegativeFear_11088849472__root_1__behavior_layer2__Sound__PlaySound_4/Volume (%)',
 'Device/SubDeviceList/InertialSensor/GyroscopeY/Sensor/Register',
 '_Behavior__animationsStandEmotionsNegativeFear_11088849472__root_1__behavior_layer2__Sound__PlaySound_4/Begin position (s)',
 '_Behavior__animationsStandEmotionsPositiveProud_21090482952__root_2',
 'Device/SubDeviceList/LAnkleRoll/Temperature/Sensor/Name',
 '_Behavior__animationsStandEmotionsNegativeFear_11088849472__root_1__behavior_layer2__Sound__PlaySound_4',
 '_Behavior__animationsStandEmotionsNegativeFear_11088849472__root_1',
 'Device/DeviceList/LeftArmBoard/Available',
 '_Behavior__animationsStandEmotionsNegativeSad_11094563248__root_1__behavior_layer2__Sound__PlaySound_4/Begin position (s)',
 '_Behavior__animationsStandEmotionsNegativeSurprise_11094655520__root_1__behavior_layer2__Sound__PlaySound_4/Play in loop',
 'Device/DeviceList/InitMotorBoardPlugin/Type',
 '_Behavior__animationsStandEmotionsNegativeSurprise_11094655520__root_1__behavior_layer2__Sound__PlaySound_4/Panorama',
 '_Behavior__animationsStandEmotionsNegativeSurprise_11094655520__root_1__behavior_layer2__Sound__PlaySound_4/Begin position (s)',
 '_Behavior__animationsStandEmotionsNegativeSurprise_11094655520__root_1__behavior_layer2__Sound__PlaySound_4',
 '_Behavior__animationsStandEmotionsNegativeDisappointed_11089943344__root_1__onStopped',
 'Device/SubDeviceList/LFoot/FSR/CenterOfPressure/X/Sensor/Name',
 '_Behavior__animationsStandEmotionsNegativeDisappointed_11089943344__root_1',
 '_Behavior__animationsStandEmotionsNegativeAngry_31095536256__root_3__sound__angry__PlaySound_4/Panorama',
 '_Behavior__animationsStandEmotionsNegativeAngry_31095536256__root_3__sound__angry__PlaySound_4/Begin position (s)',
 'Device/SubDeviceList/LHipPitch/Temperature/Sensor/ThermalResistance',
 '_Behavior__animationsStandEmotionsNegativeSorry_11094948288__root_1__onStopped',
 '_Behavior__animationsStandEmotionsNegativeSorry_11094948288__root_1',
 'Diagnosis/Passive/Face/Led/Blue/Left/270Deg/Error',
 '_Behavior__animationsStandEmotionsNegativeFearful_1148929312__root_3',
 'Device/SubDeviceList/HeadPitch/Hardness/Actuator/Device',
 'Device/SubDeviceList/InertialSensor/GyrY/Sensor/Type',
 '_Behavior__animationsStandEmotionsNegativeLate_1149600472__root_1',
 '_Behavior__animationsStandEmotionsNegativeFear_21091280864__root_2__onStopped',
 'Device/DeviceList/TouchBoard/Available',
 'ALSpeechRecognition/IsRunning',
 '_Behavior__animationsStandEmotionsNegativeFear_21091280864__root_2__behavior_layer2__keyframe116__PlaySound_4/File path',
 '_Behavior__animationsStandGesturesWhatSThis_111061797872__root_163__onStopped',
 'Device/SubDeviceList/Ears/Led/Left/216Deg/Actuator/Min',
 '_Behavior__animationsStandEmotionsNegativeFear_21091280864__root_2__behavior_layer2__keyframe116__PlaySound_4/Begin position (s)',
 '_Behavior__animationsStandEmotionsNegativeFear_21091280864__root_2__behavior_layer2__keyframe116__PlaySound_4',
 '_Behavior__animationsStandEmotionsNegativeFear_21091280864__root_2__behavior_layer2__keyframe1__PlaySound_4/File path',
 '_Behavior__animationsStandGesturesSalute_21055057304__root_4',
 'Motion/Position/Error/RAnkleRoll',
 '_Behavior__animationsStandEmotionsNegativeFear_21091280864__root_2__behavior_layer2__keyframe1__PlaySound_4/Play in loop',
 '_Behavior__animationsStandEmotionsNegativeFear_21091280864__root_2__behavior_layer2__keyframe1__PlaySound_4/Volume (%)',
 '_Behavior__animationsStandEmotionsNegativeFear_21091280864__root_2',
 '_Behavior__animationsStandReactionsLightShine_4149165000__root_4__onStopped',
 '_Behavior__animationsStandReactionsBumpers_3149166152__root_5__onStopped',
 'HandRightRightTouched',
 '_Behavior__animationsStandReactionsSeeColor_31088804928__root_5',
 '_Behavior__animationsStandReactionsSeeColor_21093378856__root_4',
 '_Behavior__animationsStandReactionsTouchHead_11093433680__root_4__onStopped',
 '_Behavior__animationsStandReactionsBumperLeft_11564552248__root_4__onStopped',
 '_Behavior__animationsStandReactionsLightShine_11093797352__root_3',
 'Device/DeviceList/Battery/ManufactureDate',
 '_Behavior__animationsStandReactionsSeeSomething_71093747912__root_7__onStopped',
 '_Behavior__animationsStandReactionsSeeSomething_71093747912__root_7',
 '_Behavior__animationsSitOnPodBodyTalkListeningListening_41132862272__root_4',
 '_Behavior__animationsStandReactionsLightShine_31093745728__root_6',
 '_Behavior__animationsStandReactionsSeeSomething_31096767328__root_3',
 'Device/SubDeviceList/RAnklePitch/Position/Actuator/IMax',
 '_Behavior__animationsStandReactionsBumperRight_1148852544__root_4__onStopped',
 '_Behavior__animationsStandReactionsSeeSomething_8148918248__root_8__onStopped',
 'Device/DeviceList/ClientSyncPlugin/Address',
 '_Behavior__animationsStandReactionsSeeSomething_8148918248__root_8',
 'Device/SubDeviceList/LAnkleRoll/Position/Actuator/Value',
 '_Behavior__animationsStandReactionsTouchHead_31097419176__root_5__LED__touch__FaceLeds_1',
 '_Behavior__animationsStandReactionsTouchHead_31097419176__root_5',
 '_Behavior__animationsStandReactionsLightShine_21096016568__root_5__onStopped',
 '_Behavior__animationsStandReactionsSeeSomething_51096593392__root_5__onStopped',
 '_Behavior__animationsSitOnPodGesturesEverything_31094988352__root_34',
 'Device/SubDeviceList/Battery/Charge/Sensor/CellVoltageMax',
 '_Behavior__animationsSitOnPodGesturesEverything_21095654848__root_33',
 'Diagnosis/Passive/LHand/Error',
 'Device/SubDeviceList/LAnklePitch/Position/Actuator/IMax',
 '_Behavior__animationsSitOnPodGesturesThis_111095787912__root_148',
 '_Behavior__animationsSitWaitingCatchFly_1161415064__root_1__fx__miam__PlaySound_1/File path',
 '_Behavior__animationsStandWaitingVacuum_11071120744__root_8__Fx__keyframe175__PlaySound_1',
 '_Behavior__animationsSitOnPodGesturesWhatSThis_161096003304__root_168__onStopped',
 'Device/SubDeviceList/Face/Led/Blue/Left/180Deg/Actuator/Value',
 '_Behavior__animationsSitOnPodGesturesWhatSThis_101095927432__root_162',
 '_Behavior__animationsSitOnPodGesturesThis_101095903960__root_147__onStopped',
 '_Behavior__animationsSitOnPodGesturesNo_41097800744__root_87',
 '_Behavior__animationsStandEmotionsNegativeAngry_41093618672__root_4__behavior_layer2__Sound__PlaySound_4',
 'Device/SubDeviceList/LHand/ElectricCurrent/Sensor/Name',
 '_Behavior__animationsSitOnPodGesturesWhatSThis_81097552752__root_160__onStopped',
 '_Behavior__animationsSitOnPodGesturesEverything_11133000944__root_32',
 '_Behavior__animationsSitOnPodGesturesYou_41131341552__root_14',
 '_Behavior__animationsSitOnPodGesturesMe_41097603256__root_79',
 'Device/SubDeviceList/LWristYaw/Position/Actuator/MotorNumber',
 'Device/SubDeviceList/RShoulderRoll/Position/Actuator/Kd',
 '_Behavior__animationsSitOnPodGesturesThis_141096903056__root_151__onStopped',
 'Device/DeviceList/RightArmBoard/ProgVersion',
 '_Behavior__animationsSitOnPodGesturesWhatSThis_11096947512__root_153__onStopped',
 '_Behavior__animationsSitWaitingRelaxation_11044664664__root__onStopped',
 '_Behavior__animationsSitOnPodGesturesThis_81097731424__root_145__onStopped',
 'Device/SubDeviceList/Face/Led/Blue/Left/90Deg/Actuator/Type',
 '_Behavior__animationsSitOnPodGesturesNo_91097423704__root_6__onStopped',
 '_Behavior__animationsSitOnPodGesturesHeSays_21097341360__root_59',
 '_Behavior__animationsSitOnPodGesturesWhatSThis_51097002928__root_157',
 'Device/DeviceList/InitNaoDevicesPlugin/Address',
 '_Behavior__animationsSitOnPodGesturesEverything_61097477408__root_37',
 '_Behavior__animationsSitWaitingLookHand_2160855592__root__onStopped',
 '_Behavior__animationsSitOnPodGesturesHeSays_11092670784__root_58__onStopped',
 '_Behavior__animationsSitOnPodGesturesYou_21096862736__root_175__onStopped',
 '_Behavior__animationsSitOnPodGesturesYou_21096862736__root_175',
 '_Behavior__animationsSitOnPodGesturesChoice_11142888384__root_15__onStopped',
 'Device/SubDeviceList/Ears/Led/Right/0Deg/Actuator/SubDeviceNumber',
 '_Behavior__animationsSitOnPodGesturesYou_1148349784__root_174__onStopped',
 'Device/DeviceList/RightShinBoard/capacitiveVersion',
 '_Behavior__animationsSitOnPodGesturesHey_2148664784__root_9',
 '_Behavior__animationsSitOnPodGesturesHey_6148445424__root_8__onStopped',
 '_Behavior__animationsSitOnPodGesturesHey_6148445424__root_8',
 '_Behavior__animationsSitOnPodGesturesNo_3148323776__root_86__onStopped',
 '_Behavior__animationsSitOnPodGesturesWhatSThis_21097414696__root_154',
 '_Behavior__animationsSitOnPodGesturesThis_131130627976__root_150__onStopped',
 'Device/SubDeviceList/RKneePitch/Position/Actuator/Register',
 'Device/SubDeviceList/HeadPitch/Temperature/Sensor/OtherMotorTransmission',
 '_Behavior__animationsSitOnPodGesturesWhatSThis_31131060312__root_155',
 '_Behavior__animationsSitOnPodGesturesWhatSThis_4148376320__root_156__onStopped',
 'Device/SubDeviceList/LHand/Hardness/Actuator/Name',
 '_Behavior__animationsSitOnPodGesturesThis_5145777840__root_142',
 '_Behavior__animationsSitOnPodGesturesYou_5146590640__root_18__onStopped',
 'Device/SubDeviceList/Face/Led/Blue/Right/135Deg/Actuator/Gain',
 '_Behavior__animationsSitOnPodGesturesYou_5146590640__root_18',
 '_Behavior__animationsSitWaitingTakePicture_11049735936__root_1__Fx__keyframe57__PlaySound_3/Begin position (s)',
 '_Behavior__animationsStandWaitingMonster_11071701208__root_6__Fx__keyframe59__PlaySound_1/Volume (%)',
 '_Behavior__animationsSitOnPodGesturesThis_2146690592__root_139__onStopped',
 '_Behavior__animationsSitOnPodGesturesThis_4146648312__root_141__onStopped',
 '_Behavior__animationsSitOnPodGesturesThis_121132258912__root_149__onStopped',
 '_Behavior__animationsSitOnPodGesturesThis_121132258912__root_149',
 '_Behavior__animationsSitOnPodGesturesNo_3148323776__root_86',
 '_Behavior__animationsSitOnPodGesturesHey_1146689328__root_2__onStopped',
 '_Behavior__animationsSitOnPodGesturesHey_1146689328__root_2',
 '_Behavior__animationsSitOnPodGesturesNo_1146597320__root_84__onStopped',
 '_Behavior__animationsSitOnPodGesturesThis_151131987776__root_152',
 'Device/SubDeviceList/LElbowRoll/Position/Actuator/MotorNumber',
 '_Behavior__animationsSitOnPodGesturesNo_51095006136__root_88__onStopped',
 '_Behavior__animationsSitOnPodGesturesMe_21131325480__root_77',
 '_Behavior__animationsSitOnPodGesturesHey_71131236152__root_5',
 '_Behavior__animationsSitOnPodGesturesCountTwo_11131384408__root_9__onStopped',
 '_Behavior__animationsSitOnPodGesturesWhatSThis_151131242928__root_167__onStopped',
 '_Behavior__animationsSitWaitingMysticalPower_1160996400__root_10__Fx__keyframe50__PlaySound_1/File path',
 'Device/SubDeviceList/LShoulderPitch/ElectricCurrent/Sensor/ShuntResistance',
 'Device/SubDeviceList/RHipYawPitch/Speed/Sensor/Value',
 '_Behavior__animationsStandEmotionsPositiveLaugh_21084685280__root_2__behavior_layer1__Sound__PlaySound_4/Play in loop',
 '_Behavior__animationsSitOnPodGesturesHey_31131241544__root_3',
 '_Behavior__animationsSitOnPodGesturesMe_81759653296__root_8__onStopped',
 '_Behavior__animationsSitOnPodGesturesMe_81759653296__root_8',
 '_Behavior__animationsSitOnPodGesturesNo_21133381656__root_85__onStopped',
 '_Behavior__animationsSitOnPodGesturesNo_21133381656__root_85',
 '_Behavior__animationsSitBodyTalkThinkingThinkingLoop_11142130840__root_6',
 '_Behavior__animationsStandEmotionsNeutralAskForAttention_31088281896__root_3__behavior_layer2__Sound__PlaySound_4/Volume (%)',
 '_Behavior__animationsStandEmotionsNeutralMischievous_11080499936__root_2__onStopped',
 '_Behavior__animationsSitOnPodGesturesEverything_41133009688__root_35',
 '_Behavior__animationsStandGesturesYouKnowWhat_31133110496__root_178__onStopped',
 'Device/SubDeviceList/LAnklePitch/Temperature/Sensor/Type',
 '_Behavior__animationsStandEmotionsNeutralAskForAttention_31088281896__root_3__behavior_layer2__Sound__PlaySound_4',
 'Device/SubDeviceList/LWristYaw/ElectricCurrent/Sensor/Offset',
 '_Behavior__animationsSitOnPodGesturesWhatSThis_61133448000__root_158__onStopped',
 '_Behavior__animationsSitOnPodGesturesWhatSThis_61133448000__root_158',
 '_Behavior__animationsSitOnPodGesturesMe_71759650464__root_25__onStopped',
 '_Behavior__animationsSitOnPodEmotionsNeutralHello_11131161144__root_1__onStopped',
 'Device/SubDeviceList/RFoot/FSR/FrontLeft/Sensor/Min',
 '_Behavior__animationsSitOnPodEmotionsNeutralHello_11131161144__root_1',
 'Device/SubDeviceList/US/Sensor/Register',
 '_Behavior__animationsStandGesturesMe_81081378656__root_8',
 'Device/DeviceList/RightShinBoard/RobotId',
 '_Behavior__bootconfig146838088__root__bootconfigmain_2__LaunchBootScript_3__onDialogConfig',
 '_Behavior__bootconfig146838088__root__bootconfigmain_2__LaunchBootScript_3__onExit',
 'Device/SubDeviceList/MaxCurrentPlugin/StiffnessDecrease/Device',
 'NetworkServiceRemoved',
 '_Behavior__animationMode1554920712__root__AnimationMode_2',
 'Device/SubDeviceList/Head/Led/Rear/Left/2/Actuator/Name',
 'Diagnosis/Temperature/SpeakerLeft/Error',
 'Diagnosis/Active/RAnklePitch/Error',
 'Diagnosis/Temperature/LFoot/Bumper/Right/Error',
 '_Behavior__animationsStandReactionsShakeBody_1148928728__root_3__onStopped',
 '_Behavior__animationsStandWaitingSpaceShuttle_11075332920__root_1__fx2__keyframe171__PlaySound_1/Volume (%)',
 'Device/SubDeviceList/LKneePitch/Position/Sensor/MechanicalStopMin',
 '_Behavior__animationsSitOnPodBodyTalkListeningListening_81130624440__root_7__onStopped',
 'Device/SubDeviceList/LHand/Touch/Right/Sensor/Gain',
 '_Behavior__animationsSitOnPodBodyTalkListeningListening_11131534440__root_1__onStopped',
 'Device/SubDeviceList/RKneePitch/Position/Actuator/Kd',
 '_Behavior__animationsSitOnPodBodyTalkListeningListening_11131534440__root_1',
 '_Behavior__animationsSitOnPodBodyTalkListeningListening_41132862272__root_4__onStopped',
 'Device/SubDeviceList/Face/Led/Green/Right/225Deg/Actuator/Gain',
 'Dialog/Compilation/Finished',
 'Dialog/StartApp',
 'Dialog/StartUpdate',
 'Dialog/Night',
 'Device/SubDeviceList/RHand/Touch/Back/Sensor/Offset',
 'Dialog/Default',
 'Dialog/Minute',
 'Device/SubDeviceList/InertialSensor/GyroscopeZZeroOffset/Sensor/Device',
 'Dialog/Day',
 'Dialog/Month',
 '_Behavior__animationsStandGesturesShowSky_51061526648__root_117',
 'Dialog/Year',
 'RobotConfig/Head/Color',
 'Dialog/MatchedApp',
 '_Behavior__animationsStandEmotionsPositiveAmused_11085178544__root_1__onStopped',
 'Device/SubDeviceList/LElbowRoll/ElectricCurrent/Sensor/Type',
 'Device/SubDeviceList/RElbowYaw/ElectricCurrent/Sensor/Name',
 'Dialog/MatchedLine',
 'Device/SubDeviceList/IoCommunicationPlugin/ActivateCommunication/Actuator/Device',
 'Dialog/MatchedTopic',
 'Device/SubDeviceList/PreferencesPlugin/ChangeCalibration/NewValueFloat',
 '_Behavior__animationsSitOnPodBodyTalkListeningListening_51130494208__root_5',
 '_Behavior__animationsSitOnPodBodyTalkListeningListening_7146386360__root_6',
 'Dialog/RobotModel',
 '_Behavior__animationsStandEmotionsNeutralAlienated_11081104904__root_1__onStopped',
 '_Behavior__animationsStandEmotionsNegativeAngry_41093618672__root_4__behavior_layer2__Sound__PlaySound_4/Begin position (s)',
 '_Behavior__animationsSitOnPodBodyTalkListeningListening_21131453856__root_2__onStopped',
 'Dialog/SpeakLouder',
 '_Behavior__animationsSitOnPodBodyTalkListeningListening_61145790136__root_8__onStopped',
 '_Behavior__animationsStandGesturesShowSky_91061240368__root_121',
 '_Behavior__animationsStandEmotionsPositiveHappy_21086648816__root_2__behavior_layer2__SayYes__PlaySound_4',
 '_Behavior__animationsSitBodyTalkListeningListening_41142657336__root',
 '_Behavior__animationsSitWaitingDriveCar_11048973264__root_1__sounds__hey__PlaySound_3/Panorama',
 '_Behavior__animationsSitBodyTalkListeningListening_3146433416__root__onStopped',
 '_Behavior__animationsSitWaitingPlayHands_21046802440__root',
 '_Behavior__animationsSitBodyTalkListeningListening_3146433416__root',
 '_Behavior__animationsStandBodyTalkListeningListening_21131454400__root_2',
 'Device/SubDeviceList/DcmLostPlugin/StiffnessDecrease/Leg/Max',
 '_Behavior__animationsSitOnPodBodyTalkSpeakingBodyTalk_31130599336__root_4',
 'Device/DeviceList/Chest-Eeprom-81/Name',
 '_Behavior__animationsSitOnPodBodyTalkSpeakingBodyTalk_21132669536__root_5',
 'AutonomousLife/LaunchSuggestions',
 'AutonomousLife/NextActivity',
 'Device/SubDeviceList/RKneePitch/Position/Sensor/jointZeroPosition',
 '_Behavior__animationsSitOnPodGesturesWhatSThis_11148350032__root_163__onStopped',
 'Device/SubDeviceList/RFoot/FSR/CenterOfPressure/Y/Sensor/Min',
 'Navigation/AvoidanceNavigator/ObstacleDetected',
 'AutonomousLife/CompletedActivity',
 'Device/SubDeviceList/LElbowYaw/ElectricCurrent/Sensor/SubDeviceNumber',
 '_Behavior__animationsSitOnPodBodyTalkSpeakingBodyTalk_11142428768__root_3__onStopped',
 '_Behavior__animationsSitOnPodBodyTalkSpeakingBodyTalk_111130560608__root_14__onStopped',
 'AutonomousLife/Report',
 'AutonomousLife/FocusedActivity',
 'UserSession/DeletedUsers',
 'Device/SubDeviceList/LFoot/FSR/FrontRight/Sensor/Name',
 '_Behavior__animationsSitOnPodBodyTalkSpeakingBodyTalk_4146413512__root_8__onStopped',
 '_Behavior__animationsSitOnPodBodyTalkSpeakingBodyTalk_4146413512__root_8',
 'Device/SubDeviceList/RElbowYaw/Position/Actuator/PWMValue',
 '_Behavior__animationsSitOnPodBodyTalkSpeakingBodyTalk_121132487832__root_6',
 '_Behavior__animationsStandGesturesWhatSThis_81303413376__root_160__onStopped',
 'Device/SubDeviceList/US/Actuator/Min',
 'Device/SubDeviceList/LHipRoll/Position/Actuator/Ki',
 'Launchpad/NumMotionZone3',
 'ALTracker/HeadTracking/Stopped',
 'Launchpad/NumMotionZone2',
 'Launchpad/ZoneOfTrackedHuman',
 'Launchpad/SameTrackedHuman',
 'Device/SubDeviceList/Ears/Led/Left/72Deg/Actuator/Type',
 'Launchpad/NoMotionInZones',
 '_Behavior__animationsSitBodyTalkSpeakingBodyTalk_2146228056__root_5',
 'Device/SubDeviceList/LShoulderPitch/Position/Sensor/Limit',
 'Device/SubDeviceList/RKneePitch/Temperature/Sensor/Min',
 'Launchpad/NumPeopleZone2',
 'Device/DeviceList/TestRobotVersionPlugin/Priority',
 'Device/DeviceList/LeftHipBoard/brakeVersion',
 'Device/SubDeviceList/LElbowRoll/ElectricCurrent/Sensor/Gain',
 'Launchpad/NumMotionZone',
 'Device/SubDeviceList/Head/Led/Rear/Left/0/Actuator/SubDeviceNumber',
 'Launchpad/NoPeopleInZones',
 '_Behavior__animationsSitEmotionsNeutralAskForAttention_21051179856__root_1__behavior_layer2__Sound__PlaySound_1/Panorama',
 'Launchpad/PreferredPostureFamily',
 'Launchpad/RobotPushedRecently',
 'Launchpad/RobotType',
 '_Behavior__animationsStandBodyTalkListeningListening_21131454400__root_2__onStopped',
 'Launchpad/Week',
 'Launchpad/Minute',
 'Launchpad/Day',
 '_Behavior__animationsStandEmotionsNegativeHurt_21095582000__root_3__behavior_layer3__Sound__PlaySound_4/File path',
 'Device/SubDeviceList/LShoulderRoll/Position/Actuator/Kd',
 'Launchpad/MonthName',
 '_Behavior__animationsSitBodyTalkListeningListening_21142587136__root',
 'Device/SubDeviceList/Face/Led/Red/Right/315Deg/Actuator/Gain',
 'Launchpad/LifeTime',
 'NetworkStateChanged',
 'Launchpad/State',
 'Launchpad/PreviousActivity',
 'Device/SubDeviceList/Face/Led/Blue/Left/135Deg/Actuator/Device',
 'Launchpad/FocusedActivity',
 'Device/DeviceList/LedIfNoDcmPlugin/Type',
 '_Behavior__animationsSitBodyTalkSpeakingBodyTalk_11145477496__root_3',
 'Diagnosis/Passive/Head/Led/Front/Left/1/Error',
 '_ActivityFocusManager/NextActivity',
 '_ActivityFocusManager/CompletedActivity',
 'Motion/Velocity/Error/LWristYaw',
 '_Behavior__animationsSitBodyTalkSpeakingBodyTalk_71194074240__root_11__onStopped',
 '_Behavior__animationsSitBodyTalkSpeakingBodyTalk_71194074240__root_11',
 'Device/SubDeviceList/US/Right/Sensor/SubDeviceNumber',
 '_Behavior__animationsSitBodyTalkSpeakingBodyTalk_5145754512__root_7__onStopped',
 'Motion/Position/Error/RWristYaw',
 '_Behavior__animationsSitBodyTalkSpeakingBodyTalk_61193993736__root_9',
 '_Behavior__animationsSitBodyTalkThinkingRemember_2145733056__root_3',
 '_Behavior__animationsSitBodyTalkSpeakingBodyTalk_101141981584__root_10__onStopped',
 'Device/SubDeviceList/LFoot/Led/Green/Actuator/SubDeviceNumber',
 '_Behavior__animationsSitBodyTalkSpeakingBodyTalk_101141981584__root_10',
 '_Behavior__animationsSitBodyTalkSpeakingBodyTalk_41141922232__root_8',
 '_Behavior__animationsSitBodyTalkSpeakingBodyTalk_12145910800__root_6__onStopped',
 '_Behavior__animationsSitBodyTalkSpeakingBodyTalk_12145910800__root_6',
 '_Behavior__animationsStandReactionsSeeSomething_41093919656__root_4',
 '_Behavior__animationsSitBodyTalkThinkingRemember_31145476768__root_5__onStopped',
 'Device/SubDeviceList/HeadPitch/Hardness/Actuator/stiffnessDecreaseRate',
 '_Behavior__animationsStandBodyTalkSpeakingBodyTalk_31145568312__root_18__onStopped',
 '_Behavior__animationsStandBodyTalkSpeakingBodyTalk_21141977296__root_19__onStopped',
 '_Behavior__animationsSitWaitingPong_11047519312__root_2__fx__keyframe99__PlaySound_1/Volume (%)',
 '_Behavior__animationsStandBodyTalkSpeakingBodyTalk_21141977296__root_19',
 'Device/SubDeviceList/LKneePitch/Temperature/Sensor/ThermalTimeConstant',
 '_Behavior__animationsStandBodyTalkThinkingRemember_11194308608__root_7',
 '_Behavior__animationsStandBodyTalkSpeakingBodyTalk_141145498736__root_40__onStopped',
 'Device/SubDeviceList/RWristYaw/Position/Actuator/Gain',
 'Diagnosis/Temperature/LHand/Error',
 '_Behavior__animationsStandBodyTalkSpeakingBodyTalk_141145498736__root_40',
 '_Behavior__animationsStandEmotionsPositiveLaugh_31086691384__root_1',
 '_Behavior__animationsStandBodyTalkThinkingRemember_21194163832__root_10__onStopped',
 '_Behavior__animationsSitOnPodGesturesThis_61131781120__root_143__onStopped',
 'Device/SubDeviceList/RAnklePitch/Position/Sensor/Offset',
 '_Behavior__animationsStandBodyTalkSpeakingBodyTalk_11246452616__root_16__onStopped',
 '_Behavior__animationsStandBodyTalkSpeakingBodyTalk_11246452616__root_16',
 'Device/SubDeviceList/LAnklePitch/Position/Sensor/Max',
 'Diagnosis/Passive/Face/Led/Red/Right/315Deg/Error',
 '_Behavior__animationsStandBodyTalkSpeakingBodyTalk_11145907920__root_30__onStopped',
 '_Behavior__animationsStandBodyTalkSpeakingBodyTalk_11145907920__root_30',
 '_Behavior__animationsStandWaitingStretch_21077920904__root_6__onStopped',
 '_Behavior__animationsStandEmotionsPositiveHappy_31086649120__root_3__onStopped',
 '_Behavior__animationsStandWaitingAirGuitar_11072367856__root_1__stand_airGuitar1_debut_1',
 '_Behavior__animationsStandEmotionsPositiveLaugh_21084685280__root_2__behavior_layer1__Sound__PlaySound_4/File path',
 'Diagnosis/Passive/RHand/Touch/Left/Error',
 '_Behavior__animationsStandBodyTalkSpeakingBodyTalk_5145559496__root_23__onStopped',
 '_Behavior__animationsStandBodyTalkThinkingRemember_31145322928__root_11__onStopped',
 '_Behavior__animationsStandBodyTalkThinkingRemember_31145322928__root_11',
 '_Behavior__animationsStandBodyTalkSpeakingBodyTalk_21146001144__root_39',
 '_Behavior__animationsSitOnPodBodyTalkThinkingThinkingLoop_11194017928__root_14__onStopped',
 'Device/SubDeviceList/HeadPitch/Position/Actuator/Device',
 '_Behavior__animationsStandBodyTalkSpeakingBodyTalk_13146019496__root_31__onStopped',
 '_Behavior__animationsStandBodyTalkSpeakingBodyTalk_6145993184__root_25',
 '_Behavior__animationsStandBodyTalkSpeakingBodyTalk_151141900664__root_32',
 'Motion/Torque/Command/LElbowRoll',
 '_Behavior__animationsStandEmotionsNegativeFear_21091280864__root_2__behavior_layer2__keyframe1__PlaySound_4/Begin position (s)',
 '_Behavior__animationsStandBodyTalkSpeakingBodyTalk_101141900864__root_26__onStopped',
 'Device/SubDeviceList/LHipRoll/Temperature/Sensor/SubDeviceNumber',
 '_Behavior__animationsSitOnPodBodyTalkThinkingRemember_2145453096__root_1__onStopped',
 '_Behavior__animationsStandBodyTalkSpeakingBodyTalk_91145409048__root_29',
 '_Behavior__animationsStandBodyTalkSpeakingBodyTalk_181145095816__root_35',
 '_Behavior__animationsSitOnPodGesturesYes_31095083808__root_6__onStopped',
 '_Behavior__animationsSitOnPodBodyTalkThinkingRemember_3145809744__root_2__onStopped',
 'ALSpeechRecognition/Status',
 '_Behavior__animationsSitOnPodBodyTalkThinkingRemember_3145809744__root_2',
 '_Behavior__animationsStandBodyTalkSpeakingBodyTalk_121246121152__root_22__onStopped',
 'Diagnosis/Active/LAnklePitch/Error',
 '_Behavior__animationsStandBodyTalkSpeakingBodyTalk_221759900312__root_41__onStopped',
 '_Behavior__animationsStandBodyTalkSpeakingBodyTalk_171145342184__root_34',
 '_Behavior__animationsSitGesturesHey_31046111256__root_24',
 '_Behavior__animationsSitWaitingMusic_HighwayToHell_11052737080__root_5__Music__keyframe29__PlaySound_1/Begin position (s)',
 'Device/SubDeviceList/Face/Led/Green/Left/0Deg/Actuator/Gain',
 '/FPS (%)',
 'Device/DeviceList/LedIfNoDcmPlugin/Address',
 '_Behavior__animationsStandBodyTalkSpeakingBodyTalk_191246716064__root_36',
 'Device/DeviceList/ActuatorIfNoStiffnessPlugin/Name',
 '_ALBasicAwareness/EngagementModeChanged',
 'ALBasicAwareness/StimulusDetected',
 'Device/SubDeviceList/RKneePitch/ElectricCurrent/Sensor/ShuntResistance',
 'ALSoundLocalization/SoundsLocated',
 'Diagnosis/Active/USSensor3/Error',
 '_Behavior__animationsSitOnPodGesturesYes_21132958904__root_5__onStopped',
 'ALSoundLocalization/SoundLocated',
 'SoundDetected',
 'ALTracker/FindPersonHead',
 'Device/SubDeviceList/US/Actuator/Gain',
 'CloseObjectDetection/ObjectDetected',
 'Launchpad/Date',
 'WavingDetection/PersonWaving',
 'GazeAnalysis/PeopleLookingAtRobot',
 'Device/DeviceList/FaceBoard/Type',
 'EngagementZones/LimitAngleUpdated',
 'EngagementZones/PersonEnteredZone3',
 'Dialog/NotSpeaking10',
 'EngagementZones/PersonEnteredZone2',
 'Motion/Torque/Command/RHipPitch',
 'EngagementZones/PersonEnteredZone1',
 'Device/SubDeviceList/Head/Touch/Rear/Sensor/Name',
 'Diagnosis/Active/Head/Led/Rear/Left/1/Error',
 'EngagementZones/PersonMovedAway',
 '_Behavior__animationsStandBodyTalkListeningListeningLeft_31146066024__root_3__onStopped',
 'EngagementZones/PersonApproached',
 '_Behavior__animationsStandEmotionsPositiveLaugh_31086691384__root_1__behavior_layer2__keyframe1__PlaySound_4/File path',
 'Device/DeviceList/LeftThighBoard/Type',
 'PeoplePerception/PopulationReset',
 'PeoplePerception/PeopleDetected',
 'GazeAnalysis/PersonStartsLookingAtRobot',
 'Device/SubDeviceList/Ears/Led/Left/216Deg/Actuator/Type',
 'PeoplePerception/JustLeft',
 '_Behavior__animationsStandReactionsSeeColor_11090627112__root_3__onStopped',
 'PeoplePerception/JustArrived',
 '_Behavior__animationsStandEmotionsNegativeAngry_31095536256__root_3__sound__angry__PlaySound_4/File path',
 'MovementDetection/MovementInfo',
 '_Behavior__animationsSitEmotionsNegativeFear_11057334688__root_1__behavior_layer2__Sound__PlaySound_1',
 'MovementDetection/MovementDetected',
 'MovementDetection/NoMovement',
 'BarcodeReader/BarcodeDetected',
 'Segmentation3D/BlobsList',
 'Device/SubDeviceList/Face/Led/Green/Left/135Deg/Actuator/Gain',
 'Segmentation3D/TrackedBlobNotFound',
 '_Behavior__animationsSitEmotionsPositiveLaugh_11053826656__root_1__behavior_layer2__Sound__PlaySound_1',
 'ALLocalization/GoToSuccess',
 'ALLocalization/GoToNextMove',
 'ALLocalization/GoToBegin',
 'ALLocalization/StoppingComputation',
 '_Behavior__animationsSitReactionsBumpers_3157557408__root_5__onStopped',
 'ALLocalization/LocalizeDirectionSuccess',
 'ALLocalization/LocalizeDirectionBegin',
 'ALLocalization/FullScanInsufficient',
 'Dialog/NotSpeaking20',
 'Device/SubDeviceList/RShoulderRoll/Hardness/Actuator/stiffnessDecreaseRate',
 'Diagnosis/Temperature/Head/Led/Rear/Right/1/Error',
 'ALLocalization/HalfScanInsufficient',
 'ALLocalization/LocalizeLost',
 'Motion/Velocity/Sensor/LAnklePitch',
 'ALLocalization/LocalizeSuccess',
 'ALLocalization/LocalizeBegin',
 'ALLocalization/FullScanBegin',
 'ALPanoramaCompass/StopShootOneFrame',
 'Device/SubDeviceList/Face/Led/Green/Right/180Deg/Actuator/Register',
 'ALTracker/ActiveTargetChanged',
 '_Behavior__animationsStandWaitingKnockEye_11072286608__root_2__sound__fx_neonOff__PlaySound_4/Panorama',
 'ALTracker/ArmTracking/Restarted',
 'ALTracker/TargetReached',
 'ALTracker/ObjectMoveTo',
 'ALTelepathe/Calling',
 'Device/SubDeviceList/RAnklePitch/Position/Actuator/Gain',
 'ALTelepathe/Received',
 'Device/SubDeviceList/InertialSensor/AccelerometerY/Sensor/Offset',
 'ALTelepathe/Connected',
 'Device/SubDeviceList/RHipRoll/Position/Actuator/Type',
 'InfraRedFourBytesReceived',
 'Device/SubDeviceList/InertialSensor/AngleY/Sensor/Type',
 'InfraRedIpAdressReceived',
 '_Behavior__animationsStandGesturesApplause_11060786952__root_2',
 'InfraRedOneByteReceived',
 'Device/DeviceList/DiagnosisPlugin/Bus',
 'Navigation/AvoidanceNavigator/TooManyPathRecomputation',
 'Device/SubDeviceList/LAnkleRoll/Position/Sensor/GearRatio',
 '_Behavior__animationsStandBodyTalkSpeakingBodyTalk_161145096128__root_33',
 'Navigation/AvoidanceNavigator/TargetOutOfMap',
 '_Behavior__animationsStandEmotionsNegativeSad_11094563248__root_1__behavior_layer2__Sound__PlaySound_4',
 'Navigation/SecureNavigator/LoopTime',
 'ALBehaviorManager/BehaviorsAdded',
 'BehaviorsRun',
 'ALSentinel/TripleClickOccured',
 'Device/SubDeviceList/RAnkleRoll/Position/Sensor/MechanicalStopMin',
 'ALChestButton/SimpleClickOccurred',
 '_Behavior__animationsSitOnPodGesturesThis_3146595800__root_140',
 'Device/SubDeviceList/LShoulderRoll/Temperature/Sensor/Min',
 'ALBattery/Charge/BatteryNearlyEmpty',
 '_Behavior__animationsSitReactionsLightShine_21064775088__root_5',
 'EnablePowerMonitoring',
 '_Behavior__animationsStandBodyTalkSpeakingBodyTalk_181145095816__root_35__onStopped',
 'Device/SubDeviceList/RAnkleRoll/Position/Actuator/Kd',
 'BatteryLowDetected',
 '_Behavior__animationsStandGesturesExplain_81067925776__root_46',
 'BatteryEmpty',
 'Diagnosis/Temperature/Face/Led/Green/Right/45Deg/Error',
 'BatteryChargeChanged',
 'Diagnosis/Passive/Face/Led/Green/Right/0Deg/Error',
 'BatteryChargeCellVoltageMinChanged',
 'ALSpeechRecognition/ActiveListening',
 '_Behavior__animationsSitOnPodGesturesNo_51095006136__root_88',
 '_Behavior__animationsSitWaitingDriveCar_11048973264__root_1__sounds__carStart__PlaySound_3/File path',
 'DCM/CycleTimeWarning',
 'ALSpeechRecognition/QueryError',
 'ALSpeechRecognition/IsConnected',
 'LastWordRecognized',
 'Device/DeviceList/DcmLostPlugin/Ack',
 'NoiseRecognized',
 'Device/SubDeviceList/RWristYaw/Temperature/Sensor/Value',
 'RecoLatency',
 'Device/SubDeviceList/Face/Led/Blue/Right/315Deg/Actuator/Gain',
 'SpeechDetected',
 'ALTextToSpeech/TextInterrupted',
 'Device/SubDeviceList/RElbowRoll/Temperature/Sensor/Offset',
 'Device/SubDeviceList/LAnkleRoll/Hardness/Actuator/Type',
 'ALTextToSpeech/CurrentWord',
 'ALTextToSpeech/PositionOfCurrentWord',
 'Device/SubDeviceList/RAnkleRoll/Temperature/Sensor/Value',
 '_Behavior__animationsSitOnPodGesturesCountThree_11097603544__root_2',
 'ALTextToSpeech/CurrentBookMark',
 'Device/SubDeviceList/Face/Led/Blue/Right/135Deg/Actuator/Max',
 'ALAudioPlayer/currentSystemSoundSet',
 'Diagnosis/Active/LHipPitch/Error',
 '_Behavior__animationsSitOnPodGesturesThis_71131972488__root_144__onStopped',
 'AudioInputChanged',
 'Device/SubDeviceList/Head/Led/Rear/Left/1/Actuator/Name',
 'Device/SubDeviceList/RFoot/FSR/TotalWeight/Sensor/Min',
 'AudioOutputRemoved',
 'Device/SubDeviceList/InertialSensor/AccX/Sensor/Name',
 'AudioOutputAdded',
 'Device/SubDeviceList/InertialSensor/AngleZ/Sensor/Min',
 'NetworkTechnologyRemoved',
 '_Behavior__animationsStandGesturesTake_11066931120__root_129',
 'NetworkTechnologyAdded',
 'Diagnosis/Active/Face/Led/Blue/Right/135Deg/Error',
 'Diagnosis/Passive/SpeakerLeft/Error',
 'NetworkServiceInputRequired',
 'packageRemoved',
 'VisualSpaceHistory/VisualGrid/Data',
 'VisualCompass/InvalidReference',
 'VisualCompass/Match',
 'VisualCompass/Deviation',
 'BacklightingDetection/BacklightingValue',
 'LandmarkDetected',
 'EngagementZones/PeopleInZonesUpdated',
 'FaceDetected',
 'ALTracker/ColorBlobDetected',
 'PostureFamilyChanged',
 'TouchChanged',
 'Device/DeviceList/RightShoulderBoard/BootLoaderVersion',
 '_Behavior__animationsSitBodyTalkSpeakingBodyTalk_31132487656__root_4',
 'HandLeftRightTouched',
 'Device/SubDeviceList/ChestBoard/Button/Sensor/Max',
 'HandLeftLeftTouched',
 'MiddleTactilTouched',
 'Navigation/SafeNavigator/DangerousObstacleDetected',
 'Navigation/SafeNavigator/BlockingObstacle',
 '_Behavior__animationsStandEmotionsNegativeExhausted_2150364160__root_2',
 'ALMotion/Protection/DisabledDevicesChanged',
 'ALMotion/Hatch/MoveFailed',
 'ALMotion/RobotIsStand',
 'Device/SubDeviceList/LHipRoll/Hardness/Actuator/Gain',
 'ALMotion/Safety/RobotPushed',
 'Diagnosis/Active/Face/Led/Green/Left/90Deg/Error',
 'Device/SubDeviceList/Face/Led/Blue/Left/270Deg/Actuator/SubDeviceNumber',
 'ALMotion/Safety/PushRecovery',
 'ALMotion/Safety/MoveFailed',
 '_Behavior__animationsSitReactionsBumpers_1148170560__root_3__onStopped',
 'robotIsWakeUp',
 '_Behavior__animationsSitOnPodGesturesCountThree_21094932640__root_1__onStopped',
 'Motion/ExternalCollision/ClippingAmplitude/RLeg',
 'Device/SubDeviceList/Ears/Led/Left/324Deg/Actuator/Value',
 'Motion/ExternalCollision/ClippingAmplitude/LArm',
 'Device/SubDeviceList/Head/Touch/Front/Sensor/Offset',
 'Motion/ExternalCollision/ClippingAmplitude/Head',
 'Device/SubDeviceList/RShoulderRoll/Position/Actuator/Value',
 'Motion/Obstacles/Distance/RArm',
 'Motion/Obstacles/Distance/LLeg',
 'Device/DeviceList/Chest-Eeprom-81/Type',
 'Motion/Obstacles/Distance/LArm',
 'Motion/Obstacles/Closest/RArm/Z',
 'Motion/Obstacles/Closest/RArm/X',
 'Motion/Obstacles/Closest/RLeg/Y',
 '_Behavior__animationsStandEmotionsPositiveHappy_41090615616__root_4',
 'Motion/Obstacles/Closest/RLeg/X',
 'Motion/Obstacles/Closest/LLeg/Z',
 'Motion/Obstacles/Closest/LLeg/X',
 'Motion/Obstacles/Closest/Head/X',
 'Motion/Velocity/Max/LLeg',
 'Motion/Velocity/Max/Head',
 'Motion/Position/Command/RHand',
 'Device/SubDeviceList/RShoulderPitch/Position/Actuator/Offset',
 'Motion/Torque/Sensor/RWristYaw',
 '_Behavior__animationsStandWaitingWakeUp_11082048920__root_1__Fx__keyframe383__PlaySound_1',
 'Device/SubDeviceList/LHipRoll/ElectricCurrent/Sensor/Offset',
 'Motion/Torque/Sensor/RElbowRoll',
 'Motion/Torque/Sensor/RElbowYaw',
 'Device/SubDeviceList/Battery/Temperature/Sensor/Device',
 'Motion/Torque/Sensor/RShoulderRoll',
 '_Behavior__animationsStandGesturesHey_11065735016__root_1__onStopped',
 'Motion/Torque/Sensor/RAnkleRoll',
 'Motion/Torque/Sensor/RAnklePitch',
 'Motion/Torque/Sensor/RHipPitch',
 'Motion/Torque/Sensor/LAnkleRoll',
 'Motion/Torque/Sensor/LAnklePitch',
 '_Behavior__animationsStandEmotionsPositiveHungry_11084702832__root_33__Fx__keyframe8__PlaySound_1/Begin position (s)',
 'Device/SubDeviceList/Head/Led/Rear/Left/2/Actuator/Offset',
 'Motion/Torque/Sensor/LKneePitch',
 'Device/SubDeviceList/LElbowYaw/Position/Actuator/Max',
 '_Behavior__animationsStandEmotionsPositiveHappy_21086648816__root_2__behavior_layer2__SayYes__PlaySound_4/Panorama',
 'Device/SubDeviceList/LHand/Touch/Right/Sensor/Offset',
 'Motion/Torque/Sensor/LHipPitch',
 'Device/SubDeviceList/LElbowYaw/ElectricCurrent/Sensor/Name',
 'Motion/Torque/Sensor/LHipRoll',
 'Device/SubDeviceList/RHipPitch/ElectricCurrent/Sensor/Offset',
 'Motion/Torque/Sensor/LWristYaw',
 '_Behavior__animationsSitWaitingMusic_HighwayToHell_11052737080__root_5',
 'Device/SubDeviceList/RAnkleRoll/ElectricCurrent/Sensor/SubDeviceNumber',
 'Motion/Torque/Command/RWristYaw',
 'Motion/Torque/Command/RElbowYaw',
 '_Behavior__animationsStandGesturesAngry_21066999064__root_2',
 'Diagnosis/Passive/Face/Led/Green/Left/315Deg/Error',
 'Device/SubDeviceList/HeadYaw/Position/Sensor/Gain',
 'Motion/Torque/Command/RShoulderRoll',
 'Motion/Torque/Command/RAnkleRoll',
 'Motion/Torque/Command/RKneePitch',
 '_Behavior__animationsStandGesturesHey_11065735016__root_1',
 '_Behavior__animationsStandEmotionsPositiveHappy_11084700288__root_1__behavior_layer3__Sound__PlaySound_4/Panorama',
 'Motion/Torque/Command/RHipRoll',
 'Motion/Torque/Command/LAnkleRoll',
 '_Behavior__animationsSitOnPodGesturesWhatSThis_121097777864__root_164__onStopped',
 'Motion/Torque/Command/LAnklePitch',
 'Device/SubDeviceList/Face/Led/Blue/Right/0Deg/Actuator/Offset',
 'Motion/Torque/Command/LKneePitch',
 'Device/DeviceList/Battery/BoardId',
 '_Behavior__animationsSitBodyTalkThinkingThinkingLoop_21145655216__root_8',
 '_Behavior__animationsStandGesturesLook_11064327304__root_74__onStopped',
 'Device/SubDeviceList/LElbowYaw/Position/Sensor/Min',
 'Motion/Torque/Command/LHipPitch',
 'Device/SubDeviceList/LAnklePitch/Position/Actuator/Value',
 'Motion/Torque/Command/LHipRoll',
 '_Behavior__animationsStandEmotionsPositiveLaugh_21084685280__root_2',
 'Device/SubDeviceList/LFoot/FSR/FrontLeft/Sensor/Value',
 'Motion/Torque/Command/LShoulderRoll',
 'Motion/Torque/Command/HeadYaw',
 'Motion/Velocity/Error/RShoulderPitch',
 'Device/SubDeviceList/RFoot/FSR/CenterOfPressure/X/Sensor/Max',
 'ALWorldRepresentation/DisplayRequired',
 'Motion/Velocity/Error/RAnkleRoll',
 'Device/SubDeviceList/LHipYawPitch/Position/Sensor/positionChainMREMotor',
 'Motion/Velocity/Error/RHipRoll',
 'Motion/Position/Command/LShoulderRoll',
 'Motion/Velocity/Error/RHipYawPitch',
 'Device/DeviceList/RightShoulderBoard/BoardId',
 'Device/SubDeviceList/RAnklePitch/Hardness/Actuator/stiffnessDecreaseRate',
 'Motion/Velocity/Error/LAnkleRoll',
 'Diagnosis/Temperature/Head/Led/Rear/Left/0/Error',
 'Motion/Velocity/Error/LHipRoll',
 'Diagnosis/Active/Face/Led/Blue/Left/315Deg/Error',
 'Motion/Velocity/Error/LHipYawPitch',
 'Motion/Velocity/Error/LElbowRoll',
 '_Behavior__animationsStandReactionsLightShine_31093745728__root_6__onStopped',
 'Motion/Velocity/Error/LShoulderRoll',
 'Motion/Velocity/Error/LShoulderPitch',
 'Device/SubDeviceList/LFoot/Bumper/Left/Sensor/Type',
 'Motion/Velocity/Error/HeadYaw',
 'Motion/Velocity/Sensor/RWristYaw',
 'Device/DeviceList/ChestBoard/Bootloader/BoardId',
 'Diagnosis/Temperature/USSensor3/Error',
 'Motion/Velocity/Sensor/RElbowYaw',
 '_Behavior__animationsSitWaitingPuppet_1161066304__root_1__speech__speech_copy_copy__PlaySound_1/File path',
 '_Behavior__animationsStandGesturesShowSky_121072371872__root_124',
 'Device/SubDeviceList/RWristYaw/Position/Actuator/SubDeviceNumber',
 'Motion/Velocity/Sensor/RAnklePitch',
 'Motion/Velocity/Sensor/RKneePitch',
 'Device/SubDeviceList/Ears/Led/Right/0Deg/Actuator/Gain',
 'Motion/Velocity/Sensor/RHipRoll',
 'Motion/Velocity/Sensor/LAnkleRoll',
 'Motion/Velocity/Sensor/LKneePitch',
 'Diagnosis/Active/LShoulderRoll/Error',
 'Motion/Velocity/Sensor/LHipPitch',
 'Motion/Velocity/Sensor/LElbowYaw',
 '_Behavior__animationsStandGesturesShowFloor_41061325120__root_111__onStopped',
 'Device/SubDeviceList/Face/Led/Blue/Right/315Deg/Actuator/SubDeviceNumber',
 'EngagementZones/PeopleInZone3',
 'Motion/Velocity/Sensor/LShoulderPitch',
 'Diagnosis/Active/Face/Led/Green/Right/180Deg/Error',
 'Motion/Velocity/Sensor/HeadPitch',
 'Device/SubDeviceList/Head/Led/Middle/Right/0/Actuator/Min',
 'Motion/Velocity/Command/RWristYaw',
 '_Behavior__animationsStandEmotionsPositiveExcited_31085480200__root_3__onStopped',
 'Diagnosis/Active/Ears/Led/Right/252Deg/Error',
 '_Behavior__animationsSitOnPodBodyTalkSpeakingBodyTalk_21132669536__root_5__onStopped',
 'Motion/Velocity/Command/RElbowYaw',
 'Motion/Velocity/Command/RAnkleRoll',
 '_Behavior__animationsSitWaitingBinoculars_11053578312__root_1',
 'Device/DeviceList/MemberIdentificationPlugin/Ack',
 'Motion/Velocity/Command/RKneePitch',
 'Motion/Velocity/Command/RHipPitch',
 'Motion/Velocity/Command/RHipRoll',
 'Motion/Velocity/Command/LAnkleRoll',
 '_Behavior__animationsStandReactionsHeat_21088492032__root_4__onStopped',
 'Motion/Velocity/Command/LHipRoll',
 'Diagnosis/Passive/Face/Led/Red/Left/270Deg/Error',
 'Diagnosis/Active/LFoot/FSR/FrontRight/Error',
 'Motion/Position/Sensor/RAnkleRoll',
 '_Behavior__animationsStandEmotionsNegativeSurprise_31088783872__root_3__behavior_layer2__Sound__PlaySound_4',
 'Motion/Velocity/Command/LShoulderPitch',
 'Motion/Position/Error/RShoulderPitch',
 'Motion/Position/Error/RAnklePitch',
 '_Behavior__animationsStandEmotionsPositiveProud_11094043272__root_1',
 'Motion/Velocity/Command/RShoulderRoll',
 'Motion/Position/Error/RKneePitch',
 'Motion/Position/Error/RHipPitch',
 'Motion/Position/Error/RHipRoll',
 'Motion/Position/Error/RHipYawPitch',
 'Motion/Position/Error/LAnklePitch',
 'Device/SubDeviceList/LHipYawPitch/Position/Sensor/jointZeroPosition',
 'Motion/Position/Error/LHipYawPitch',
 'Device/SubDeviceList/Face/Led/Red/Right/225Deg/Actuator/SubDeviceNumber',
 'Motion/Position/Error/LWristYaw',
 'Motion/Position/Error/HeadYaw',
 'Motion/Position/Sensor/RElbowYaw',
 'Device/SubDeviceList/LHand/Position/Actuator/Offset',
 'Motion/Position/Sensor/RAnklePitch',
 'Motion/Position/Sensor/RKneePitch',
 '_Behavior__animationsStandReactionsSeeSomething_51096593392__root_5',
 'Device/SubDeviceList/LAnklePitch/ElectricCurrent/Sensor/Device',
 'Motion/Position/Sensor/LHipRoll',
 '_Behavior__animationsStandEmotionsNegativeSad_21094515136__root_2__onStopped',
 'Motion/Position/Sensor/LWristYaw',
 'Motion/Velocity/Error/RWristYaw',
 'Motion/Position/Command/RElbowRoll',
 'Motion/Position/Command/RShoulderPitch',
 'Device/DeviceList/MaxCurrentPlugin/Ack',
 'Motion/Position/Command/RHipPitch',
 'Motion/Position/Command/LAnklePitch',
 'Motion/Position/Command/LHipRoll',
 'Motion/Position/Command/LWristYaw',
 'Motion/Position/Command/LElbowRoll',
 '_Behavior__animationsStandGesturesOnTheEvening_41069426744__root_96__onStopped',
 'Device/SubDeviceList/Face/Led/Blue/Left/90Deg/Actuator/Value',
 'Motion/Position/Command/LElbowYaw',
 'Device/SubDeviceList/RHipRoll/Position/Sensor/GearRatio',
 'Device/SubDeviceList/RHipPitch/Hardness/Actuator/Min',
 'Motion/IsMoving/RWristYaw',
 'Motion/IsMoving/RElbowRoll',
 'Motion/IsMoving/RElbowYaw',
 '_Behavior__animationsStandWaitingShowMuscles_31074483848__root_3',
 '_Behavior__animationsSitOnPodGesturesHey_41096016888__root_6',
 'Motion/IsMoving/RShoulderRoll',
 '_Behavior__animationsSitEmotionsNeutralSneeze_1159501992__root_1__sounds__sneeze__PlaySound_1/File path',
 'Motion/IsMoving/RAnklePitch',
 'Motion/IsMoving/RKneePitch',
 'Diagnosis/Temperature/Ears/Led/Right/324Deg/Error',
 'Motion/IsMoving/RHipPitch',
 'Diagnosis/Passive/RFoot/Led/Error',
 '_Behavior__animationsStandEmotionsPositiveHysterical_11086051624__root_1__onStopped',
 '_Behavior__animationsSitReactionsTouchHead_11064547296__root_5__onStopped',
 'Motion/IsMoving/LAnkleRoll',
 'Motion/IsMoving/LAnklePitch',
 'Motion/IsMoving/LKneePitch',
 'Device/SubDeviceList/LAnkleRoll/Temperature/Sensor/Register',
 'Motion/IsMoving/LHipPitch',
 'Device/SubDeviceList/LShoulderPitch/Temperature/Sensor/Register',
 'Motion/IsMoving/LElbowRoll',
 'Motion/IsMoving/HeadPitch',
 'Device/SubDeviceList/LWristYaw/Position/Sensor/Name',
 'Motion/IsMoving/HeadYaw',
 '_Behavior__animationsStandBodyTalkListeningListeningRight_3145472552__root_6',
 '_Behavior__animationsStandWaitingVacuum_11071120744__root_8',
 'Motion/VirtualContact/TorsoFront',
 'Device/SubDeviceList/US/Left/Sensor/Register',
 'Motion/VirtualContact/RShoulder',
 '_Behavior__animationsStandReactionsBumpers_11093421952__root_4',
 'Motion/VirtualContact/RHip',
 'Motion/VirtualContact/RFootFR',
 'PeoplePerception/RemovedPersonFromMemory',
 'Navigation/SafeNavigator/Status',
 'Motion/VirtualContact/LFootFL',
 'Motion/VirtualContact/LElbow',
 '_Behavior__animationsSitEmotionsNegativeFrustrated_11057570544__root_1__behavior_layer2__Sound__PlaySound_1/Volume (%)',
 'Motion/VirtualContact/Head',
 'Motion/Velocity/Sensor/LShoulderRoll',
 'Motion/Walk/AbsDistanceY',
 'Device/SubDeviceList/RKneePitch/Position/Sensor/Type',
 'Motion/Walk/AbsDistanceX',
 'NetworkServiceStateChanged',
 'Diagnosis/Active/RFoot/Led/Blue/Error',
 'Diagnosis/Passive/RFoot/Led/Blue/Error',
 'Diagnosis/Active/RFoot/Led/Green/Error',
 'Motion/Velocity/Command/RHipYawPitch',
 'Diagnosis/Passive/RFoot/Led/Red/Error',
 'Diagnosis/Active/RFoot/FSR/FrontRight/Error',
 'Motion/Obstacles/Closest/Head/Y',
 'Device/SubDeviceList/Face/Led/Green/Right/315Deg/Actuator/Value',
 'Motion/Position/Sensor/LAnklePitch',
 'Diagnosis/Active/LFoot/Led/Blue/Error',
 'Device/SubDeviceList/Face/Led/Red/Right/90Deg/Actuator/Value',
 'Motion/IsMoving/RAnkleRoll',
 'Device/SubDeviceList/RShoulderRoll/Hardness/Actuator/Gain',
 'Diagnosis/Passive/LFoot/Led/Blue/Error',
 'Device/SubDeviceList/InertialSensor/GyroscopeYZeroOffset/Sensor/Min',
 'Diagnosis/Passive/LFoot/Led/Green/Error',
 'Diagnosis/Active/LFoot/Led/Red/Error',
 'FaceCharacteristics/PersonSmiling',
 'Device/SubDeviceList/Battery/Temperature/Sensor/AddressTemperatureSensor',
 'Diagnosis/Passive/LFoot/Led/Red/Error',
 'Diagnosis/Active/LFoot/FSR/RearRight/Error',
 'Device/SubDeviceList/RFoot/FSR/FrontRight/Sensor/Name',
 'Diagnosis/Passive/LFoot/FSR/RearRight/Error',
 'Motion/IsFallManagerActif',
 'Diagnosis/Active/LFoot/FSR/RearLeft/Error',
 'Diagnosis/Active/LFoot/FSR/FrontLeft/Error',
 'Diagnosis/Passive/LFoot/FSR/FrontLeft/Error',
 'Diagnosis/Active/Face/Led/Green/Right/315Deg/Error',
 '_Behavior__animationsStandGesturesCatchFly_21065409448__root_14__onStopped',
 'Diagnosis/Passive/Face/Led/Green/Right/315Deg/Error',
 'Diagnosis/Passive/Face/Led/Red/Right/270Deg/Error',
 'Device/DeviceList/InitNaoDevicesPlugin/Name',
 'Diagnosis/Active/CameraBottom/Error',
 'Diagnosis/Active/Face/Led/Green/Right/270Deg/Error',
 '_Behavior__animationsStandEmotionsNegativeExhausted_2150364160__root_2__Fx__Baille__PlaySound_4/Begin position (s)',
 '_Behavior__animationsSitWaitingFitness_11046699408__root_1',
 'Diagnosis/Passive/Face/Led/Red/Right/225Deg/Error',
 'Diagnosis/Active/Face/Led/Blue/Right/225Deg/Error',
 '_Behavior__animationsStandWaitingAirGuitar_11072367856__root_1__stand_airGuitar1_loop_2__music__music__PlaySound_4/Volume (%)',
 'Motion/Position/Command/LHipYawPitch',
 'Diagnosis/Active/Face/Led/Red/Right/180Deg/Error',
 'Diagnosis/Active/Face/Led/Blue/Right/180Deg/Error',
 'Device/SubDeviceList/Face/Led/Blue/Right/225Deg/Actuator/Type',
 'Diagnosis/Active/Face/Led/Red/Right/135Deg/Error',
 'Device/SubDeviceList/RFoot/Led/Green/Actuator/Device',
 'Device/SubDeviceList/RKneePitch/Position/Sensor/GearRatio',
 'Diagnosis/Passive/Face/Led/Red/Right/135Deg/Error',
 'Diagnosis/Active/Face/Led/Green/Right/135Deg/Error',
 'Device/DeviceList/Chest-Eeprom-81/BoardId',
 'Diagnosis/Active/Face/Led/Red/Right/90Deg/Error',
 'Diagnosis/Active/Face/Led/Blue/Right/90Deg/Error',
 '_Behavior__diagnostic1043902184__root__Diagnostic_20__behavior_layer1__diagnostic__WakeUp_11__Fx__keyframe476__PlaySound_1/File path',
 'Device/SubDeviceList/Ears/Led/Right/36Deg/Actuator/SubDeviceNumber',
 'Diagnosis/Passive/Face/Led/Blue/Right/90Deg/Error',
 'Diagnosis/Active/Face/Led/Green/Right/45Deg/Error',
 'Diagnosis/Passive/Face/Led/Green/Right/45Deg/Error',
 'Diagnosis/Passive/Face/Led/Blue/Right/45Deg/Error',
 'Diagnosis/Active/Face/Led/Red/Right/0Deg/Error',
 'Diagnosis/Active/Face/Led/Red/Left/315Deg/Error',
 'Diagnosis/Passive/Face/Led/Red/Left/315Deg/Error',
 '_Behavior__animationsStandGesturesJoy_11065656800__root_72__onStopped',
 'Diagnosis/Active/Face/Led/Red/Left/270Deg/Error',
 'Diagnosis/Passive/Face/Led/Red/Left/225Deg/Error',
 '_Behavior__animationsStandGesturesCountThree_11064332344__root_10',
 'Device/DeviceList/DcmLostPlugin/Address',
 'Diagnosis/Active/Face/Led/Green/Left/225Deg/Error',
 'Diagnosis/Active/Face/Led/Blue/Left/225Deg/Error',
 '_Behavior__animationsStandEmotionsNeutralHesitation_11083050312__root_1',
 '_Behavior__animationsStandEmotionsPositiveAmused_11085178544__root_1__behavior_layer1__Sound__PlaySound_4/Volume (%)',
 'Device/SubDeviceList/InertialSensor/AccelerometerY/Sensor/Max',
 'Diagnosis/Passive/Face/Led/Red/Left/180Deg/Error',
 '_Behavior__animationsStandWaitingKnockEye_11072286608__root_2__sound__fx_neonOff__PlaySound_4/Play in loop',
 'Diagnosis/Active/Face/Led/Green/Left/135Deg/Error',
 'Device/SubDeviceList/Face/Led/Green/Left/45Deg/Actuator/SubDeviceNumber',
 'Diagnosis/Passive/Face/Led/Blue/Left/135Deg/Error',
 'Diagnosis/Active/Face/Led/Blue/Left/90Deg/Error',
 'Diagnosis/Passive/Face/Led/Green/Left/45Deg/Error',
 '_Behavior__animationsSitReactionsShakeBody_1147924544__root_4',
 'Diagnosis/Active/Face/Led/Red/Left/0Deg/Error',
 'Device/SubDeviceList/Face/Led/Blue/Right/45Deg/Actuator/Type',
 'Diagnosis/Active/Face/Led/Green/Left/0Deg/Error',
 'Device/SubDeviceList/Face/Led/Green/Left/225Deg/Actuator/Name',
 'Diagnosis/Active/Ears/Led/Left/324Deg/Error',
 '_Behavior__animationsSitEmotionsPositiveHappy_21051145816__root_1__behavior_layer2__SayYes__PlaySound_2/Volume (%)',
 '_Behavior__animationsStandEmotionsPositiveProud_11094043272__root_1__onStopped',
 'Diagnosis/Active/Ears/Led/Left/252Deg/Error',
 '_Behavior__animationsSitOnPodBodyTalkThinkingThinkingLoop_2146023616__root_15',
 'Device/SubDeviceList/RHipPitch/Hardness/Actuator/Value',
 '_Behavior__animationsStandReactionsTouchHead_11093433680__root_4',
 'Motion/Velocity/Command/LShoulderRoll',
 '_Behavior__animationsStandGesturesWhatSThis_51065709880__root_157',
 'Diagnosis/Active/Ears/Led/Left/216Deg/Error',
 'Diagnosis/Passive/Ears/Led/Left/216Deg/Error',
 '_Behavior__animationsStandWaitingRobot_1153325320__root_10__fx__r2d2__PlaySound_1/Volume (%)',
 'Diagnosis/Passive/Ears/Led/Left/180Deg/Error',
 'Device/SubDeviceList/LFoot/FSR/FrontRight/Sensor/SubDeviceNumber',
 'Motion/Velocity/Error/RElbowYaw',
 'Diagnosis/Passive/Ears/Led/Left/144Deg/Error',
 'Diagnosis/Passive/Ears/Led/Left/108Deg/Error',
 'Diagnosis/Passive/Ears/Led/Left/72Deg/Error',
 '_Behavior__animationsStandWaitingKnight_11073972048__root_6__onStopped',
 'Diagnosis/Active/Ears/Led/Left/36Deg/Error',
 'Device/SubDeviceList/Head/Led/Rear/Left/0/Actuator/Max',
 'Launchpad/BatteryLevel',
 'Motion/VirtualContact/LShoulder',
 'Device/DeviceList/RightShinBoard/MotorBoardSerialNumber',
 'Diagnosis/Passive/Ears/Led/Left/36Deg/Error',
 'Device/SubDeviceList/LElbowYaw/ElectricCurrent/Sensor/Register',
 'Diagnosis/Active/Ears/Led/Right/324Deg/Error',
 'Diagnosis/Active/Ears/Led/Right/288Deg/Error',
 'Device/SubDeviceList/RFoot/FSR/FrontLeft/Sensor/Type',
 'Diagnosis/Passive/Ears/Led/Right/288Deg/Error',
 'Diagnosis/Active/Ears/Led/Right/216Deg/Error',
 '_Behavior__animationsSitWaitingPong_11047519312__root_2__fx__keyframe153__PlaySound_1',
 '_Behavior__animationsStandWaitingSpaceShuttle_11075332920__root_1__fx2__keyframe171__PlaySound_1/Panorama',
 'Diagnosis/Passive/Ears/Led/Right/216Deg/Error',
 'Device/DeviceList/LeftHandBoard/BoardId',
 'Device/SubDeviceList/LKneePitch/Position/Actuator/Type',
 'Diagnosis/Active/Ears/Led/Right/180Deg/Error',
 'Diagnosis/Passive/Ears/Led/Right/180Deg/Error',
 'Diagnosis/Passive/Ears/Led/Right/144Deg/Error',
 'Device/SubDeviceList/LShoulderRoll/Position/Sensor/Limit',
 'Motion/Torque/Command/LShoulderPitch',
 'Diagnosis/Active/Ears/Led/Right/108Deg/Error',
 'Diagnosis/Active/Ears/Led/Right/72Deg/Error',
 '_Behavior__animationsSitOnPodGesturesThis_11131159800__root_138__onStopped',
 'Diagnosis/Passive/Ears/Led/Right/72Deg/Error',
 'Diagnosis/Passive/Ears/Led/Right/36Deg/Error',
 'Diagnosis/Active/Ears/Led/Right/0Deg/Error',
 'Device/SubDeviceList/Ears/Led/Right/108Deg/Actuator/Max',
 'Diagnosis/Passive/Ears/Led/Right/0Deg/Error',
 'Diagnosis/Passive/Face/Led/Blue/Left/180Deg/Error',
 'Device/SubDeviceList/Head/Led/Rear/Right/0/Actuator/SubDeviceNumber',
 'Diagnosis/Passive/Head/Led/Front/Right/0/Error',
 'Diagnosis/Active/Head/Led/Rear/Right/2/Error',
 'Diagnosis/Passive/Head/Led/Rear/Right/2/Error',
 'Diagnosis/Passive/Head/Led/Rear/Right/0/Error',
 '_Behavior__animationsSitBodyTalkSpeakingBodyTalk_81145655400__root_12',
 'Diagnosis/Active/Head/Led/Front/Left/1/Error',
 '_Behavior__animationsStandGesturesCalmDown_61068794544__root_10__onStopped',
 'Diagnosis/Active/Head/Led/Front/Left/0/Error',
 'Diagnosis/Passive/Head/Led/Front/Left/0/Error',
 'Diagnosis/Active/Head/Led/Middle/Left/0/Error',
 'Device/SubDeviceList/US/Right/Sensor/Min',
 'Diagnosis/Passive/Head/Led/Rear/Left/1/Error',
 'Diagnosis/Passive/Head/Led/Rear/Left/0/Error',
 'Diagnosis/Passive/Head/Touch/Middle/Error',
 'Device/SubDeviceList/LWristYaw/Position/Sensor/Gain',
 '_Behavior__animationsStandReactionsSeeSomething_41093919656__root_4__onStopped',
 '_Behavior__animationsStandWaitingDriveCar_11073971056__root_1__sounds__hey__PlaySound_3',
 'Device/SubDeviceList/Face/Led/Blue/Right/180Deg/Actuator/Value',
 'Diagnosis/Passive/Head/Touch/Front/Error',
 'Device/SubDeviceList/RHand/ElectricCurrent/Sensor/ShuntResistance',
 'Diagnosis/Passive/MicroRearRight/Error',
 'Diagnosis/Passive/MicroRearLeft/Error',
 'Device/DeviceList/LeftThighBoard/MotorBoardSerialNumber',
 'Diagnosis/Passive/MicroFrontRight/Error',
 'Device/SubDeviceList/LFoot/FSR/CenterOfPressure/X/Sensor/Register',
 'Device/SubDeviceList/LHipRoll/Temperature/Sensor/ThermalTimeConstant',
 'Diagnosis/Passive/Face/Led/Green/Right/225Deg/Error',
 'Diagnosis/Passive/MicroFrontLeft/Error',
 'Device/SubDeviceList/Face/Led/Blue/Right/180Deg/Actuator/Gain',
 'Device/SubDeviceList/LShoulderPitch/Position/Sensor/Register',
 'Diagnosis/Active/InfraredR/Error',
 'Diagnosis/Passive/InfraredR/Error',
 'Diagnosis/Passive/InfraredL/Error',
 'Device/SubDeviceList/LWristYaw/Position/Sensor/Limit',
 'Diagnosis/Passive/CameraBottom/Error',
 'Diagnosis/Active/USSensor4/Error',
 'Diagnosis/Passive/USSensor4/Error',
 '_Behavior__animationsSitOnPodGesturesCountTwo_21094890680__root_16__onStopped',
 'Motion/Position/Error/RElbowRoll',
 'Device/SubDeviceList/Head/Led/Middle/Left/0/Actuator/Name',
 '_Behavior__animationsStandBodyTalkSpeakingBodyTalk_191246716064__root_36__onStopped',
 'Diagnosis/Active/USSensor2/Error',
 'Device/SubDeviceList/Face/Led/Blue/Right/180Deg/Actuator/Max',
 'Diagnosis/Passive/USSensor2/Error',
 'Diagnosis/Passive/USSensor1/Error',
 'Diagnosis/Passive/RHipYawPitch/Error',
 'Device/SubDeviceList/RAnkleRoll/ElectricCurrent/Sensor/Gain',
 'Diagnosis/Temperature/DCM/Error',
 'Diagnosis/Temperature/HAL/Error',
 '_Behavior__animationsStandEmotionsNegativeExhausted_2150364160__root_2__Fx__Baille__PlaySound_4/Play in loop',
 'Device/SubDeviceList/RAnklePitch/ElectricCurrent/Sensor/Device',
 'Diagnosis/Temperature/LHand/Touch/Back/Error',
 '_Behavior__animationsStandGesturesHeSays_11067410208__root_58',
 'DarknessDetection/DarknessValue',
 'Device/SubDeviceList/Ears/Led/Right/72Deg/Actuator/Register',
 'Device/SubDeviceList/RAnklePitch/Position/Actuator/SubDeviceNumber',
 'Diagnosis/Temperature/RFoot/Led/Blue/Error',
 '_Behavior__animationsStandWaitingKungFu_1153306320__root_6__onStopped',
 'Diagnosis/Temperature/RFoot/Led/Green/Error',
 '_Behavior__animationsSitWaitingFalseStop_21052414288__root_1',
 'SonarMiddleDetected',
 '_Behavior__animationsStandReactionsLightShine_4149165000__root_4',
 'Diagnosis/Temperature/RFoot/Led/Red/Error',
 'Device/DeviceList/RightHandBoard/StoredSerialNumber',
 'Diagnosis/Temperature/RFoot/FSR/FrontRight/Error',
 'Diagnosis/Temperature/LFoot/Led/Blue/Error',
 'InfraRedSide',
 'Device/SubDeviceList/HeadPitch/Position/Sensor/positionChainMREMotor',
 'Device/SubDeviceList/LShoulderPitch/Position/Sensor/positionChainMREJoint',
 'Diagnosis/Temperature/LFoot/Led/Green/Error',
 'Diagnosis/Temperature/Face/Led/Blue/Right/315Deg/Error',
 'Launchpad/Posture',
 'Diagnosis/Temperature/Face/Led/Red/Right/270Deg/Error',
 'Diagnosis/Temperature/Head/Led/Rear/Left/2/Error',
 'Diagnosis/Temperature/Face/Led/Blue/Right/270Deg/Error',
 'Diagnosis/Temperature/Face/Led/Green/Right/225Deg/Error',
 'Diagnosis/Passive/Ears/Led/Right/108Deg/Error',
 '_Behavior__animationsStandEmotionsNegativeBored_11094560136__root_5__onStopped',
 '_Behavior__animationsSitWaitingPhone_11048170576__root_4__Anim_sit_vibreur_2',
 'Diagnosis/Temperature/Face/Led/Red/Right/180Deg/Error',
 'Diagnosis/Temperature/Face/Led/Red/Right/135Deg/Error',
 '_Behavior__animationsStandGesturesCoaxing_11066521936__root_19',
 'Device/DeviceList/DiagnosisPlugin/Available',
 'Diagnosis/Temperature/Face/Led/Green/Right/135Deg/Error',
 'Diagnosis/Temperature/Face/Led/Blue/Right/135Deg/Error',
 'Diagnosis/Temperature/Face/Led/Blue/Right/45Deg/Error',
 'Device/SubDeviceList/LHipYawPitch/ElectricCurrent/Sensor/CurrentType',
 'Diagnosis/Temperature/Face/Led/Green/Right/0Deg/Error',
 '_Behavior__animationsStandGesturesHey_31081076744__root_3',
 'Diagnosis/Temperature/Face/Led/Blue/Right/0Deg/Error',
 'Diagnosis/Temperature/Face/Led/Red/Left/315Deg/Error',
 'Device/SubDeviceList/Face/Led/Green/Right/135Deg/Actuator/Name',
 'Diagnosis/Temperature/Face/Led/Blue/Left/315Deg/Error',
 'Diagnosis/Temperature/Face/Led/Blue/Left/270Deg/Error',
 '_Behavior__animationsStandWaitingDriveCar_11073971056__root_1__sounds__hey__PlaySound_3/Play in loop',
 'Device/SubDeviceList/LHipPitch/ElectricCurrent/Sensor/SubDeviceNumber',
 'Dialog/NotSpeaking1access5',
 'Diagnosis/Temperature/Face/Led/Green/Left/225Deg/Error',
 'Diagnosis/Temperature/Face/Led/Red/Left/180Deg/Error',
 'Diagnosis/Temperature/Face/Led/Blue/Left/180Deg/Error',
 'Diagnosis/Temperature/Face/Led/Green/Left/135Deg/Error',
 'Diagnosis/Temperature/Face/Led/Blue/Left/135Deg/Error',
 'Device/DeviceList/RightHandBoard/brakeVersion',
 'Diagnosis/Temperature/Face/Led/Red/Left/90Deg/Error',
 'Diagnosis/Temperature/Face/Led/Green/Left/90Deg/Error',
 'Diagnosis/Temperature/Face/Led/Red/Left/45Deg/Error',
 'Diagnosis/Temperature/Face/Led/Green/Left/45Deg/Error',
 'Diagnosis/Temperature/Face/Led/Blue/Left/0Deg/Error',
 'Diagnosis/Temperature/Ears/Led/Left/180Deg/Error',
 'Device/SubDeviceList/RKneePitch/Temperature/Sensor/motorModel',
 '_Behavior__animationsSitOnPodGesturesWhatSThis_31131060312__root_155__onStopped',
 'Diagnosis/Temperature/Ears/Led/Left/144Deg/Error',
 'Device/SubDeviceList/LFoot/Led/Red/Actuator/Gain',
 'Diagnosis/Temperature/Ears/Led/Right/288Deg/Error',
 'HandRightLeftTouched',
 'Diagnosis/Temperature/Ears/Led/Right/216Deg/Error',
 'Diagnosis/Temperature/Ears/Led/Right/180Deg/Error',
 'Device/SubDeviceList/LAnkleRoll/Temperature/Sensor/motorModel',
 'Diagnosis/Temperature/Ears/Led/Right/144Deg/Error',
 'Motion/IsStand',
 'Diagnosis/Temperature/Ears/Led/Right/108Deg/Error',
 'EngagementZones/MovementsInZonesUpdated',
 '_Behavior__animationsStandEmotionsNeutralInnocent_1151907400__root_1',
 'Diagnosis/Temperature/Ears/Led/Right/72Deg/Error',
 'Diagnosis/Temperature/Ears/Led/Right/36Deg/Error',
 'Diagnosis/Temperature/Head/Led/Middle/Right/0/Error',
 'ALLocalization/StartingComputation',
 'Device/DeviceList/Chest-Eeprom-81/Ack',
 'Device/SubDeviceList/Face/Led/Red/Left/270Deg/Actuator/Device',
 'Device/SubDeviceList/LHipRoll/Temperature/Sensor/WindingResistance',
 'Diagnosis/Temperature/Head/Led/Rear/Right/2/Error',
 '_Behavior__animationsStandEmotionsNeutralDetermined_11083600768__root_1',
 '_Behavior__animationsStandEmotionsPositiveWinner_11083129096__root_1__behavior_layer2__Sound__PlaySound_4',
 'Diagnosis/Temperature/Head/Led/Front/Left/1/Error',
 'Diagnosis/Temperature/Head/Led/Front/Left/0/Error',
 'Diagnosis/Temperature/Head/Led/Rear/Left/1/Error',
 '_Behavior__animationsStandWaitingTaxi_11067974688__root_1__fx__keyframe14__PlaySound_4/File path',
 'Device/SubDeviceList/US/Sensor/Value9',
 'Diagnosis/Temperature/SpeakerRight/Error',
 '_Behavior__animationsSitWaitingFalseStop_11054587104__root_1__fx__off__PlaySound_1/Begin position (s)',
 'Diagnosis/Temperature/Head/Touch/Rear/Error',
 'Diagnosis/Temperature/MicroFrontRight/Error',
 'RobotConfig/Body/Device/FSR/Calibration/Version',
 '_Behavior__animationsStandEmotionsNegativeAngry_1150295080__root_1',
 'Device/SubDeviceList/RHand/Position/Actuator/SubDeviceNumber',
 'Diagnosis/Temperature/MicroFrontLeft/Error',
 'Device/SubDeviceList/RFoot/FSR/RearRight/Sensor/Value',
 'Diagnosis/Temperature/Face/Led/Red/Left/270Deg/Error',
 'Diagnosis/Temperature/InfraredL/Error',
 '_Behavior__animationsStandWaitingKnockEye_11072286608__root_2__sound__fx_neonOn__PlaySound_4/Panorama',
 'Device/SubDeviceList/Face/Led/Blue/Right/0Deg/Actuator/Min',
 'Diagnosis/Temperature/USSensor4/Error',
 '_Behavior__animationsStandWaitingSpaceShuttle_11075332920__root_1__fx__keyframe21__PlaySound_1/Play in loop',
 'Diagnosis/Temperature/USSensor2/Error',
 'Diagnosis/Temperature/USSensor1/Error',
 'Diagnosis/Temperature/ChestBoard/Led/Red/Error',
 'Device/DeviceList/ChestBoard/Available',
 'Device/SubDeviceList/LFoot/FSR/RearRight/Sensor/YPosition',
 'Diagnosis/Temperature/ChestBoard/Led/Green/Error',
 'Device/SubDeviceList/Face/Led/Blue/Left/180Deg/Actuator/Name',
 'Device/SubDeviceList/Head/Led/Rear/Left/0/Actuator/Name',
 'Diagnosis/Temperature/ChestBoard/Led/Blue/Error',
 'Device/SubDeviceList/InertialSensor/AngleGaitY/Sensor/Value',
 'Device/SubDeviceList/InertialSensor/AngleComplementaryY/Sensor/Value',
 '_Behavior__animationsStandGesturesGive_41068835864__root_57__onStopped',
 'Device/SubDeviceList/RHipPitch/Temperature/Sensor/ThermalTimeConstant',
 'Device/SubDeviceList/RWristYaw/Speed/Sensor/Value',
 'Device/SubDeviceList/ChestBoard/Led/Blue/Actuator/Max',
 '_Behavior__animationsStandReactionsShakeBody_21093332800__root_4__onStopped',
 'Device/DeviceList/TimedCommandPlugin/Name',
 'Device/SubDeviceList/LFoot/Bumper/Right/Sensor/Register',
 'Device/SubDeviceList/RElbowRoll/Speed/Sensor/Value',
 'Device/SubDeviceList/RElbowYaw/Speed/Sensor/Value',
 'Device/SubDeviceList/Ears/Led/Left/36Deg/Actuator/Device',
 'Device/SubDeviceList/LWristYaw/Temperature/Sensor/SubDeviceNumber',
 'Device/SubDeviceList/RShoulderRoll/Speed/Sensor/Value',
 'Device/SubDeviceList/RShoulderPitch/Speed/Sensor/Value',
 'Device/SubDeviceList/RAnklePitch/Speed/Sensor/Value',
 'Device/SubDeviceList/RKneePitch/Speed/Sensor/Value',
 'Device/SubDeviceList/RHipPitch/Speed/Sensor/Value',
 '_Behavior__animationsStandEmotionsNegativeSurprise_31088783872__root_3__onStopped',
 'Device/SubDeviceList/LAnkleRoll/Speed/Sensor/Value',
 'Device/SubDeviceList/LShoulderRoll/Position/Actuator/Min',
 'Device/SubDeviceList/LHipRoll/Speed/Sensor/Value',
 'Device/DeviceList/Battery/Address',
 'Device/SubDeviceList/RAnklePitch/ElectricCurrent/Sensor/Type',
 'Device/SubDeviceList/LHipYawPitch/Speed/Sensor/Value',
 '_Behavior__animationsStandEmotionsNegativeSurprise_2150138368__root_2__behavior_layer2__Sound__PlaySound_4/Play in loop',
 'Device/SubDeviceList/LElbowYaw/Speed/Sensor/Value',
 'Device/SubDeviceList/LShoulderPitch/Speed/Sensor/Value',
 'HeadProcessorIsCriticallyHot',
 'Device/SubDeviceList/RHand/Position/Sensor/Min',
 'DeviceNoLongerHotDetected',
 'HotJointDetected',
 'Motion/Torque/Sensor/LElbowYaw',
 'Device/SubDeviceList/LFoot/Bumper/Right/Sensor/Min',
 'Diagnosis/Active/MicroFrontRight/Error',
 '_Behavior__diagnostic1043902184__root__Diagnostic_20__behavior_layer1__init__TactileHead_17',
 'ALTracker/StopSearch',
 'Device/SubDeviceList/Head/Temperature/Sensor/Value',
 'Diagnosis/Temperature/RLeg/Status',
 'Diagnosis/Temperature/Battery/Status',
 'Diagnosis/Temperature/Battery/Error',
 'Diagnosis/Temperature/RHand/Error',
 'Device/SubDeviceList/RFoot/Bumper/Left/Sensor/Min',
 '_Behavior__animationsStandEmotionsPositiveLaugh_21084685280__root_2__behavior_layer1__Sound__PlaySound_4/Panorama',
 'Diagnosis/Temperature/RElbowRoll/Error',
 '_Behavior__animationsStandEmotionsPositiveLaugh_11097323680__root_1__behavior_layer2__Sound__PlaySound_4/Volume (%)',
 '_Behavior__animationsStandGesturesComeOn_11131953104__root_30__onStopped',
 '_Behavior__animationsStandGesturesOnTheEvening_51063668168__root_97__onStopped',
 'Device/DeviceList/AlMemoryPlugin/Address',
 'Diagnosis/Temperature/RElbowYaw/Error',
 'Diagnosis/Temperature/RShoulderRoll/Error',
 'Diagnosis/Temperature/Face/Led/Green/Right/315Deg/Error',
 'Diagnosis/Temperature/RShoulderPitch/Error',
 'Device/SubDeviceList/LFoot/FSR/RearLeft/Sensor/Offset',
 '_Behavior__animationsSitOnPodGesturesWhatSThis_121097777864__root_164',
 'Device/SubDeviceList/LFoot/FSR/RearLeft/Sensor/XPosition',
 'Device/SubDeviceList/LFoot/FSR/CenterOfPressure/X/Sensor/Device',
 'Diagnosis/Temperature/RAnkleRoll/Error',
 'Diagnosis/Temperature/RHipPitch/Error',
 'Diagnosis/Temperature/RHipYawPitch/Error',
 '_Behavior__animationsSitOnPodBodyTalkThinkingRemember_1145939096__root_9__onStopped',
 'Diagnosis/Temperature/LAnklePitch/Error',
 'Diagnosis/Temperature/LWristYaw/Error',
 'Device/DeviceList/MotorTemperaturePlugin/Address',
 'Diagnosis/Temperature/LElbowRoll/Error',
 'Diagnosis/Temperature/LShoulderRoll/Error',
 '_Behavior__animationsSitWaitingPong_11047519312__root_2__fx__keyframe182__PlaySound_1',
 'Diagnosis/Temperature/HeadPitch/Error',
 '_Behavior__animationsSitEmotionsNegativeSad_11060170184__root_1__behavior_layer2__Sound__PlaySound_1/Panorama',
 'leftFootContact',
 'ALLocalization/HalfScanBegin',
 'footContact',
 '_Behavior__animationsSitWaitingCatchFly_1161415064__root_1__fx__fly__PlaySound_1/Begin position (s)',
 'SonarRightNothingDetected',
 'Diagnosis/Passive/Face/Led/Blue/Left/45Deg/Error',
 'SonarLeftNothingDetected',
 'Device/SubDeviceList/PreferencesPlugin/ChangePreference/Max',
 'SonarLateralRightDetected',
 '_Behavior__animationsSitOnPodGesturesWhatSThis_81097552752__root_160',
 'SonarLateralLeftDetected',
 'Device/SubDeviceList/LHipPitch/Position/Sensor/GearRatio',
 'SonarLeftDetected',
 '_Behavior__animationsStandGesturesHey_2155921488__root_9__onStopped',
 'ALMotion/Stiffness/restStarted',
 '_AutonomousLaunchpad/LaunchSuggestions',
 'Device/SubDeviceList/LHipPitch/Position/Actuator/Value',
 'ALMotion/Stiffness/wakeUpStarted',
 'ALMotionRecorder/StorePositionRequested',
 '_Behavior__animationsSitEmotionsPositiveHappy_1157989624__root_1__onStopped',
 'ALDiagnosis/RobotIsReady',
 'Diagnosis/Passive/Face/Led/Green/Left/135Deg/Error',
 'Device/SubDeviceList/Head/Led/Rear/Right/2/Actuator/Device',
 'Diagnosis/Passive/Head/Led/Error',
 'Diagnosis/Passive/RFoot/Bumper/Right/Error',
 'Device/SubDeviceList/RAnklePitch/Position/Sensor/Max',
 'Diagnosis/Passive/LHand/Touch/Error',
 'Diagnosis/Passive/Face/Led/Green/Right/180Deg/Error',
 'Diagnosis/Passive/Gyrometer/Error',
 'Device/SubDeviceList/InertialSensor/GyroscopeX/Sensor/Offset',
 'Diagnosis/Passive/Accelerometer/Error',
 'Device/DeviceList/LeftFootBoard/Available',
 '_Behavior__animationsStandReactionsTouchHead_41090658912__root_6__LED__touch__FaceLeds_1',
 '_Behavior__diagnostic1043902184__root__onStopped',
 'Diagnosis/Passive/ChestBoard/Led/Red/Error',
 'Motion/IsMoving/LHipRoll',
 '_Behavior__animationsSitOnPodGesturesYou_41131341552__root_14__onStopped',
 'Diagnosis/Passive/ChestBoard/Led/Green/Error',
 'Motion/Position/Command/LKneePitch',
 'Diagnosis/Passive/ChestBoard/Button/Error',
 'Diagnosis/Passive/Battery/Error',
 'Device/SubDeviceList/RHand/Position/Sensor/GearRatio',
 'Diagnosis/Passive/DCM/Error',
 'DCM/Nack',
 'DCM/Ack',
 'Diagnosis/Passive/RHipPitch/Error',
 'Diagnosis/Passive/RShoulderPitch/Error',
 'Device/SubDeviceList/RElbowRoll/ElectricCurrent/Sensor/Gain',
 '_Behavior__animationsStandEmotionsPositiveHungry_11084702832__root_33__Fx2__keyframe89__PlaySound_1/Begin position (s)',
 'Diagnosis/Passive/RAnklePitch/Error',
 'Diagnosis/Passive/RHand/Error',
 'Diagnosis/Passive/RElbowYaw/Error',
 'Diagnosis/Passive/LKneePitch/Error',
 'Diagnosis/Passive/LHipPitch/Error',
 'Diagnosis/Passive/LShoulderPitch/Error',
 '_Behavior__animationsStandEmotionsNegativeAngry_41093618672__root_4__behavior_layer2__Sound__PlaySound_4/Panorama',
 'Diagnosis/Passive/LShoulderRoll/Error',
 '_Behavior__animationsStandGesturesFollow_1155809600__root_52__onStopped',
 'Device/SubDeviceList/ChestBoard/Button/Sensor/Type',
 'Diagnosis/Passive/LAnkleRoll/Error',
 'Diagnosis/Passive/LAnklePitch/Error',
 'Diagnosis/Passive/LHipRoll/Error',
 'Diagnosis/Passive/LHipYawPitch/Error',
 '_Behavior__animationsSitOnPodGesturesCountTwo_11131384408__root_9',
 'Diagnosis/Passive/LElbowYaw/Error',
 'Diagnosis/Passive/HeadYaw/Error',
 'Diagnosis/Active/SpeakerRight/Error',
 '_Behavior__animationsSitOnPodGesturesCountThree_21094932640__root_1',
 'Diagnosis/Active/RShoulderPitch/Error',
 'Diagnosis/Active/RHand/Error',
 '_Behavior__diagnostic1043902184__root__Diagnostic_20__behavior_layer1__diagnostic__WakeUp_11__Fx__keyframe77__PlaySound_1/Panorama',
 '_Behavior__animationsStandWaitingRelaxation_11072481096__root_1',
 'Device/DeviceList/PreferencesPlugin/Ack',
 '_Behavior__animationsStandEmotionsNegativeSurprise_31088783872__root_3__behavior_layer2__Sound__PlaySound_4/File path',
 'Diagnosis/Active/RFoot/Led/Error',
 'Diagnosis/Active/RElbowYaw/Error',
 'Diagnosis/Active/RAnkleRoll/Error',
 'Diagnosis/Active/LWristYaw/Error',
 'Diagnosis/Active/LShoulderPitch/Error',
 'ALTracker/TargetLost',
 'Diagnosis/Active/LKneePitch/Error',
 'Diagnosis/Active/LHipYawPitch/Error',
 '_Behavior__animationsStandEmotionsNegativeSurprise_31088783872__root_3',
 'Diagnosis/Passive/Face/Led/Blue/Right/225Deg/Error',
 'Diagnosis/Active/LHand/Touch/Right/Error',
 '_Behavior__animationsSitOnPodGesturesThis_81097731424__root_145',
 'Diagnosis/Active/LHand/Touch/Back/Error',
 '_Behavior__animationsStandGesturesStretch_1155248184__root_126',
 'Diagnosis/Active/LFoot/Led/Error',
 'Device/SubDeviceList/LAnklePitch/Position/Sensor/GearRatio',
 'Diagnosis/Active/LFoot/FSR/Error',
 'Diagnosis/Active/LFoot/Bumper/Right/Error',
 '_Behavior__animationsStandEmotionsPositiveLaugh_11097323680__root_1',
 'Diagnosis/Active/LElbowYaw/Error',
 'Diagnosis/Active/LElbowRoll/Error',
 'Device/SubDeviceList/PreferencesPlugin/ChangeCalibration/NewValueString',
 'Diagnosis/Active/LArm/Error',
 'Diagnosis/Active/LAnkleRoll/Error',
 'Diagnosis/Active/Head/Touch/Rear/Error',
 'Diagnosis/Active/Head/Touch/Front/Error',
 'Device/SubDeviceList/LShoulderPitch/Position/Actuator/Offset',
 'Diagnosis/Active/Head/Error',
 'Motion/Position/Error/LShoulderPitch',
 'Motion/Velocity/Sensor/RHipYawPitch',
 'Diagnosis/Active/Face/Led/Error',
 'Device/SubDeviceList/LFoot/FSR/FrontRight/Sensor/Max',
 'Dialog/LastInput',
 'Diagnosis/Active/ChestBoard/Led/Green/Error',
 'Device/DeviceList/RightHipBoard/Available',
 '_Behavior__animationsSitBodyTalkThinkingRemember_31145476768__root_5',
 'Device/SubDeviceList/RHipRoll/Temperature/Sensor/AddressTemperatureSensor',
 'Diagnosis/Active/ChestBoard/Led/Blue/Error',
 'Diagnosis/Active/ChestBoard/Button/Error',
 'Diagnosis/Active/CameraTop/Error',
 'Device/SubDeviceList/RHipRoll/Position/Sensor/SensorType',
 'Diagnosis/Active/Battery/Error',
 'Device/SubDeviceList/Head/Touch/Middle/Sensor/Name',
 'RobotConfig/Head/Device/TouchBoard/Version',
 'RobotConfig/Head/Device/Micro/Version',
 'RobotConfig/Head/BaseVersion',
 'Device/SubDeviceList/InertialSensor/GyrX/Sensor/Name',
 'RobotConfig/Head/Device/Processor/Frequency',
 'RobotConfig/Head/Device/Ear/Version',
 'Motion/Position/Sensor/LHipPitch',
 'RobotConfig/Head/HeadId',
 '_Behavior__animationsStandEmotionsNegativeFear_21091280864__root_2__behavior_layer2__keyframe1__PlaySound_4',
 'RobotConfig/Body/Version',
 'RobotConfig/Body/BaseVersion',
 'RobotConfig/Body/Device/RightArm/Version',
 'RobotConfig/Body/Device/Hand/Left/Version',
 'ALTracker/ObjectLookAt',
 'Device/SubDeviceList/LFoot/FSR/RearRight/Sensor/Gain',
 'RobotConfig/Body/Color',
 'HAL/CycleTimeErrorLastTime',
 'Device/SubDeviceList/RWristYaw/Temperature/Sensor/Max',
 'HAL/CycleTimeErrorCounter',
 'HAL/Error',
 'HAL/Nack',
 '_Behavior__animationsStandGesturesGive_21061262992__root_55__onStopped',
 'Diagnosis/Temperature/Ears/Led/Left/36Deg/Error',
 'Device/SubDeviceList/RKneePitch/Temperature/Sensor/SubDeviceNumber',
 'HAL/Ack',
 'Device/SubDeviceList/LHand/Hardness/Actuator/Register',
 'HAL/Simulation',
 'UserSession/ShouldExitInteractiveActivity',
 'Device/SubDeviceList/LShoulderPitch/Temperature/Sensor/AmbientTemperature',
 'HAL/Robot/Type',
 'Diagnosis/Active/Ears/Led/Left/72Deg/Error',
 'Device/DeviceList/RightFootBoard/StructVersion',
 'DCM/Realtime',
 'DCM/TargetCycleTime',
 'Motion/Position/Command/LHipPitch',
 'Device/DeviceList/RightFootBoard/brakeVersion',
 'Device/SubDeviceList/LShoulderRoll/Hardness/Actuator/Gain',
 'DCM/TargetCycleMinWait',
 'DCM/Time',
 'Device/SubDeviceList/US/Right/Sensor/Device',
 '_Behavior__animationsStandWaitingDriveCar_11073971056__root_1__sounds__angry__PlaySound_3',
 'Diagnosis/Passive/Face/Led/Blue/Right/315Deg/Error',
 'ALBehaviorManager/BehaviorUpdated',
 'Device/SubDeviceList/US/Right/Sensor/Value7',
 'Motion/Position/Error/LHipRoll',
 '_Behavior__animationsSitWaitingKnockEye_1161856288__root_1__sound__fx_neonOn__PlaySound_4',
 'Device/SubDeviceList/US/Right/Sensor/Value6',
 'Device/SubDeviceList/LElbowYaw/Position/Sensor/Device',
 'Device/SubDeviceList/US/Right/Sensor/Value5',
 '_Behavior__animationsSitOnPodGesturesWhatSThis_151131242928__root_167',
 'Device/SubDeviceList/US/Right/Sensor/Value3',
 'Device/SubDeviceList/US/Right/Sensor/Value1',
 'Device/SubDeviceList/US/Right/Sensor/Register',
 'Device/SubDeviceList/RAnklePitch/Temperature/Sensor/WindingResistance',
 'RobotConfig/Head/Device/LaserRangeFinder/Version',
 'Device/SubDeviceList/US/Right/Sensor/Gain',
 'Device/SubDeviceList/US/Left/Sensor/Device',
 'Device/SubDeviceList/LHipRoll/Position/Actuator/IMax',
 'Device/SubDeviceList/US/Left/Sensor/Type',
 '_Behavior__animationsSitEmotionsNegativeAngry_11055440824__root_1__behavior_layer2__Sound__PlaySound_1/Play in loop',
 'Device/SubDeviceList/US/Left/Sensor/Value6',
 'Device/SubDeviceList/LAnkleRoll/Position/Actuator/PWMValue',
 'Device/SubDeviceList/US/Left/Sensor/Value5',
 '_Behavior__animationsStandWaitingDriveCar_11073971056__root_1__sounds__hey__PlaySound_3/Panorama',
 'Device/SubDeviceList/US/Left/Sensor/Value3',
 'Device/SubDeviceList/LKneePitch/Temperature/Sensor/Status',
 'Diagnosis/Active/RFoot/FSR/Error',
 'Device/SubDeviceList/LKneePitch/Position/Sensor/Register',
 'Diagnosis/Passive/LFoot/FSR/RearLeft/Error',
 '_Behavior__animationsSitWaitingKnockEye_1161856288__root_1',
 'Device/SubDeviceList/US/Left/Sensor/Min',
 'Device/SubDeviceList/Face/Led/Red/Right/315Deg/Actuator/Offset',
 'Device/SubDeviceList/RShoulderPitch/Position/Sensor/jointZeroPosition',
 'Device/SubDeviceList/LAnkleRoll/Position/Sensor/Type',
 'Device/SubDeviceList/US/Sensor/Value8',
 '_Behavior__animationsStandBodyTalkSpeakingBodyTalk_101141900864__root_26',
 '_Behavior__animationsSitWaitingPong_11047519312__root_2__fx__keyframe44__PlaySound_1/Volume (%)',
 'Device/SubDeviceList/US/Sensor/Value7',
 'Motion/Velocity/Max/RArm',
 'Device/SubDeviceList/US/Sensor/Value6',
 'Device/SubDeviceList/US/Sensor/Value4',
 '_Behavior__animationsSitOnPodGesturesNo_71097683904__root_90',
 '_Behavior__animationsSitOnPodGesturesThis_3146595800__root_140__onStopped',
 'ALBehaviorManager/BehaviorRemoved',
 'Device/SubDeviceList/RFoot/FSR/RearRight/Sensor/Type',
 'Device/SubDeviceList/US/Sensor/Value3',
 'Device/SubDeviceList/Face/Led/Green/Left/45Deg/Actuator/Device',
 'Device/SubDeviceList/HeadYaw/Temperature/Sensor/Status',
 'Device/SubDeviceList/US/Sensor/Value1',
 'Device/SubDeviceList/RHand/Position/Sensor/Register',
 'Device/SubDeviceList/RHand/Touch/Left/Sensor/SubDeviceNumber',
 'Device/SubDeviceList/US/Sensor/Gain',
 '_Behavior__animationsSitOnPodBodyTalkSpeakingBodyTalk_71142677568__root_11',
 '_Behavior__animationsSitBodyTalkSpeakingBodyTalk_9145833880__root_13',
 'Device/SubDeviceList/US/Sensor/Value',
 'Device/SubDeviceList/LWristYaw/ElectricCurrent/Sensor/Max',
 'Device/SubDeviceList/US/Actuator/Device',
 '_Behavior__animationsSitWaitingScratchLeg_11044981304__root',
 '_Behavior__animationsStandGesturesYes_31075705984__root_6__onStopped',
 'Device/SubDeviceList/US/Actuator/Register',
 'Device/SubDeviceList/US/Actuator/Offset',
 'Diagnosis/Temperature/Face/Led/Green/Left/180Deg/Error',
 'Device/SubDeviceList/US/Actuator/Value',
 'Device/SubDeviceList/RFoot/FSR/CenterOfPressure/Y/Sensor/Type',
 'Device/SubDeviceList/LShoulderPitch/Position/Sensor/Min',
 'Device/SubDeviceList/InertialSensor/AccelerometerX/Sensor/Gain',
 'Device/SubDeviceList/RFoot/FSR/CenterOfPressure/Y/Sensor/Register',
 'Device/SubDeviceList/InertialSensor/AccelerometerX/Sensor/Name',
 'Device/SubDeviceList/RFoot/FSR/CenterOfPressure/Y/Sensor/Max',
 'Diagnosis/Active/Face/Led/Blue/Right/315Deg/Error',
 'Device/SubDeviceList/RAnklePitch/ElectricCurrent/Sensor/Register',
 'Device/SubDeviceList/RFoot/FSR/CenterOfPressure/Y/Sensor/Gain',
 'Device/SubDeviceList/RFoot/FSR/CenterOfPressure/Y/Sensor/Name',
 'Device/SubDeviceList/RFoot/FSR/CenterOfPressure/X/Sensor/Device',
 'Diagnosis/Active/HeadYaw/Error',
 'Device/SubDeviceList/RFoot/FSR/CenterOfPressure/X/Sensor/Type',
 '_Behavior__animationsSitReactionsTouchHead_21065242200__root_4',
 '_Behavior__animationsStandEmotionsNeutralConfused_11083046272__root_1',
 'Device/SubDeviceList/RFoot/FSR/CenterOfPressure/X/Sensor/Register',
 'Device/SubDeviceList/RFoot/FSR/CenterOfPressure/X/Sensor/SubDeviceNumber',
 '_Behavior__diagnostic1043902184__root__Diagnostic_20/Speed (%)',
 'Device/SubDeviceList/RFoot/Bumper/Right/Sensor/Gain',
 'Device/SubDeviceList/Head/Led/Rear/Left/0/Actuator/Device',
 'Device/SubDeviceList/RFoot/FSR/CenterOfPressure/X/Sensor/Min',
 'Device/SubDeviceList/RFoot/FSR/CenterOfPressure/X/Sensor/Name',
 'Device/SubDeviceList/RFoot/FSR/TotalWeight/Sensor/Device',
 'Device/SubDeviceList/InertialSensor/GyrX/Sensor/Max',
 'Device/SubDeviceList/RFoot/FSR/TotalWeight/Sensor/Register',
 'Device/SubDeviceList/LHand/Temperature/Sensor/Register',
 'Device/SubDeviceList/LAnkleRoll/Position/Actuator/Register',
 'Device/SubDeviceList/RFoot/FSR/TotalWeight/Sensor/SubDeviceNumber',
 'Device/SubDeviceList/RFoot/FSR/TotalWeight/Sensor/Value',
 'Device/SubDeviceList/RAnklePitch/ElectricCurrent/Sensor/Max',
 'Device/SubDeviceList/RFoot/Bumper/Right/Sensor/Register',
 'Device/SubDeviceList/RFoot/FSR/RearRight/Sensor/Register',
 'Device/SubDeviceList/RFoot/FSR/RearRight/Sensor/Max',
 'Device/SubDeviceList/RFoot/FSR/TotalWeight/Sensor/Gain',
 'Device/SubDeviceList/RFoot/FSR/RearRight/Sensor/Min',
 '_Behavior__animationsStandWaitingWakeUp_11082048920__root_1__Fx__keyframe77__PlaySound_1',
 'Device/SubDeviceList/RFoot/FSR/RearRight/Sensor/Gain',
 'Device/SubDeviceList/RFoot/FSR/RearLeft/Sensor/Type',
 'Device/SubDeviceList/RFoot/FSR/RearLeft/Sensor/YPosition',
 'Device/SubDeviceList/RFoot/FSR/RearLeft/Sensor/XPosition',
 'Device/SubDeviceList/RShoulderRoll/Temperature/Sensor/Value',
 'Device/SubDeviceList/RFoot/FSR/RearLeft/Sensor/SubDeviceNumber',
 'Device/SubDeviceList/RFoot/FSR/RearLeft/Sensor/Max',
 '_Behavior__animationsStandGesturesReject_21132805872__root_102',
 'Device/SubDeviceList/RFoot/FSR/RearLeft/Sensor/Gain',
 'Device/SubDeviceList/RFoot/FSR/RearLeft/Sensor/Name',
 'Device/SubDeviceList/RFoot/FSR/FrontRight/Sensor/Type',
 'Device/SubDeviceList/RFoot/FSR/FrontRight/Sensor/Register',
 '_Behavior__animationsStandEmotionsPositiveHappy_31086649120__root_3__behavior_layer2__Sound__PlaySound_4/Volume (%)',
 'Device/SubDeviceList/RFoot/FSR/FrontRight/Sensor/Min',
 'Device/SubDeviceList/LFoot/FSR/RearLeft/Sensor/Register',
 'Device/SubDeviceList/RFoot/FSR/FrontRight/Sensor/Offset',
 'Device/SubDeviceList/LHipYawPitch/Temperature/Sensor/AddressTemperatureSensor',
 'ALAudioSourceLocalization/SoundLocated',
 'Device/SubDeviceList/RFoot/FSR/FrontRight/Sensor/Value',
 '_Behavior__animationsStandReactionsSeeSomething_61097538336__root_6',
 'Device/SubDeviceList/RFoot/FSR/FrontLeft/Sensor/XPosition',
 'Device/SubDeviceList/LAnklePitch/ElectricCurrent/Sensor/Gain',
 'Device/SubDeviceList/RFoot/FSR/FrontLeft/Sensor/Offset',
 'Device/SubDeviceList/RFoot/FSR/FrontLeft/Sensor/Gain',
 'Launchpad/NumPeopleZone1',
 'Device/SubDeviceList/LFoot/FSR/CenterOfPressure/Y/Sensor/SubDeviceNumber',
 'Device/SubDeviceList/LFoot/FSR/CenterOfPressure/Y/Sensor/Max',
 'Device/SubDeviceList/LFoot/FSR/CenterOfPressure/X/Sensor/SubDeviceNumber',
 'Device/SubDeviceList/LFoot/FSR/CenterOfPressure/X/Sensor/Min',
 'Device/SubDeviceList/LFoot/FSR/CenterOfPressure/X/Sensor/Offset',
 'Diagnosis/Active/RHand/Touch/Right/Error',
 'Device/SubDeviceList/LFoot/FSR/TotalWeight/Sensor/Device',
 'Device/SubDeviceList/LFoot/FSR/TotalWeight/Sensor/Type',
 'Device/SubDeviceList/LFoot/FSR/TotalWeight/Sensor/Register',
 'Device/SubDeviceList/LFoot/FSR/TotalWeight/Sensor/Offset',
 'Device/SubDeviceList/LFoot/FSR/TotalWeight/Sensor/Gain',
 'Device/SubDeviceList/LFoot/FSR/TotalWeight/Sensor/Value',
 'Device/SubDeviceList/LFoot/FSR/TotalWeight/Sensor/Name',
 '_Behavior__animationsStandWaitingRest_1154136336__root_5__onStopped',
 '_Behavior__animationsStandEmotionsPositiveHungry_11084702832__root_33',
 'Device/SubDeviceList/LFoot/FSR/RearRight/Sensor/XPosition',
 'Device/SubDeviceList/LHipYawPitch/Hardness/Actuator/SubDeviceNumber',
 'Device/SubDeviceList/LFoot/FSR/RearRight/Sensor/Register',
 'Device/DeviceList/USBoard/Type',
 '_Behavior__animationsSitOnPodBodyTalkListeningListening_21131453856__root_2',
 'Diagnosis/Active/Head/Led/Front/Right/1/Error',
 'Device/SubDeviceList/LFoot/FSR/RearRight/Sensor/SubDeviceNumber',
 'Device/SubDeviceList/LFoot/FSR/RearLeft/Sensor/Type',
 'Motion/IsMoving/LShoulderPitch',
 'Device/SubDeviceList/LFoot/FSR/RearLeft/Sensor/YPosition',
 '_Behavior__animationsStandGesturesHeSays_31399647976__root_60__onStopped',
 'Device/SubDeviceList/LFoot/FSR/RearLeft/Sensor/SubDeviceNumber',
 'Device/SubDeviceList/RFoot/Led/Green/Actuator/Value',
 'Device/SubDeviceList/RElbowRoll/Position/Sensor/GearRatio',
 'Device/SubDeviceList/LKneePitch/ElectricCurrent/Sensor/Gain',
 'Device/SubDeviceList/LFoot/FSR/RearLeft/Sensor/Min',
 'Device/SubDeviceList/LFoot/FSR/FrontRight/Sensor/Device',
 'Device/SubDeviceList/Face/Led/Green/Right/135Deg/Actuator/Device',
 '_ActivityFocusManager/FocusedActivity',
 'Device/DeviceList/RightThighBoard/capacitiveVersion',
 'Device/SubDeviceList/LFoot/FSR/FrontRight/Sensor/Type',
 'Launchpad/TemperatureStatus',
 'Device/SubDeviceList/LFoot/FSR/FrontRight/Sensor/YPosition',
 '_Behavior__animationsStandWaitingWakeUp_11082048920__root_1__Fx__keyframe383__PlaySound_1/Panorama',
 '_Behavior__animationsStandEmotionsPositiveConfident_11085573160__root_1__onStopped',
 'Motion/Walk/AbsDistanceTheta',
 'Diagnosis/Passive/Face/Led/Blue/Right/135Deg/Error',
 'TemperatureDiagnosisErrorChanged',
 'Device/SubDeviceList/LFoot/FSR/FrontRight/Sensor/Offset',
 'ALStore/Updated',
 'Device/SubDeviceList/LFoot/FSR/FrontRight/Sensor/Gain',
 '_Behavior__animationsSitEmotionsPositiveHungry_11055755664__root_34__Fx2__keyframe89__PlaySound_1/Begin position (s)',
 'Device/SubDeviceList/RHipPitch/Position/Sensor/SensorType',
 'Device/SubDeviceList/US/Right/Sensor/Value8',
 'Device/SubDeviceList/LFoot/FSR/FrontLeft/Sensor/Device',
 'Device/SubDeviceList/LFoot/FSR/FrontRight/Sensor/Value',
 'Device/SubDeviceList/LFoot/FSR/FrontLeft/Sensor/YPosition',
 'leftFootTotalWeight',
 'Device/SubDeviceList/LFoot/FSR/FrontLeft/Sensor/XPosition',
 'Device/DeviceList/ActuatorIfNoStiffnessPlugin/Address',
 'Device/SubDeviceList/LAnklePitch/Hardness/Actuator/Name',
 'Device/SubDeviceList/LFoot/FSR/FrontLeft/Sensor/SubDeviceNumber',
 'Device/SubDeviceList/LFoot/FSR/FrontLeft/Sensor/Max',
 'Device/SubDeviceList/LFoot/FSR/FrontLeft/Sensor/Min',
 'Device/SubDeviceList/LFoot/FSR/FrontLeft/Sensor/Offset',
 '_Behavior__animationsSitOnPodBodyTalkSpeakingBodyTalk_51132600960__root_7__onStopped',
 'Motion/VirtualContact/TorsoBack',
 'Device/SubDeviceList/Battery/Temperature/Sensor/Type',
 'Device/SubDeviceList/Ears/Led/Right/288Deg/Actuator/Max',
 'Device/SubDeviceList/Battery/Temperature/Sensor/TemperatureSensorType',
 'Device/SubDeviceList/Battery/Temperature/Sensor/OtherMotorTransmission',
 'Device/SubDeviceList/Face/Led/Blue/Right/45Deg/Actuator/Device',
 'Device/SubDeviceList/LHand/Position/Actuator/Min',
 'Device/SubDeviceList/Battery/Temperature/Sensor/AmbientTemperature',
 'Device/SubDeviceList/RHipYawPitch/Position/Sensor/Value',
 'Device/SubDeviceList/Face/Led/Green/Right/135Deg/Actuator/Offset',
 'Diagnosis/Passive/Face/Led/Blue/Right/270Deg/Error',
 'Device/SubDeviceList/Battery/Temperature/Sensor/ThermalTimeConstant',
 'Device/SubDeviceList/Battery/Temperature/Sensor/ThermalResistance',
 'BatteryChargingFlagChanged',
 'Device/SubDeviceList/Face/Led/Green/Left/90Deg/Actuator/Gain',
 'Device/SubDeviceList/Battery/Temperature/Sensor/motorModel',
 'Device/SubDeviceList/RShoulderRoll/Hardness/Actuator/Value',
 'Device/SubDeviceList/Battery/Temperature/Sensor/Status',
 'Device/SubDeviceList/Face/Led/Green/Right/180Deg/Actuator/Name',
 'Device/SubDeviceList/Battery/Temperature/Sensor/Max',
 '_Behavior__animationsStandEmotionsPositiveWinner_21091560224__root_2__behavior_layer2__Sound__PlaySound_4/File path',
 'Device/SubDeviceList/Battery/Temperature/Sensor/Min',
 '_Behavior__animationsStandEmotionsPositiveWinner_21091560224__root_2__behavior_layer2__Sound__PlaySound_4/Panorama',
 '_Behavior__animationsStandGesturesExplain_111068339264__root_49',
 'Device/SubDeviceList/RShoulderRoll/ElectricCurrent/Sensor/Device',
 'Device/SubDeviceList/Battery/Temperature/Sensor/Offset',
 'Device/SubDeviceList/Battery/Temperature/Sensor/Gain',
 'Device/SubDeviceList/Battery/Temperature/Sensor/Value',
 'Device/SubDeviceList/Head/Led/Middle/Right/0/Actuator/Max',
 'Device/SubDeviceList/Battery/Temperature/Sensor/Name',
 'Device/DeviceList/DiagnosisPlugin/Nack',
 'Device/SubDeviceList/LAnklePitch/Position/Actuator/Min',
 'Device/SubDeviceList/Battery/Charge/Sensor/Device',
 'Device/SubDeviceList/Ears/Led/Left/180Deg/Actuator/Name',
 'Motion/Torque/Sensor/HeadPitch',
 'Device/SubDeviceList/Battery/Charge/Sensor/Type',
 'Device/DeviceList/Chest-Eeprom-81/Nack',
 'Device/SubDeviceList/Battery/Charge/Sensor/Power',
 'Diagnosis/Temperature/RHand/Touch/Right/Error',
 'Device/SubDeviceList/Battery/Charge/Sensor/TotalVoltage',
 'Device/SubDeviceList/Battery/Charge/Sensor/SelfDischargeCurrent',
 'Device/SubDeviceList/Battery/Charge/Sensor/Flags',
 'Device/SubDeviceList/Battery/Charge/Sensor/Charging',
 'Device/SubDeviceList/RShoulderRoll/Hardness/Actuator/Offset',
 'Device/SubDeviceList/Battery/Charge/Sensor/Charge',
 'Device/SubDeviceList/LHipRoll/Position/Sensor/MechanicalStopMin',
 'Device/SubDeviceList/Battery/Charge/Sensor/TimeToFull',
 'Device/DeviceList/FillNaoAvailableDevicePlugin/Type',
 'Device/SubDeviceList/Battery/Charge/Sensor/CellCount',
 'Device/DeviceList/LeftShoulderBoard/StoredSerialNumber',
 'Device/SubDeviceList/Head/Touch/Rear/Sensor/SubDeviceNumber',
 'Device/SubDeviceList/Battery/Charge/Sensor/CyclesCount',
 'Device/SubDeviceList/Battery/Charge/Sensor/RemainingCapacity',
 'Device/SubDeviceList/Battery/Charge/Sensor/FullChargeCapacity',
 'Device/SubDeviceList/Battery/Charge/Sensor/Status',
 'Device/SubDeviceList/Battery/Charge/Sensor/CellVoltageMin',
 'Device/SubDeviceList/Ears/Led/Left/180Deg/Actuator/Value',
 'Device/SubDeviceList/RHipRoll/Position/Actuator/Min',
 'Device/SubDeviceList/Battery/Charge/Sensor/Name',
 'Device/SubDeviceList/SpecialJointLimitationPlugin/SpecialLimitRAnkle/Register',
 'Device/SubDeviceList/Battery/Current/Sensor/Device',
 'Device/SubDeviceList/Battery/Current/Sensor/Min',
 'Device/SubDeviceList/Battery/Current/Sensor/Offset',
 'Device/SubDeviceList/Battery/Current/Sensor/Value',
 'Device/SubDeviceList/Battery/Current/Sensor/Name',
 'Device/DeviceList/DcmLostPlugin/Error',
 'Device/SubDeviceList/InertialSensor/AngleZ/Sensor/Device',
 'Device/SubDeviceList/RShoulderRoll/Temperature/Sensor/ThermalResistance',
 'Device/SubDeviceList/InertialSensor/AngleZ/Sensor/Max',
 '_Behavior__animationsStandBodyTalkSpeakingBodyTalk_20146228872__root_38',
 'Motion/Position/Command/RWristYaw',
 'Device/DeviceList/RightFootBoard/Address',
 'Device/SubDeviceList/InertialSensor/AngleZ/Sensor/Gain',
 '_Behavior__animationsSitWaitingAutoFormat_11045385624__root_1__speech__format__Say_2/Speed (%)',
 'BatteryNearlyEmpty',
 'Device/DeviceList/LeftShoulderBoard/capacitiveVersion',
 'Diagnosis/Active/Face/Led/Red/Right/45Deg/Error',
 'Device/SubDeviceList/InertialSensor/AngleZ/Sensor/Name',
 '_Behavior__animationsStandGesturesThis_151066524040__root_152__onStopped',
 'Device/SubDeviceList/InertialSensor/AngleY/Sensor/SubDeviceNumber',
 'Device/SubDeviceList/InertialSensor/AngleY/Sensor/Value',
 'Device/SubDeviceList/InertialSensor/AngleY/Sensor/Name',
 'Device/SubDeviceList/InertialSensor/AngleX/Sensor/Device',
 '_Behavior__animationsStandEmotionsNeutralAskForAttention_1152054176__root_1__behavior_layer2__SayPssst__PlaySound_4/Begin position (s)',
 'Device/SubDeviceList/InertialSensor/AngleX/Sensor/Type',
 'Device/SubDeviceList/InertialSensor/AngleX/Sensor/Max',
 'Device/SubDeviceList/InertialSensor/AngleX/Sensor/Min',
 'Device/DeviceList/RightHandBoard/currentCalibrationResultMotor1',
 'Device/SubDeviceList/InertialSensor/GyroscopeZZeroOffset/Sensor/Offset',
 'Device/SubDeviceList/LWristYaw/ElectricCurrent/Sensor/Min',
 'Device/SubDeviceList/InertialSensor/AngleX/Sensor/Gain',
 'Motion/Velocity/Command/LElbowYaw',
 'Device/SubDeviceList/InertialSensor/GyroscopeZZeroOffset/Sensor/Register',
 'Device/SubDeviceList/Ears/Led/Left/288Deg/Actuator/Type',
 'rightFootTotalWeight',
 'Device/SubDeviceList/InertialSensor/GyroscopeZZeroOffset/Sensor/SubDeviceNumber',
 'Device/SubDeviceList/InertialSensor/GyroscopeZZeroOffset/Sensor/Min',
 'ALChestButton/TripleClickOccurred',
 'Motion/Torque/Command/LWristYaw',
 'Device/SubDeviceList/InertialSensor/GyroscopeZZeroOffset/Sensor/Gain',
 'Device/SubDeviceList/InertialSensor/GyroscopeZZeroOffset/Sensor/Name',
 'Device/SubDeviceList/Battery/Current/Sensor/SubDeviceNumber',
 'Device/SubDeviceList/InertialSensor/GyroscopeYZeroOffset/Sensor/Device',
 'Device/SubDeviceList/LFoot/FSR/RearLeft/Sensor/Name',
 'Device/SubDeviceList/InertialSensor/GyroscopeYZeroOffset/Sensor/SubDeviceNumber',
 'Device/SubDeviceList/HeadPitch/Hardness/Actuator/SubDeviceNumber',
 'Device/SubDeviceList/InertialSensor/GyroscopeYZeroOffset/Sensor/Max',
 'Motion/VirtualContact/LFootRL',
 'Device/SubDeviceList/InertialSensor/GyroscopeYZeroOffset/Sensor/Offset',
 '_Behavior__animationsStandGesturesYouKnowWhat_31133110496__root_178',
 'Device/SubDeviceList/RElbowRoll/Position/Sensor/Device',
 '_Behavior__animationsStandEmotionsNegativeLate_1149600472__root_1__onStopped',
 'Device/SubDeviceList/RHipPitch/Position/Sensor/Register',
 'ALSentinel/DoubleClickOccured',
 'Device/SubDeviceList/InertialSensor/GyroscopeYZeroOffset/Sensor/Gain',
 '_Behavior__animationsStandGesturesCoaxing_21132019136__root_20',
 'Device/SubDeviceList/InertialSensor/GyroscopeYZeroOffset/Sensor/Value',
 'Device/SubDeviceList/InertialSensor/GyroscopeXZeroOffset/Sensor/Type',
 'BatteryPowerPluggedChanged',
 '_Behavior__animationsSitReactionsSeeColor_3156815952__root_5__onStopped',
 'Device/SubDeviceList/RFoot/FSR/RearLeft/Sensor/Min',
 'Device/SubDeviceList/InertialSensor/GyroscopeXZeroOffset/Sensor/Max',
 '_Behavior__animationsStandEmotionsNegativeHumiliated_1149919144__root_1__onStopped',
 '_Behavior__animationsStandGesturesNo_41130417840__root_87__onStopped',
 'Device/SubDeviceList/InertialSensor/GyroscopeXZeroOffset/Sensor/Min',
 'Diagnosis/Temperature/Face/Led/Green/Right/180Deg/Error',
 'Device/SubDeviceList/InertialSensor/GyroscopeXZeroOffset/Sensor/Offset',
 'Device/SubDeviceList/InertialSensor/GyroscopeXZeroOffset/Sensor/Value',
 '_Behavior__animationsStandGesturesWhatSThis_1155529256__root_153',
 'Device/SubDeviceList/LFoot/FSR/TotalWeight/Sensor/Min',
 '_Behavior__animationsSitReactionsBumpers_3157557408__root_5',
 'Device/SubDeviceList/InertialSensor/GyroscopeXZeroOffset/Sensor/Name',
 'ALTracker/SecondTargetDetected',
 'Device/SubDeviceList/InertialSensor/GyroscopeZ/Sensor/Device',
 'Device/SubDeviceList/InertialSensor/GyroscopeZ/Sensor/Offset',
 'Device/SubDeviceList/InertialSensor/GyroscopeZ/Sensor/Name',
 'Device/SubDeviceList/InertialSensor/GyroscopeY/Sensor/SubDeviceNumber',
 'Device/SubDeviceList/InertialSensor/GyroscopeY/Sensor/Max',
 'Diagnosis/Temperature/LArm/Status',
 'Device/SubDeviceList/InertialSensor/GyroscopeY/Sensor/Min',
 '_Behavior__animationsStandGesturesClaw_2155350920__root_18',
 'Motion/Torque/Command/RShoulderPitch',
 'Device/SubDeviceList/LShoulderRoll/ElectricCurrent/Sensor/ShuntResistance',
 'Device/SubDeviceList/InertialSensor/GyroscopeX/Sensor/Device',
 'Device/SubDeviceList/InertialSensor/GyroscopeX/Sensor/Type',
 'Device/SubDeviceList/InertialSensor/GyroscopeX/Sensor/Register',
 'Device/SubDeviceList/InertialSensor/GyroscopeX/Sensor/Max',
 'Device/SubDeviceList/InertialSensor/GyroscopeX/Sensor/Value',
 '_Behavior__animationsStandGesturesOnTheEvening_21065402808__root_94',
 'Diagnosis/Passive/Ears/Led/Error',
 'Device/SubDeviceList/InertialSensor/AccelerometerZ/Sensor/Register',
 'Device/SubDeviceList/InertialSensor/AccelerometerZ/Sensor/SubDeviceNumber',
 'Device/SubDeviceList/InertialSensor/AccelerometerZ/Sensor/Min',
 'Device/SubDeviceList/InertialSensor/AccelerometerZ/Sensor/Gain',
 'Device/SubDeviceList/InertialSensor/AccelerometerY/Sensor/Device',
 '_Behavior__animationsStandEmotionsNegativeAngry_41093618672__root_4',
 'Device/SubDeviceList/LHand/Touch/Back/Sensor/Gain',
 'Device/SubDeviceList/InertialSensor/AccelerometerY/Sensor/Value',
 'Device/SubDeviceList/InertialSensor/AccelerometerX/Sensor/Type',
 '_Behavior__animationsStandEmotionsPositiveWinner_21091560224__root_2__onStopped',
 'Device/SubDeviceList/LElbowYaw/Temperature/Sensor/ThermalTimeConstant',
 'Motion/Velocity/Error/HeadPitch',
 '_Behavior__animationsStandWaitingTaxi_11067974688__root_1__fx__keyframe14__PlaySound_4/Begin position (s)',
 'DCM/RealtimePriority',
 'Device/SubDeviceList/InertialSensor/AccelerometerX/Sensor/SubDeviceNumber',
 'Device/SubDeviceList/RShoulderRoll/Position/Sensor/Device',
 'Device/SubDeviceList/InertialSensor/AccelerometerX/Sensor/Offset',
 'PeoplePerception/MaximumDetectionRangeUpdated',
 'Device/SubDeviceList/InertialSensor/GyrZ/Sensor/Device',
 '_Behavior__animationsStandEmotionsNeutralAskForAttention_31088281896__root_3__onStopped',
 'Device/SubDeviceList/InertialSensor/GyrZ/Sensor/Type',
 'Device/SubDeviceList/InertialSensor/GyrZ/Sensor/Register',
 '_Behavior__animationsSitWaitingDriveCar_11048973264__root_1__sounds__hey__PlaySound_3',
 'Motion/Torque/Command/LHipYawPitch',
 'Device/SubDeviceList/InertialSensor/GyrZ/Sensor/Max',
 '_Behavior__animationsSitWaitingKnockKnee_11053038656__root_1',
 'Device/SubDeviceList/InertialSensor/GyrZ/Sensor/Min',
 'Device/SubDeviceList/InertialSensor/GyrZ/Sensor/Offset',
 'AudioOutputChanged',
 'Device/SubDeviceList/InertialSensor/GyrZ/Sensor/Gain',
 'Diagnosis/Passive/RHipRoll/Error',
 'Device/SubDeviceList/InertialSensor/GyrZ/Sensor/Value',
 'Device/SubDeviceList/InertialSensor/GyrZ/Sensor/Name',
 'Device/SubDeviceList/InertialSensor/GyrY/Sensor/Register',
 '_Behavior__animationsStandEmotionsNegativeFear_21091280864__root_2__behavior_layer2__keyframe116__PlaySound_4/Panorama',
 'redBallDetected',
 '_Behavior__animationsStandWaitingWakeUp_11082048920__root_1__Fx__keyframe383__PlaySound_1/File path',
 'Device/DeviceList/LeftFootBoard/StructVersion',
 'Device/SubDeviceList/InertialSensor/GyrY/Sensor/Min',
 'Device/SubDeviceList/InertialSensor/GyrY/Sensor/Offset',
 'Device/SubDeviceList/InertialSensor/GyrY/Sensor/Name',
 'Device/SubDeviceList/InertialSensor/GyrX/Sensor/Device',
 'Device/SubDeviceList/InitMotorBoardPlugin/InitializedMotorboardCount/KeyName',
 'AudioInputRemoved',
 'Device/DeviceList/FsrTotalCenterOfPressionPlugin/Nack',
 'Diagnosis/Temperature/LFoot/FSR/RearLeft/Error',
 'Device/SubDeviceList/InertialSensor/GyrX/Sensor/Type',
 'Device/SubDeviceList/PreferencesPlugin/ChangeCalibration/KeyName',
 'Diagnosis/Temperature/Head/Status',
 'Device/DeviceList/RightHipBoard/capacitiveVersion',
 'Device/SubDeviceList/InertialSensor/GyrX/Sensor/Register',
 'Device/SubDeviceList/RShoulderRoll/Position/Actuator/IMax',
 'Device/SubDeviceList/InertialSensor/GyrX/Sensor/SubDeviceNumber',
 'Device/SubDeviceList/InertialSensor/GyrX/Sensor/Gain',
 'Device/SubDeviceList/InertialSensor/AccZ/Sensor/Device',
 'Device/SubDeviceList/LHipYawPitch/Position/Actuator/Name',
 'Device/SubDeviceList/RFoot/FSR/RearLeft/Sensor/Offset',
 'Device/SubDeviceList/InertialSensor/AccZ/Sensor/Type',
 'Diagnosis/Temperature/Ears/Led/Right/252Deg/Error',
 '_Behavior__animationsSitWaitingYawn_1159871504__root_31__Fx__keyframe32__PlaySound_1/Begin position (s)',
 'Device/SubDeviceList/InertialSensor/AccZ/Sensor/SubDeviceNumber',
 'Device/DeviceList/LeftHandBoard/ProgVersion',
 'Device/DeviceList/LeftHandBoard/currentCalibrationResultMotor1',
 'Device/SubDeviceList/InertialSensor/AccZ/Sensor/Min',
 'Device/SubDeviceList/InertialSensor/AccZ/Sensor/Offset',
 'Device/SubDeviceList/InertialSensor/AccZ/Sensor/Value',
 'Device/SubDeviceList/InertialSensor/AccY/Sensor/Device',
 'Device/SubDeviceList/RFoot/FSR/FrontLeft/Sensor/Device',
 'Device/SubDeviceList/InertialSensor/AccY/Sensor/Type',
 'Launchpad/BatteryStatus',
 'Device/SubDeviceList/InertialSensor/AccY/Sensor/SubDeviceNumber',
 'Device/SubDeviceList/InertialSensor/AccY/Sensor/Max',
 'Motion/Position/Command/RKneePitch',
 'Device/SubDeviceList/InertialSensor/AccY/Sensor/Offset',
 'Device/SubDeviceList/InertialSensor/AccY/Sensor/Gain',
 'Device/SubDeviceList/InertialSensor/AccY/Sensor/Value',
 'Device/SubDeviceList/InertialSensor/AccY/Sensor/Name',
 'Diagnosis/Passive/RShoulderRoll/Error',
 'Device/SubDeviceList/InertialSensor/AccX/Sensor/SubDeviceNumber',
 'Device/SubDeviceList/InertialSensor/GyroscopeZ/Sensor/Min',
 '_Behavior__animationsStandGesturesFreeze_11066208112__root_53__onStopped',
 'Device/SubDeviceList/LHand/Position/Sensor/Min',
 'Device/SubDeviceList/InertialSensor/AccX/Sensor/Gain',
 'Device/SubDeviceList/InertialSensor/AccX/Sensor/Value',
 'Device/DeviceList/RightHandBoard/ProgVersion',
 'Device/DeviceList/LeftFootBoard/Error',
 'Device/SubDeviceList/RHand/Touch/Right/Sensor/Register',
 '_Behavior__animationsSitEmotionsNegativeFear_11057334688__root_1__onStopped',
 'Device/SubDeviceList/RHand/Touch/Right/Sensor/SubDeviceNumber',
 'Device/SubDeviceList/RHand/Touch/Right/Sensor/Name',
 '_Behavior__animationsSitEmotionsPositiveLaugh_21050846024__root_1__behavior_layer2__keyframe7__PlaySound_1/Play in loop',
 'Device/SubDeviceList/RHand/Touch/Back/Sensor/Device',
 'Device/SubDeviceList/RHand/Touch/Back/Sensor/Type',
 'Device/DeviceList/RightHandBoard/Address',
 'Motion/Torque/Sensor/RKneePitch',
 'Device/SubDeviceList/RHand/Touch/Back/Sensor/SubDeviceNumber',
 'Device/SubDeviceList/RHand/Touch/Back/Sensor/Max',
 'Device/SubDeviceList/LHand/Touch/Left/Sensor/Name',
 'Device/SubDeviceList/RHand/Touch/Back/Sensor/Gain',
 'Device/DeviceList/RightThighBoard/Ack',
 '_Behavior__animationsStandReactionsSeeSomething_31096767328__root_3__onStopped',
 'Device/SubDeviceList/RHand/Touch/Left/Sensor/Register',
 '_Behavior__animationsStandGesturesWhatSThis_161133157696__root_168__onStopped',
 'Device/SubDeviceList/RHand/Touch/Left/Sensor/Max',
 'Device/DeviceList/USBoard/Address',
 'Diagnosis/Temperature/Face/Led/Blue/Left/45Deg/Error',
 'Device/SubDeviceList/RHand/Touch/Left/Sensor/Min',
 'Device/SubDeviceList/LElbowRoll/Hardness/Actuator/Gain',
 'Device/SubDeviceList/LAnklePitch/Position/Sensor/Gain',
 'Motion/Position/Command/HeadPitch',
 'Device/SubDeviceList/RHand/Touch/Left/Sensor/Name',
 'Device/DeviceList/InitMotorBoardPlugin/Available',
 'Device/SubDeviceList/LWristYaw/Position/Sensor/Device',
 'Device/SubDeviceList/LHand/Touch/Right/Sensor/Device',
 'Diagnosis/Active/Head/Led/Front/Right/0/Error',
 'Device/SubDeviceList/LHand/Touch/Right/Sensor/Max',
 'PeoplePerception/NonVisiblePeopleList',
 'Device/SubDeviceList/LHand/Touch/Right/Sensor/Min',
 'Device/SubDeviceList/LHand/Touch/Back/Sensor/Device',
 'Device/DeviceList/ActuatorIfNoStiffnessPlugin/Priority',
 'Device/SubDeviceList/LHand/Touch/Back/Sensor/Type',
 'Device/SubDeviceList/LHand/Touch/Back/Sensor/SubDeviceNumber',
 '_Behavior__animationsStandWaitingWaddle_21074572384__root_1__onStopped',
 'Device/SubDeviceList/Face/Led/Blue/Left/315Deg/Actuator/Device',
 'Diagnosis/Temperature/MicroRearRight/Error',
 'Device/SubDeviceList/Face/Led/Red/Right/90Deg/Actuator/Min',
 'Device/SubDeviceList/LHand/Touch/Back/Sensor/Min',
 '_Behavior__animationsSitEmotionsPositiveHappy_41055118776__root_1',
 'Device/SubDeviceList/RElbowYaw/ElectricCurrent/Sensor/Register',
 '_Behavior__animationsStandEmotionsNegativeAngry_21088783704__root_2__sound__angry__PlaySound_4/Panorama',
 'Motion/Position/Error/HeadPitch',
 'Diagnosis/Temperature/Ears/Led/Left/288Deg/Error',
 'Device/SubDeviceList/LHand/Touch/Back/Sensor/Name',
 'Diagnosis/Passive/Ears/Led/Left/252Deg/Error',
 'Device/SubDeviceList/LHand/Touch/Left/Sensor/Max',
 'Device/SubDeviceList/InertialSensor/AccelerometerZ/Sensor/Offset',
 '_Behavior__animationsStandEmotionsNegativeFrustrated_1150689232__root_4',
 'Device/SubDeviceList/LHand/Touch/Left/Sensor/Min',
 'Device/SubDeviceList/LShoulderRoll/Position/Actuator/Value',
 'Device/SubDeviceList/LHand/Touch/Left/Sensor/Offset',
 'Device/SubDeviceList/LHand/Touch/Left/Sensor/Gain',
 'Device/SubDeviceList/LHand/Touch/Left/Sensor/Value',
 'Device/SubDeviceList/LAnkleRoll/Temperature/Sensor/Device',
 'Device/SubDeviceList/LAnkleRoll/Temperature/Sensor/Type',
 'Device/SubDeviceList/LAnkleRoll/Temperature/Sensor/WindingResistance',
 'Device/SubDeviceList/LShoulderRoll/Temperature/Sensor/Status',
 '_Behavior__animationsStandEmotionsNeutralAskForAttention_31088281896__root_3__behavior_layer2__Sound__PlaySound_4/Panorama',
 '_Behavior__animationsSitWaitingPuppet_1161066304__root_1__speech__speech_copy_copy__PlaySound_1/Panorama',
 'Device/SubDeviceList/LAnkleRoll/Position/Sensor/Limit',
 'Device/SubDeviceList/LAnkleRoll/Temperature/Sensor/TemperatureSensorType',
 'Device/SubDeviceList/LAnkleRoll/Temperature/Sensor/OtherMotorTransmission',
 'Device/SubDeviceList/InertialSensor/GyroscopeXZeroOffset/Sensor/Device',
 'Device/SubDeviceList/LAnkleRoll/Temperature/Sensor/AmbientTemperature',
 'Diagnosis/Active/RHand/Touch/Left/Error',
 'Device/SubDeviceList/LAnklePitch/Position/Sensor/Value',
 'Diagnosis/Active/Face/Led/Green/Left/180Deg/Error',
 'Device/SubDeviceList/LAnklePitch/Position/Sensor/Min',
 'Device/SubDeviceList/LWristYaw/Temperature/Sensor/Gain',
 'Device/SubDeviceList/LAnkleRoll/Temperature/Sensor/Status',
 'Diagnosis/Passive/LFoot/FSR/FrontRight/Error',
 'Device/SubDeviceList/LAnklePitch/Position/Sensor/MechanicalStopMax',
 'Device/SubDeviceList/LAnkleRoll/Temperature/Sensor/SubDeviceNumber',
 'Device/SubDeviceList/Battery/Temperature/Sensor/StartTemperature',
 'Device/SubDeviceList/LAnkleRoll/Temperature/Sensor/Offset',
 'Device/SubDeviceList/LAnkleRoll/Temperature/Sensor/Gain',
 '_Behavior__animationsSitOnPodBodyTalkSpeakingBodyTalk_51132600960__root_7',
 'Device/SubDeviceList/LAnkleRoll/Temperature/Sensor/Value',
 'Device/SubDeviceList/US/Left/Sensor/Gain',
 '_Behavior__animationsSitGesturesComeOn_11046802600__root_31__onStopped',
 'Device/SubDeviceList/InertialSensor/AngleZ/Sensor/Offset',
 'Diagnosis/Passive/LFoot/Bumper/Left/Error',
 'Device/SubDeviceList/LHipYawPitch/Hardness/Actuator/Name',
 'Device/SubDeviceList/LAnkleRoll/ElectricCurrent/Sensor/Device',
 'Device/SubDeviceList/LAnkleRoll/ElectricCurrent/Sensor/Type',
 '_Behavior__animationsStandGesturesConfused_21061597864__root_22',
 'Device/SubDeviceList/LAnkleRoll/ElectricCurrent/Sensor/ShuntResistance',
 '_Behavior__animationsStandGesturesCalmDown_3156151464__root_7',
 'Device/SubDeviceList/LAnkleRoll/ElectricCurrent/Sensor/CurrentType',
 'Device/SubDeviceList/LAnkleRoll/ElectricCurrent/Sensor/SubDeviceNumber',
 'Device/SubDeviceList/LAnkleRoll/ElectricCurrent/Sensor/Min',
 'Device/SubDeviceList/LAnkleRoll/ElectricCurrent/Sensor/Offset',
 'Device/SubDeviceList/LAnkleRoll/ElectricCurrent/Sensor/Gain',
 'Device/SubDeviceList/InertialSensor/GyroscopeZ/Sensor/Register',
 'Device/SubDeviceList/InertialSensor/GyrZ/Sensor/SubDeviceNumber',
 '_Behavior__diagnostic1043902184__root__Diagnostic_20__behavior_layer1__diagnostic__EyesWhite_4/Side',
 'Device/SubDeviceList/Face/Led/Red/Right/135Deg/Actuator/Device',
 'Device/SubDeviceList/LAnkleRoll/ElectricCurrent/Sensor/Value',
 'Device/SubDeviceList/LAnkleRoll/ElectricCurrent/Sensor/Name',
 'Device/SubDeviceList/InertialSensor/GyrX/Sensor/Offset',
 'Motion/Torque/Command/LElbowYaw',
 'Device/SubDeviceList/LFoot/Led/Red/Actuator/Type',
 'Device/SubDeviceList/LAnkleRoll/Hardness/Actuator/stiffnessDecreaseRate',
 '_Behavior__animationsStandWaitingFunnyDancer_11078472680__root_5',
 'Device/SubDeviceList/LAnkleRoll/Hardness/Actuator/Register',
 'Device/DeviceList/InertialSensor/Nack',
 'Device/SubDeviceList/LAnkleRoll/Hardness/Actuator/SubDeviceNumber',
 'Device/SubDeviceList/Face/Led/Blue/Left/315Deg/Actuator/SubDeviceNumber',
 'Motion/Position/Command/RHipYawPitch',
 'Device/SubDeviceList/LAnkleRoll/Hardness/Actuator/Min',
 'Device/SubDeviceList/LAnkleRoll/Hardness/Actuator/Offset',
 'Device/SubDeviceList/LAnkleRoll/Hardness/Actuator/Gain',
 'Diagnosis/Passive/Face/Led/Blue/Left/90Deg/Error',
 'Device/SubDeviceList/InertialSensor/AccX/Sensor/Max',
 'Device/SubDeviceList/LAnkleRoll/Hardness/Actuator/Value',
 'Device/SubDeviceList/Head/Touch/Rear/Sensor/Register',
 'Device/SubDeviceList/LAnkleRoll/Hardness/Actuator/Name',
 '_Behavior__animationsStandGesturesPlease_31069221536__root_100',
 'Device/SubDeviceList/RShoulderRoll/Hardness/Actuator/Register',
 'Device/SubDeviceList/LAnkleRoll/Position/Sensor/MechanicalStopMax',
 'Device/SubDeviceList/Face/Led/Green/Right/315Deg/Actuator/Device',
 'Device/SubDeviceList/LFoot/FSR/RearRight/Sensor/Type',
 'Device/SubDeviceList/LAnkleRoll/Position/Sensor/MechanicalStopMin',
 'Device/SubDeviceList/LAnkleRoll/Position/Sensor/positionChainMREJoint',
 'Device/SubDeviceList/RElbowRoll/Temperature/Sensor/motorModel',
 'Device/SubDeviceList/LAnkleRoll/Position/Sensor/Register',
 'Device/SubDeviceList/LAnkleRoll/Position/Sensor/SubDeviceNumber',
 'Device/SubDeviceList/LAnkleRoll/Position/Sensor/Max',
 'Device/SubDeviceList/LAnkleRoll/Position/Sensor/Offset',
 'Motion/Position/Sensor/HeadPitch',
 'Device/SubDeviceList/RWristYaw/ElectricCurrent/Sensor/Register',
 'HAL/Time',
 'Device/SubDeviceList/LAnkleRoll/Position/Actuator/Device',
 'Device/SubDeviceList/LElbowRoll/Position/Sensor/Name',
 'ALFindPersonHead/HeadNotFound',
 'Device/SubDeviceList/RHipRoll/Position/Sensor/MechanicalStopMin',
 'Motion/Position/Command/HeadYaw',
 'Device/SubDeviceList/LAnkleRoll/Position/Actuator/IMax',
 '_Behavior__animationsStandEmotionsPositiveHappy_31086649120__root_3__behavior_layer2__Sound__PlaySound_4',
 'Device/SubDeviceList/LElbowYaw/Hardness/Actuator/Value',
 'Device/SubDeviceList/RHipRoll/Hardness/Actuator/Min',
 'Device/SubDeviceList/LAnkleRoll/Position/Actuator/MotorNumber',
 'Device/SubDeviceList/LAnkleRoll/Position/Actuator/Max',
 '_Behavior__animationsSitOnPodGesturesEverything_41133009688__root_35__onStopped',
 'Device/SubDeviceList/LAnkleRoll/Position/Actuator/Offset',
 'Device/SubDeviceList/DcmLostPlugin/StiffnessDecrease/Wheels/Min',
 'Device/SubDeviceList/LAnkleRoll/Position/Actuator/Gain',
 'Device/SubDeviceList/Battery/Charge/Sensor/AverageCurrent',
 '_Behavior__animationsSitOnPodGesturesYou_31095083152__root_9',
 'Device/SubDeviceList/LAnkleRoll/Position/Actuator/Name',
 '_Behavior__animationsStandEmotionsNegativeFrustrated_1150689232__root_4__behavior_layer2__Sound__PlaySound_4/File path',
 'Device/SubDeviceList/LAnkleRoll/Position/Actuator/Kd',
 'Device/SubDeviceList/LAnklePitch/Temperature/Sensor/AddressTemperatureSensor',
 '_Behavior__animationsStandBodyTalkSpeakingBodyTalk_41145096352__root_24',
 'Device/SubDeviceList/LWristYaw/Position/Actuator/Ki',
 'Device/SubDeviceList/LAnklePitch/Temperature/Sensor/TemperatureSensorType',
 '_Behavior__animationsStandEmotionsNeutralSneeze1083480744__root_20__sound__sound__PlaySound_4/Panorama',
 'Motion/Velocity/Sensor/RHipPitch',
 'Device/SubDeviceList/LAnklePitch/Temperature/Sensor/StartTemperature',
 'PassiveDiagnosisErrorChanged',
 '_Behavior__animationsStandReactionsBumpers_11093421952__root_4__onStopped',
 'Device/SubDeviceList/LAnklePitch/Temperature/Sensor/OtherMotorTransmission',
 '_Behavior__animationsStandEmotionsNegativeFear_11088849472__root_1__behavior_layer2__Sound__PlaySound_4/Panorama',
 'Device/SubDeviceList/LAnklePitch/Temperature/Sensor/ThermalResistance',
 'DCM/I2Cpath',
 '_Behavior__animationsSitWaitingPong_11047519312__root_2__fx__keyframe44__PlaySound_1/Panorama',
 'Device/SubDeviceList/LHipRoll/Position/Actuator/Kd',
 'Device/SubDeviceList/LAnklePitch/Temperature/Sensor/Status',
 'Device/SubDeviceList/LAnklePitch/Temperature/Sensor/SubDeviceNumber',
 'Device/SubDeviceList/LAnklePitch/Temperature/Sensor/Offset',
 'Device/SubDeviceList/LAnklePitch/Temperature/Sensor/Gain',
 'Device/SubDeviceList/LAnklePitch/ElectricCurrent/Sensor/Type',
 '_Behavior__diagnostic1043902184__root__Diagnostic_20',
 '_Behavior__animationsSitOnPodGesturesThis_2146690592__root_139',
 'Device/SubDeviceList/LAnklePitch/ElectricCurrent/Sensor/Register',
 'Device/SubDeviceList/LAnklePitch/ElectricCurrent/Sensor/SubDeviceNumber',
 'Device/SubDeviceList/LAnklePitch/ElectricCurrent/Sensor/Max',
 'Device/SubDeviceList/LAnklePitch/ElectricCurrent/Sensor/Min',
 'Motion/Torque/Command/RElbowRoll',
 'TemperatureStatusChanged',
 'Device/SubDeviceList/LAnklePitch/ElectricCurrent/Sensor/Offset',
 'Device/SubDeviceList/LAnklePitch/Hardness/Actuator/Device',
 'Device/SubDeviceList/HeadYaw/Hardness/Actuator/Offset',
 'Device/SubDeviceList/RWristYaw/Temperature/Sensor/OtherMotorTransmission',
 'Device/SubDeviceList/InertialSensor/GyroscopeY/Sensor/Name',
 'Device/SubDeviceList/LAnklePitch/Hardness/Actuator/Register',
 'Device/SubDeviceList/LAnklePitch/Hardness/Actuator/Max',
 'Device/SubDeviceList/LAnklePitch/Hardness/Actuator/Min',
 'Device/SubDeviceList/LAnklePitch/Position/Sensor/Device',
 'Diagnosis/Active/Ears/Led/Right/36Deg/Error',
 'Device/SubDeviceList/LAnklePitch/Position/Sensor/Type',
 'Device/SubDeviceList/LAnklePitch/Position/Sensor/positionChainMREMotor',
 'Motion/Position/Sensor/RHand',
 'Diagnosis/Passive/RFoot/FSR/RearLeft/Error',
 'Device/SubDeviceList/LAnklePitch/Position/Sensor/positionChainMREJoint',
 'SittingPeopleDetection/PersonSittingDown',
 'Device/SubDeviceList/LAnklePitch/Position/Sensor/jointZeroPosition',
 'Diagnosis/Passive/RFoot/Bumper/Left/Error',
 'Device/DeviceList/AlMemoryPlugin/Nack',
 'Device/SubDeviceList/LHipPitch/Position/Actuator/Max',
 'Device/SubDeviceList/LAnklePitch/Position/Sensor/Register',
 'Device/SubDeviceList/Face/Led/Blue/Right/270Deg/Actuator/Device',
 'Device/SubDeviceList/LAnklePitch/Position/Sensor/SubDeviceNumber',
 'Device/SubDeviceList/US/Right/Sensor/Max',
 'Motion/Velocity/Error/LAnklePitch',
 'Device/SubDeviceList/LAnklePitch/Position/Sensor/Name',
 '_Behavior__animationsSitWaitingMusic_VieEnRose_1145005520__root_8__Music__keyframe1__PlaySound_1/Volume (%)',
 'Device/SubDeviceList/LAnklePitch/Position/Actuator/Device',
 'Device/SubDeviceList/LKneePitch/Position/Actuator/Kp',
 '_ALBasicAwareness/IsPaused',
 'Device/SubDeviceList/Ears/Led/Right/72Deg/Actuator/Gain',
 'Device/SubDeviceList/LAnklePitch/Position/Actuator/Kd',
 'Device/SubDeviceList/LAnklePitch/Position/Actuator/Kp',
 'Device/SubDeviceList/LAnklePitch/Position/Actuator/Register',
 '_Behavior__animationsStandEmotionsPositiveLaugh_11097323680__root_1__behavior_layer2__Sound__PlaySound_4',
 'Diagnosis/Active/MicroRearRight/Error',
 '_Behavior__animationsSitWaitingMusic_HighwayToHell_11052737080__root_5__onStopped',
 'Device/SubDeviceList/LAnklePitch/Position/Actuator/SubDeviceNumber',
 'Device/SubDeviceList/LAnklePitch/Position/Sensor/MechanicalStopMin',
 'Device/DeviceList/TouchBoard/Address',
 'Device/SubDeviceList/LAnklePitch/Position/Actuator/Offset',
 'Device/SubDeviceList/LAnklePitch/Temperature/Sensor/Register',
 'Device/SubDeviceList/LAnklePitch/Position/Actuator/Gain',
 'Device/SubDeviceList/RHand/Touch/Back/Sensor/Min',
 '_Behavior__animationsStandGesturesThis_71068207680__root_144__onStopped',
 'Device/SubDeviceList/LAnklePitch/Position/Actuator/Name',
 'Device/SubDeviceList/Head/Led/Middle/Right/0/Actuator/Device',
 'Device/SubDeviceList/RAnkleRoll/Temperature/Sensor/Type',
 'Device/SubDeviceList/RAnkleRoll/Temperature/Sensor/WindingResistance',
 'Device/SubDeviceList/RAnkleRoll/Temperature/Sensor/StartTemperature',
 'Device/SubDeviceList/RAnkleRoll/Temperature/Sensor/ThermalResistance',
 '_Behavior__animationsSitEmotionsNegativeAngry_11055440824__root_1__behavior_layer2__Sound__PlaySound_1/Panorama',
 'Device/SubDeviceList/RAnkleRoll/Temperature/Sensor/motorModel',
 'Device/SubDeviceList/RAnkleRoll/Temperature/Sensor/Register',
 'Device/SubDeviceList/RAnkleRoll/Temperature/Sensor/Min',
 'Device/SubDeviceList/RAnkleRoll/Temperature/Sensor/Name',
 'Device/SubDeviceList/RAnkleRoll/ElectricCurrent/Sensor/Device',
 'Device/SubDeviceList/RAnkleRoll/ElectricCurrent/Sensor/Type',
 'Device/SubDeviceList/InertialSensor/GyrY/Sensor/Value',
 'Device/SubDeviceList/RAnkleRoll/ElectricCurrent/Sensor/ShuntResistance',
 'Device/SubDeviceList/LFoot/FSR/RearLeft/Sensor/Gain',
 'Device/SubDeviceList/RAnkleRoll/ElectricCurrent/Sensor/Register',
 'Device/SubDeviceList/Face/Led/Green/Right/270Deg/Actuator/Offset',
 '_Behavior__animationsStandEmotionsNegativeSurprise_31088783872__root_3__behavior_layer2__Sound__PlaySound_4/Panorama',
 'Diagnosis/Active/Face/Led/Blue/Left/135Deg/Error',
 'Diagnosis/Active/SpeakerLeft/Error',
 'Device/SubDeviceList/RAnkleRoll/ElectricCurrent/Sensor/Max',
 '_Behavior__animationsStandEmotionsNegativeAngry_1150295080__root_1__onStopped',
 'Device/SubDeviceList/RAnkleRoll/ElectricCurrent/Sensor/Min',
 'Device/SubDeviceList/RAnkleRoll/ElectricCurrent/Sensor/Offset',
 'Device/SubDeviceList/Face/Led/Blue/Left/90Deg/Actuator/Max',
 'Device/SubDeviceList/RAnkleRoll/ElectricCurrent/Sensor/Value',
 '_Behavior__animationsSitEmotionsNeutralSneeze_1159501992__root_1',
 'Device/SubDeviceList/RAnkleRoll/Hardness/Actuator/Device',
 'Diagnosis/Active/Face/Led/Green/Left/45Deg/Error',
 'Device/SubDeviceList/RAnkleRoll/Hardness/Actuator/Max',
 'Device/SubDeviceList/RElbowYaw/Temperature/Sensor/ThermalTimeConstant',
 'Device/SubDeviceList/RElbowYaw/Position/Actuator/Value',
 '_Behavior__animationsSitOnPodGesturesYou_31095083152__root_9__onStopped',
 'Device/DeviceList/LeftShoulderBoard/StructVersion',
 'Device/SubDeviceList/RAnkleRoll/Hardness/Actuator/Min',
 'Device/SubDeviceList/RHipPitch/Temperature/Sensor/Value',
 'Device/SubDeviceList/RAnkleRoll/Hardness/Actuator/Name',
 'Motion/IsMoving/LHipYawPitch',
 'Device/SubDeviceList/Face/Led/Green/Left/315Deg/Actuator/Type',
 'Diagnosis/Passive/RWristYaw/Error',
 'Device/SubDeviceList/RAnkleRoll/Position/Sensor/Device',
 'Device/SubDeviceList/RAnkleRoll/Position/Sensor/Type',
 'Device/SubDeviceList/Face/Led/Red/Left/315Deg/Actuator/Value',
 'Device/SubDeviceList/LFoot/FSR/TotalWeight/Sensor/SubDeviceNumber',
 'Device/SubDeviceList/RAnkleRoll/Position/Sensor/MechanicalStopMax',
 'Device/SubDeviceList/RAnkleRoll/Position/Sensor/GearRatio',
 'Device/SubDeviceList/RAnkleRoll/Position/Sensor/positionChainMREMotor',
 'Device/SubDeviceList/LElbowRoll/Position/Sensor/Device',
 'Device/SubDeviceList/RAnkleRoll/Position/Sensor/positionChainMREJoint',
 'Device/SubDeviceList/RAnkleRoll/Position/Sensor/SensorType',
 'DCM/HeatLogPath',
 'Device/SubDeviceList/RAnkleRoll/Position/Sensor/Register',
 'Device/SubDeviceList/RAnkleRoll/Position/Sensor/SubDeviceNumber',
 'Device/SubDeviceList/RAnkleRoll/Position/Sensor/Max',
 '_Behavior__animationsSitWaitingTakePicture_11049735936__root_1__Fx__keyframe57__PlaySound_3/Balance L/R',
 'Device/SubDeviceList/RAnkleRoll/Position/Sensor/Min',
 '_Behavior__animationsStandReactionsTouchHead_41090658912__root_6',
 'Device/SubDeviceList/RAnkleRoll/Position/Sensor/Offset',
 'Device/SubDeviceList/InertialSensor/AngleX/Sensor/Offset',
 'Device/SubDeviceList/RAnkleRoll/Position/Sensor/Gain',
 'Device/SubDeviceList/RAnkleRoll/Position/Actuator/Type',
 'Device/SubDeviceList/RAnkleRoll/Position/Actuator/PWMValue',
 'Device/SubDeviceList/RAnkleRoll/Position/Actuator/InvertControlDirection',
 'Device/SubDeviceList/RAnkleRoll/Position/Actuator/Max',
 '_Behavior__animationsStandGesturesEnthusiastic_11067928240__root_28__onStopped',
 'Diagnosis/Passive/Face/Led/Red/Left/45Deg/Error',
 'Device/SubDeviceList/RAnkleRoll/Position/Actuator/Min',
 'Device/SubDeviceList/RAnkleRoll/Position/Actuator/Gain',
 'Device/SubDeviceList/RAnkleRoll/Position/Actuator/Value',
 'Device/SubDeviceList/LElbowRoll/Position/Actuator/PWMValue',
 'Device/SubDeviceList/RAnkleRoll/Position/Actuator/Name',
 'Device/SubDeviceList/RAnklePitch/Temperature/Sensor/Device',
 'Device/SubDeviceList/RAnklePitch/Temperature/Sensor/TemperatureSensorType',
 'Device/SubDeviceList/RAnklePitch/Temperature/Sensor/StartTemperature',
 'Device/SubDeviceList/InertialSensor/GyroscopeX/Sensor/Name',
 'Device/SubDeviceList/RAnklePitch/Temperature/Sensor/ThermalTimeConstant',
 'Segmentation3D/SegmentationUpdated',
 'Device/SubDeviceList/RAnklePitch/Temperature/Sensor/motorModel',
 'ALLocalization/GoToFailed',
 'Device/SubDeviceList/LHipPitch/Position/Actuator/Register',
 'Device/SubDeviceList/RHand/Position/Sensor/SubDeviceNumber',
 'Device/SubDeviceList/RElbowRoll/Hardness/Actuator/SubDeviceNumber',
 'RightBumperPressed',
 'Motion/Velocity/Command/HeadPitch',
 'Device/SubDeviceList/RAnklePitch/Temperature/Sensor/Register',
 'Device/SubDeviceList/Face/Led/Red/Left/135Deg/Actuator/Max',
 'Device/SubDeviceList/RAnklePitch/Temperature/Sensor/SubDeviceNumber',
 'Diagnosis/Active/Face/Led/Green/Left/315Deg/Error',
 'Device/SubDeviceList/LElbowYaw/Position/Sensor/SubDeviceNumber',
 'Device/SubDeviceList/InertialSensor/AccY/Sensor/Min',
 'Device/SubDeviceList/RAnklePitch/Temperature/Sensor/Min',
 'Device/SubDeviceList/RAnklePitch/Temperature/Sensor/Offset',
 '_Behavior__animationsSitWaitingPuppet_1161066304__root_1__speech__speech_copy_copy__PlaySound_1/Volume (%)',
 'Device/SubDeviceList/RAnklePitch/Temperature/Sensor/Value',
 '_Behavior__animationsSitWaitingPlayHands_21046802440__root__onStopped',
 '_Behavior__animationsSitEmotionsNeutralAskForAttention_1159799912__root_2',
 'Motion/Torque/Sensor/HeadYaw',
 'Device/SubDeviceList/Ears/Led/Right/36Deg/Actuator/Gain',
 'Device/SubDeviceList/RAnklePitch/Hardness/Actuator/Device',
 'Device/SubDeviceList/LKneePitch/Temperature/Sensor/Type',
 'ALSentinel/BatteryLevel',
 '_Behavior__animationsStandReactionsEthernetOn_11093622920__root_1',
 'HAL/ShmFile',
 'Device/SubDeviceList/LFoot/FSR/CenterOfPressure/X/Sensor/Gain',
 'Device/SubDeviceList/RAnklePitch/Hardness/Actuator/Register',
 'Device/SubDeviceList/RAnklePitch/Hardness/Actuator/Max',
 'Device/SubDeviceList/RAnklePitch/Hardness/Actuator/Min',
 'Device/SubDeviceList/LElbowYaw/Temperature/Sensor/TemperatureSensorType',
 'Diagnosis/Passive/Face/Led/Red/Right/90Deg/Error',
 'Device/SubDeviceList/RAnklePitch/Hardness/Actuator/Offset',
 'Device/SubDeviceList/RAnklePitch/Hardness/Actuator/Value',
 'Device/SubDeviceList/RAnklePitch/Position/Sensor/Type',
 'Device/SubDeviceList/RAnklePitch/Position/Sensor/GearRatio',
 'Device/DeviceList/EarLeds/Address',
 'Device/SubDeviceList/RAnklePitch/Position/Sensor/positionChainMREMotor',
 'Device/DeviceList/ActuatorIfNoStiffnessPlugin/Bus',
 'Motion/Velocity/Sensor/LHipYawPitch',
 'Device/SubDeviceList/Face/Led/Red/Right/90Deg/Actuator/Name',
 'Device/SubDeviceList/RAnklePitch/Position/Sensor/jointZeroPosition',
 'Device/SubDeviceList/RFoot/Led/Blue/Actuator/Register',
 'Device/SubDeviceList/LAnklePitch/Temperature/Sensor/Max',
 'Device/SubDeviceList/SpecialJointLimitationPlugin/SpecialLimitHead/Min',
 'Device/SubDeviceList/LFoot/Led/Red/Actuator/Max',
 'Device/SubDeviceList/LShoulderRoll/Temperature/Sensor/Name',
 'Device/SubDeviceList/RAnklePitch/Position/Sensor/SensorType',
 'Diagnosis/Active/LFoot/Led/Green/Error',
 'Device/SubDeviceList/RAnklePitch/Position/Sensor/SubDeviceNumber',
 'Diagnosis/Active/Head/Led/Rear/Left/0/Error',
 'Device/SubDeviceList/RAnkleRoll/Temperature/Sensor/AmbientTemperature',
 'Device/SubDeviceList/Face/Led/Red/Left/0Deg/Actuator/Name',
 'Device/SubDeviceList/LKneePitch/Position/Sensor/Type',
 'Device/SubDeviceList/RAnklePitch/Position/Sensor/Min',
 'Device/SubDeviceList/Face/Led/Red/Right/0Deg/Actuator/Device',
 'Device/SubDeviceList/LHipYawPitch/Position/Actuator/MotorNumber',
 '_Behavior__animationsStandEmotionsNegativeSurprise_11094655520__root_1',
 'Diagnosis/Active/Face/Led/Green/Right/90Deg/Error',
 'Device/SubDeviceList/Head/Touch/Front/Sensor/Min',
 'Device/SubDeviceList/Face/Led/Green/Right/135Deg/Actuator/Gain',
 'Device/SubDeviceList/RAnklePitch/Position/Sensor/Value',
 '_Behavior__animationsStandGesturesDesperate_11131864288__root_23',
 'Device/SubDeviceList/Face/Led/Blue/Right/90Deg/Actuator/Min',
 'Device/SubDeviceList/RHand/Touch/Left/Sensor/Device',
 'Device/SubDeviceList/MaxCurrentPlugin/StiffnessDecrease/Gain',
 'Device/SubDeviceList/Face/Led/Blue/Left/135Deg/Actuator/Max',
 'Device/SubDeviceList/RAnklePitch/Position/Sensor/Name',
 'Navigation/AvoidanceNavigator/Status',
 'Device/SubDeviceList/HeadPitch/Position/Actuator/Min',
 'Device/SubDeviceList/RAnklePitch/Position/Actuator/Device',
 'Device/SubDeviceList/RWristYaw/Temperature/Sensor/SubDeviceNumber',
 'Device/SubDeviceList/RAnklePitch/Position/Actuator/Type',
 'Device/SubDeviceList/RAnklePitch/Position/Actuator/PWMValue',
 'Device/SubDeviceList/RHand/Hardness/Actuator/Type',
 'Navigation/AvoidanceNavigator/TrajectoryProgress',
 'Device/SubDeviceList/RAnklePitch/Position/Actuator/Ki',
 'Device/SubDeviceList/LWristYaw/Speed/Sensor/Value',
 'Device/SubDeviceList/Ears/Led/Right/252Deg/Actuator/Type',
 'Device/SubDeviceList/RAnklePitch/Position/Actuator/Register',
 '_Behavior__animationsStandGesturesPlease_21060771720__root_99',
 'Motion/Velocity/Error/RElbowRoll',
 'Device/SubDeviceList/RAnklePitch/Position/Actuator/Max',
 'RobotConfig/Head/FullHeadId',
 '_Behavior__animationsSitWaitingBored_11051886560__root__onStopped',
 'Device/SubDeviceList/RAnklePitch/Position/Actuator/Min',
 'Device/SubDeviceList/RFoot/FSR/FrontLeft/Sensor/SubDeviceNumber',
 'Device/SubDeviceList/RAnklePitch/Position/Actuator/Offset',
 'Motion/VirtualContact/LHand',
 'Device/SubDeviceList/InertialSensor/GyroscopeY/Sensor/Type',
 'Device/SubDeviceList/Face/Led/Green/Right/225Deg/Actuator/Offset',
 'Device/SubDeviceList/RAnklePitch/Position/Actuator/Name',
 '_Behavior__animationsStandBodyTalkSpeakingBodyTalk_13146019496__root_31',
 'Device/SubDeviceList/LHipPitch/Temperature/Sensor/Device',
 'Diagnosis/Active/HAL/Error',
 'Device/SubDeviceList/LHipPitch/Temperature/Sensor/Type',
 'Device/SubDeviceList/LHipPitch/Temperature/Sensor/WindingResistance',
 'Device/SubDeviceList/LHipPitch/Temperature/Sensor/StartTemperature',
 'Device/SubDeviceList/LHipPitch/Temperature/Sensor/OtherMotorTransmission',
 'Device/SubDeviceList/LHipPitch/Temperature/Sensor/motorModel',
 'Device/SubDeviceList/LHipPitch/Temperature/Sensor/Register',
 'Device/SubDeviceList/LHipPitch/Temperature/Sensor/SubDeviceNumber',
 'Device/SubDeviceList/LHipPitch/Temperature/Sensor/Max',
 'Device/SubDeviceList/LHipPitch/Temperature/Sensor/Offset',
 '_Behavior__animationsStandEmotionsNegativeExhausted_1150034048__root_1__onStopped',
 'Device/SubDeviceList/RHand/Touch/Right/Sensor/Max',
 'Device/SubDeviceList/LHipPitch/Temperature/Sensor/Gain',
 'Device/SubDeviceList/LHipPitch/Temperature/Sensor/Value',
 '_Behavior__animationsStandWaitingDriveCar_11073971056__root_1__sounds__carStart__PlaySound_3/File path',
 'Device/SubDeviceList/LHipPitch/Temperature/Sensor/Name',
 'Device/SubDeviceList/LWristYaw/Position/Sensor/Offset',
 'Device/SubDeviceList/US/Left/Sensor/Value1',
 'Device/SubDeviceList/LHand/Temperature/Sensor/Offset',
 'Device/SubDeviceList/LHipPitch/ElectricCurrent/Sensor/Device',
 '_Behavior__animationsStandReactionsTouchHead_31097419176__root_5__onStopped',
 'Diagnosis/Temperature/Face/Led/Red/Right/0Deg/Error',
 'Device/SubDeviceList/LAnklePitch/Temperature/Sensor/Min',
 'Device/SubDeviceList/LHipPitch/ElectricCurrent/Sensor/Type',
 'Launchpad/DurationPeopleNotSeen',
 '_Behavior__animationsSitWaitingLookHand_11051582296__root',
 'RobotConfig/Body/Device/ThermalCooling/Version',
 'Device/SubDeviceList/LHipPitch/ElectricCurrent/Sensor/ShuntResistance',
 'Device/SubDeviceList/LElbowRoll/Temperature/Sensor/Register',
 'Device/SubDeviceList/LHipPitch/ElectricCurrent/Sensor/CurrentType',
 'Device/SubDeviceList/LHipPitch/ElectricCurrent/Sensor/Min',
 'Device/SubDeviceList/LHipPitch/ElectricCurrent/Sensor/Value',
 'Device/SubDeviceList/LHipPitch/ElectricCurrent/Sensor/Name',
 'Device/SubDeviceList/LHipPitch/Hardness/Actuator/Type',
 'Device/SubDeviceList/LHipPitch/Hardness/Actuator/stiffnessDecreaseRate',
 'Device/SubDeviceList/LHipPitch/Hardness/Actuator/Register',
 'Device/SubDeviceList/RFoot/FSR/FrontRight/Sensor/Device',
 'Device/SubDeviceList/Ears/Led/Left/144Deg/Actuator/Min',
 'Device/SubDeviceList/LElbowYaw/Position/Sensor/Limit',
 'Device/SubDeviceList/LHipPitch/Hardness/Actuator/SubDeviceNumber',
 'Device/SubDeviceList/LHipPitch/Hardness/Actuator/Max',
 'Device/SubDeviceList/RElbowYaw/Position/Actuator/Device',
 'Device/SubDeviceList/LHipPitch/Hardness/Actuator/Gain',
 'Diagnosis/Active/Face/Led/Red/Right/270Deg/Error',
 'Diagnosis/Temperature/Ears/Led/Left/108Deg/Error',
 'ALPanoramaCompass/FullScanBegin',
 'Device/SubDeviceList/LHipPitch/Hardness/Actuator/Value',
 'Device/SubDeviceList/LHipPitch/Hardness/Actuator/Name',
 'Device/SubDeviceList/InertialSensor/GyrY/Sensor/Device',
 'Device/SubDeviceList/LHipPitch/Position/Sensor/Device',
 'Device/SubDeviceList/LHipPitch/Position/Sensor/MechanicalStopMax',
 '_Behavior__animationsStandEmotionsPositiveHappy_11084700288__root_1__onStopped',
 '_Behavior__animationsLEDCircleEyes1046285512__root_3',
 '_Behavior__animationsStandGesturesGive_5156096448__root_5__onStopped',
 'Device/SubDeviceList/LHipPitch/Position/Sensor/positionChainMREMotor',
 'Device/SubDeviceList/LHipPitch/Position/Sensor/positionChainMREJoint',
 'Device/SubDeviceList/InertialSensor/GyroscopeXZeroOffset/Sensor/SubDeviceNumber',
 'Device/DeviceList/EarLeds/Name',
 'Device/SubDeviceList/LHipPitch/Position/Sensor/jointZeroPosition',
 'Device/DeviceList/InitNaoDevicesPlugin/Type',
 'Device/SubDeviceList/RAnklePitch/Position/Sensor/Device',
 '_Behavior__animationsSitWaitingYawn_1159871504__root_31__onStopped',
 'Device/SubDeviceList/LHipPitch/Position/Sensor/Register',
 'Device/SubDeviceList/LHipPitch/Position/Sensor/Min',
 'Device/SubDeviceList/LHand/Touch/Right/Sensor/Name',
 'Device/SubDeviceList/LHipPitch/Position/Sensor/Offset',
 'Device/SubDeviceList/LHipPitch/Position/Sensor/Value',
 'Device/SubDeviceList/LHipPitch/Position/Actuator/Type',
 'Device/SubDeviceList/HeadPitch/Position/Actuator/Offset',
 'Device/SubDeviceList/LHipPitch/Position/Actuator/Kd',
 'Device/SubDeviceList/Face/Led/Red/Right/135Deg/Actuator/SubDeviceNumber',
 'Device/SubDeviceList/RHipRoll/Temperature/Sensor/AmbientTemperature',
 'Device/SubDeviceList/LHipPitch/Position/Actuator/Kp',
 'Device/SubDeviceList/Ears/Led/Right/324Deg/Actuator/Type',
 'Device/SubDeviceList/LHipPitch/Position/Actuator/InvertControlDirection',
 'Device/DeviceList/TimedCommandPlugin/Type',
 'Device/SubDeviceList/Battery/Current/Sensor/CurrentType',
 '_Behavior__animationsSitWaitingCallSomeone_11075323272__root_1__fx__keyframe62__PlaySound_1',
 'Device/SubDeviceList/LHipPitch/Position/Actuator/MotorNumber',
 'Device/SubDeviceList/InertialSensor/AccX/Sensor/Min',
 'Device/SubDeviceList/LKneePitch/Position/Sensor/SubDeviceNumber',
 'Device/SubDeviceList/LHipPitch/Position/Actuator/SubDeviceNumber',
 'Device/SubDeviceList/RWristYaw/ElectricCurrent/Sensor/ShuntResistance',
 '_Behavior__animationsStandEmotionsNegativeAngry_21088783704__root_2__sound__angry__PlaySound_4',
 '_Behavior__animationsStandEmotionsNegativeHurt_21095582000__root_3__onStopped',
 'ALLocalization/FullScanSuccess',
 'Device/SubDeviceList/LHipPitch/Position/Actuator/Min',
 '_Behavior__animationsSitBodyTalkThinkingThinkingLoop_21145655216__root_8__onStopped',
 'Device/SubDeviceList/LHipPitch/Position/Actuator/Offset',
 'Device/SubDeviceList/LKneePitch/Position/Actuator/IMax',
 'Device/SubDeviceList/LFoot/FSR/FrontRight/Sensor/XPosition',
 'Device/SubDeviceList/RWristYaw/Position/Actuator/PWMValue',
 'Device/SubDeviceList/LHipPitch/Position/Actuator/Gain',
 'Device/SubDeviceList/InertialSensor/GyroscopeY/Sensor/Device',
 'Device/SubDeviceList/LHipPitch/Position/Actuator/Name',
 '_Behavior__animationsStandEmotionsNegativeSad_11094563248__root_1__behavior_layer2__Sound__PlaySound_4/Play in loop',
 '_Behavior__animationsSitOnPodBodyTalkThinkingRemember_2145453096__root_1',
 'EngagementZones/LastMovementsInZone2',
 'Device/SubDeviceList/LKneePitch/Temperature/Sensor/WindingResistance',
 'Device/SubDeviceList/LKneePitch/Temperature/Sensor/TemperatureSensorType',
 'Device/SubDeviceList/LKneePitch/Temperature/Sensor/OtherMotorTransmission',
 'Device/SubDeviceList/LElbowYaw/Temperature/Sensor/motorModel',
 'Device/SubDeviceList/LKneePitch/Temperature/Sensor/motorModel',
 'Device/SubDeviceList/LKneePitch/Temperature/Sensor/SubDeviceNumber',
 'Device/SubDeviceList/RShoulderRoll/Hardness/Actuator/SubDeviceNumber',
 'Device/SubDeviceList/LKneePitch/Temperature/Sensor/Min',
 'Device/SubDeviceList/LKneePitch/Temperature/Sensor/Gain',
 '_Behavior__animationsStandWaitingCallSomeone_11081422200__root_1',
 'Device/SubDeviceList/LKneePitch/ElectricCurrent/Sensor/Device',
 'Device/SubDeviceList/LKneePitch/ElectricCurrent/Sensor/Type',
 'Device/DeviceList/RightFootBoard/StoredSerialNumber',
 'Device/SubDeviceList/LKneePitch/ElectricCurrent/Sensor/ShuntResistance',
 'Device/SubDeviceList/Face/Led/Red/Left/135Deg/Actuator/Device',
 'Device/SubDeviceList/LKneePitch/ElectricCurrent/Sensor/CurrentType',
 '_Behavior__animationsStandEmotionsPositiveHappy_11084700288__root_1',
 '_Behavior__animationsStandWaitingWakeUp_11082048920__root_1__Fx__keyframe383__PlaySound_1/Play in loop',
 'Device/SubDeviceList/LKneePitch/ElectricCurrent/Sensor/Register',
 'Device/SubDeviceList/LKneePitch/ElectricCurrent/Sensor/Value',
 '_Behavior__animationsStandReactionsSeeSomething_11095801632__root_14__onStopped',
 'Device/SubDeviceList/LKneePitch/ElectricCurrent/Sensor/Name',
 'Device/SubDeviceList/LKneePitch/Hardness/Actuator/Device',
 'Device/SubDeviceList/LKneePitch/Hardness/Actuator/Type',
 'Device/SubDeviceList/LKneePitch/Hardness/Actuator/Register',
 'Device/SubDeviceList/LKneePitch/Hardness/Actuator/SubDeviceNumber',
 'Device/SubDeviceList/LKneePitch/Hardness/Actuator/Min',
 'Device/SubDeviceList/InertialSensor/AngleY/Sensor/Gain',
 'Device/SubDeviceList/LKneePitch/Hardness/Actuator/Value',
 'Motion/Velocity/Sensor/RElbowRoll',
 'Device/SubDeviceList/LFoot/FSR/RearLeft/Sensor/Device',
 'Device/SubDeviceList/LKneePitch/Position/Sensor/Limit',
 'Device/SubDeviceList/LKneePitch/Position/Sensor/GearRatio',
 'Device/SubDeviceList/LKneePitch/Position/Sensor/positionChainMREJoint',
 '_Behavior__animationsStandBodyTalkThinkingThinkingLoop_1145452872__root_4',
 '_Behavior__animationsStandGesturesStretch_1155248184__root_126__onStopped',
 'Device/SubDeviceList/LKneePitch/Position/Sensor/jointZeroPosition',
 '_Behavior__animationsStandEmotionsNegativeSad_11094563248__root_1__onStopped',
 'Diagnosis/Passive/Ears/Led/Left/288Deg/Error',
 'HotDeviceDetected',
 'Device/SubDeviceList/LKneePitch/Position/Sensor/SensorType',
 'Device/SubDeviceList/RElbowRoll/ElectricCurrent/Sensor/CurrentType',
 'Device/SubDeviceList/LKneePitch/Position/Sensor/Max',
 'Diagnosis/Temperature/Face/Led/Red/Right/90Deg/Error',
 'Motion/Torque/Sensor/RHipYawPitch',
 'Device/SubDeviceList/LKneePitch/Position/Sensor/Offset',
 'Device/SubDeviceList/RFoot/FSR/RearLeft/Sensor/Register',
 'Device/SubDeviceList/LKneePitch/Position/Actuator/Device',
 'Device/SubDeviceList/RAnklePitch/Position/Sensor/Limit',
 '_Behavior__animationsSitWaitingRobot_11048153360__root_23',
 'ALMotionRecorder/CurrentFrame',
 'Device/SubDeviceList/LKneePitch/Position/Actuator/PWMValue',
 'Device/SubDeviceList/RAnklePitch/Temperature/Sensor/ThermalResistance',
 'Device/SubDeviceList/LKneePitch/Position/Actuator/Ki',
 'ALChestButton/DoubleClickOccurred',
 'Device/SubDeviceList/RAnkleRoll/Hardness/Actuator/Gain',
 'Device/SubDeviceList/RAnklePitch/Position/Actuator/Kp',
 'Device/SubDeviceList/LKneePitch/Position/Actuator/InvertControlDirection',
 '_Behavior__animationsStandGesturesThis_41075689936__root_141__onStopped',
 'Device/SubDeviceList/LKneePitch/Position/Actuator/MotorNumber',
 'Device/SubDeviceList/LKneePitch/Position/Actuator/Register',
 'Device/SubDeviceList/LKneePitch/Position/Actuator/Offset',
 '_Behavior__animationsSitEmotionsNeutralAskForAttention_21051179856__root_1__behavior_layer2__Sound__PlaySound_1/File path',
 'Device/SubDeviceList/LKneePitch/Position/Actuator/Value',
 'Device/SubDeviceList/RHipPitch/Temperature/Sensor/Type',
 'ALMemory/KeyAdded',
 'Device/SubDeviceList/Face/Led/Green/Left/270Deg/Actuator/Register',
 'Device/SubDeviceList/RHipPitch/Temperature/Sensor/AddressTemperatureSensor',
 'Device/SubDeviceList/RHipPitch/Temperature/Sensor/TemperatureSensorType',
 'Device/SubDeviceList/RHipPitch/Temperature/Sensor/StartTemperature',
 '_Behavior__animationsStandEmotionsNeutralAskForAttention_1152054176__root_1__behavior_layer2__SayPssst__PlaySound_4/File path',
 'Device/SubDeviceList/LAnklePitch/ElectricCurrent/Sensor/Value',
 'Device/SubDeviceList/SpecialJointLimitationPlugin/SpecialLimitRAnkle/SecondAngleMax',
 '_Behavior__animationsStandEmotionsPositiveExcited_21090439408__root_2',
 '_Behavior__animationsStandGesturesShoot_11060059592__root_1',
 'Diagnosis/Passive/Ears/Led/Left/324Deg/Error',
 'Device/SubDeviceList/LAnkleRoll/Position/Sensor/Value',
 'Device/SubDeviceList/RHipPitch/Temperature/Sensor/ThermalResistance',
 'Device/SubDeviceList/RHipPitch/Temperature/Sensor/motorModel',
 'Device/SubDeviceList/RWristYaw/Position/Actuator/Offset',
 'Device/SubDeviceList/RHipPitch/Temperature/Sensor/SubDeviceNumber',
 '_Behavior__animationsStandGesturesMe_11068555384__root_76__onStopped',
 '_Behavior__animationsSitOnPodGesturesNo_81095891248__root_2',
 '_Behavior__animationsSitWaitingPuppet_1161066304__root_1__speech__speech_copy_copy_copy__PlaySound_1/Panorama',
 'Device/SubDeviceList/RHipPitch/Temperature/Sensor/Max',
 'Device/DeviceList/LeftShoulderBoard/Bid',
 'Device/SubDeviceList/RHipPitch/Temperature/Sensor/Min',
 'Device/SubDeviceList/RFoot/FSR/FrontRight/Sensor/YPosition',
 '_Behavior__animationsStandGesturesThinking_11060718640__root_130__onStopped',
 'Device/DeviceList/LeftShoulderBoard/RobotId',
 'Device/SubDeviceList/Battery/Temperature/Sensor/WindingResistance',
 'Device/SubDeviceList/RHipPitch/Temperature/Sensor/Gain',
 'Diagnosis/Passive/USSensor3/Error',
 'Device/SubDeviceList/RHipPitch/Temperature/Sensor/Name',
 'Motion/Velocity/Command/LAnklePitch',
 'Device/SubDeviceList/RHipPitch/ElectricCurrent/Sensor/Device',
 'Diagnosis/Active/Face/Led/Blue/Left/0Deg/Error',
 'Device/SubDeviceList/RHipPitch/ElectricCurrent/Sensor/ShuntResistance',
 'Device/SubDeviceList/RHipPitch/ElectricCurrent/Sensor/CurrentType',
 'Device/SubDeviceList/RHipPitch/ElectricCurrent/Sensor/Register',
 'Device/SubDeviceList/RHipPitch/ElectricCurrent/Sensor/Min',
 'Device/SubDeviceList/RKneePitch/ElectricCurrent/Sensor/Offset',
 'Device/SubDeviceList/LHipPitch/Position/Sensor/SubDeviceNumber',
 'Device/SubDeviceList/LAnklePitch/Hardness/Actuator/Gain',
 'Device/SubDeviceList/RHipPitch/ElectricCurrent/Sensor/Gain',
 'Diagnosis/Temperature/CameraBottom/Error',
 'Device/SubDeviceList/LElbowRoll/Temperature/Sensor/AddressTemperatureSensor',
 'Device/SubDeviceList/RHipPitch/ElectricCurrent/Sensor/Value',
 'Device/SubDeviceList/RElbowRoll/Hardness/Actuator/Gain',
 'Device/SubDeviceList/InertialSensor/AccelerometerZ/Sensor/Type',
 'Motion/IsMoving/RHipYawPitch',
 'Device/SubDeviceList/LWristYaw/Position/Sensor/positionChainMREJoint',
 'Device/SubDeviceList/LHand/Touch/Back/Sensor/Value',
 'Device/SubDeviceList/LElbowYaw/Position/Sensor/MechanicalStopMax',
 'Device/SubDeviceList/RHipPitch/ElectricCurrent/Sensor/Name',
 'Segmentation3D/BlobTrackerUpdated',
 'Device/SubDeviceList/RHipPitch/Hardness/Actuator/Device',
 '_Behavior__diagnostic1043902184__root__Diagnostic_20__behavior_layer1__diagnostic__WakeUp_11__Fx__keyframe77__PlaySound_1/File path',
 '_Behavior__animationsSitWaitingAutoFormat_11045385624__root_1__onStopped',
 'Device/SubDeviceList/RHipPitch/Hardness/Actuator/Max',
 '_Behavior__animationsStandGesturesHide_11070319832__root_61',
 'Device/SubDeviceList/RHipPitch/Hardness/Actuator/Offset',
 'Device/DeviceList/RightHandBoard/Nack',
 'Device/SubDeviceList/RHipYawPitch/Temperature/Sensor/Status',
 'Device/SubDeviceList/HeadPitch/Position/Sensor/Gain',
 'Device/SubDeviceList/RHipPitch/Position/Sensor/Device',
 'Device/SubDeviceList/RHipPitch/Temperature/Sensor/Device',
 'Device/SubDeviceList/RHipPitch/Position/Sensor/Type',
 'Device/SubDeviceList/RHipPitch/Position/Sensor/MechanicalStopMin',
 'Device/SubDeviceList/Battery/Charge/Sensor/EndOfLife',
 'Device/SubDeviceList/LShoulderPitch/ElectricCurrent/Sensor/Min',
 'Device/SubDeviceList/RHipPitch/Position/Sensor/Limit',
 'Device/SubDeviceList/RHipPitch/Position/Sensor/positionChainMREMotor',
 'Device/SubDeviceList/RHipPitch/Position/Sensor/positionChainMREJoint',
 '_Behavior__animationsStandEmotionsNegativeAngry_21088783704__root_2',
 'Device/SubDeviceList/RHipPitch/Position/Sensor/jointZeroPosition',
 'Device/SubDeviceList/RFoot/FSR/FrontRight/Sensor/SubDeviceNumber',
 'Device/DeviceList/FaceBoard/Available',
 'Device/SubDeviceList/RElbowRoll/Position/Sensor/Register',
 '_Behavior__animationMode1554920712__root__AnimationMode_2__TouchControl_1',
 'Device/SubDeviceList/RHand/Touch/Right/Sensor/Min',
 'Device/SubDeviceList/RHipPitch/Position/Sensor/SubDeviceNumber',
 'Device/SubDeviceList/RShoulderRoll/Hardness/Actuator/Device',
 'Device/SubDeviceList/RHipPitch/Position/Sensor/Offset',
 'Device/SubDeviceList/LElbowYaw/ElectricCurrent/Sensor/Gain',
 'Device/SubDeviceList/RHipPitch/Position/Actuator/Device',
 'Device/SubDeviceList/RHipPitch/Position/Actuator/Kd',
 'Device/SubDeviceList/RHipPitch/Position/Actuator/Ki',
 'Device/SubDeviceList/RAnklePitch/ElectricCurrent/Sensor/Value',
 '_Behavior__animationsSitWaitingScratchHead_11048967752__root__onStopped',
 'Device/SubDeviceList/RHipPitch/Position/Actuator/InvertControlDirection',
 'Device/SubDeviceList/LShoulderPitch/Hardness/Actuator/Name',
 'Motion/VirtualContact/RFootRL',
 '_Behavior__animationsStandEmotionsNeutralHesitation_11083050312__root_1__onStopped',
 'Device/SubDeviceList/Head/Led/Rear/Right/0/Actuator/Device',
 'Device/SubDeviceList/RHipPitch/Position/Actuator/MotorNumber',
 'Device/SubDeviceList/RHipPitch/Position/Actuator/SubDeviceNumber',
 'Motion/Velocity/Sensor/RShoulderRoll',
 'Device/SubDeviceList/RHipPitch/Position/Actuator/Max',
 'Device/SubDeviceList/Face/Led/Red/Left/0Deg/Actuator/Device',
 'Device/SubDeviceList/LShoulderPitch/ElectricCurrent/Sensor/Device',
 'Device/SubDeviceList/RHipPitch/Position/Actuator/Min',
 'Device/SubDeviceList/RHipPitch/Position/Actuator/Value',
 'Device/SubDeviceList/RKneePitch/Temperature/Sensor/Type',
 'Device/SubDeviceList/InertialSensor/GyroscopeXZeroOffset/Sensor/Gain',
 'Device/SubDeviceList/RKneePitch/Temperature/Sensor/WindingResistance',
 '_Behavior__animationsSitEmotionsPositiveHungry_11055755664__root_34__Fx2__keyframe89__PlaySound_1/Volume (%)',
 'Device/SubDeviceList/RKneePitch/Temperature/Sensor/AddressTemperatureSensor',
 'Device/SubDeviceList/RHand/ElectricCurrent/Sensor/Device',
 'Device/SubDeviceList/RKneePitch/Temperature/Sensor/OtherMotorTransmission',
 'ALTracker/ArmTracking/Stopped',
 '_Behavior__animationsSitEmotionsPositiveLaugh_21050846024__root_1__behavior_layer2__keyframe7__PlaySound_1/Begin position (s)',
 'Device/SubDeviceList/RKneePitch/Temperature/Sensor/AmbientTemperature',
 'Device/SubDeviceList/RHipPitch/Position/Sensor/GearRatio',
 'Device/SubDeviceList/RKneePitch/Temperature/Sensor/ThermalTimeConstant',
 'Diagnosis/Temperature/Face/Led/Blue/Left/90Deg/Error',
 'Device/SubDeviceList/RKneePitch/Temperature/Sensor/Gain',
 '_Behavior__animationsStandGesturesCalmDown_41075693336__root_8__onStopped',
 '_Behavior__animationsStandWaitingWakeUp_11082048920__root_1',
 'Device/SubDeviceList/RHand/Position/Sensor/Device',
 'Device/SubDeviceList/RKneePitch/Temperature/Sensor/Value',
 'Device/SubDeviceList/RKneePitch/ElectricCurrent/Sensor/Device',
 'Device/SubDeviceList/RKneePitch/ElectricCurrent/Sensor/Type',
 'Device/SubDeviceList/US/Left/Sensor/Value2',
 'Device/SubDeviceList/RKneePitch/ElectricCurrent/Sensor/SubDeviceNumber',
 '_Behavior__animationsSitOnPodGesturesEverything_61097477408__root_37__onStopped',
 'Device/SubDeviceList/RKneePitch/ElectricCurrent/Sensor/Min',
 'Device/SubDeviceList/HeadPitch/Temperature/Sensor/WindingResistance',
 'Device/SubDeviceList/RKneePitch/ElectricCurrent/Sensor/Gain',
 'Device/SubDeviceList/ChestBoard/Led/Green/Actuator/Gain',
 'Device/SubDeviceList/RKneePitch/ElectricCurrent/Sensor/Value',
 'Device/SubDeviceList/RKneePitch/ElectricCurrent/Sensor/Name',
 'Device/SubDeviceList/RHand/Temperature/Sensor/OtherMotorTransmission',
 'Device/SubDeviceList/RKneePitch/Hardness/Actuator/Device',
 'Device/SubDeviceList/LHipPitch/Position/Sensor/SensorType',
 'Device/SubDeviceList/RHand/Position/Actuator/IMax',
 'Device/SubDeviceList/RElbowRoll/Temperature/Sensor/AddressTemperatureSensor',
 'Device/SubDeviceList/RKneePitch/Hardness/Actuator/Register',
 'Device/SubDeviceList/InertialSensor/AngleX/Sensor/SubDeviceNumber',
 'Device/SubDeviceList/US/Right/Sensor/Type',
 'Device/SubDeviceList/Face/Led/Green/Left/315Deg/Actuator/Offset',
 'Device/SubDeviceList/RKneePitch/Hardness/Actuator/SubDeviceNumber',
 'Device/DeviceList/GridEyePlugin/Name',
 'Device/SubDeviceList/RKneePitch/Hardness/Actuator/Min',
 'Device/SubDeviceList/Face/Led/Green/Right/45Deg/Actuator/Offset',
 'Device/SubDeviceList/RKneePitch/Hardness/Actuator/Offset',
 'Device/SubDeviceList/RKneePitch/Hardness/Actuator/Value',
 'Device/SubDeviceList/RKneePitch/Hardness/Actuator/Name',
 'Device/SubDeviceList/RKneePitch/Position/Sensor/MechanicalStopMax',
 'Device/DeviceList/LeftArmBoard/Error',
 '_Behavior__animationsStandReactionsHeat_11095572384__root_3__onStopped',
 'Device/SubDeviceList/RKneePitch/Position/Sensor/MechanicalStopMin',
 'Device/SubDeviceList/RWristYaw/Position/Sensor/positionChainMREMotor',
 'ALMotion/Safety/ChainVelocityClipped',
 'Device/SubDeviceList/LKneePitch/Position/Sensor/Name',
 'Device/SubDeviceList/LFoot/FSR/CenterOfPressure/Y/Sensor/Name',
 'Device/SubDeviceList/RFoot/FSR/RearRight/Sensor/Device',
 'Device/SubDeviceList/RKneePitch/Position/Sensor/positionChainMREJoint',
 '_Behavior__animationsStandReactionsSeeSomething_11095801632__root_14__LED__keyframe1__blinkRandom_5',
 'Device/SubDeviceList/RKneePitch/Position/Sensor/Register',
 'Device/SubDeviceList/RKneePitch/Position/Sensor/SubDeviceNumber',
 'Device/SubDeviceList/InertialSensor/AccelerometerY/Sensor/SubDeviceNumber',
 'Device/SubDeviceList/RKneePitch/Position/Sensor/Min',
 'Device/SubDeviceList/LKneePitch/Hardness/Actuator/Name',
 'Device/DeviceList/TimedCommandPlugin/Priority',
 'Device/SubDeviceList/RKneePitch/Position/Sensor/Offset',
 'Motion/Obstacles/Distance/RLeg',
 'Device/SubDeviceList/RKneePitch/Position/Sensor/Gain',
 'Device/SubDeviceList/RKneePitch/Position/Sensor/Name',
 'Device/SubDeviceList/RKneePitch/Position/Actuator/Device',
 'Device/SubDeviceList/Face/Led/Green/Right/135Deg/Actuator/Max',
 'Device/SubDeviceList/RKneePitch/Position/Actuator/IMax',
 '_Behavior__animationsStandGesturesGive_41068835864__root_57',
 'Diagnosis/Temperature/Ears/Led/Right/0Deg/Error',
 'Device/SubDeviceList/RKneePitch/Position/Actuator/Ki',
 '_Behavior__animationsSitBodyTalkSpeakingBodyTalk_11146237408__root_14__onStopped',
 'Device/SubDeviceList/LHand/Hardness/Actuator/Max',
 'Device/SubDeviceList/RKneePitch/Position/Actuator/InvertControlDirection',
 'EngagementZones/PeopleInZone1',
 'Device/SubDeviceList/RKneePitch/Position/Actuator/MotorNumber',
 'Device/SubDeviceList/RKneePitch/Position/Actuator/Max',
 'Motion/Walk/NbStep',
 'Device/SubDeviceList/Face/Led/Blue/Right/270Deg/Actuator/Offset',
 'Device/SubDeviceList/RKneePitch/Position/Actuator/Min',
 '_Behavior__animationsSitOnPodGesturesThis_91131129656__root_146__onStopped',
 'Device/SubDeviceList/RKneePitch/Position/Actuator/Offset',
 '_Behavior__animationsStandWaitingMonster_11071701208__root_6__Fx__keyframe59__PlaySound_1/Begin position (s)',
 'Device/SubDeviceList/ChestBoard/Led/Green/Actuator/Value',
 'Device/SubDeviceList/RKneePitch/Position/Actuator/Value',
 '_Behavior__animationsSitOnPodGesturesMe_21131325480__root_77__onStopped',
 'Device/SubDeviceList/US/Right/Sensor/Value4',
 'Device/SubDeviceList/RKneePitch/Position/Actuator/Name',
 '_Behavior__animationsStandEmotionsPositiveEcstatic_11084233048__root_1',
 'Device/SubDeviceList/LHipYawPitch/Temperature/Sensor/Type',
 '_Behavior__animationsStandEmotionsNeutralHesitation_11083050312__root_1__behavior_layer2__Sound__PlaySound_4/Volume (%)',
 'Device/SubDeviceList/LHipYawPitch/Temperature/Sensor/TemperatureSensorType',
 '_Behavior__animationsSitOnPodGesturesNo_61095986640__root_89',
 'Device/SubDeviceList/LHipYawPitch/Temperature/Sensor/StartTemperature',
 'Device/SubDeviceList/LHipYawPitch/Temperature/Sensor/AmbientTemperature',
 'Device/SubDeviceList/LHipYawPitch/Temperature/Sensor/ThermalTimeConstant',
 'Device/SubDeviceList/LHipYawPitch/Temperature/Sensor/ThermalResistance',
 'Device/SubDeviceList/LHipYawPitch/Temperature/Sensor/motorModel',
 'NetworkServiceAdded',
 'Device/SubDeviceList/LHipYawPitch/Temperature/Sensor/Status',
 '_Behavior__diagnostic1043902184__root__Diagnostic_20__behavior_layer1__diagnostic__WakeUp_11__Fx__keyframe476__PlaySound_1/Play in loop',
 'Device/SubDeviceList/LHipYawPitch/Temperature/Sensor/SubDeviceNumber',
 'Device/SubDeviceList/LHipYawPitch/Temperature/Sensor/Max',
 '_Behavior__animationsSitOnPodGesturesHey_2148664784__root_9__onStopped',
 'Device/SubDeviceList/LHipYawPitch/Temperature/Sensor/Min',
 'Device/SubDeviceList/RFoot/Led/Red/Actuator/Name',
 'Device/SubDeviceList/RHand/Temperature/Sensor/Max',
 'Device/SubDeviceList/LHipYawPitch/Temperature/Sensor/Value',
 'Device/SubDeviceList/LHipYawPitch/Temperature/Sensor/Name',
 'Device/SubDeviceList/RElbowYaw/Position/Sensor/Offset',
 'Motion/Position/Sensor/LKneePitch',
 'Device/SubDeviceList/LHipYawPitch/ElectricCurrent/Sensor/Device',
 '_Behavior__animationsSitOnPodGesturesHeSays_31092671120__root_60',
 'Device/SubDeviceList/InertialSensor/GyroscopeX/Sensor/SubDeviceNumber',
 'Device/SubDeviceList/LHipYawPitch/ElectricCurrent/Sensor/Max',
 'Device/SubDeviceList/LHipYawPitch/ElectricCurrent/Sensor/Min',
 '_Behavior__animationsSitReactionsEthernetOff_11131512376__root_2__onStopped',
 'Device/SubDeviceList/LHipYawPitch/ElectricCurrent/Sensor/Gain',
 'Device/DeviceList/TestRobotVersionPlugin/Address',
 'Device/SubDeviceList/InitMotorBoardPlugin/InitializedMotorboardCount/NewValueFloat',
 'Diagnosis/Temperature/Ears/Led/Left/324Deg/Error',
 'Device/SubDeviceList/LHipYawPitch/ElectricCurrent/Sensor/Name',
 'Device/SubDeviceList/LHipYawPitch/Hardness/Actuator/Device',
 'Device/SubDeviceList/LHipYawPitch/Hardness/Actuator/stiffnessDecreaseRate',
 'Device/SubDeviceList/LHipYawPitch/Hardness/Actuator/Register',
 '_Behavior__animationsStandReactionsBumpers_21090657032__root_3__onStopped',
 'Device/SubDeviceList/LAnkleRoll/Hardness/Actuator/Device',
 'Device/SubDeviceList/InertialSensor/GyroscopeY/Sensor/Offset',
 '_Behavior__diagnostic1043902184__root__Diagnostic_20__behavior_layer1__init__Say_15/Voice shaping (%)',
 'RobotConfig/Body/Device/FSR/Version',
 '_Behavior__animationsStandWaitingScratchBack_11086499096__root_6__onStopped',
 'Device/SubDeviceList/Ears/Led/Right/252Deg/Actuator/Name',
 'Device/SubDeviceList/RFoot/FSR/RearLeft/Sensor/Device',
 '_Behavior__animationsStandEmotionsNegativeAngry_31095536256__root_3__onStopped',
 'Device/SubDeviceList/LHipYawPitch/Hardness/Actuator/Max',
 'Diagnosis/Active/LLeg/Error',
 'Device/SubDeviceList/LHipYawPitch/Hardness/Actuator/Min',
 'Device/SubDeviceList/LHipPitch/Temperature/Sensor/TemperatureSensorType',
 'Device/SubDeviceList/LHipYawPitch/Hardness/Actuator/Offset',
 'Device/SubDeviceList/RHipRoll/Hardness/Actuator/Max',
 'Device/SubDeviceList/LHipYawPitch/Hardness/Actuator/Gain',
 'Device/SubDeviceList/LHand/Position/Actuator/PWMValue',
 'Device/SubDeviceList/LHipYawPitch/Hardness/Actuator/Value',
 '_Behavior__animationsStandGesturesMe_6155670896__root_81',
 'Device/SubDeviceList/LFoot/FSR/CenterOfPressure/X/Sensor/Value',
 'Motion/Position/Error/LElbowYaw',
 '_Behavior__animationsStandWaitingFitness_31078953400__root_4__onStopped',
 'Device/SubDeviceList/Face/Led/Red/Left/225Deg/Actuator/Value',
 'Device/SubDeviceList/LHipYawPitch/Position/Sensor/Device',
 'Device/SubDeviceList/LHipYawPitch/Position/Sensor/Type',
 'Device/SubDeviceList/Head/Led/Rear/Left/1/Actuator/Register',
 'Device/SubDeviceList/LHipYawPitch/Position/Sensor/MechanicalStopMin',
 'Device/SubDeviceList/LHipYawPitch/Position/Sensor/Limit',
 'Motion/Position/Sensor/HeadYaw',
 '_Behavior__diagnostic1043902184__root__Diagnostic_20/Voice shaping (%)',
 'Motion/Velocity/Max/RLeg',
 'Device/SubDeviceList/RHipPitch/Hardness/Actuator/SubDeviceNumber',
 'Device/SubDeviceList/LHipYawPitch/Position/Sensor/positionChainMREJoint',
 'NetworkDefaultTechnologyChanged',
 'AutonomousLife/State',
 'Device/SubDeviceList/LHipYawPitch/Position/Sensor/Register',
 'Diagnosis/Passive/LHand/Touch/Back/Error',
 'Device/SubDeviceList/LHipYawPitch/Position/Sensor/SubDeviceNumber',
 'Device/SubDeviceList/LHipYawPitch/Position/Sensor/Max',
 'Device/SubDeviceList/RHipRoll/Position/Sensor/Offset',
 'Device/SubDeviceList/Face/Led/Blue/Left/45Deg/Actuator/Name',
 'Device/SubDeviceList/LHipYawPitch/Position/Sensor/Min',
 'NetworkConnectStatus',
 'Device/SubDeviceList/LHipYawPitch/Position/Sensor/Offset',
 'Device/SubDeviceList/LHipYawPitch/Position/Sensor/Gain',
 'Device/SubDeviceList/LAnkleRoll/Temperature/Sensor/Min',
 'Device/SubDeviceList/RShoulderPitch/Temperature/Sensor/motorModel',
 'Device/SubDeviceList/LHipYawPitch/Position/Sensor/Value',
 'Device/SubDeviceList/NaoSpecialPlugin/Special/Actuator/Min',
 'Device/SubDeviceList/LHipYawPitch/Position/Actuator/Type',
 'Device/SubDeviceList/InertialSensor/AngleY/Sensor/Offset',
 '_Behavior__animationsStandGesturesShowFloor_41061325120__root_111',
 'Device/SubDeviceList/LHipYawPitch/Position/Actuator/Kd',
 'Device/SubDeviceList/RFoot/FSR/CenterOfPressure/Y/Sensor/Device',
 '_Behavior__diagnostic1043902184__root__Diagnostic_20__behavior_layer1__diagnostic__WakeUp_11__Fx__keyframe77__PlaySound_1/Begin position (s)',
 'Device/SubDeviceList/LHipYawPitch/Position/Actuator/Kp',
 'Device/SubDeviceList/LHipYawPitch/Position/Actuator/SubDeviceNumber',
 '_Behavior__animationsStandEmotionsPositiveExcited_31085480200__root_3',
 '_Behavior__animationsStandGesturesNext_11065500368__root_7',
 'Device/SubDeviceList/LHipYawPitch/Position/Actuator/Max',
 'Device/DeviceList/InertialSensor/ProgVersion',
 'Device/SubDeviceList/RHand/Touch/Left/Sensor/Gain',
 'Device/SubDeviceList/LHipYawPitch/Position/Actuator/Min',
 'Device/SubDeviceList/LHipYawPitch/Position/Actuator/Offset',
 'Device/SubDeviceList/LHipYawPitch/Position/Actuator/Gain',
 '_Behavior__animationsSitOnPodGesturesWhatSThis_141097336608__root_166',
 'Device/SubDeviceList/LHipRoll/Temperature/Sensor/Device',
 'Device/SubDeviceList/LHipRoll/Temperature/Sensor/Type',
 'Device/SubDeviceList/LHipRoll/Temperature/Sensor/AddressTemperatureSensor',
 'Device/SubDeviceList/LHipRoll/Temperature/Sensor/TemperatureSensorType',
 'ALPanoramaCompass/HalfScanInsufficient',
 'Device/SubDeviceList/LHipRoll/Temperature/Sensor/StartTemperature',
 'Device/DeviceList/RightShoulderBoard/Bid',
 'Device/SubDeviceList/LHipRoll/Temperature/Sensor/OtherMotorTransmission',
 'Device/SubDeviceList/LHipRoll/Temperature/Sensor/AmbientTemperature',
 'DCM/CycleTimeErrorCounter',
 'Device/SubDeviceList/LHipRoll/Temperature/Sensor/ThermalResistance',
 '_Behavior__animationsStandEmotionsNegativeSurprise_11094655520__root_1__onStopped',
 'Device/SubDeviceList/LHipRoll/Temperature/Sensor/Status',
 'Device/DeviceList/InitNaoDevicesPlugin/Available',
 'Diagnosis/Active/Head/Led/Rear/Left/2/Error',
 'SonarNothingDetected',
 'Diagnosis/Temperature/LHand/Touch/Right/Error',
 'Device/SubDeviceList/LHipRoll/Temperature/Sensor/Max',
 '_Behavior__animationsStandReactionsSeeColor_11090627112__root_3',
 'Device/SubDeviceList/InertialSensor/GyroscopeYZeroOffset/Sensor/Register',
 'ALLocalization/OdometryBegin',
 'Device/SubDeviceList/RAnkleRoll/Position/Sensor/Name',
 'Device/DeviceList/iocommunicationPlugin/Nack',
 'Device/SubDeviceList/US/Sensor/Value2',
 'Device/SubDeviceList/LHipRoll/Temperature/Sensor/Min',
 '_Behavior__animationsStandWaitingCallSomeone_11081422200__root_1__fx__keyframe62__PlaySound_1/Panorama',
 'Device/SubDeviceList/LHipRoll/Temperature/Sensor/Value',
 'Motion/Velocity/Command/LHipPitch',
 'Device/SubDeviceList/LHipRoll/ElectricCurrent/Sensor/Device',
 '_Behavior__animationsSitWaitingLookHand_2160855592__root',
 'Diagnosis/Active/Face/Led/Red/Left/180Deg/Error',
 'Device/SubDeviceList/RAnkleRoll/Speed/Sensor/Value',
 'Device/SubDeviceList/LHipYawPitch/Temperature/Sensor/Gain',
 'Device/SubDeviceList/LHipRoll/ElectricCurrent/Sensor/Register',
 'Device/SubDeviceList/LHipRoll/ElectricCurrent/Sensor/SubDeviceNumber',
 'Device/SubDeviceList/LHipRoll/ElectricCurrent/Sensor/Max',
 'Device/SubDeviceList/LHipRoll/ElectricCurrent/Sensor/Value',
 '_Behavior__animationsSitOnPodGesturesThis_71131972488__root_144',
 'Motion/Torque/Command/RHipYawPitch',
 'Device/SubDeviceList/LHipRoll/ElectricCurrent/Sensor/Name',
 '_Behavior__animationsSitWaitingMusic_HighwayToHell_11052737080__root_5__Music__keyframe29__PlaySound_1/File path',
 'Device/SubDeviceList/LHipRoll/Hardness/Actuator/Device',
 'Device/SubDeviceList/LHipRoll/Hardness/Actuator/Type',
 'Device/SubDeviceList/LHipRoll/Hardness/Actuator/Register',
 '_Behavior__animationsSitEmotionsPositiveHappy_31063777448__root_1__onStopped',
 '_Behavior__animationsSitOnPodGesturesWhatSThis_11096947512__root_153',
 'Device/SubDeviceList/Face/Led/Green/Left/90Deg/Actuator/SubDeviceNumber',
 '_Behavior__animationsStandReactionsBumperRight_1148852544__root_4',
 'Device/SubDeviceList/InertialSensor/AccZ/Sensor/Gain',
 'Device/SubDeviceList/InertialSensor/AccelerometerY/Sensor/Min',
 '_Behavior__animationsSitOnPodGesturesThis_11131159800__root_138',
 'Device/SubDeviceList/LHipRoll/Hardness/Actuator/SubDeviceNumber',
 'Device/DeviceList/RightArmBoard/BootLoaderVersion',
 'Device/SubDeviceList/RFoot/FSR/TotalWeight/Sensor/Name',
 'Device/SubDeviceList/LHipRoll/Hardness/Actuator/Min',
 'Device/SubDeviceList/LHipRoll/Hardness/Actuator/Offset',
 '_Behavior__animationsStandEmotionsNegativeAngry_31095536256__root_3__sound__angry__PlaySound_4/Play in loop',
 'Device/SubDeviceList/LHipRoll/Hardness/Actuator/Name',
 'Device/SubDeviceList/LHipRoll/Position/Sensor/Device',
 'Device/SubDeviceList/LHipPitch/Temperature/Sensor/Status',
 'Device/SubDeviceList/LShoulderRoll/Position/Actuator/PWMValue',
 'Device/SubDeviceList/LHipRoll/Position/Sensor/Type',
 'Device/SubDeviceList/LHipRoll/Position/Sensor/MechanicalStopMax',
 'Device/SubDeviceList/LHipRoll/Position/Sensor/Limit',
 'Device/SubDeviceList/LHand/Touch/Back/Sensor/Register',
 'Device/DeviceList/iocommunicationPlugin/Available',
 'Device/SubDeviceList/LHipRoll/Position/Sensor/positionChainMREMotor',
 'Device/SubDeviceList/LHipRoll/Position/Sensor/jointZeroPosition',
 'Device/SubDeviceList/LHipRoll/Position/Sensor/SensorType',
 'Device/SubDeviceList/LHipRoll/Position/Sensor/SubDeviceNumber',
 'Device/SubDeviceList/LHipRoll/Position/Sensor/Max',
 'Device/SubDeviceList/LHipRoll/Position/Sensor/Offset',
 'Device/SubDeviceList/LHipRoll/Position/Sensor/Gain',
 'Device/SubDeviceList/RAnkleRoll/Position/Sensor/Limit',
 'Device/SubDeviceList/LHipRoll/Position/Sensor/Name',
 '_Behavior__animationsStandGesturesExcited_11061221512__root_38__onStopped',
 'Device/SubDeviceList/LHipRoll/Position/Actuator/Type',
 'Device/SubDeviceList/Face/Led/Blue/Right/45Deg/Actuator/Value',
 'Motion/Position/Sensor/LShoulderRoll',
 'Device/SubDeviceList/RHand/Position/Actuator/PWMValue',
 'Device/SubDeviceList/LHipRoll/Position/Actuator/PWMValue',
 '_Behavior__animationsStandEmotionsPositiveConfident_11085573160__root_1',
 '_Behavior__animationsStandGesturesReject_21132805872__root_102__onStopped',
 'Diagnosis/Temperature/Ears/Led/Left/0Deg/Error',
 'Device/SubDeviceList/LHipRoll/Position/Actuator/Kp',
 'Device/SubDeviceList/LHipRoll/Position/Actuator/InvertControlDirection',
 'Device/SubDeviceList/LHipRoll/Position/Actuator/SubDeviceNumber',
 'Device/DeviceList/ClientSyncPlugin/Nack',
 '_Behavior__animationsSitOnPodGesturesWhatSThis_141097336608__root_166__onStopped',
 'Device/SubDeviceList/Face/Led/Green/Right/270Deg/Actuator/Gain',
 'Device/SubDeviceList/LHipRoll/Position/Actuator/Min',
 'Device/SubDeviceList/HeadPitch/Position/Sensor/Limit',
 '_Behavior__animationsStandEmotionsPositiveExcited_11086552760__root_1__onStopped',
 'Device/SubDeviceList/LElbowRoll/Position/Sensor/SubDeviceNumber',
 'Device/SubDeviceList/LHipRoll/Position/Actuator/Offset',
 'Device/SubDeviceList/LHipRoll/Position/Actuator/Gain',
 'Device/SubDeviceList/LHipRoll/Position/Actuator/Value',
 'Diagnosis/Temperature/RWristYaw/Error',
 'Device/SubDeviceList/LHipRoll/Position/Actuator/Name',
 'Device/SubDeviceList/RHipRoll/Temperature/Sensor/Device',
 'Device/SubDeviceList/RHipRoll/Temperature/Sensor/WindingResistance',
 'Device/SubDeviceList/Ears/Led/Right/180Deg/Actuator/Register',
 'Device/SubDeviceList/RAnkleRoll/Temperature/Sensor/AddressTemperatureSensor',
 'Device/SubDeviceList/RHipRoll/Temperature/Sensor/TemperatureSensorType',
 '_Behavior__animationsStandWaitingDriveCar_11073971056__root_1__sounds__hey__PlaySound_3/Volume (%)',
 'Device/SubDeviceList/RHipRoll/Temperature/Sensor/StartTemperature',
 'Device/SubDeviceList/RHipRoll/Temperature/Sensor/ThermalResistance',
 '_Behavior__animationsStandBodyTalkListeningListeningLeft_11130576248__root_5__onStopped',
 'Device/SubDeviceList/RHipRoll/Temperature/Sensor/motorModel',
 'Device/SubDeviceList/LShoulderPitch/Temperature/Sensor/OtherMotorTransmission',
 'Device/SubDeviceList/RHipRoll/Temperature/Sensor/Status',
 'Device/SubDeviceList/RHipRoll/Temperature/Sensor/Register',
 'Device/SubDeviceList/RHipRoll/Temperature/Sensor/SubDeviceNumber',
 'Device/SubDeviceList/NaoSpecialPlugin/Special/Actuator/Register',
 'Device/SubDeviceList/LWristYaw/Hardness/Actuator/Max',
 'Device/SubDeviceList/InertialSensor/AccelerometerX/Sensor/Max',
 'Device/DeviceList/USBoard/Error',
 'Device/SubDeviceList/RHand/Touch/Right/Sensor/Value',
 'Device/SubDeviceList/RHipRoll/Temperature/Sensor/Offset',
 '_Behavior__animationsSitBodyTalkSpeakingBodyTalk_41141922232__root_8__onStopped',
 '_Behavior__animationsSitWaitingRelaxation_31051180576__root',
 'Device/SubDeviceList/RHipRoll/Temperature/Sensor/Gain',
 'Device/SubDeviceList/RHipRoll/Temperature/Sensor/Value',
 'Device/SubDeviceList/LShoulderPitch/Temperature/Sensor/Offset',
 'Device/SubDeviceList/RHipRoll/Temperature/Sensor/Name',
 'Diagnosis/Temperature/LFoot/FSR/FrontLeft/Error',
 'Device/SubDeviceList/RHipRoll/ElectricCurrent/Sensor/ShuntResistance',
 'Device/SubDeviceList/RFoot/Bumper/Left/Sensor/Type',
 'Device/SubDeviceList/RHipRoll/ElectricCurrent/Sensor/CurrentType',
 'Diagnosis/Passive/Ears/Led/Left/0Deg/Error',
 'Device/SubDeviceList/RHipRoll/ElectricCurrent/Sensor/Register',
 'Device/SubDeviceList/RHipRoll/ElectricCurrent/Sensor/SubDeviceNumber',
 '_Behavior__animationsSitWaitingMusic_HighwayToHell_11052737080__root_5__Speech__keyframe712__Say_1',
 'Device/SubDeviceList/RKneePitch/Temperature/Sensor/ThermalResistance',
 'Device/SubDeviceList/RHipRoll/ElectricCurrent/Sensor/Max',
 '_Behavior__default_launchpad_pluginsNetwork1043891208__root',
 'Diagnosis/Temperature/Ears/Led/Left/252Deg/Error',
 'Device/SubDeviceList/RHipRoll/ElectricCurrent/Sensor/Min',
 'Device/SubDeviceList/RHipRoll/ElectricCurrent/Sensor/Offset',
 'Device/SubDeviceList/RHipRoll/ElectricCurrent/Sensor/Gain',
 'Device/SubDeviceList/RHipRoll/Hardness/Actuator/Device',
 'Device/SubDeviceList/RHipRoll/Hardness/Actuator/Type',
 'Device/SubDeviceList/Face/Led/Green/Left/0Deg/Actuator/Value',
 'Device/SubDeviceList/LHand/Touch/Right/Sensor/Value',
 'Device/SubDeviceList/RHipRoll/Hardness/Actuator/SubDeviceNumber',
 'Device/SubDeviceList/LHipYawPitch/Position/Sensor/Name',
 'Device/SubDeviceList/RHipRoll/Hardness/Actuator/Offset',
 '_Behavior__animationsStandGesturesYes_2154405808__root_5__onStopped',
 'Device/SubDeviceList/Ears/Led/Left/252Deg/Actuator/Name',
 'Device/SubDeviceList/RHipRoll/Hardness/Actuator/Gain',
 'Diagnosis/Passive/Head/Led/Middle/Right/0/Error',
 '_Behavior__animationsStandEmotionsNegativeAngry_21088783704__root_2__onStopped',
 '_Behavior__animationsStandGesturesIDontKnow_31060100672__root_65',
 'Device/DeviceList/MemberIdentificationPlugin/Address',
 'Device/SubDeviceList/RHipRoll/Position/Sensor/Device',
 'Device/SubDeviceList/LShoulderRoll/Hardness/Actuator/Value',
 'Device/SubDeviceList/RHipRoll/Position/Sensor/Type',
 '/Preferences',
 'Device/SubDeviceList/RHipRoll/Position/Sensor/MechanicalStopMax',
 'Device/SubDeviceList/RHipRoll/Position/Sensor/Limit',
 'Device/SubDeviceList/RHipRoll/Position/Sensor/positionChainMREMotor',
 'Diagnosis/Temperature/CameraTop/Error',
 'Device/SubDeviceList/RHipRoll/Position/Sensor/positionChainMREJoint',
 'Device/SubDeviceList/RHipRoll/Position/Sensor/jointZeroPosition',
 '_Behavior__animationsSitWaitingRobot_11048153360__root_23__fx__r2d2__PlaySound_1/Volume (%)',
 'Device/SubDeviceList/LWristYaw/ElectricCurrent/Sensor/Gain',
 'Device/SubDeviceList/RHipRoll/Position/Sensor/Register',
 '_Behavior__animationsStandWaitingKungFu_1153306320__root_6',
 'Device/SubDeviceList/RHipRoll/Position/Sensor/SubDeviceNumber',
 'Device/SubDeviceList/LFoot/Led/Green/Actuator/Offset',
 '_Behavior__animationsStandBodyTalkListeningListeningLeft_11130576248__root_5',
 'Device/SubDeviceList/RHipRoll/Position/Sensor/Max',
 'Device/SubDeviceList/RHipRoll/Position/Sensor/Gain',
 'Launchpad/Hour',
 'Motion/Position/Command/RHipRoll',
 'Device/SubDeviceList/RHipRoll/Position/Sensor/Value',
 'Device/SubDeviceList/RHipRoll/Position/Sensor/Name',
 'Device/SubDeviceList/SpecialJointLimitationPlugin/SpecialLimitHead/SecondAngleMax',
 'Device/SubDeviceList/RHipRoll/Position/Actuator/Device',
 'ALAnimatedSpeech/EndOfAnimatedSpeech',
 'Device/SubDeviceList/RHipRoll/Position/Actuator/IMax',
 'Device/SubDeviceList/LHipRoll/Hardness/Actuator/Max',
 'Device/SubDeviceList/RHipRoll/Position/Actuator/MotorNumber',
 'Device/SubDeviceList/RHipRoll/Position/Actuator/SubDeviceNumber',
 '_Behavior__animationsSitOnPodBodyTalkSpeakingBodyTalk_31130599336__root_4__onStopped',
 'Device/SubDeviceList/RHipRoll/Position/Actuator/Max',
 'Device/SubDeviceList/RHipRoll/Position/Actuator/Gain',
 'Device/SubDeviceList/RElbowRoll/ElectricCurrent/Sensor/Register',
 'Device/SubDeviceList/RHipRoll/Position/Actuator/Value',
 'Device/SubDeviceList/RShoulderRoll/Temperature/Sensor/Device',
 'Device/SubDeviceList/RShoulderRoll/Temperature/Sensor/Type',
 'Device/SubDeviceList/RShoulderRoll/Temperature/Sensor/WindingResistance',
 'Device/SubDeviceList/RShoulderRoll/Temperature/Sensor/TemperatureSensorType',
 'Device/SubDeviceList/LKneePitch/Position/Actuator/Name',
 'Device/SubDeviceList/RShoulderRoll/Temperature/Sensor/StartTemperature',
 'Device/SubDeviceList/RAnkleRoll/Temperature/Sensor/OtherMotorTransmission',
 'Device/SubDeviceList/RShoulderRoll/Temperature/Sensor/AmbientTemperature',
 'Device/SubDeviceList/RAnkleRoll/Position/Sensor/Value',
 'Device/SubDeviceList/RShoulderRoll/Temperature/Sensor/ThermalTimeConstant',
 '_Behavior__animationsSitOnPodGesturesWhatSThis_131095968472__root_165__onStopped',
 '_Behavior__animationsSitWaitingRobot_11048153360__root_23__onStopped',
 'Device/SubDeviceList/LFoot/FSR/CenterOfPressure/Y/Sensor/Register',
 '_Behavior__animationsStandWaitingHelicopter_11081372184__root_1__Fx__keyframe1__PlaySound_1',
 'Device/SubDeviceList/RShoulderRoll/Temperature/Sensor/Status',
 'Diagnosis/Temperature/LShoulderPitch/Error',
 'Device/SubDeviceList/RShoulderRoll/Temperature/Sensor/Register',
 'Device/SubDeviceList/RShoulderRoll/Temperature/Sensor/SubDeviceNumber',
 'Device/SubDeviceList/RShoulderRoll/Temperature/Sensor/Min',
 'Device/SubDeviceList/RHipPitch/Hardness/Actuator/stiffnessDecreaseRate',
 '_Behavior__animationsStandGesturesLook_21133464680__root_75__onStopped',
 'Device/SubDeviceList/RShoulderRoll/Temperature/Sensor/Offset',
 'Device/SubDeviceList/RShoulderRoll/Temperature/Sensor/Gain',
 'Diagnosis/Active/RHand/Touch/Back/Error',
 'Device/SubDeviceList/RShoulderRoll/Temperature/Sensor/Name',
 'Device/SubDeviceList/RShoulderRoll/ElectricCurrent/Sensor/ShuntResistance',
 'Device/SubDeviceList/RShoulderRoll/ElectricCurrent/Sensor/CurrentType',
 'Device/SubDeviceList/RShoulderRoll/ElectricCurrent/Sensor/Register',
 'Device/DeviceList/RightArmBoard/Nack',
 'Diagnosis/Temperature/LElbowYaw/Error',
 'Device/SubDeviceList/RShoulderRoll/ElectricCurrent/Sensor/SubDeviceNumber',
 'Device/SubDeviceList/RShoulderRoll/ElectricCurrent/Sensor/Max',
 'Device/SubDeviceList/RShoulderRoll/ElectricCurrent/Sensor/Min',
 'Device/SubDeviceList/RShoulderRoll/ElectricCurrent/Sensor/Gain',
 '_Behavior__animationsStandWaitingMysticalPower_11080598232__root_10__Fx__keyframe50__PlaySound_1',
 'Device/SubDeviceList/Ears/Led/Left/180Deg/Actuator/Max',
 'Device/SubDeviceList/RFoot/FSR/RearRight/Sensor/Offset',
 'Device/SubDeviceList/RShoulderRoll/Hardness/Actuator/Type',
 'Device/SubDeviceList/RShoulderRoll/Hardness/Actuator/Max',
 'Device/SubDeviceList/RShoulderRoll/Hardness/Actuator/Min',
 'rightFootContact',
 'Device/SubDeviceList/RShoulderRoll/Hardness/Actuator/Name',
 'Device/SubDeviceList/RHipPitch/Temperature/Sensor/Register',
 'Device/SubDeviceList/RShoulderRoll/Position/Sensor/Type',
 '_Behavior__animationsSitWaitingGeoTriangle_1159925832__root_1',
 'Device/SubDeviceList/RShoulderRoll/Position/Sensor/Limit',
 'Motion/IsMoving/RHipRoll',
 'Device/SubDeviceList/RAnkleRoll/Temperature/Sensor/Gain',
 'Motion/Position/Sensor/RShoulderRoll',
 'Device/SubDeviceList/RShoulderRoll/Position/Sensor/positionChainMREMotor',
 'Device/SubDeviceList/US/Sensor/Type',
 '_Behavior__animationsStandGesturesAngry_31088271976__root_3',
 'Device/SubDeviceList/RShoulderRoll/Position/Sensor/positionChainMREJoint',
 '_Behavior__animationsStandWaitingHideHands_11083214384__root_11__onStopped',
 'Diagnosis/Active/MicroFrontLeft/Error',
 'Motion/VirtualContact/RHand',
 'Device/SubDeviceList/RShoulderRoll/Position/Sensor/jointZeroPosition',
 'Device/SubDeviceList/RShoulderRoll/Position/Sensor/Register',
 'Device/SubDeviceList/RShoulderRoll/Position/Sensor/SubDeviceNumber',
 'Device/SubDeviceList/US/Left/Sensor/Value7',
 'Device/SubDeviceList/RShoulderRoll/Position/Sensor/Max',
 'Device/SubDeviceList/InertialSensor/AngleY/Sensor/Register',
 'Device/SubDeviceList/RShoulderRoll/Position/Sensor/Min',
 'Device/SubDeviceList/RShoulderRoll/Position/Sensor/Offset',
 'Device/SubDeviceList/RShoulderRoll/Position/Sensor/Gain',
 'Device/DeviceList/FaceBoard/BootLoaderVersion',
 'Device/SubDeviceList/Face/Led/Blue/Left/225Deg/Actuator/Min',
 'Device/SubDeviceList/RShoulderRoll/Position/Sensor/Value',
 'Device/SubDeviceList/RShoulderRoll/Position/Sensor/Name',
 'Device/SubDeviceList/RShoulderRoll/Position/Actuator/Device',
 'Device/SubDeviceList/RKneePitch/Temperature/Sensor/Max',
 'Device/SubDeviceList/RShoulderRoll/Position/Actuator/Type',
 '_Behavior__animationsStandGesturesClaw_2155350920__root_18__onStopped',
 '_Behavior__animationsStandWaitingCallSomeone_11081422200__root_1__fx__keyframe62__PlaySound_1/Begin position (s)',
 'Device/SubDeviceList/InertialSensor/AngleZ/Sensor/Register',
 'Device/SubDeviceList/RShoulderRoll/Position/Actuator/PWMValue',
 'Device/SubDeviceList/RAnklePitch/Temperature/Sensor/AmbientTemperature',
 'Device/SubDeviceList/RShoulderRoll/Position/Actuator/Ki',
 '_Behavior__animationsStandGesturesGive_21061262992__root_55',
 'Device/SubDeviceList/RAnkleRoll/Position/Actuator/IMax',
 'Device/SubDeviceList/RShoulderRoll/Position/Actuator/Kp',
 'DCM/CycleTimeErrorLastTime',
 'Device/DeviceList/LeftArmBoard/currentCalibrationResultMotor2',
 'Device/SubDeviceList/RHand/Position/Actuator/Register',
 'Device/SubDeviceList/RShoulderRoll/Position/Actuator/MotorNumber',
 '_Behavior__animationsStandGesturesCoaxing_21132019136__root_20__onStopped',
 '_Behavior__animationsSitOnPodGesturesWhatSThis_71097033496__root_159__onStopped',
 'Device/SubDeviceList/Battery/Charge/Sensor/Offset',
 'Device/SubDeviceList/RShoulderRoll/Position/Actuator/Gain',
 'Device/SubDeviceList/RShoulderRoll/Position/Actuator/Register',
 '_Behavior__animationsSitOnPodBodyTalkSpeakingBodyTalk_121132487832__root_6__onStopped',
 'Device/SubDeviceList/RShoulderRoll/Position/Actuator/SubDeviceNumber',
 'Device/SubDeviceList/RShoulderRoll/Position/Actuator/Min',
 '_Behavior__animationsSitBodyTalkThinkingRemember_2145733056__root_3__onStopped',
 'Device/SubDeviceList/RShoulderRoll/Position/Actuator/Offset',
 'Device/SubDeviceList/RShoulderRoll/Position/Actuator/Name',
 'Dialog/Hour',
 'Device/SubDeviceList/RShoulderPitch/Temperature/Sensor/Device',
 'Device/SubDeviceList/RShoulderPitch/Temperature/Sensor/WindingResistance',
 'Device/SubDeviceList/RShoulderPitch/Temperature/Sensor/AddressTemperatureSensor',
 'Device/SubDeviceList/Face/Led/Red/Left/135Deg/Actuator/Min',
 'Diagnosis/Temperature/MicroRearLeft/Error',
 'Device/SubDeviceList/RShoulderPitch/Temperature/Sensor/TemperatureSensorType',
 'Device/SubDeviceList/LAnkleRoll/Temperature/Sensor/AddressTemperatureSensor',
 'Device/SubDeviceList/RShoulderPitch/Temperature/Sensor/AmbientTemperature',
 'Device/SubDeviceList/RShoulderPitch/Temperature/Sensor/Register',
 '_Behavior__animationsStandGesturesYouKnowWhat_51061263424__root_180__onStopped',
 'Device/SubDeviceList/RShoulderPitch/Temperature/Sensor/SubDeviceNumber',
 'Device/SubDeviceList/RShoulderPitch/Temperature/Sensor/Max',
 'Device/SubDeviceList/RShoulderPitch/Temperature/Sensor/Min',
 'Device/SubDeviceList/HeadYaw/Speed/Sensor/Value',
 'Device/SubDeviceList/RShoulderPitch/Temperature/Sensor/Offset',
 'Device/SubDeviceList/InertialSensor/AccelerometerY/Sensor/Type',
 'Device/SubDeviceList/RShoulderPitch/Temperature/Sensor/Value',
 'Device/SubDeviceList/RShoulderPitch/Temperature/Sensor/Name',
 'Device/DeviceList/RightHandBoard/currentCalibrationResultMotor2',
 'Device/SubDeviceList/NaoSpecialPlugin/Special/Actuator/Gain',
 'Device/SubDeviceList/RShoulderPitch/ElectricCurrent/Sensor/Type',
 '_Behavior__animationsStandWaitingSpaceShuttle_11075332920__root_1__onStopped',
 'Device/SubDeviceList/RShoulderPitch/ElectricCurrent/Sensor/SubDeviceNumber',
 'Device/SubDeviceList/RShoulderPitch/ElectricCurrent/Sensor/Min',
 '_Behavior__animationsStandGesturesAngry_21066999064__root_2__onStopped',
 '_Behavior__animationsStandEmotionsPositiveInterested_21082498128__root_2__behavior_layer2__Sound__PlaySound_4/Begin position (s)',
 'Device/SubDeviceList/RHipRoll/Position/Actuator/Register',
 'Device/SubDeviceList/RShoulderPitch/ElectricCurrent/Sensor/Offset',
 'Diagnosis/Active/ChestBoard/Led/Red/Error',
 'Diagnosis/Active/Face/Led/Red/Left/225Deg/Error',
 'Device/SubDeviceList/RShoulderPitch/ElectricCurrent/Sensor/Value',
 'Device/SubDeviceList/RShoulderPitch/Hardness/Actuator/Type',
 'Device/SubDeviceList/RShoulderPitch/Hardness/Actuator/Register',
 'ALTextToSpeech/TextStarted',
 'Device/DeviceList/TouchBoard/Nack',
 'Device/SubDeviceList/RShoulderPitch/Hardness/Actuator/Offset',
 'HandLeftBackTouched',
 'Device/DeviceList/FaceBoard/Address',
 'Device/SubDeviceList/RShoulderPitch/Hardness/Actuator/Gain',
 'Device/SubDeviceList/RShoulderPitch/Position/Sensor/Device',
 'Device/SubDeviceList/RShoulderPitch/Position/Sensor/MechanicalStopMax',
 'Diagnosis/Active/MicroRearLeft/Error',
 'Device/SubDeviceList/RShoulderPitch/Position/Sensor/Limit',
 'Device/SubDeviceList/RShoulderPitch/Position/Sensor/positionChainMREMotor',
 'Diagnosis/Passive/Face/Led/Red/Right/180Deg/Error',
 'Device/SubDeviceList/Face/Led/Red/Right/270Deg/Actuator/Min',
 'Device/SubDeviceList/LShoulderRoll/ElectricCurrent/Sensor/Device',
 'Device/SubDeviceList/LKneePitch/Position/Sensor/Gain',
 'Device/SubDeviceList/RShoulderPitch/Position/Actuator/Kp',
 'Device/SubDeviceList/RShoulderPitch/Position/Sensor/positionChainMREJoint',
 'Device/SubDeviceList/Face/Led/Green/Right/135Deg/Actuator/Register',
 'Device/SubDeviceList/RShoulderPitch/Position/Sensor/SensorType',
 'Diagnosis/Active/Ears/Led/Left/288Deg/Error',
 'Device/SubDeviceList/RShoulderPitch/Position/Sensor/Register',
 'Motion/Velocity/Command/RElbowRoll',
 'Diagnosis/Temperature/Head/Touch/Front/Error',
 'Diagnosis/Passive/Head/Led/Middle/Left/0/Error',
 'Device/SubDeviceList/LShoulderPitch/Temperature/Sensor/Gain',
 'Device/SubDeviceList/LKneePitch/ElectricCurrent/Sensor/SubDeviceNumber',
 'Device/SubDeviceList/RShoulderPitch/Position/Sensor/SubDeviceNumber',
 'Device/SubDeviceList/RShoulderPitch/Position/Sensor/Min',
 'Device/SubDeviceList/LAnkleRoll/ElectricCurrent/Sensor/Register',
 'Device/SubDeviceList/RShoulderPitch/Position/Sensor/Offset',
 'Device/SubDeviceList/RShoulderPitch/Position/Sensor/Gain',
 'Device/SubDeviceList/RShoulderPitch/Position/Actuator/Device',
 'Device/SubDeviceList/RShoulderPitch/Position/Actuator/IMax',
 '_Behavior__animationsStandGesturesDesperate_31065164784__root_25__onStopped',
 'Device/SubDeviceList/RHand/Temperature/Sensor/Status',
 'Motion/IsMoving/LWristYaw',
 'Device/SubDeviceList/InertialSensor/AccelerometerZ/Sensor/Value',
 'Device/SubDeviceList/RShoulderPitch/Position/Actuator/Ki',
 'RearTactilTouched',
 '_Behavior__animationsStandEmotionsPositiveHungry_11084702832__root_33__Fx2__keyframe89__PlaySound_1/Volume (%)',
 'Device/SubDeviceList/RShoulderPitch/Position/Actuator/MotorNumber',
 'Device/SubDeviceList/RShoulderPitch/Position/Actuator/Register',
 'Device/DeviceList/ChestBoard/Error',
 'Device/SubDeviceList/LHipPitch/Position/Actuator/Device',
 'Device/SubDeviceList/RShoulderPitch/Position/Actuator/Max',
 'Device/SubDeviceList/RShoulderPitch/Position/Actuator/Value',
 'Device/SubDeviceList/LShoulderRoll/Temperature/Sensor/Device',
 'Device/SubDeviceList/LShoulderRoll/Temperature/Sensor/Type',
 'Device/SubDeviceList/LShoulderRoll/Temperature/Sensor/WindingResistance',
 'Device/SubDeviceList/LShoulderRoll/Temperature/Sensor/AddressTemperatureSensor',
 'Device/SubDeviceList/LShoulderRoll/Temperature/Sensor/TemperatureSensorType',
 'Device/SubDeviceList/LShoulderRoll/Temperature/Sensor/StartTemperature',
 'Device/SubDeviceList/LShoulderRoll/Temperature/Sensor/OtherMotorTransmission',
 'Device/SubDeviceList/PreferencesPlugin/ChangePreference/Min',
 'Diagnosis/Temperature/RHand/Touch/Left/Error',
 'Device/SubDeviceList/LShoulderRoll/Temperature/Sensor/ThermalTimeConstant',
 'Device/SubDeviceList/LShoulderRoll/Temperature/Sensor/ThermalResistance',
 'Device/SubDeviceList/LShoulderRoll/Temperature/Sensor/motorModel',
 '_Behavior__animationsSitEmotionsPositiveHappy_21051145816__root_1__onStopped',
 'Device/SubDeviceList/LShoulderRoll/Temperature/Sensor/SubDeviceNumber',
 '_Behavior__animationsSitOnPodGesturesMe_11759646904__root_76',
 '_Behavior__animationsStandBodyTalkThinkingThinkingLoop_1145452872__root_4__onStopped',
 'Device/SubDeviceList/LElbowRoll/ElectricCurrent/Sensor/Register',
 'Device/SubDeviceList/LAnklePitch/Position/Actuator/Type',
 'Device/SubDeviceList/LKneePitch/Temperature/Sensor/AmbientTemperature',
 '_Behavior__animationsSitEmotionsNegativeLate_1156291080__root_1__behavior_layer2__Sound__PlaySound_1/Begin position (s)',
 'Device/SubDeviceList/LShoulderRoll/Temperature/Sensor/Max',
 '_Behavior__animationsStandWaitingScratchLeg_1153368816__root_11__onStopped',
 'Device/SubDeviceList/LElbowRoll/Position/Actuator/Register',
 'Device/SubDeviceList/InertialSensor/AngleZ/Sensor/Type',
 'Device/SubDeviceList/LShoulderRoll/ElectricCurrent/Sensor/Type',
 'Motion/Position/Error/LShoulderRoll',
 'Device/SubDeviceList/LShoulderRoll/ElectricCurrent/Sensor/CurrentType',
 '_Behavior__animationsSitEmotionsNegativeLate_1156291080__root_1__behavior_layer2__Sound__PlaySound_1/Volume (%)',
 'Device/SubDeviceList/HeadYaw/Temperature/Sensor/AddressTemperatureSensor',
 'Device/SubDeviceList/RHipRoll/Temperature/Sensor/OtherMotorTransmission',
 '_Behavior__animationsSitWaitingBored_11051886560__root',
 'Device/SubDeviceList/DcmLostPlugin/StiffnessDecrease/Slow/Register',
 'Device/SubDeviceList/LShoulderRoll/ElectricCurrent/Sensor/SubDeviceNumber',
 '_Behavior__animationsStandEmotionsNegativeBored_2150049344__root_1',
 'Device/SubDeviceList/Ears/Led/Left/144Deg/Actuator/Type',
 'Device/SubDeviceList/Face/Led/Blue/Right/180Deg/Actuator/Offset',
 'Device/SubDeviceList/LShoulderRoll/ElectricCurrent/Sensor/Max',
 'Device/DeviceList/ChestBoard/Ack',
 'Device/SubDeviceList/LShoulderRoll/ElectricCurrent/Sensor/Min',
 '_Behavior__animationsStandWaitingHelicopter_11081372184__root_1',
 '_Behavior__animationsSitOnPodGesturesWhatSThis_21097414696__root_154__onStopped',
 'Device/SubDeviceList/LShoulderRoll/ElectricCurrent/Sensor/Offset',
 'Device/SubDeviceList/LShoulderRoll/ElectricCurrent/Sensor/Value',
 'Device/SubDeviceList/HeadYaw/Position/Sensor/Min',
 'Device/SubDeviceList/LShoulderRoll/ElectricCurrent/Sensor/Name',
 'Device/SubDeviceList/LWristYaw/Hardness/Actuator/SubDeviceNumber',
 'Device/SubDeviceList/LShoulderRoll/Hardness/Actuator/Device',
 'Device/DeviceList/RightHipBoard/BoardId',
 'Device/SubDeviceList/LShoulderRoll/Hardness/Actuator/Type',
 '_Behavior__animationsStandWaitingHelicopter_11081372184__root_1__LED__keyframe1__BlinkRandom_4',
 'Device/SubDeviceList/RAnklePitch/ElectricCurrent/Sensor/Offset',
 'Device/SubDeviceList/LShoulderRoll/Hardness/Actuator/Register',
 'FaceDetection/FaceDetected',
 'Device/SubDeviceList/LElbowYaw/Temperature/Sensor/AmbientTemperature',
 'Device/SubDeviceList/RFoot/FSR/CenterOfPressure/Y/Sensor/SubDeviceNumber',
 'Device/SubDeviceList/LShoulderRoll/Hardness/Actuator/Max',
 'Device/SubDeviceList/RAnklePitch/Position/Sensor/MechanicalStopMax',
 'Device/SubDeviceList/LShoulderRoll/Temperature/Sensor/Offset',
 'Device/SubDeviceList/LShoulderRoll/Hardness/Actuator/Min',
 '_Behavior__animationsSitBodyTalkSpeakingBodyTalk_2146228056__root_5__onStopped',
 '_Behavior__animationsSitWaitingMusic_HighwayToHell_11052737080__root_5__Music__keyframe29__PlaySound_1',
 'Diagnosis/Active/DCM/Error',
 'Device/SubDeviceList/LShoulderRoll/Hardness/Actuator/Name',
 'Device/SubDeviceList/RElbowYaw/Temperature/Sensor/Max',
 'Device/SubDeviceList/LShoulderRoll/Position/Sensor/MechanicalStopMax',
 'Device/SubDeviceList/LShoulderRoll/Position/Sensor/MechanicalStopMin',
 'Device/SubDeviceList/RWristYaw/Temperature/Sensor/AmbientTemperature',
 'ALTracker/TargetDetected',
 'BodyStiffnessChanged',
 'Device/SubDeviceList/RFoot/Led/Blue/Actuator/Value',
 'Device/SubDeviceList/RFoot/Bumper/Right/Sensor/SubDeviceNumber',
 'Diagnosis/Temperature/InfraredR/Error',
 'Device/SubDeviceList/LShoulderRoll/Position/Sensor/GearRatio',
 'Device/SubDeviceList/LShoulderRoll/Position/Sensor/positionChainMREMotor',
 'Device/SubDeviceList/RFoot/FSR/RearRight/Sensor/XPosition',
 'Device/SubDeviceList/LHand/Touch/Right/Sensor/Register',
 'Device/SubDeviceList/LShoulderRoll/Position/Sensor/positionChainMREJoint',
 'Device/DeviceList/TimedCommandPlugin/Ack',
 'Diagnosis/Temperature/Ears/Led/Left/72Deg/Error',
 'Device/SubDeviceList/LShoulderRoll/Position/Sensor/jointZeroPosition',
 'Diagnosis/Active/LHipRoll/Error',
 'Device/SubDeviceList/LShoulderRoll/Position/Sensor/SensorType',
 'Device/SubDeviceList/LHand/Touch/Left/Sensor/Register',
 'Device/SubDeviceList/LShoulderRoll/Position/Sensor/Register',
 'Device/SubDeviceList/LShoulderRoll/Position/Sensor/SubDeviceNumber',
 'Motion/Velocity/Sensor/LElbowRoll',
 'Device/SubDeviceList/LShoulderRoll/Position/Sensor/Min',
 '_Behavior__animationsStandWaitingMysticalPower_11080598232__root_10__Fx__keyframe50__PlaySound_1/Volume (%)',
 'Device/DeviceList/RightShoulderBoard/currentCalibrationResultMotor2',
 'Device/SubDeviceList/RElbowYaw/Hardness/Actuator/Type',
 'Device/SubDeviceList/LAnklePitch/Speed/Sensor/Value',
 'Device/SubDeviceList/LKneePitch/Temperature/Sensor/Offset',
 'Device/SubDeviceList/LShoulderRoll/Position/Sensor/Gain',
 '_Behavior__animationsSitEmotionsNeutralAskForAttention_31053819400__root_1__behavior_layer2__Sound__PlaySound_1/Panorama',
 'Device/SubDeviceList/LShoulderRoll/Position/Sensor/Value',
 'Device/SubDeviceList/PreferencesPlugin/ChangePreference/Gain',
 '_Behavior__animationsSitOnPodGesturesEverything_21095654848__root_33__onStopped',
 'Device/SubDeviceList/LShoulderRoll/Position/Actuator/Device',
 'Device/SubDeviceList/LShoulderRoll/Position/Actuator/IMax',
 'Device/SubDeviceList/RAnklePitch/Temperature/Sensor/Type',
 'Device/SubDeviceList/RKneePitch/Hardness/Actuator/Gain',
 'Device/SubDeviceList/LShoulderRoll/Position/Actuator/Ki',
 '_Behavior__animationsSitWaitingScratchTorso_11051182352__root',
 'Device/SubDeviceList/LShoulderRoll/Position/Actuator/Kp',
 'Device/DeviceList/SpecialJointLimitationPlugin/Available',
 '_Behavior__animationsStandBodyTalkSpeakingBodyTalk_91145409048__root_29__onStopped',
 'Device/SubDeviceList/RHipPitch/Position/Actuator/Gain',
 'Device/SubDeviceList/LHipRoll/Position/Sensor/Value',
 'Device/SubDeviceList/ChestBoard/Led/State/Actuator/Register',
 'Device/SubDeviceList/LShoulderRoll/Position/Actuator/InvertControlDirection',
 '_Behavior__animationsStandGesturesShowFloor_11064746984__root_108__onStopped',
 'Device/SubDeviceList/HeadYaw/Temperature/Sensor/StartTemperature',
 'Device/SubDeviceList/Face/Led/Red/Right/270Deg/Actuator/Value',
 'Device/SubDeviceList/LShoulderRoll/Position/Actuator/MotorNumber',
 'Device/SubDeviceList/LShoulderRoll/Position/Actuator/SubDeviceNumber',
 'Device/SubDeviceList/LShoulderRoll/Position/Actuator/Offset',
 '_Behavior__animationsSitWaitingPong_11047519312__root_2__fx__keyframe44__PlaySound_1/Play in loop',
 'Device/SubDeviceList/LAnklePitch/Position/Actuator/InvertControlDirection',
 'Device/SubDeviceList/LShoulderRoll/Position/Actuator/Gain',
 'Device/DeviceList/NaoSpecialPlugin/Ack',
 'Device/SubDeviceList/HeadPitch/Temperature/Sensor/Value',
 'Device/SubDeviceList/RAnkleRoll/Position/Actuator/Ki',
 'Device/SubDeviceList/LShoulderPitch/Temperature/Sensor/Type',
 '_Behavior__animationsStandEmotionsNegativeFrustrated_1150689232__root_4__behavior_layer2__Sound__PlaySound_4/Play in loop',
 'Device/DeviceList/DcmLostPlugin/Priority',
 'Device/SubDeviceList/LKneePitch/Temperature/Sensor/StartTemperature',
 'Device/SubDeviceList/LShoulderPitch/Temperature/Sensor/WindingResistance',
 'Device/SubDeviceList/LShoulderPitch/Temperature/Sensor/TemperatureSensorType',
 '_Behavior__animationsStandBodyTalkSpeakingBodyTalk_171145342184__root_34__onStopped',
 '_Behavior__animationsStandEmotionsNegativeSad_11094563248__root_1__behavior_layer2__Sound__PlaySound_4/Panorama',
 '_Behavior__animationsSitOnPodGesturesNo_81095891248__root_2__onStopped',
 'Device/SubDeviceList/LShoulderPitch/Temperature/Sensor/StartTemperature',
 '_Behavior__animationsStandEmotionsNegativeFearful_1148929312__root_3__onStopped',
 'Device/SubDeviceList/LShoulderPitch/Temperature/Sensor/ThermalResistance',
 'Device/SubDeviceList/LShoulderPitch/Temperature/Sensor/motorModel',
 'Device/SubDeviceList/LShoulderPitch/Temperature/Sensor/Status',
 'Device/SubDeviceList/RElbowRoll/Position/Actuator/Kp',
 'Device/SubDeviceList/LShoulderPitch/Temperature/Sensor/SubDeviceNumber',
 'Motion/Obstacles/Closest/LArm/Y',
 '_Behavior__animationsStandEmotionsPositiveSure_11082804152__root_1__onStopped',
 'Device/SubDeviceList/LShoulderPitch/Temperature/Sensor/Max',
 'Device/SubDeviceList/LShoulderPitch/Temperature/Sensor/Min',
 'Diagnosis/Passive/RFoot/Led/Green/Error',
 'Device/SubDeviceList/LShoulderPitch/Temperature/Sensor/Name',
 '_Behavior__animationsSitOnPodGesturesHeSays_11092670784__root_58',
 'Device/SubDeviceList/InertialSensor/AccelerometerX/Sensor/Device',
 '_Behavior__animationsSitWaitingPong_11047519312__root_2__fx__keyframe99__PlaySound_1',
 '_Behavior__animationsSitWaitingThink_3161363720__root_1',
 'Device/SubDeviceList/LShoulderPitch/ElectricCurrent/Sensor/Type',
 'Device/SubDeviceList/LShoulderPitch/ElectricCurrent/Sensor/CurrentType',
 'Device/SubDeviceList/LShoulderPitch/ElectricCurrent/Sensor/Register',
 'Device/SubDeviceList/LShoulderPitch/ElectricCurrent/Sensor/Offset',
 'Device/SubDeviceList/RShoulderPitch/Hardness/Actuator/Min',
 'Device/SubDeviceList/RElbowRoll/Position/Actuator/Register',
 'Device/SubDeviceList/LShoulderPitch/ElectricCurrent/Sensor/Gain',
 'Device/SubDeviceList/LShoulderPitch/ElectricCurrent/Sensor/Name',
 'Device/SubDeviceList/LFoot/Bumper/Right/Sensor/Device',
 'Device/SubDeviceList/LHand/Touch/Back/Sensor/Offset',
 'Device/SubDeviceList/LHand/Temperature/Sensor/Value',
 'Device/SubDeviceList/LShoulderPitch/Hardness/Actuator/Device',
 '_Behavior__animationsStandGesturesDesperate_11131864288__root_23__onStopped',
 'Device/SubDeviceList/LShoulderPitch/Hardness/Actuator/stiffnessDecreaseRate',
 'Device/DeviceList/RightArmBoard/MotorBoardSerialNumber',
 'Device/SubDeviceList/LShoulderPitch/Hardness/Actuator/SubDeviceNumber',
 'Motion/Velocity/Command/RAnklePitch',
 'Device/SubDeviceList/Ears/Led/Left/0Deg/Actuator/Value',
 'Device/SubDeviceList/RFoot/Bumper/Left/Sensor/Offset',
 'Diagnosis/Temperature/LHand/Touch/Left/Error',
 'Device/SubDeviceList/LShoulderPitch/Hardness/Actuator/Max',
 '_Behavior__animationsSitOnPodBodyTalkSpeakingBodyTalk_81130600128__root_12__onStopped',
 'Device/SubDeviceList/LShoulderPitch/Hardness/Actuator/Offset',
 'Device/SubDeviceList/RFoot/FSR/TotalWeight/Sensor/Offset',
 'Device/SubDeviceList/LShoulderPitch/Hardness/Actuator/Value',
 '_Behavior__animationsSitReactionsBumpers_1148170560__root_3',
 '_Behavior__animationsStandEmotionsPositiveExcited_21090439408__root_2__onStopped',
 '_Behavior__animationsStandWaitingAirGuitar_11072367856__root_1__stand_airGuitar1_loop_2__music__music__PlaySound_4/Play in loop',
 '_Behavior__animationsStandEmotionsNegativeHurt_21095582000__root_3__behavior_layer3__Sound__PlaySound_4/Begin position (s)',
 'Device/SubDeviceList/LShoulderRoll/Hardness/Actuator/stiffnessDecreaseRate',
 'Device/SubDeviceList/LShoulderPitch/Position/Sensor/Device',
 'Device/DeviceList/SpecialJointLimitationPlugin/Type',
 '_Behavior__animationsStandEmotionsPositiveWinner_21091560224__root_2__behavior_layer2__Sound__PlaySound_4/Begin position (s)',
 'Device/SubDeviceList/RShoulderPitch/Position/Sensor/GearRatio',
 '_Behavior__animationsStandEmotionsPositiveLaugh_31086691384__root_1__behavior_layer2__keyframe1__PlaySound_4/Play in loop',
 'Device/SubDeviceList/LShoulderPitch/Position/Sensor/Type',
 'Device/SubDeviceList/LShoulderPitch/Position/Sensor/MechanicalStopMax',
 'Device/SubDeviceList/LShoulderPitch/Position/Sensor/GearRatio',
 'Device/SubDeviceList/LShoulderPitch/Position/Sensor/positionChainMREMotor',
 'Device/SubDeviceList/LShoulderPitch/Position/Sensor/jointZeroPosition',
 '_Behavior__animationsSitOnPodGesturesHeSays_21097341360__root_59__onStopped',
 'Device/SubDeviceList/LShoulderPitch/Position/Sensor/SensorType',
 'Device/SubDeviceList/RHand/ElectricCurrent/Sensor/Register',
 'Device/SubDeviceList/LShoulderPitch/Position/Sensor/SubDeviceNumber',
 'Device/SubDeviceList/LShoulderPitch/Position/Sensor/Offset',
 'Device/SubDeviceList/RShoulderPitch/ElectricCurrent/Sensor/Register',
 'Device/SubDeviceList/LShoulderPitch/Position/Sensor/Gain',
 '_Behavior__animationsStandGesturesThis_51075727440__root_142__onStopped',
 'Device/SubDeviceList/LShoulderPitch/Position/Sensor/Value',
 'Device/SubDeviceList/LShoulderPitch/Position/Sensor/Name',
 'Device/SubDeviceList/LShoulderPitch/Position/Actuator/Device',
 '_Behavior__animationsSitReactionsSeeColor_1156432664__root_3__onStopped',
 'Device/SubDeviceList/LShoulderPitch/Position/Actuator/Type',
 'Device/SubDeviceList/LShoulderPitch/Position/Actuator/PWMValue',
 '_Behavior__animationsStandGesturesOnTheEvening_11070323456__root_93',
 'Device/SubDeviceList/LShoulderPitch/Position/Actuator/Kd',
 'ALTracker/BaseTracking',
 'Device/SubDeviceList/LShoulderPitch/Position/Actuator/Ki',
 'Device/SubDeviceList/LShoulderPitch/Position/Actuator/Kp',
 'Device/SubDeviceList/LShoulderPitch/Position/Actuator/InvertControlDirection',
 'Device/SubDeviceList/RShoulderPitch/Hardness/Actuator/Max',
 'Device/DeviceList/RightHipBoard/Name',
 'Device/SubDeviceList/LShoulderPitch/Position/Actuator/Register',
 'Motion/Position/Sensor/LElbowYaw',
 'Device/SubDeviceList/LShoulderPitch/Position/Actuator/SubDeviceNumber',
 'Device/SubDeviceList/LHipYawPitch/Position/Sensor/SensorType',
 'Device/SubDeviceList/LKneePitch/Position/Actuator/Kd',
 'Device/SubDeviceList/LShoulderPitch/Position/Actuator/Max',
 'Device/SubDeviceList/LShoulderPitch/Position/Actuator/Min',
 'Device/SubDeviceList/LKneePitch/Temperature/Sensor/AddressTemperatureSensor',
 'Device/SubDeviceList/LHipPitch/Temperature/Sensor/AmbientTemperature',
 '_Behavior__animationsSitWaitingPuppet_1161066304__root_1__speech__speech_copy_copy_copy__PlaySound_1',
 'Device/SubDeviceList/LShoulderPitch/Position/Actuator/Gain',
 '_Behavior__animationsStandGesturesExplain_11067149192__root_39__onStopped',
 'Device/SubDeviceList/RAnklePitch/ElectricCurrent/Sensor/SubDeviceNumber',
 'Device/SubDeviceList/LElbowRoll/Temperature/Sensor/Name',
 'Device/SubDeviceList/LShoulderPitch/Position/Actuator/Name',
 'Device/SubDeviceList/RElbowRoll/Temperature/Sensor/Device',
 '_Behavior__animationsSitWaitingMysticalPower_1160996400__root_10__LED__LED__CircleEyes_4/Speed',
 '_Behavior__animationsStandGesturesCountFive_1154419904__root_11',
 '_Behavior__animationsStandWaitingBinoculars_11087312216__root_4',
 'Device/SubDeviceList/RElbowYaw/Position/Actuator/Type',
 'Device/SubDeviceList/RElbowRoll/Temperature/Sensor/Type',
 'Device/SubDeviceList/RElbowRoll/Temperature/Sensor/WindingResistance',
 'Device/SubDeviceList/HeadPitch/Speed/Sensor/Value',
 'Diagnosis/Passive/Face/Led/Blue/Right/180Deg/Error',
 'Motion/IsMoving/RShoulderPitch',
 'Device/SubDeviceList/RElbowRoll/Temperature/Sensor/TemperatureSensorType',
 '_Behavior__animationsSitOnPodBodyTalkSpeakingBodyTalk_111130560608__root_14',
 'Device/SubDeviceList/LAnklePitch/Temperature/Sensor/Value',
 '_Behavior__animationsStandGesturesNo_71060648296__root_90__onStopped',
 'Device/SubDeviceList/RElbowRoll/Temperature/Sensor/AmbientTemperature',
 'Device/SubDeviceList/Battery/Charge/Sensor/Min',
 'Device/SubDeviceList/RElbowRoll/Temperature/Sensor/ThermalResistance',
 '_Behavior__animationsStandReactionsBumpers_3149166152__root_5',
 'Device/SubDeviceList/RHand/Touch/Left/Sensor/Type',
 '_Behavior__animationsStandEmotionsPositiveHappy_31086649120__root_3__behavior_layer2__Sound__PlaySound_4/Play in loop',
 'Device/SubDeviceList/LAnkleRoll/Position/Actuator/Ki',
 'Device/SubDeviceList/RAnklePitch/Temperature/Sensor/Gain',
 '_Behavior__animationsStandGesturesBowShort_11061565328__root_13',
 'Device/SubDeviceList/RElbowRoll/Temperature/Sensor/Register',
 'Device/SubDeviceList/RElbowRoll/Temperature/Sensor/SubDeviceNumber',
 'Device/SubDeviceList/HeadYaw/ElectricCurrent/Sensor/Type',
 'Device/SubDeviceList/RElbowRoll/Temperature/Sensor/Max',
 'Device/SubDeviceList/Head/Led/Front/Left/1/Actuator/Gain',
 'Device/SubDeviceList/RElbowRoll/Temperature/Sensor/Min',
 'Device/DeviceList/EarLeds/Nack',
 '_Behavior__animationsStandBodyTalkSpeakingBodyTalk_21146001144__root_39__onStopped',
 'Device/SubDeviceList/Face/Led/Green/Left/270Deg/Actuator/Min',
 '_Behavior__animationsSitOnPodGesturesNo_91097423704__root_6',
 '_Behavior__animationsStandGesturesReject_51070910384__root_105',
 'Device/SubDeviceList/RElbowRoll/Temperature/Sensor/Gain',
 'Device/SubDeviceList/RElbowRoll/Temperature/Sensor/Value',
 '_Behavior__animationsStandGesturesIDontKnow_11060100560__root_63',
 '_Behavior__animationsStandEmotionsPositiveWinner_21091560224__root_2__behavior_layer2__Sound__PlaySound_4/Volume (%)',
 'Device/SubDeviceList/RElbowRoll/Temperature/Sensor/Name',
 'Device/SubDeviceList/Face/Led/Blue/Right/225Deg/Actuator/Name',
 'Device/SubDeviceList/RElbowRoll/ElectricCurrent/Sensor/Type',
 'Diagnosis/Passive/Face/Led/Green/Right/90Deg/Error',
 'Device/SubDeviceList/HeadYaw/Temperature/Sensor/motorModel',
 'Device/SubDeviceList/RElbowRoll/ElectricCurrent/Sensor/SubDeviceNumber',
 '_Behavior__animationsStandEmotionsNegativeSurprise_2150138368__root_2__behavior_layer2__Sound__PlaySound_4',
 'Device/SubDeviceList/RElbowRoll/ElectricCurrent/Sensor/Max',
 'Device/SubDeviceList/RElbowRoll/ElectricCurrent/Sensor/Offset',
 '_Behavior__animationsSitWaitingMusic_VieEnRose_1145005520__root_8__Music__keyframe1__PlaySound_1',
 'Diagnosis/Temperature/RFoot/Bumper/Left/Error',
 'Device/SubDeviceList/RElbowRoll/ElectricCurrent/Sensor/Name',
 'Diagnosis/Passive/RHand/Touch/Back/Error',
 'Diagnosis/Passive/LHand/Touch/Left/Error',
 'Device/SubDeviceList/LHipPitch/ElectricCurrent/Sensor/Gain',
 'Device/SubDeviceList/RElbowRoll/Hardness/Actuator/Device',
 'Device/SubDeviceList/RElbowRoll/Hardness/Actuator/Type',
 'Device/SubDeviceList/LShoulderPitch/Hardness/Actuator/Register',
 'Device/SubDeviceList/RElbowRoll/Hardness/Actuator/Register',
 '_Behavior__animationsStandReactionsBumperLeft_11564552248__root_4',
 '_Behavior__animationsStandEmotionsPositiveHungry_11084702832__root_33__Fx__keyframe8__PlaySound_1/File path',
 'Device/SubDeviceList/RElbowRoll/Hardness/Actuator/Max',
 '_Behavior__animationsStandGesturesJointHands_21061688824__root_70__onStopped',
 'Device/SubDeviceList/RAnkleRoll/Temperature/Sensor/Status',
 '_Behavior__animationsSitWaitingPuppet_1161066304__root_1__speech__speech_copy_copy_copy__PlaySound_1/File path',
 'Device/SubDeviceList/LAnklePitch/Temperature/Sensor/Device',
 'Device/SubDeviceList/LShoulderRoll/Position/Actuator/Register',
 'Device/SubDeviceList/RElbowRoll/Hardness/Actuator/Value',
 'Device/SubDeviceList/RElbowRoll/Position/Sensor/Type',
 'Device/SubDeviceList/InertialSensor/GyrX/Sensor/Value',
 'Device/SubDeviceList/RKneePitch/ElectricCurrent/Sensor/CurrentType',
 'Device/SubDeviceList/RElbowRoll/Position/Sensor/MechanicalStopMax',
 '_Behavior__animationsStandGesturesEverything_31059860088__root_34',
 'Device/DeviceList/LedIfNoDcmPlugin/Ack',
 'Device/SubDeviceList/RElbowRoll/Position/Sensor/MechanicalStopMin',
 'Device/SubDeviceList/RElbowRoll/Position/Sensor/positionChainMREMotor',
 'Device/SubDeviceList/RElbowRoll/Position/Sensor/positionChainMREJoint',
 'Device/SubDeviceList/RElbowRoll/Position/Sensor/jointZeroPosition',
 '_Behavior__animationsStandGesturesCaress_11065653488__root_11__onStopped',
 '_Behavior__animationsSitOnPodGesturesNo_61095986640__root_89__onStopped',
 'Device/SubDeviceList/RElbowRoll/Position/Sensor/SensorType',
 '_Behavior__animationsSitOnPodBodyTalkListeningListening_31145768016__root_3__onStopped',
 'Device/SubDeviceList/RElbowRoll/Position/Sensor/Max',
 'Device/SubDeviceList/RElbowRoll/Position/Sensor/Min',
 'Device/SubDeviceList/RElbowRoll/Position/Sensor/Gain',
 'Device/DeviceList/LeftHipBoard/capacitiveVersion',
 'Device/SubDeviceList/Battery/Temperature/Sensor/SubDeviceNumber',
 '_Behavior__animationsSitWaitingKnockEye_1161856288__root_1__sound__fx_neonOff__PlaySound_4/Play in loop',
 'Device/SubDeviceList/RElbowRoll/Position/Sensor/Name',
 'Device/SubDeviceList/InertialSensor/AccY/Sensor/Register',
 '_Behavior__diagnostic1043902184__root__Diagnostic_20__behavior_layer1__init__Say_15',
 'Device/SubDeviceList/Face/Led/Red/Right/315Deg/Actuator/Min',
 'Device/SubDeviceList/LAnkleRoll/Position/Sensor/Device',
 'Device/SubDeviceList/RElbowRoll/Position/Actuator/PWMValue',
 'Device/SubDeviceList/RElbowRoll/Position/Actuator/Kd',
 'Device/SubDeviceList/InertialSensor/GyroscopeY/Sensor/Gain',
 'Device/SubDeviceList/RElbowRoll/Position/Actuator/InvertControlDirection',
 'Device/SubDeviceList/InertialSensor/AngleX/Sensor/Name',
 'Device/SubDeviceList/RElbowRoll/Position/Actuator/MotorNumber',
 'ALTracker/CloseObjectDetected',
 'Device/SubDeviceList/RKneePitch/Position/Actuator/Gain',
 'Device/SubDeviceList/RHand/Temperature/Sensor/ThermalResistance',
 'Device/SubDeviceList/RElbowRoll/Position/Actuator/SubDeviceNumber',
 'Device/SubDeviceList/LHipPitch/ElectricCurrent/Sensor/Register',
 'Device/SubDeviceList/RElbowRoll/Position/Actuator/Max',
 'Device/SubDeviceList/RElbowRoll/Position/Actuator/Min',
 'Device/SubDeviceList/RElbowRoll/Position/Actuator/Gain',
 'Device/DeviceList/Battery/Bus',
 'Device/SubDeviceList/RElbowRoll/Position/Actuator/Name',
 'Device/SubDeviceList/RElbowYaw/Temperature/Sensor/Device',
 '_Behavior__animationsSitWaitingDriveCar_11048973264__root_1__sounds__hey__PlaySound_3/Begin position (s)',
 'Device/SubDeviceList/Face/Led/Blue/Right/135Deg/Actuator/SubDeviceNumber',
 'Device/SubDeviceList/RElbowYaw/Hardness/Actuator/Name',
 'HandRightBackTouched',
 'Device/SubDeviceList/RAnkleRoll/Temperature/Sensor/SubDeviceNumber',
 'Device/SubDeviceList/RElbowYaw/Temperature/Sensor/Type',
 'Device/SubDeviceList/RElbowYaw/Temperature/Sensor/WindingResistance',
 'Device/SubDeviceList/RAnkleRoll/Hardness/Actuator/Offset',
 '_Behavior__animationsSitOnPodBodyTalkSpeakingBodyTalk_71142677568__root_11__onStopped',
 '_Behavior__animationsSitEmotionsPositiveHappy_1157989624__root_1__behavior_layer3__Sound__PlaySound_1/File path',
 'Device/SubDeviceList/RElbowYaw/Temperature/Sensor/AddressTemperatureSensor',
 'Diagnosis/Temperature/Face/Led/Blue/Right/225Deg/Error',
 'Device/SubDeviceList/ChestBoard/Led/State/Actuator/Max',
 'Device/SubDeviceList/RElbowYaw/Temperature/Sensor/StartTemperature',
 'Device/SubDeviceList/RElbowYaw/Temperature/Sensor/AmbientTemperature',
 'Device/SubDeviceList/RElbowYaw/Temperature/Sensor/ThermalResistance',
 'Device/SubDeviceList/RElbowYaw/Temperature/Sensor/Status',
 'Device/SubDeviceList/RElbowYaw/Temperature/Sensor/Register',
 'Device/SubDeviceList/RElbowYaw/Temperature/Sensor/SubDeviceNumber',
 'Device/SubDeviceList/RElbowYaw/Temperature/Sensor/Min',
 'Device/SubDeviceList/LWristYaw/Position/Actuator/Value',
 'Device/SubDeviceList/RElbowYaw/Temperature/Sensor/Offset',
 'Device/SubDeviceList/RElbowYaw/Temperature/Sensor/Gain',
 'Device/SubDeviceList/LAnklePitch/Hardness/Actuator/stiffnessDecreaseRate',
 'Motion/Velocity/Max/LArm',
 'Device/SubDeviceList/RElbowYaw/Temperature/Sensor/Value',
 '_Behavior__animationsStandWaitingPlayHands_2153931840__root_8',
 'Device/SubDeviceList/RAnkleRoll/Position/Actuator/Register',
 'Device/SubDeviceList/ChestBoard/Led/Red/Actuator/Min',
 'Device/SubDeviceList/RElbowYaw/Temperature/Sensor/Name',
 'Device/SubDeviceList/Face/Led/Red/Left/225Deg/Actuator/Gain',
 'Device/SubDeviceList/RElbowYaw/ElectricCurrent/Sensor/Device',
 'Device/SubDeviceList/RHipRoll/ElectricCurrent/Sensor/Name',
 'Device/SubDeviceList/RElbowYaw/ElectricCurrent/Sensor/Type',
 'Device/SubDeviceList/RElbowYaw/ElectricCurrent/Sensor/ShuntResistance',
 'Device/SubDeviceList/RShoulderRoll/ElectricCurrent/Sensor/Type',
 '_Behavior__animationsStandWaitingThink_21074540488__root_1',
 'Device/SubDeviceList/RElbowYaw/ElectricCurrent/Sensor/CurrentType',
 'Device/SubDeviceList/RElbowYaw/ElectricCurrent/Sensor/Min',
 'Device/SubDeviceList/RElbowYaw/ElectricCurrent/Sensor/Offset',
 'Device/SubDeviceList/LHipPitch/ElectricCurrent/Sensor/Offset',
 '_Behavior__animationsSitOnPodBodyTalkListeningListening_31145768016__root_3',
 'Device/SubDeviceList/RElbowYaw/ElectricCurrent/Sensor/Gain',
 'BacklightingDetection/BacklightingDetected',
 'Device/SubDeviceList/LHipRoll/Temperature/Sensor/motorModel',
 'Device/SubDeviceList/RElbowYaw/ElectricCurrent/Sensor/Value',
 'Device/SubDeviceList/RHand/Temperature/Sensor/AmbientTemperature',
 'Device/SubDeviceList/RElbowYaw/Hardness/Actuator/Device',
 'Device/SubDeviceList/RElbowYaw/Hardness/Actuator/stiffnessDecreaseRate',
 'Device/SubDeviceList/RElbowYaw/Hardness/Actuator/Register',
 'Device/SubDeviceList/Face/Led/Green/Right/45Deg/Actuator/Name',
 'Device/SubDeviceList/RElbowYaw/Hardness/Actuator/SubDeviceNumber',
 '_Behavior__animationsStandBodyTalkThinkingThinkingLoop_21145321312__root_2__onStopped',
 'Device/SubDeviceList/RElbowYaw/Hardness/Actuator/Max',
 'Device/SubDeviceList/InertialSensor/GyroscopeZ/Sensor/Type',
 '_Behavior__animationsStandGesturesChoice_11061666232__root_15',
 'Device/SubDeviceList/RHipRoll/Temperature/Sensor/Min',
 'Device/SubDeviceList/RElbowYaw/Hardness/Actuator/Offset',
 'Device/SubDeviceList/Face/Led/Red/Right/45Deg/Actuator/Register',
 'Device/SubDeviceList/RElbowYaw/Hardness/Actuator/Gain',
 'Diagnosis/Passive/Face/Led/Error',
 'Device/SubDeviceList/RElbowYaw/Hardness/Actuator/Value',
 '_Behavior__animationsSitOnPodGesturesHey_31131241544__root_3__onStopped',
 'Device/SubDeviceList/PreferencesPlugin/ChangeCalibration/Type',
 'Device/SubDeviceList/LFoot/Led/Green/Actuator/Value',
 'Device/SubDeviceList/RElbowYaw/Position/Sensor/Device',
 'Device/SubDeviceList/RElbowYaw/Position/Sensor/Type',
 'Device/SubDeviceList/RAnklePitch/Position/Sensor/Register',
 '_Behavior__animationsStandGesturesExplain_3155409264__root_41__onStopped',
 'Device/SubDeviceList/RElbowYaw/Position/Sensor/MechanicalStopMax',
 'ALFastPersonTracking/TrackedPersonNotFound',
 'Device/SubDeviceList/RWristYaw/Position/Actuator/Kd',
 'Device/SubDeviceList/RElbowYaw/Position/Sensor/MechanicalStopMin',
 '_Behavior__animationsSitOnPodBodyTalkSpeakingBodyTalk_61130620184__root_9__onStopped',
 'Device/SubDeviceList/RElbowYaw/Position/Sensor/Limit',
 'Device/SubDeviceList/RElbowYaw/Position/Sensor/positionChainMREMotor',
 'Device/SubDeviceList/RElbowYaw/Position/Sensor/jointZeroPosition',
 '_Behavior__animationsStandGesturesThinking_7154398168__root_136',
 'Device/SubDeviceList/RElbowYaw/Position/Sensor/SensorType',
 'PostureChanged',
 'Device/SubDeviceList/RElbowYaw/Position/Sensor/SubDeviceNumber',
 '_Behavior__animationsSitEmotionsNeutralAskForAttention_31053819400__root_1__behavior_layer2__Sound__PlaySound_1/Begin position (s)',
 'Device/SubDeviceList/Face/Led/Red/Left/180Deg/Actuator/Gain',
 'Device/SubDeviceList/RElbowYaw/Position/Sensor/Min',
 'Motion/Velocity/Sensor/LHipRoll',
 'Device/SubDeviceList/LElbowRoll/Temperature/Sensor/Gain',
 'Motion/Velocity/Command/LWristYaw',
 'Device/SubDeviceList/RElbowYaw/Position/Sensor/Gain',
 'Device/SubDeviceList/Face/Led/Green/Right/270Deg/Actuator/Type',
 'Device/SubDeviceList/RElbowYaw/Position/Sensor/Value',
 'Device/SubDeviceList/InertialSensor/GyroscopeYZeroOffset/Sensor/Name',
 'Device/SubDeviceList/LAnklePitch/Temperature/Sensor/ThermalTimeConstant',
 'Device/SubDeviceList/LHipPitch/Position/Sensor/Gain',
 'Device/SubDeviceList/RElbowYaw/Temperature/Sensor/OtherMotorTransmission',
 '_Behavior__animationsStandWaitingWakeUp_11082048920__root_1__Fx__keyframe245__PlaySound_1',
 'Device/SubDeviceList/RElbowYaw/Position/Actuator/IMax',
 'Device/SubDeviceList/RElbowYaw/Position/Actuator/Kp',
 'Device/SubDeviceList/RElbowYaw/Position/Actuator/Register',
 'Device/SubDeviceList/RElbowYaw/Position/Actuator/SubDeviceNumber',
 'Device/SubDeviceList/Face/Led/Red/Right/0Deg/Actuator/Type',
 'PictureDetected',
 'Device/SubDeviceList/RElbowYaw/Position/Actuator/Min',
 'Device/SubDeviceList/Face/Led/Green/Left/225Deg/Actuator/Min',
 'ALNavigation/SafetyBlindZoneDetected',
 'Device/SubDeviceList/LKneePitch/Position/Actuator/Gain',
 'Device/SubDeviceList/RElbowYaw/Position/Actuator/Offset',
 'Device/SubDeviceList/LElbowRoll/Position/Sensor/positionChainMREMotor',
 'Device/SubDeviceList/InertialSensor/AngleX/Sensor/Register',
 'Device/SubDeviceList/RHipPitch/Temperature/Sensor/AmbientTemperature',
 'Device/SubDeviceList/Face/Led/Green/Right/45Deg/Actuator/Gain',
 'Device/SubDeviceList/RElbowYaw/Position/Actuator/Name',
 'Diagnosis/Passive/RHand/Touch/Right/Error',
 'Device/SubDeviceList/RWristYaw/Temperature/Sensor/WindingResistance',
 'Device/SubDeviceList/HeadPitch/ElectricCurrent/Sensor/Type',
 'Device/SubDeviceList/RWristYaw/Temperature/Sensor/StartTemperature',
 'Device/SubDeviceList/InertialSensor/AngleX/Sensor/Value',
 '_Behavior__animationsStandBodyTalkSpeakingBodyTalk_31145568312__root_18',
 'Device/SubDeviceList/Face/Led/Red/Left/45Deg/Actuator/Gain',
 'Device/SubDeviceList/RWristYaw/Temperature/Sensor/ThermalTimeConstant',
 'Device/SubDeviceList/LShoulderRoll/Position/Actuator/Type',
 'Motion/VirtualContact/RFootFL',
 'Device/SubDeviceList/RWristYaw/Temperature/Sensor/ThermalResistance',
 'Device/SubDeviceList/Battery/Temperature/Sensor/Register',
 'Motion/IsMoving/LElbowYaw',
 '_Behavior__animationsStandGesturesKisses_11075363208__root_73__onStopped',
 'Device/SubDeviceList/RWristYaw/Temperature/Sensor/motorModel',
 'ALLocalization/OdometryInsufficient',
 'Device/SubDeviceList/LShoulderRoll/Position/Sensor/Name',
 'Device/SubDeviceList/RWristYaw/Temperature/Sensor/Offset',
 'Device/SubDeviceList/RWristYaw/Temperature/Sensor/Gain',
 '_Behavior__animationsSitOnPodGesturesYou_1148349784__root_174',
 'ALAudioSourceLocalization/SoundsLocated',
 '_Behavior__animationsSitEmotionsNegativeLate_1156291080__root_1__behavior_layer2__Sound__PlaySound_1/File path',
 'Device/SubDeviceList/LFoot/FSR/RearRight/Sensor/Device',
 'Device/SubDeviceList/Ears/Led/Left/72Deg/Actuator/Name',
 'Device/SubDeviceList/RWristYaw/ElectricCurrent/Sensor/Device',
 'Diagnosis/Active/Face/Led/Red/Left/135Deg/Error',
 'Device/SubDeviceList/RFoot/FSR/CenterOfPressure/Y/Sensor/Value',
 'Device/SubDeviceList/RWristYaw/ElectricCurrent/Sensor/SubDeviceNumber',
 '_Behavior__animationsStandEmotionsNegativeSad_11094563248__root_1__behavior_layer2__Sound__PlaySound_4/File path',
 '_Behavior__animationsStandEmotionsNeutralAskForAttention_31088281896__root_3__behavior_layer2__Sound__PlaySound_4/Begin position (s)',
 'Device/SubDeviceList/RWristYaw/ElectricCurrent/Sensor/Min',
 'Device/DeviceList/NaoSpecialPlugin/Priority',
 'Device/SubDeviceList/RShoulderRoll/Temperature/Sensor/Max',
 'Device/SubDeviceList/RWristYaw/ElectricCurrent/Sensor/Offset',
 'Device/SubDeviceList/RWristYaw/ElectricCurrent/Sensor/Gain',
 'Device/SubDeviceList/RWristYaw/ElectricCurrent/Sensor/Value',
 '_Behavior__animationsStandReactionsShakeBody_31096955552__root_5__onStopped',
 'Device/SubDeviceList/RWristYaw/ElectricCurrent/Sensor/Name',
 'Device/SubDeviceList/RWristYaw/Hardness/Actuator/Type',
 'Device/DeviceList/RightThighBoard/Available',
 'Device/SubDeviceList/RWristYaw/Hardness/Actuator/stiffnessDecreaseRate',
 'Device/SubDeviceList/RWristYaw/Hardness/Actuator/Register',
 'Diagnosis/Passive/Face/Led/Red/Left/90Deg/Error',
 'Device/SubDeviceList/RWristYaw/Hardness/Actuator/Max',
 'Device/SubDeviceList/RWristYaw/Hardness/Actuator/Offset',
 'Device/SubDeviceList/RWristYaw/Hardness/Actuator/Value',
 'Device/SubDeviceList/RWristYaw/Hardness/Actuator/Name',
 'Device/DeviceList/LeftHandBoard/RobotId',
 'Device/SubDeviceList/RWristYaw/Position/Sensor/Device',
 'Device/SubDeviceList/InertialSensor/AngleGaitX/Sensor/Value',
 'Device/SubDeviceList/RElbowYaw/Position/Sensor/Name',
 'Device/SubDeviceList/RWristYaw/Position/Sensor/MechanicalStopMax',
 'Device/SubDeviceList/LHipRoll/Position/Sensor/Register',
 'Device/SubDeviceList/RWristYaw/Position/Sensor/Limit',
 '_Behavior__animationsSitOnPodGesturesCountThree_11097603544__root_2__onStopped',
 '_Behavior__animationsSitEmotionsNegativeSurprise_11060170240__root_1__behavior_layer2__Sound__PlaySound_1/Begin position (s)',
 'Device/SubDeviceList/LKneePitch/ElectricCurrent/Sensor/Min',
 'Device/SubDeviceList/RWristYaw/Position/Sensor/jointZeroPosition',
 'Device/DeviceList/RightArmBoard/capacitiveVersion',
 'Device/SubDeviceList/RWristYaw/Position/Sensor/SensorType',
 'Device/SubDeviceList/LAnkleRoll/Position/Sensor/positionChainMREMotor',
 'Device/SubDeviceList/RWristYaw/Position/Sensor/Register',
 'Device/SubDeviceList/RWristYaw/Position/Sensor/SubDeviceNumber',
 'Device/SubDeviceList/RWristYaw/Position/Sensor/Max',
 '_Behavior__animationsStandEmotionsPositiveProud_21090482952__root_2__onStopped',
 'Device/SubDeviceList/RWristYaw/Position/Sensor/Min',
 'Device/SubDeviceList/LHipRoll/ElectricCurrent/Sensor/ShuntResistance',
 'Device/SubDeviceList/RWristYaw/Position/Sensor/Offset',
 'Device/SubDeviceList/RWristYaw/Temperature/Sensor/Device',
 'Device/SubDeviceList/RWristYaw/Position/Sensor/Gain',
 'Device/SubDeviceList/RWristYaw/Position/Sensor/Name',
 'Device/SubDeviceList/LHand/Position/Actuator/Gain',
 'Device/SubDeviceList/RWristYaw/Position/Actuator/Type',
 'Device/SubDeviceList/InertialSensor/AccelerometerZ/Sensor/Max',
 '_Behavior__animationsSitWaitingPuppet_1161066304__root_1__speech__speech_copy_copy__PlaySound_5',
 'Device/SubDeviceList/HeadPitch/ElectricCurrent/Sensor/Gain',
 'Device/SubDeviceList/InertialSensor/AccZ/Sensor/Register',
 'Device/SubDeviceList/RAnklePitch/Hardness/Actuator/Type',
 'Device/SubDeviceList/RWristYaw/Position/Actuator/IMax',
 'Device/SubDeviceList/RWristYaw/Position/Actuator/Ki',
 'Device/SubDeviceList/RWristYaw/Position/Actuator/Kp',
 'Device/DeviceList/LeftThighBoard/currentCalibrationResultMotor2',
 'Device/SubDeviceList/RWristYaw/Position/Actuator/InvertControlDirection',
 'Device/SubDeviceList/RWristYaw/Position/Sensor/Value',
 'Device/SubDeviceList/RWristYaw/Position/Actuator/Value',
 'Device/SubDeviceList/US/Right/Sensor/Value2',
 'Device/SubDeviceList/RHand/Temperature/Sensor/Device',
 'Device/SubDeviceList/Face/Led/Blue/Right/270Deg/Actuator/Min',
 'Device/SubDeviceList/LHand/Position/Sensor/Limit',
 'Device/SubDeviceList/RHand/Temperature/Sensor/TemperatureSensorType',
 '_Behavior__animationsSitReactionsTouchHead_31065164680__root_3',
 'Motion/Position/Error/RElbowYaw',
 'Diagnosis/Active/RFoot/FSR/RearLeft/Error',
 '_Behavior__animationsStandEmotionsPositiveHappy_21086648816__root_2__behavior_layer2__SayYes__PlaySound_4/File path',
 'Device/SubDeviceList/LHipPitch/Hardness/Actuator/Device',
 'Device/SubDeviceList/LHipYawPitch/Temperature/Sensor/WindingResistance',
 '_Behavior__animationsStandGesturesEverything_11064591992__root_32',
 'Device/SubDeviceList/RHand/Temperature/Sensor/ThermalTimeConstant',
 'Device/SubDeviceList/RHand/Temperature/Sensor/motorModel',
 'Device/SubDeviceList/RHand/Temperature/Sensor/Register',
 'Device/SubDeviceList/RHand/Temperature/Sensor/SubDeviceNumber',
 '_Behavior__animationsSitBodyTalkSpeakingBodyTalk_9145833880__root_13__onStopped',
 'Device/SubDeviceList/LHipYawPitch/ElectricCurrent/Sensor/Type',
 '_Behavior__animationsSitEmotionsNeutralSneeze_1159501992__root_1__sounds__sneeze__PlaySound_1/Play in loop',
 'Device/SubDeviceList/Face/Led/Blue/Right/0Deg/Actuator/Value',
 'Device/SubDeviceList/RHand/Temperature/Sensor/Min',
 '_Behavior__animationsStandEmotionsNegativeSurprise_31088783872__root_3__behavior_layer2__Sound__PlaySound_4/Volume (%)',
 'Device/SubDeviceList/RHand/Temperature/Sensor/Offset',
 '_Behavior__animationsStandEmotionsPositiveOptimistic_11085990648__root_1__onStopped',
 'Device/SubDeviceList/RHand/Temperature/Sensor/Gain',
 'Diagnosis/Temperature/ChestBoard/Button/Error',
 'Device/SubDeviceList/RHand/Temperature/Sensor/Value',
 'Device/SubDeviceList/RHand/Temperature/Sensor/Name',
 'Device/SubDeviceList/HeadYaw/Position/Sensor/MechanicalStopMax',
 'Device/SubDeviceList/RHand/ElectricCurrent/Sensor/Type',
 'Diagnosis/Active/RFoot/FSR/FrontLeft/Error',
 'Motion/Position/Error/LAnkleRoll',
 'Device/SubDeviceList/RHand/ElectricCurrent/Sensor/Max',
 'Device/SubDeviceList/RHand/ElectricCurrent/Sensor/Gain',
 'Device/SubDeviceList/RHand/ElectricCurrent/Sensor/Name',
 'Device/SubDeviceList/InertialSensor/AccelerometerY/Sensor/Name',
 'Device/SubDeviceList/Face/Led/Green/Left/270Deg/Actuator/Name',
 'Device/SubDeviceList/RHand/Hardness/Actuator/Device',
 'Device/SubDeviceList/Face/Led/Blue/Right/0Deg/Actuator/Max',
 'Device/SubDeviceList/RHand/Hardness/Actuator/Register',
 'Device/SubDeviceList/RHand/Hardness/Actuator/SubDeviceNumber',
 'Motion/Obstacles/Closest/Head/Z',
 'Device/SubDeviceList/RHand/Hardness/Actuator/Min',
 'Device/SubDeviceList/RHand/Hardness/Actuator/Offset',
 'Diagnosis/Passive/HAL/Error',
 'Device/SubDeviceList/RHand/Hardness/Actuator/Name',
 'Device/SubDeviceList/RHand/Position/Sensor/Type',
 'Device/SubDeviceList/LFoot/FSR/FrontLeft/Sensor/Name',
 'Device/SubDeviceList/RHand/Position/Sensor/positionChainMREMotor',
 'PosturePerturbated',
 'Device/SubDeviceList/Face/Led/Red/Right/135Deg/Actuator/Offset',
 'Device/SubDeviceList/RAnklePitch/Position/Sensor/positionChainMREJoint',
 'Device/SubDeviceList/RHand/Position/Sensor/positionChainMREJoint',
 'Device/SubDeviceList/Head/Led/Front/Left/1/Actuator/SubDeviceNumber',
 'Device/SubDeviceList/LShoulderRoll/Position/Actuator/Name',
 'Device/SubDeviceList/RHand/Position/Sensor/SensorType',
 'Diagnosis/Passive/Head/Touch/Error',
 'Device/SubDeviceList/RHand/Position/Sensor/Offset',
 'Device/SubDeviceList/RHand/Position/Sensor/Gain',
 'Device/SubDeviceList/RHand/Position/Sensor/Name',
 'Device/SubDeviceList/RHand/Position/Actuator/Device',
 'Device/SubDeviceList/RHand/Position/Actuator/Kd',
 'Device/SubDeviceList/HeadPitch/Position/Actuator/Value',
 'Device/SubDeviceList/RHand/Position/Actuator/Ki',
 'Device/SubDeviceList/InertialSensor/GyroscopeXZeroOffset/Sensor/Register',
 '_Behavior__animationsStandEmotionsNegativeAngry_21088783704__root_2__sound__angry__PlaySound_4/Play in loop',
 'Device/SubDeviceList/RHand/Position/Actuator/Min',
 'Device/SubDeviceList/RHand/Position/Actuator/Gain',
 'Device/SubDeviceList/RHand/Position/Actuator/Value',
 'Device/SubDeviceList/RHand/Position/Actuator/Name',
 'Device/SubDeviceList/LWristYaw/Temperature/Sensor/TemperatureSensorType',
 'Device/SubDeviceList/LHipRoll/ElectricCurrent/Sensor/Type',
 'Device/SubDeviceList/RHipYawPitch/Temperature/Sensor/Value',
 'Device/SubDeviceList/LWristYaw/Temperature/Sensor/StartTemperature',
 'Device/SubDeviceList/LWristYaw/Temperature/Sensor/AmbientTemperature',
 '_Behavior__animationsStandWaitingShowMuscles_51086501672__root_8',
 'Device/SubDeviceList/LWristYaw/Temperature/Sensor/ThermalTimeConstant',
 'Device/SubDeviceList/LWristYaw/Temperature/Sensor/ThermalResistance',
 'Device/SubDeviceList/RShoulderPitch/Position/Actuator/Name',
 'Device/SubDeviceList/LWristYaw/Temperature/Sensor/motorModel',
 'Device/SubDeviceList/Face/Led/Red/Left/180Deg/Actuator/Min',
 'Device/SubDeviceList/LWristYaw/Temperature/Sensor/Status',
 'Device/DeviceList/RightThighBoard/Bid',
 'Device/SubDeviceList/RShoulderPitch/Temperature/Sensor/Gain',
 'Motion/Position/Sensor/RHipPitch',
 'Device/SubDeviceList/RElbowYaw/ElectricCurrent/Sensor/Max',
 'Device/DeviceList/RightShinBoard/Bus',
 'Device/SubDeviceList/LWristYaw/Temperature/Sensor/Offset',
 'Device/SubDeviceList/RAnkleRoll/Hardness/Actuator/Type',
 'Device/SubDeviceList/RHand/ElectricCurrent/Sensor/Value',
 'Device/DeviceList/Battery/Ack',
 'Device/SubDeviceList/LWristYaw/Temperature/Sensor/Value',
 'Device/SubDeviceList/RShoulderPitch/Position/Actuator/PWMValue',
 '_Behavior__animationsStandGesturesWings_11070230192__root_169',
 'Device/SubDeviceList/LWristYaw/Temperature/Sensor/Name',
 'Launchpad/Month',
 'Device/SubDeviceList/HeadYaw/Position/Actuator/MotorNumber',
 'Motion/Torque/Command/RAnklePitch',
 'Device/SubDeviceList/NaoSpecialPlugin/Special/Actuator/Name',
 'Device/SubDeviceList/LWristYaw/ElectricCurrent/Sensor/Device',
 '_Behavior__animationsStandEmotionsNegativeFear_21091280864__root_2__behavior_layer2__keyframe116__PlaySound_4/Play in loop',
 'Device/SubDeviceList/RAnklePitch/Hardness/Actuator/SubDeviceNumber',
 'Device/SubDeviceList/Head/Led/Middle/Left/0/Actuator/Offset',
 'Device/SubDeviceList/LWristYaw/ElectricCurrent/Sensor/Type',
 'Device/SubDeviceList/LWristYaw/ElectricCurrent/Sensor/ShuntResistance',
 '_Behavior__animationsStandEmotionsNegativeSurprise_31088783872__root_3__behavior_layer2__Sound__PlaySound_4/Play in loop',
 'Device/SubDeviceList/LWristYaw/ElectricCurrent/Sensor/SubDeviceNumber',
 '_Behavior__animationsSitOnPodBodyTalkThinkingRemember_1145939096__root_9',
 'Device/SubDeviceList/RShoulderPitch/Position/Sensor/Value',
 'Device/SubDeviceList/LAnklePitch/Position/Actuator/MotorNumber',
 'ALSentinel/SimpleClickOccured',
 'Device/SubDeviceList/Ears/Led/Left/324Deg/Actuator/Register',
 'Device/SubDeviceList/HeadPitch/Temperature/Sensor/Name',
 'Device/SubDeviceList/LWristYaw/Temperature/Sensor/OtherMotorTransmission',
 'Device/SubDeviceList/LWristYaw/ElectricCurrent/Sensor/Value',
 'Device/SubDeviceList/LWristYaw/Hardness/Actuator/Device',
 'Device/SubDeviceList/LWristYaw/Hardness/Actuator/Type',
 '_Behavior__animationsStandEmotionsPositiveAmused_11085178544__root_1__behavior_layer1__Sound__PlaySound_4',
 'RobotConfig/Body/Device/Joints/Calibration/Version',
 'Device/SubDeviceList/LHipYawPitch/ElectricCurrent/Sensor/Register',
 'Device/SubDeviceList/LWristYaw/Hardness/Actuator/stiffnessDecreaseRate',
 'Device/SubDeviceList/LWristYaw/Hardness/Actuator/Offset',
 'Device/SubDeviceList/Face/Led/Green/Right/0Deg/Actuator/Name',
 'Diagnosis/Passive/SpeakerRight/Error',
 'Device/SubDeviceList/LWristYaw/Hardness/Actuator/Gain',
 'Device/SubDeviceList/RHipPitch/Temperature/Sensor/Offset',
 'Device/SubDeviceList/LWristYaw/Hardness/Actuator/Value',
 'Device/SubDeviceList/RElbowYaw/Position/Sensor/Register',
 'Device/SubDeviceList/LWristYaw/Hardness/Actuator/Name',
 '_Behavior__animationsStandEmotionsPositiveHungry_11084702832__root_33__onStopped',
 'Device/SubDeviceList/Face/Led/Blue/Right/180Deg/Actuator/SubDeviceNumber',
 'Device/SubDeviceList/LWristYaw/Position/Sensor/Type',
 '_Behavior__animationsSitWaitingPuppet_1161066304__root_1__speech__speech_copy__PlaySound_3/Play in loop',
 'Device/SubDeviceList/LElbowYaw/Temperature/Sensor/Name',
 'Device/SubDeviceList/RWristYaw/Temperature/Sensor/Type',
 'Device/SubDeviceList/LWristYaw/Position/Sensor/MechanicalStopMin',
 'Dialog/NotUnderstood',
 'Device/SubDeviceList/LWristYaw/Position/Sensor/GearRatio',
 '_Behavior__animationsSitWaitingFalseStop_11054587104__root_1__fx__off__PlaySound_1/File path',
 'Device/SubDeviceList/RFoot/Led/Red/Actuator/SubDeviceNumber',
 'VisualCompass/MoveAbort',
 'Device/SubDeviceList/LWristYaw/Position/Sensor/positionChainMREMotor',
 'Diagnosis/Active/Face/Led/Red/Left/90Deg/Error',
 'Device/SubDeviceList/LWristYaw/Position/Sensor/jointZeroPosition',
 'Device/SubDeviceList/LWristYaw/Position/Sensor/SensorType',
 'Device/SubDeviceList/LWristYaw/Position/Sensor/Register',
 '_Behavior__animationsSitWaitingCatchFly_1161415064__root_1__fx__fly__PlaySound_1',
 '_Behavior__animationsStandReactionsBumpers_21090657032__root_3',
 'Device/SubDeviceList/LElbowRoll/Hardness/Actuator/Register',
 'Device/SubDeviceList/LWristYaw/Position/Sensor/SubDeviceNumber',
 'Device/SubDeviceList/InertialSensor/AccelerometerX/Sensor/Register',
 'Device/SubDeviceList/LWristYaw/Position/Sensor/Max',
 'Diagnosis/Passive/Face/Led/Red/Left/135Deg/Error',
 'Device/SubDeviceList/LWristYaw/Position/Sensor/Min',
 'Device/SubDeviceList/LWristYaw/Position/Actuator/Type',
 'Device/SubDeviceList/LWristYaw/Position/Actuator/PWMValue',
 'Device/SubDeviceList/RHipRoll/Temperature/Sensor/Type',
 'Device/SubDeviceList/LWristYaw/Position/Actuator/IMax',
 'Device/SubDeviceList/LWristYaw/Position/Actuator/Kd',
 'Device/SubDeviceList/RFoot/FSR/RearRight/Sensor/SubDeviceNumber',
 '_Behavior__animationsStandGesturesWhatSThis_151070595672__root_167',
 'Diagnosis/Passive/Face/Led/Red/Right/0Deg/Error',
 'Device/SubDeviceList/LWristYaw/Position/Actuator/Kp',
 'ALMotionRecorder/Recording',
 'Device/SubDeviceList/LWristYaw/Position/Actuator/InvertControlDirection',
 'Device/DeviceList/GridEyePlugin/Type',
 'RobotConfig/Body/Type',
 'Device/SubDeviceList/RShoulderRoll/Position/Actuator/Max',
 'Device/SubDeviceList/LWristYaw/Position/Actuator/Register',
 'Device/SubDeviceList/RAnklePitch/ElectricCurrent/Sensor/Gain',
 'Device/SubDeviceList/Face/Led/Blue/Right/135Deg/Actuator/Device',
 'Device/SubDeviceList/LWristYaw/Position/Actuator/SubDeviceNumber',
 'Diagnosis/Active/Ears/Led/Right/144Deg/Error',
 'Device/SubDeviceList/RShoulderPitch/ElectricCurrent/Sensor/Max',
 'Device/SubDeviceList/Ears/Led/Right/72Deg/Actuator/Min',
 'Device/SubDeviceList/LWristYaw/Position/Actuator/Max',
 '_Behavior__animationsStandGesturesYouKnowWhat_1155198904__root_176__onStopped',
 'ALLocalization/GoToLost',
 'Dialog/Morning',
 'Device/SubDeviceList/InitMotorBoardPlugin/InitializedMotorboardCount/Where',
 'Device/SubDeviceList/LWristYaw/Position/Actuator/Min',
 'Device/SubDeviceList/LAnklePitch/Hardness/Actuator/Offset',
 'Device/SubDeviceList/LShoulderPitch/Position/Actuator/MotorNumber',
 'Device/SubDeviceList/LWristYaw/Position/Actuator/Gain',
 'Device/SubDeviceList/LWristYaw/Position/Actuator/Name',
 'Device/SubDeviceList/US/Right/Sensor/Offset',
 '_Behavior__animationsStandEmotionsNegativeBored_2150049344__root_1__onStopped',
 'Device/SubDeviceList/LElbowYaw/Position/Actuator/SubDeviceNumber',
 'Device/SubDeviceList/LHand/Temperature/Sensor/Device',
 'Device/SubDeviceList/LElbowRoll/Position/Actuator/Gain',
 'Device/SubDeviceList/US/Actuator/Max',
 'Device/SubDeviceList/LHand/Temperature/Sensor/Type',
 'Device/DeviceList/LeftShoulderBoard/Available',
 '_Behavior__animationsStandEmotionsNegativeAngry_31095536256__root_3__sound__angry__PlaySound_4/Volume (%)',
 'Device/SubDeviceList/LHand/Temperature/Sensor/WindingResistance',
 'Device/SubDeviceList/RElbowRoll/Position/Actuator/Type',
 'Device/SubDeviceList/RShoulderPitch/Hardness/Actuator/Value',
 'Device/SubDeviceList/LHand/Temperature/Sensor/AddressTemperatureSensor',
 'Device/SubDeviceList/Ears/Led/Right/72Deg/Actuator/Value',
 'Device/SubDeviceList/LHand/Temperature/Sensor/StartTemperature',
 'Device/SubDeviceList/LHand/Temperature/Sensor/AmbientTemperature',
 '_Behavior__animationsSitBodyTalkThinkingRemember_11145733384__root_1__onStopped',
 'Diagnosis/Active/RLeg/Error',
 'Diagnosis/Active/RHipPitch/Error',
 'Device/SubDeviceList/LHand/Temperature/Sensor/motorModel',
 'ALPanoramaCompass/HalfScanBegin',
 'Device/SubDeviceList/LHand/Temperature/Sensor/Status',
 '_Behavior__animationsStandGesturesMe_81081378656__root_8__onStopped',
 'Device/SubDeviceList/LHand/Temperature/Sensor/SubDeviceNumber',
 'Device/SubDeviceList/LHand/Temperature/Sensor/Min',
 '_Behavior__animationsStandGesturesNo_91060301640__root_6',
 'Device/SubDeviceList/LHand/Temperature/Sensor/Gain',
 'Device/SubDeviceList/LHand/ElectricCurrent/Sensor/Device',
 'Diagnosis/Active/RWristYaw/Error',
 'Device/SubDeviceList/LAnkleRoll/Position/Sensor/Name',
 'Device/SubDeviceList/LHand/ElectricCurrent/Sensor/ShuntResistance',
 'Device/SubDeviceList/LKneePitch/ElectricCurrent/Sensor/Max',
 'Device/SubDeviceList/Face/Led/Blue/Right/90Deg/Actuator/Device',
 'Device/SubDeviceList/RShoulderPitch/Position/Actuator/Type',
 'Device/DeviceList/LeftShinBoard/Ack',
 'Device/SubDeviceList/LHand/Temperature/Sensor/Max',
 'Device/SubDeviceList/LHand/ElectricCurrent/Sensor/CurrentType',
 'Device/SubDeviceList/LHand/ElectricCurrent/Sensor/Register',
 '_Behavior__animationsStandEmotionsPositiveHungry_11084702832__root_33__Fx2__keyframe89__PlaySound_1/Panorama',
 'Device/SubDeviceList/LHand/ElectricCurrent/Sensor/Max',
 '_Behavior__animationsStandBodyTalkThinkingRemember_21194163832__root_10',
 'Device/SubDeviceList/LHand/ElectricCurrent/Sensor/Min',
 'Device/SubDeviceList/Face/Led/Red/Right/180Deg/Actuator/Register',
 'Device/SubDeviceList/LHand/ElectricCurrent/Sensor/Offset',
 'Device/DeviceList/RightShoulderBoard/RobotId',
 'Device/SubDeviceList/LHand/ElectricCurrent/Sensor/Value',
 'Device/SubDeviceList/LHand/Hardness/Actuator/Device',
 'Device/SubDeviceList/LHand/Hardness/Actuator/stiffnessDecreaseRate',
 'ALTracker/BlobDetected',
 'Device/SubDeviceList/US/Left/Sensor/Value',
 'robotHasFallen',
 'Device/SubDeviceList/Face/Led/Red/Right/270Deg/Actuator/Max',
 'Device/SubDeviceList/LHand/Hardness/Actuator/Min',
 'Device/SubDeviceList/LHand/Hardness/Actuator/Offset',
 'Device/SubDeviceList/LShoulderPitch/Position/Sensor/Max',
 'Device/SubDeviceList/LHand/Hardness/Actuator/Gain',
 'Device/SubDeviceList/LHand/Hardness/Actuator/Value',
 'EngagementZones/LastMovementsInZone3',
 'Device/SubDeviceList/LHand/Position/Sensor/Device',
 'Device/SubDeviceList/LHand/Position/Sensor/Type',
 'Diagnosis/Temperature/Head/Touch/Middle/Error',
 'Diagnosis/Temperature/RHand/Touch/Back/Error',
 'Device/SubDeviceList/LShoulderPitch/Position/Actuator/Value',
 'Device/SubDeviceList/LHand/Position/Sensor/MechanicalStopMin',
 'Device/SubDeviceList/RElbowRoll/Temperature/Sensor/Status',
 'Device/DeviceList/LeftThighBoard/Error',
 'Device/SubDeviceList/LHand/Position/Sensor/positionChainMREMotor',
 'Device/SubDeviceList/LHand/Position/Sensor/positionChainMREJoint',
 'Device/SubDeviceList/US/Sensor/Min',
 'Device/SubDeviceList/LHand/Position/Sensor/SensorType',
 '_Behavior__animationsStandWaitingMonster_11071701208__root_6__Fx__keyframe59__PlaySound_1/Play in loop',
 'Device/SubDeviceList/LHand/Position/Sensor/Register',
 'Diagnosis/Active/LHand/Touch/Left/Error',
 'Device/SubDeviceList/LHand/Position/Sensor/SubDeviceNumber',
 'Device/SubDeviceList/LFoot/FSR/FrontRight/Sensor/Register',
 'Device/SubDeviceList/LHand/Position/Sensor/Max',
 'Device/SubDeviceList/Face/Led/Green/Right/0Deg/Actuator/Max',
 'Device/SubDeviceList/LHand/Position/Sensor/Gain',
 'Device/SubDeviceList/RKneePitch/Position/Sensor/Max',
 'Device/SubDeviceList/LHand/Position/Sensor/Name',
 'Device/SubDeviceList/InertialSensor/AngleZ/Sensor/SubDeviceNumber',
 'Device/SubDeviceList/LHand/Position/Actuator/Type',
 'Device/SubDeviceList/LHand/Position/Actuator/Kd',
 'Device/SubDeviceList/Ears/Led/Right/72Deg/Actuator/SubDeviceNumber',
 'EngagementZones/SecondLimitDistanceUpdated',
 'Device/SubDeviceList/LHand/Position/Actuator/Ki',
 'Device/SubDeviceList/LHand/Position/Actuator/InvertControlDirection',
 'Diagnosis/Temperature/Face/Led/Green/Right/270Deg/Error',
 'Device/SubDeviceList/LHand/Position/Actuator/SubDeviceNumber',
 'ALTextToSpeech/TextDone',
 'Device/SubDeviceList/Face/Led/Blue/Right/315Deg/Actuator/Name',
 'Device/SubDeviceList/LHand/Position/Actuator/Value',
 '_Behavior__animationsStandGesturesDesperate_21070488384__root_24',
 'Device/SubDeviceList/LHand/Position/Actuator/Name',
 'Device/SubDeviceList/LElbowRoll/Temperature/Sensor/Type',
 'Device/SubDeviceList/RElbowYaw/Position/Actuator/Gain',
 'Device/SubDeviceList/LElbowRoll/Temperature/Sensor/WindingResistance',
 'Device/SubDeviceList/LHipRoll/Position/Actuator/Device',
 'Device/SubDeviceList/RShoulderPitch/Temperature/Sensor/ThermalTimeConstant',
 'Device/SubDeviceList/Face/Led/Blue/Right/225Deg/Actuator/Value',
 'Device/SubDeviceList/LElbowRoll/Temperature/Sensor/TemperatureSensorType',
 'Device/SubDeviceList/LElbowRoll/Temperature/Sensor/OtherMotorTransmission',
 'Device/SubDeviceList/LElbowRoll/Temperature/Sensor/AmbientTemperature',
 'Device/SubDeviceList/LElbowRoll/Temperature/Sensor/ThermalTimeConstant',
 'Device/SubDeviceList/LElbowRoll/Temperature/Sensor/ThermalResistance',
 'Device/SubDeviceList/Face/Led/Red/Left/315Deg/Actuator/Max',
 'Device/SubDeviceList/LElbowRoll/Temperature/Sensor/SubDeviceNumber',
 '_Behavior__animationMode1554920712__root__AnimationMode_2__StoreKeyframe_8',
 'Device/SubDeviceList/RKneePitch/Position/Actuator/Kp',
 'Device/SubDeviceList/LElbowRoll/Temperature/Sensor/Max',
 'Device/SubDeviceList/LElbowRoll/Temperature/Sensor/Min',
 'Device/SubDeviceList/LElbowRoll/Temperature/Sensor/Offset',
 'Device/SubDeviceList/LElbowRoll/Temperature/Sensor/Value',
 '_Behavior__animationsStandWaitingSpaceShuttle_11075332920__root_1__fx2__keyframe171__PlaySound_1',
 'Diagnosis/Temperature/RAnklePitch/Error',
 '_Behavior__animationsSitWaitingPong_11047519312__root_2__onStopped',
 'Device/SubDeviceList/LElbowRoll/ElectricCurrent/Sensor/Device',
 'Device/SubDeviceList/Face/Led/Red/Left/135Deg/Actuator/SubDeviceNumber',
 'Motion/Position/Error/RShoulderRoll',
 'Device/SubDeviceList/RFoot/FSR/FrontLeft/Sensor/Max',
 'Device/SubDeviceList/RWristYaw/ElectricCurrent/Sensor/CurrentType',
 'Device/SubDeviceList/LElbowRoll/ElectricCurrent/Sensor/ShuntResistance',
 'Diagnosis/Temperature/LKneePitch/Error',
 'Device/SubDeviceList/LElbowRoll/ElectricCurrent/Sensor/Max',
 'Device/SubDeviceList/LElbowRoll/ElectricCurrent/Sensor/Min',
 'ALTracker/HeadTracking/Restarted',
 'Device/SubDeviceList/LElbowRoll/ElectricCurrent/Sensor/Offset',
 'Device/SubDeviceList/RElbowYaw/Temperature/Sensor/TemperatureSensorType',
 'Diagnosis/Passive/Face/Led/Red/Right/45Deg/Error',
 '_Behavior__animationsStandBodyTalkListeningListeningRight_3145472552__root_6__onStopped',
 'Device/SubDeviceList/LElbowRoll/ElectricCurrent/Sensor/Value',
 'Diagnosis/Active/Head/Led/Rear/Right/1/Error',
 '_Behavior__animationsStandGesturesThis_31067252272__root_140__onStopped',
 '_Behavior__animationsStandWaitingKnockEye_11072286608__root_2__sound__fx_neonOff__PlaySound_4/Volume (%)',
 'Device/SubDeviceList/LElbowRoll/Hardness/Actuator/Device',
 '_Behavior__animationsStandWaitingWakeUp_11082048920__root_1__Fx__keyframe245__PlaySound_1/Panorama',
 'Device/SubDeviceList/LElbowRoll/Hardness/Actuator/Type',
 'Device/SubDeviceList/Face/Led/Red/Left/225Deg/Actuator/Offset',
 'Diagnosis/Active/Face/Led/Red/Left/45Deg/Error',
 'Device/SubDeviceList/RElbowRoll/Position/Sensor/Offset',
 'Device/SubDeviceList/LElbowRoll/Hardness/Actuator/stiffnessDecreaseRate',
 'Diagnosis/Active/Head/Led/Error',
 'Device/SubDeviceList/RKneePitch/Position/Actuator/Type',
 'Device/SubDeviceList/LElbowRoll/Hardness/Actuator/SubDeviceNumber',
 'Device/DeviceList/HeadBoard/currentCalibrationResultMotor2',
 'ALFindPersonHead/HeadReached',
 'Device/SubDeviceList/LElbowRoll/Hardness/Actuator/Max',
 'Device/SubDeviceList/LElbowRoll/Hardness/Actuator/Min',
 'Device/SubDeviceList/Face/Led/Blue/Right/315Deg/Actuator/Type',
 'Device/SubDeviceList/LElbowRoll/Hardness/Actuator/Offset',
 'Device/SubDeviceList/LElbowRoll/Hardness/Actuator/Value',
 'Device/SubDeviceList/HeadYaw/Hardness/Actuator/Device',
 'Diagnosis/Passive/Face/Led/Blue/Right/0Deg/Error',
 '_Behavior__animationsStandReactionsTouchHead_41090658912__root_6__onStopped',
 'Device/SubDeviceList/LElbowRoll/Position/Sensor/MechanicalStopMax',
 'Diagnosis/Passive/RFoot/FSR/Error',
 'Device/SubDeviceList/LFoot/FSR/RearRight/Sensor/Min',
 'Device/DeviceList/GridEyePlugin/Address',
 'Device/SubDeviceList/LElbowRoll/Position/Sensor/MechanicalStopMin',
 'Device/SubDeviceList/LElbowRoll/Position/Sensor/GearRatio',
 'Device/SubDeviceList/LElbowRoll/Position/Sensor/positionChainMREJoint',
 'Device/SubDeviceList/LElbowRoll/Position/Sensor/jointZeroPosition',
 'Device/SubDeviceList/LElbowRoll/Position/Sensor/Register',
 '_Behavior__animationsSitEmotionsPositiveHungry_11055755664__root_34__Fx__keyframe8__PlaySound_1/File path',
 '_Behavior__animationsSitOnPodGesturesMe_71759650464__root_25',
 'Diagnosis/Active/RFoot/FSR/RearRight/Error',
 '_Behavior__animationsStandGesturesHey_51075706056__root_8',
 'Device/SubDeviceList/RHipPitch/ElectricCurrent/Sensor/SubDeviceNumber',
 'Device/SubDeviceList/LElbowRoll/Position/Sensor/Min',
 'Device/SubDeviceList/LHand/Position/Sensor/MechanicalStopMax',
 'Device/DeviceList/RightArmBoard/Bid',
 '_Behavior__animationsSitOnPodGesturesThis_101095903960__root_147',
 'Device/SubDeviceList/LElbowRoll/Position/Sensor/Gain',
 'Device/SubDeviceList/LElbowRoll/Position/Actuator/Device',
 'Device/SubDeviceList/LElbowRoll/Position/Actuator/Type',
 'Device/SubDeviceList/Battery/Charge/Sensor/SubDeviceNumber',
 'Device/SubDeviceList/LElbowRoll/Position/Actuator/IMax',
 'Diagnosis/Active/RArm/Error',
 'Device/SubDeviceList/LElbowRoll/Position/Actuator/Kd',
 'Diagnosis/Passive/Head/Led/Front/Right/1/Error',
 'Device/SubDeviceList/RElbowYaw/Position/Sensor/Max',
 'Device/SubDeviceList/LElbowRoll/Position/Actuator/Ki',
 'Device/SubDeviceList/LElbowRoll/Position/Actuator/InvertControlDirection',
 '_Behavior__animationsSitOnPodBodyTalkListeningListening_51130494208__root_5__onStopped',
 'Device/SubDeviceList/US/Sensor/SubDeviceNumber',
 'Device/SubDeviceList/LWristYaw/Position/Actuator/Offset',
 'Device/SubDeviceList/Face/Led/Red/Right/180Deg/Actuator/SubDeviceNumber',
 'Device/SubDeviceList/RHand/Touch/Right/Sensor/Offset',
 'Device/SubDeviceList/Head/Touch/Front/Sensor/Register',
 'Device/SubDeviceList/LElbowRoll/Position/Actuator/SubDeviceNumber',
 'Device/SubDeviceList/InitMotorBoardPlugin/InitializedMotorboardCount/Type',
 'Device/SubDeviceList/LShoulderPitch/Temperature/Sensor/Value',
 'Device/SubDeviceList/LElbowRoll/Position/Actuator/Max',
 'Device/SubDeviceList/LElbowRoll/Position/Actuator/Offset',
 'Device/SubDeviceList/Battery/Current/Sensor/ShuntResistance',
 'Device/SubDeviceList/LShoulderPitch/Position/Sensor/MechanicalStopMin',
 'Device/SubDeviceList/LElbowRoll/Position/Actuator/Value',
 'Device/SubDeviceList/LElbowRoll/Position/Actuator/Name',
 'Device/SubDeviceList/Face/Led/Green/Left/225Deg/Actuator/Offset',
 '_Behavior__animationsStandBodyTalkSpeakingBodyTalk_71194040272__root_27__onStopped',
 'Device/SubDeviceList/LElbowYaw/Temperature/Sensor/Device',
 '_Behavior__animationsSitOnPodBodyTalkListeningListening_61145790136__root_8',
 '_Behavior__animationsStandWaitingShowMuscles_41078179928__root_4__Fx__keyframe18__PlaySound_1/Panorama',
 'Device/SubDeviceList/RShoulderPitch/Position/Actuator/Kd',
 'Device/DeviceList/LeftFootBoard/StoredSerialNumber',
 'Device/SubDeviceList/RHand/Position/Sensor/Max',
 'Device/SubDeviceList/DcmLostPlugin/StiffnessDecrease/Leg/Min',
 'Device/SubDeviceList/LElbowYaw/Temperature/Sensor/Type',
 'Device/SubDeviceList/LElbowYaw/Temperature/Sensor/WindingResistance',
 'Device/DeviceList/LeftHipBoard/currentCalibrationResultMotor1',
 'Device/SubDeviceList/RElbowYaw/Position/Sensor/GearRatio',
 'Device/SubDeviceList/LElbowYaw/Temperature/Sensor/AddressTemperatureSensor',
 '_Behavior__animationsStandEmotionsNegativeAnxious_1151177192__root_1__onStopped',
 'Device/SubDeviceList/LHipRoll/ElectricCurrent/Sensor/CurrentType',
 'Device/SubDeviceList/LElbowYaw/Temperature/Sensor/StartTemperature',
 'Device/SubDeviceList/LElbowYaw/Temperature/Sensor/OtherMotorTransmission',
 'Device/SubDeviceList/Face/Led/Green/Right/45Deg/Actuator/SubDeviceNumber',
 '_Behavior__animationsStandEmotionsPositiveHappy_41090615616__root_4__onStopped',
 'Device/SubDeviceList/RWristYaw/Hardness/Actuator/Device',
 'Device/SubDeviceList/Face/Led/Green/Left/135Deg/Actuator/SubDeviceNumber',
 'Device/SubDeviceList/RHipRoll/Position/Actuator/Kp',
 'Device/SubDeviceList/LElbowYaw/Temperature/Sensor/ThermalResistance',
 'Device/SubDeviceList/LElbowYaw/Temperature/Sensor/Status',
 '_Behavior__animationsSitWaitingAutoFormat_11045385624__root_1__Fx__keyframe327__PlaySound_1/Panorama',
 'Device/SubDeviceList/LElbowYaw/Temperature/Sensor/Offset',
 'Device/SubDeviceList/LElbowYaw/Temperature/Sensor/Gain',
 'Device/SubDeviceList/LElbowYaw/Temperature/Sensor/Value',
 'Device/SubDeviceList/RShoulderRoll/Temperature/Sensor/AddressTemperatureSensor',
 'Device/SubDeviceList/LElbowYaw/ElectricCurrent/Sensor/Device',
 'Device/SubDeviceList/Ears/Led/Right/108Deg/Actuator/Register',
 '_Behavior__animationsStandBodyTalkSpeakingBodyTalk_6145993184__root_25__onStopped',
 'Device/DeviceList/RightShoulderBoard/Nack',
 'Device/SubDeviceList/RKneePitch/Temperature/Sensor/Status',
 'Device/SubDeviceList/LElbowYaw/ElectricCurrent/Sensor/Type',
 'Device/DeviceList/LeftFootBoard/RobotId',
 '_Behavior__animationsSitBodyTalkSpeakingBodyTalk_11146237408__root_14',
 'Device/SubDeviceList/LElbowYaw/ElectricCurrent/Sensor/ShuntResistance',
 'Diagnosis/Active/Head/Led/Rear/Right/0/Error',
 'Diagnosis/Passive/CameraTop/Error',
 'Device/SubDeviceList/LElbowYaw/ElectricCurrent/Sensor/Max',
 'Device/SubDeviceList/InertialSensor/GyroscopeZ/Sensor/SubDeviceNumber',
 'Device/SubDeviceList/LAnklePitch/Temperature/Sensor/Name',
 'Device/SubDeviceList/LHipRoll/Temperature/Sensor/Gain',
 'Device/SubDeviceList/LElbowYaw/ElectricCurrent/Sensor/Min',
 'Device/SubDeviceList/LElbowYaw/ElectricCurrent/Sensor/Offset',
 'Device/SubDeviceList/LElbowYaw/Hardness/Actuator/Device',
 'BatteryNotDetected',
 'Device/SubDeviceList/LElbowYaw/Hardness/Actuator/Type',
 'Device/SubDeviceList/LElbowYaw/Hardness/Actuator/stiffnessDecreaseRate',
 '_Behavior__animationsSitWaitingScratchHand_11046486096__root',
 '_Behavior__animationsSitOnPodBodyTalkThinkingThinkingLoop_11194017928__root_14',
 'Device/DeviceList/RightHandBoard/Type',
 'Device/SubDeviceList/PreferencesPlugin/ChangePreference/NewValueInt',
 'Device/SubDeviceList/Face/Led/Blue/Left/180Deg/Actuator/Offset',
 'Device/SubDeviceList/InertialSensor/AccelerometerZ/Sensor/Device',
 'Device/SubDeviceList/LElbowYaw/Hardness/Actuator/SubDeviceNumber',
 'Device/SubDeviceList/LElbowYaw/Hardness/Actuator/Max',
 'Device/SubDeviceList/LElbowYaw/Hardness/Actuator/Offset',
 '_Behavior__animationsSitBodyTalkSpeakingBodyTalk_61193993736__root_9__onStopped',
 'Device/SubDeviceList/HeadPitch/Temperature/Sensor/Register',
 'Device/SubDeviceList/LElbowYaw/Hardness/Actuator/Gain',
 '_Behavior__animationsSitReactionsEthernetOn_1156231296__root_1',
 '_Behavior__animationsSitBodyTalkListeningListening_11145787008__root',
 'Diagnosis/Temperature/LFoot/Bumper/Left/Error',
 'Motion/Velocity/Error/RHipPitch',
 'Device/SubDeviceList/LElbowYaw/Position/Sensor/Type',
 'WavingDetection/PersonWavingCenter',
 'Device/SubDeviceList/LElbowYaw/Position/Sensor/GearRatio',
 '_Behavior__animationsSitEmotionsNeutralAskForAttention_31053819400__root_1__behavior_layer2__Sound__PlaySound_1/Volume (%)',
 'Diagnosis/Active/RHipYawPitch/Error',
 'Device/SubDeviceList/LElbowYaw/Position/Sensor/positionChainMREMotor',
 'Device/SubDeviceList/LElbowYaw/Position/Sensor/positionChainMREJoint',
 '_Behavior__animationsSitWaitingPong_11047519312__root_2__fx__keyframe182__PlaySound_1/File path',
 'Device/SubDeviceList/LElbowYaw/Position/Sensor/jointZeroPosition',
 'Device/SubDeviceList/RHipPitch/Position/Sensor/Gain',
 'Device/SubDeviceList/LElbowYaw/Position/Sensor/SensorType',
 'Motion/Position/Sensor/LAnkleRoll',
 '_Behavior__animationsSitWaitingPhone_11048170576__root_4__Anim_sit_allo_3__speech__speech__Say_2/Voice shaping (%)',
 'Device/SubDeviceList/LElbowYaw/Position/Sensor/Max',
 'Device/SubDeviceList/LElbowYaw/Position/Sensor/Gain',
 'Device/SubDeviceList/LElbowYaw/Position/Sensor/Name',
 'Device/SubDeviceList/US/Left/Sensor/Max',
 'Device/SubDeviceList/LElbowYaw/Position/Actuator/Device',
 '_Behavior__animationsSitOnPodGesturesHey_71131236152__root_5__onStopped',
 'Diagnosis/Active/Face/Led/Blue/Left/45Deg/Error',
 'Device/SubDeviceList/LElbowYaw/Position/Actuator/Type',
 'Device/DeviceList/LeftFootBoard/Name',
 'Device/SubDeviceList/LElbowYaw/Position/Actuator/PWMValue',
 'Device/SubDeviceList/LElbowYaw/Position/Actuator/IMax',
 'Device/SubDeviceList/LElbowYaw/Position/Actuator/Kd',
 'Device/SubDeviceList/LElbowYaw/Position/Actuator/Ki',
 'Device/SubDeviceList/LElbowYaw/Position/Actuator/Kp',
 'Device/SubDeviceList/RFoot/FSR/FrontRight/Sensor/XPosition',
 'Device/SubDeviceList/RHand/Temperature/Sensor/AddressTemperatureSensor',
 'Device/SubDeviceList/HeadPitch/Position/Actuator/Kd',
 'Device/SubDeviceList/LElbowYaw/Position/Actuator/MotorNumber',
 '_Behavior__animationsSitEmotionsPositiveWinner_1157978768__root_1__behavior_layer2__Sound__PlaySound_1/File path',
 'ALMotion/RobotIsFalling',
 'Device/SubDeviceList/LElbowYaw/Position/Actuator/Register',
 'Device/SubDeviceList/US/Sensor/Device',
 'Device/SubDeviceList/LElbowYaw/Position/Actuator/Min',
 'Device/SubDeviceList/LElbowYaw/Position/Actuator/Gain',
 '_Behavior__animationsStandBodyTalkSpeakingBodyTalk_151141900664__root_32__onStopped',
 'Device/SubDeviceList/LElbowYaw/Position/Actuator/Name',
 'Device/SubDeviceList/Face/Led/Red/Left/0Deg/Actuator/Register',
 'Motion/Position/Command/RShoulderRoll',
 'Device/SubDeviceList/HeadYaw/Temperature/Sensor/Device',
 '_Behavior__animationsSitOnPodGesturesNo_41097800744__root_87__onStopped',
 '_Behavior__animationsSitEmotionsPositiveShy_1158595056__root_28',
 '_Behavior__animationsStandWaitingRobot_1153325320__root_10',
 'Device/SubDeviceList/HeadYaw/Temperature/Sensor/WindingResistance',
 'UserSession/FocusedUser',
 'Device/SubDeviceList/HeadYaw/Temperature/Sensor/OtherMotorTransmission',
 'Device/SubDeviceList/Face/Led/Red/Right/225Deg/Actuator/Gain',
 'Device/SubDeviceList/HeadYaw/Temperature/Sensor/AmbientTemperature',
 'Device/SubDeviceList/HeadYaw/Temperature/Sensor/ThermalTimeConstant',
 'Device/DeviceList/InitNaoDevicesPlugin/Priority',
 'Device/SubDeviceList/HeadYaw/Temperature/Sensor/ThermalResistance',
 'Diagnosis/Active/Head/Led/Middle/Right/0/Error',
 'Device/SubDeviceList/LHipRoll/Temperature/Sensor/Offset',
 'Device/SubDeviceList/HeadYaw/Temperature/Sensor/SubDeviceNumber',
 'Device/SubDeviceList/HeadYaw/Temperature/Sensor/Min',
 'Device/SubDeviceList/US/Actuator/SubDeviceNumber',
 'Device/SubDeviceList/HeadYaw/Temperature/Sensor/Offset',
 'Device/SubDeviceList/Head/Led/Rear/Left/1/Actuator/Max',
 'Device/SubDeviceList/LElbowYaw/Position/Actuator/Offset',
 'Device/SubDeviceList/HeadYaw/Temperature/Sensor/Gain',
 'Device/SubDeviceList/HeadYaw/Temperature/Sensor/Value',
 'Device/SubDeviceList/Face/Led/Green/Right/225Deg/Actuator/Name',
 'Diagnosis/Temperature/Face/Led/Red/Left/135Deg/Error',
 'Device/SubDeviceList/LHipPitch/Speed/Sensor/Value',
 'Device/SubDeviceList/HeadYaw/Temperature/Sensor/Name',
 'Device/DeviceList/LeftShinBoard/Address',
 'Device/SubDeviceList/RHand/Position/Sensor/Value',
 '_Behavior__animationsStandWaitingStretch_31074540208__root_7__onStopped',
 'Device/SubDeviceList/HeadYaw/ElectricCurrent/Sensor/Device',
 '_Behavior__animationsSitWaitingMusic_VieEnRose_1145005520__root_8__Music__keyframe1__PlaySound_1/File path',
 '_Behavior__animationsStandGesturesNothing_21060316200__root_92',
 'Device/SubDeviceList/RAnklePitch/ElectricCurrent/Sensor/Name',
 '_Behavior__animationsSitWaitingPuppet_1161066304__root_1',
 'Device/SubDeviceList/RKneePitch/Position/Sensor/Device',
 'Device/SubDeviceList/HeadYaw/ElectricCurrent/Sensor/ShuntResistance',
 'Device/SubDeviceList/LElbowYaw/Temperature/Sensor/SubDeviceNumber',
 'Device/SubDeviceList/HeadYaw/ElectricCurrent/Sensor/CurrentType',
 '_Behavior__animationsStandBodyTalkSpeakingBodyTalk_20146228872__root_38__onStopped',
 'Device/SubDeviceList/InertialSensor/GyroscopeZZeroOffset/Sensor/Max',
 'Device/SubDeviceList/LElbowRoll/ElectricCurrent/Sensor/SubDeviceNumber',
 'Device/SubDeviceList/RElbowRoll/Position/Actuator/Offset',
 'Device/SubDeviceList/HeadYaw/ElectricCurrent/Sensor/SubDeviceNumber',
 '_Behavior__diagnostic1043902184__root__Diagnostic_20__behavior_layer1__init__Say_15/Speed (%)',
 'Device/DeviceList/Chest-Eeprom-80/Nack',
 'Device/SubDeviceList/RElbowRoll/Position/Actuator/IMax',
 'Device/SubDeviceList/HeadYaw/Temperature/Sensor/Max',
 'Device/SubDeviceList/HeadYaw/ElectricCurrent/Sensor/Min',
 'Device/SubDeviceList/HeadYaw/ElectricCurrent/Sensor/Offset',
 'Device/SubDeviceList/RShoulderPitch/Position/Actuator/InvertControlDirection',
 'Device/SubDeviceList/RElbowYaw/Position/Actuator/Kd',
 'Device/SubDeviceList/HeadYaw/ElectricCurrent/Sensor/Gain',
 'Device/SubDeviceList/HeadYaw/ElectricCurrent/Sensor/Name',
 'Device/SubDeviceList/InertialSensor/AccZ/Sensor/Max',
 'RobotConfig/Body/Device/LeftArm/Version',
 '_Behavior__animationsStandEmotionsNegativeAngry_41093618672__root_4__onStopped',
 'Device/SubDeviceList/HeadYaw/Hardness/Actuator/Type',
 'Device/SubDeviceList/HeadYaw/Hardness/Actuator/stiffnessDecreaseRate',
 'Device/SubDeviceList/LFoot/FSR/CenterOfPressure/Y/Sensor/Offset',
 'Device/SubDeviceList/RAnkleRoll/Temperature/Sensor/TemperatureSensorType',
 '_Behavior__animationsStandGesturesThinking_51068555344__root_134__onStopped',
 'Device/SubDeviceList/HeadYaw/Hardness/Actuator/Register',
 'Device/SubDeviceList/HeadYaw/Hardness/Actuator/Max',
 'ALPanoramaCompass/StartShootOneFrame',
 'Device/SubDeviceList/HeadYaw/Hardness/Actuator/Min',
 'Device/SubDeviceList/HeadYaw/Hardness/Actuator/Gain',
 'Device/SubDeviceList/LAnklePitch/Position/Sensor/Limit',
 'Device/SubDeviceList/HeadYaw/Hardness/Actuator/Name',
 'Device/SubDeviceList/LFoot/FSR/FrontLeft/Sensor/Type',
 '_Behavior__animationsStandGesturesYou_51075693792__root_18',
 'Device/DeviceList/HeadBoard/currentCalibrationResultMotor1',
 'Device/SubDeviceList/RShoulderPitch/Temperature/Sensor/OtherMotorTransmission',
 'Device/SubDeviceList/Face/Led/Blue/Left/0Deg/Actuator/Type',
 'Device/SubDeviceList/HeadYaw/Position/Sensor/Device',
 '_Behavior__animationsStandGesturesCatchFly_11067211920__root_13',
 'Device/SubDeviceList/RHand/ElectricCurrent/Sensor/Min',
 'Device/SubDeviceList/HeadYaw/Position/Sensor/Limit',
 'Diagnosis/Passive/LFoot/Led/Error',
 'Device/DeviceList/LeftThighBoard/StoredSerialNumber',
 'Device/SubDeviceList/LHipYawPitch/Temperature/Sensor/Offset',
 'Device/SubDeviceList/HeadYaw/Position/Sensor/GearRatio',
 'Diagnosis/Active/Face/Led/Red/Right/315Deg/Error',
 'Device/SubDeviceList/HeadYaw/Position/Sensor/positionChainMREMotor',
 'Motion/Position/Sensor/RShoulderPitch',
 'Device/SubDeviceList/LShoulderRoll/Hardness/Actuator/Offset',
 'Device/SubDeviceList/HeadYaw/Position/Sensor/positionChainMREJoint',
 'Device/DeviceList/GridEyePlugin/Available',
 'Device/SubDeviceList/HeadYaw/Position/Sensor/SensorType',
 'Device/SubDeviceList/HeadYaw/Position/Sensor/SubDeviceNumber',
 '_Behavior__animationsStandWaitingShowMuscles_41078179928__root_4',
 '_Behavior__animationsStandEmotionsNegativeFear_21091280864__root_2__behavior_layer2__keyframe116__PlaySound_4/Volume (%)',
 'Device/SubDeviceList/HeadYaw/Position/Sensor/Max',
 'Device/SubDeviceList/HeadYaw/Position/Sensor/Offset',
 '_Behavior__animationsStandWaitingAirGuitar_11072367856__root_1__stand_airGuitar1_loop_2__music__music__PlaySound_4/File path',
 '_Behavior__animationsStandEmotionsNegativeBored_11094560136__root_5',
 'Device/SubDeviceList/HeadYaw/Position/Sensor/Value',
 'Device/SubDeviceList/LHipYawPitch/Position/Actuator/Device',
 'Device/DeviceList/RightFootBoard/BootLoaderVersion',
 'Device/SubDeviceList/LShoulderRoll/Position/Actuator/Max',
 'Device/SubDeviceList/HeadYaw/Position/Sensor/Name',
 'Device/SubDeviceList/HeadYaw/Position/Actuator/Device',
 'Device/SubDeviceList/HeadYaw/Position/Actuator/Type',
 'Device/SubDeviceList/HeadYaw/Position/Actuator/IMax',
 'Device/SubDeviceList/Battery/Current/Sensor/Type',
 'Device/SubDeviceList/HeadYaw/Position/Actuator/Register',
 'Device/SubDeviceList/HeadYaw/Position/Actuator/SubDeviceNumber',
 'Device/SubDeviceList/HeadYaw/Position/Actuator/Max',
 'Device/SubDeviceList/LKneePitch/Temperature/Sensor/ThermalResistance',
 'Device/SubDeviceList/LElbowRoll/Temperature/Sensor/Device',
 'Device/SubDeviceList/HeadYaw/Position/Actuator/Min',
 'Device/SubDeviceList/Ears/Led/Left/108Deg/Actuator/Device',
 'Device/SubDeviceList/HeadYaw/Position/Actuator/Offset',
 'Device/SubDeviceList/HeadYaw/Position/Actuator/Gain',
 'Device/SubDeviceList/HeadYaw/Position/Actuator/Value',
 'Device/SubDeviceList/HeadYaw/Position/Actuator/Name',
 'Device/SubDeviceList/HeadPitch/Temperature/Sensor/AddressTemperatureSensor',
 'Launchpad/TrackedHumanIsLookingAtRobot',
 'Device/SubDeviceList/HeadPitch/Temperature/Sensor/AmbientTemperature',
 'Dialog/Answered',
 'Device/SubDeviceList/HeadPitch/Temperature/Sensor/ThermalTimeConstant',
 'Device/SubDeviceList/HeadPitch/Temperature/Sensor/Status',
 'Device/SubDeviceList/RShoulderPitch/Temperature/Sensor/Type',
 'Device/SubDeviceList/RHipPitch/Position/Actuator/PWMValue',
 'Device/SubDeviceList/HeadPitch/Temperature/Sensor/SubDeviceNumber',
 '_Behavior__animationsStandGesturesMime_11065639424__root_82__onStopped',
 'Device/SubDeviceList/LFoot/Bumper/Right/Sensor/Type',
 'Device/SubDeviceList/HeadPitch/Temperature/Sensor/Max',
 '_Behavior__animationsStandEmotionsPositiveProud_31082290896__root_3__onStopped',
 'Device/SubDeviceList/LElbowRoll/Position/Sensor/SensorType',
 'Device/SubDeviceList/LHipPitch/Position/Sensor/MechanicalStopMin',
 'Device/SubDeviceList/LWristYaw/Position/Actuator/Device',
 '_Behavior__animationsStandEmotionsNeutralDetermined_11083600768__root_1__onStopped',
 'Device/SubDeviceList/HeadPitch/Temperature/Sensor/Min',
 '_Behavior__animationsStandWaitingTaxi_11067974688__root_1__fx__keyframe14__PlaySound_4',
 'Device/DeviceList/FaceBoard/Bus',
 'Device/SubDeviceList/Face/Led/Red/Left/90Deg/Actuator/Value',
 'Device/SubDeviceList/HeadPitch/Temperature/Sensor/Offset',
 '_Behavior__animationsStandGesturesThis_81061425600__root_145',
 'Device/SubDeviceList/HeadPitch/Temperature/Sensor/Gain',
 'Device/SubDeviceList/HeadPitch/ElectricCurrent/Sensor/Device',
 'Device/SubDeviceList/HeadPitch/ElectricCurrent/Sensor/ShuntResistance',
 'Device/SubDeviceList/HeadPitch/ElectricCurrent/Sensor/SubDeviceNumber',
 'Device/SubDeviceList/LKneePitch/Position/Sensor/MechanicalStopMax',
 'Device/SubDeviceList/HeadPitch/ElectricCurrent/Sensor/Offset',
 'Diagnosis/Passive/RElbowRoll/Error',
 'Device/SubDeviceList/HeadPitch/ElectricCurrent/Sensor/Value',
 'Device/SubDeviceList/LShoulderPitch/Hardness/Actuator/Min',
 'Device/SubDeviceList/LAnklePitch/Position/Actuator/Ki',
 'Device/SubDeviceList/RHipRoll/Position/Actuator/Ki',
 'Device/SubDeviceList/HeadPitch/Hardness/Actuator/Type',
 'Device/SubDeviceList/HeadPitch/Hardness/Actuator/Register',
 'Device/DeviceList/MaxCurrentPlugin/Error',
 'BatteryDisChargingFlagChanged',
 '_Behavior__animationsSitWaitingPoorlySeated_11041532864__root',
 'Device/SubDeviceList/HeadPitch/Hardness/Actuator/Max',
 'Device/SubDeviceList/HeadPitch/Hardness/Actuator/Min',
 'Device/SubDeviceList/US/Right/Sensor/Name',
 'Device/SubDeviceList/HeadPitch/Hardness/Actuator/Offset',
 'Device/SubDeviceList/Head/Touch/Front/Sensor/Type',
 'Device/SubDeviceList/HeadPitch/Hardness/Actuator/Gain',
 'Device/SubDeviceList/HeadPitch/Hardness/Actuator/Value',
 'Device/SubDeviceList/HeadPitch/Position/Sensor/Device',
 'Device/SubDeviceList/HeadPitch/Position/Sensor/Type',
 '_Behavior__animationsSitWaitingFalseStop_11054587104__root_1__fx__off__PlaySound_1/Volume (%)',
 'Launchpad/NumMotionZone1',
 'Device/SubDeviceList/HeadPitch/Position/Sensor/MechanicalStopMax',
 'Device/DeviceList/Battery/Error',
 'Device/SubDeviceList/RHipPitch/Position/Actuator/Register',
 'Device/SubDeviceList/HeadPitch/Position/Sensor/GearRatio',
 'PeoplePerception/PeopleList',
 '_Behavior__diagnostic1043902184__root__Diagnostic_20__behavior_layer1__diagnostic__WakeUp_11__Fx__keyframe268__PlaySound_1/File path',
 'Device/SubDeviceList/RAnklePitch/Position/Actuator/MotorNumber',
 'Device/SubDeviceList/HeadPitch/Position/Sensor/jointZeroPosition',
 'Device/SubDeviceList/RHand/Temperature/Sensor/WindingResistance',
 'Device/SubDeviceList/HeadPitch/Position/Sensor/SensorType',
 '_Behavior__animationsStandGesturesExplain_81067925776__root_46__onStopped',
 'Device/SubDeviceList/US/Right/Sensor/Value9',
 'Device/SubDeviceList/HeadYaw/Temperature/Sensor/Type',
 'Device/SubDeviceList/LHipYawPitch/Hardness/Actuator/Type',
 'Device/SubDeviceList/Face/Led/Red/Left/180Deg/Actuator/Name',
 'Device/SubDeviceList/LHand/Temperature/Sensor/Name',
 'Device/SubDeviceList/SpecialJointLimitationPlugin/SpecialLimitHead/Device',
 'Device/SubDeviceList/HeadPitch/Position/Sensor/Register',
 'Device/SubDeviceList/LShoulderRoll/Temperature/Sensor/AmbientTemperature',
 'Device/SubDeviceList/HeadPitch/Position/Sensor/SubDeviceNumber',
 '_Behavior__animationsStandEmotionsNegativeShocked_11089563648__root_1__onStopped',
 'Device/SubDeviceList/LElbowYaw/Hardness/Actuator/Register',
 'Device/DeviceList/USBoard/Nack',
 'Device/SubDeviceList/HeadPitch/Position/Sensor/Value',
 '_Behavior__animationsStandEmotionsPositiveHappy_31086649120__root_3__behavior_layer2__Sound__PlaySound_4/Panorama',
 'Device/SubDeviceList/HeadPitch/Position/Sensor/Name',
 'Device/SubDeviceList/RHand/Touch/Left/Sensor/Offset',
 'Device/DeviceList/LeftHipBoard/StoredSerialNumber',
 '_Behavior__animationsSitOnPodBodyTalkSpeakingBodyTalk_11142428768__root_3',
 '_Behavior__animationsSitEmotionsNeutralAskForAttention_21051179856__root_1',
 '_Behavior__animationsStandWaitingFitness_1152379584__root_2__onStopped',
 'Device/SubDeviceList/HeadPitch/Position/Actuator/PWMValue',
 'Diagnosis/Passive/Ears/Led/Right/252Deg/Error',
 'Device/SubDeviceList/HeadPitch/Position/Actuator/IMax',
 'Device/SubDeviceList/InertialSensor/GyrX/Sensor/Min',
 'Device/SubDeviceList/HeadPitch/Position/Actuator/Ki',
 'Segmentation3D/TopOfTrackedBlob',
 'Device/SubDeviceList/Head/Touch/Middle/Sensor/Max',
 'Device/SubDeviceList/Battery/Current/Sensor/Register',
 'HAL/CycleTime',
 'Device/SubDeviceList/HeadPitch/Position/Actuator/InvertControlDirection',
 'Device/SubDeviceList/HeadPitch/Position/Actuator/MotorNumber',
 '_Behavior__animationsSitEmotionsPositiveLaugh_21050846024__root_1__behavior_layer2__keyframe7__PlaySound_1/Volume (%)',
 'Device/SubDeviceList/HeadPitch/Position/Actuator/Register',
 'Device/SubDeviceList/LElbowRoll/Position/Sensor/Offset',
 'Device/SubDeviceList/HeadPitch/Position/Actuator/SubDeviceNumber',
 'PeoplePerception/VisiblePeopleList',
 'Diagnosis/Passive/LFoot/FSR/Error',
 'Device/SubDeviceList/HeadPitch/Position/Actuator/Max',
 'Device/SubDeviceList/RHand/Position/Actuator/Kp',
 '_Behavior__animationsStandEmotionsNegativeAngry_21088783704__root_2__sound__angry__PlaySound_4/Begin position (s)',
 'Device/SubDeviceList/RAnklePitch/Position/Actuator/InvertControlDirection',
 'Device/SubDeviceList/HeadPitch/Position/Actuator/Gain',
 'Device/SubDeviceList/RElbowRoll/Hardness/Actuator/Offset',
 'Device/SubDeviceList/RShoulderPitch/Hardness/Actuator/Name',
 'Device/SubDeviceList/HeadPitch/Position/Actuator/Name',
 'Device/SubDeviceList/Head/Touch/Middle/Sensor/Type',
 'Device/SubDeviceList/RAnkleRoll/Hardness/Actuator/Register',
 'Device/SubDeviceList/Head/Touch/Middle/Sensor/Register',
 '_Behavior__animationsSitOnPodGesturesThis_141096903056__root_151',
 'Device/SubDeviceList/RAnkleRoll/Position/Actuator/Kp',
 'Device/SubDeviceList/LShoulderRoll/Position/Sensor/Device',
 'Device/SubDeviceList/Head/Touch/Middle/Sensor/SubDeviceNumber',
 'Motion/Position/Sensor/RWristYaw',
 'Device/SubDeviceList/LKneePitch/Temperature/Sensor/Name',
 'ALLocalization/LocalizeDirectionLost',
 'WordRecognizedAndGrammar',
 'Device/SubDeviceList/Head/Touch/Middle/Sensor/Min',
 'Device/SubDeviceList/Head/Touch/Middle/Sensor/Gain',
 'Device/SubDeviceList/Head/Touch/Middle/Sensor/Value',
 '_Behavior__animationsStandWaitingShowMuscles_31074483848__root_3__onStopped',
 'Device/SubDeviceList/RHand/Position/Sensor/MechanicalStopMin',
 'Device/SubDeviceList/Face/Led/Green/Left/90Deg/Actuator/Offset',
 'Device/SubDeviceList/Face/Led/Green/Left/225Deg/Actuator/Gain',
 'Device/SubDeviceList/Head/Touch/Rear/Sensor/Device',
 'Device/SubDeviceList/Head/Touch/Rear/Sensor/Type',
 'Device/SubDeviceList/LHipYawPitch/ElectricCurrent/Sensor/Value',
 'Device/SubDeviceList/RElbowRoll/Hardness/Actuator/stiffnessDecreaseRate',
 'Device/SubDeviceList/Head/Touch/Rear/Sensor/Max',
 'Device/SubDeviceList/Head/Touch/Rear/Sensor/Gain',
 'Device/SubDeviceList/LKneePitch/Temperature/Sensor/Value',
 'Device/SubDeviceList/Ears/Led/Right/180Deg/Actuator/Min',
 'Device/SubDeviceList/Head/Touch/Rear/Sensor/Value',
 'Device/SubDeviceList/Head/Touch/Front/Sensor/Device',
 '_Behavior__animationsLEDCircleEyes1046285512__root_3__onStopped',
 'Device/SubDeviceList/Head/Touch/Front/Sensor/Max',
 'Device/SubDeviceList/Head/Touch/Front/Sensor/Gain',
 'ALStore/SystemImageDownloaded',
 'RobotConfig/Head/Device/FaceBoard/Leds/Rotation',
 'Device/SubDeviceList/Head/Touch/Front/Sensor/Value',
 'Device/SubDeviceList/Head/Touch/Front/Sensor/Name',
 '_Behavior__animationsSitOnPodGesturesThis_4146648312__root_141',
 'Launchpad/PreviousState',
 'Device/SubDeviceList/RFoot/Bumper/Left/Sensor/Device',
 'Device/SubDeviceList/RFoot/FSR/CenterOfPressure/Y/Sensor/Offset',
 'Device/SubDeviceList/RFoot/Bumper/Left/Sensor/Register',
 'Device/SubDeviceList/Face/Led/Red/Right/315Deg/Actuator/SubDeviceNumber',
 'Device/SubDeviceList/RFoot/Bumper/Left/Sensor/Max',
 'Device/SubDeviceList/RFoot/Bumper/Left/Sensor/Gain',
 'Device/SubDeviceList/RFoot/Bumper/Left/Sensor/Value',
 'Device/SubDeviceList/LHipPitch/Temperature/Sensor/AddressTemperatureSensor',
 'Device/SubDeviceList/RFoot/Bumper/Left/Sensor/Name',
 'Device/SubDeviceList/Battery/Current/Sensor/Gain',
 'Device/SubDeviceList/RFoot/Bumper/Right/Sensor/Device',
 'Motion/Position/Sensor/LHipYawPitch',
 '_Behavior__animationsStandWaitingTakePicture_11077944288__root_1__Fx__keyframe57__PlaySound_3/Volume (%)',
 'Device/SubDeviceList/RFoot/Bumper/Right/Sensor/Type',
 'Device/SubDeviceList/RFoot/Bumper/Right/Sensor/Max',
 'Device/SubDeviceList/RFoot/Bumper/Right/Sensor/Min',
 '_Behavior__animationsStandBodyTalkSpeakingBodyTalk_81142241808__root_28__onStopped',
 'Device/SubDeviceList/RShoulderPitch/ElectricCurrent/Sensor/Device',
 'Device/SubDeviceList/RFoot/Bumper/Right/Sensor/Offset',
 'Device/SubDeviceList/RFoot/Bumper/Right/Sensor/Value',
 'Device/SubDeviceList/RFoot/Bumper/Right/Sensor/Name',
 'Diagnosis/Passive/Face/Led/Blue/Left/0Deg/Error',
 'Device/SubDeviceList/Ears/Led/Right/72Deg/Actuator/Offset',
 'Device/SubDeviceList/RHipPitch/ElectricCurrent/Sensor/Type',
 'Device/SubDeviceList/LFoot/Bumper/Left/Sensor/Register',
 'packageInstalled',
 'Device/SubDeviceList/LFoot/Bumper/Left/Sensor/SubDeviceNumber',
 'Device/DeviceList/USBoard/Jammed',
 'Device/SubDeviceList/RHipPitch/Position/Actuator/Kp',
 'Device/SubDeviceList/LFoot/Bumper/Left/Sensor/Max',
 'Device/SubDeviceList/LFoot/Bumper/Left/Sensor/Offset',
 'ALMotion/Stiffness/restFinished',
 'Device/SubDeviceList/LFoot/Bumper/Left/Sensor/Value',
 '_Behavior__animationsStandReactionsEthernetOn_11093622920__root_1__onStopped',
 '_Behavior__animationsSitWaitingCallSomeone_11075323272__root_1__onStopped',
 'ALBehaviorManager/BehaviorsLoaded',
 'Device/SubDeviceList/RAnklePitch/Hardness/Actuator/Name',
 'Device/SubDeviceList/LHand/Hardness/Actuator/Type',
 'Device/SubDeviceList/LHipYawPitch/Position/Actuator/IMax',
 'Device/SubDeviceList/LFoot/Bumper/Right/Sensor/SubDeviceNumber',
 'Device/SubDeviceList/Head/Led/Middle/Right/0/Actuator/Name',
 'Device/SubDeviceList/RKneePitch/Hardness/Actuator/stiffnessDecreaseRate',
 '_Behavior__animationsSitWaitingFalseStop_11054587104__root_1__fx__off__PlaySound_1',
 'Device/SubDeviceList/LFoot/Bumper/Right/Sensor/Max',
 'Device/SubDeviceList/LHipYawPitch/Position/Actuator/Register',
 '_Behavior__animationsStandBodyTalkListeningListeningLeft_31146066024__root_3',
 'Device/SubDeviceList/LFoot/Bumper/Right/Sensor/Offset',
 'Device/SubDeviceList/LFoot/Bumper/Right/Sensor/Value',
 'Device/SubDeviceList/RHipRoll/ElectricCurrent/Sensor/Value',
 'Device/SubDeviceList/LFoot/Bumper/Right/Sensor/Name',
 'RobotConfig/Head/Device/MicroSD/Size',
 'Device/SubDeviceList/Face/Led/Blue/Left/315Deg/Actuator/Min',
 'Device/SubDeviceList/LElbowRoll/Position/Sensor/Limit',
 'Device/SubDeviceList/ChestBoard/Button/Sensor/Device',
 '_Behavior__animationsStandWaitingShowMuscles_2152534960__root_2__onStopped',
 'Device/SubDeviceList/ChestBoard/Button/Sensor/Register',
 'Diagnosis/Active/LHand/Touch/Error',
 'Device/SubDeviceList/ChestBoard/Button/Sensor/SubDeviceNumber',
 'Motion/Position/Error/LKneePitch',
 'Device/SubDeviceList/LHand/Position/Actuator/IMax',
 '_Behavior__animationsSitEmotionsNegativeSad_11060170184__root_1__behavior_layer2__Sound__PlaySound_1/File path',
 'Device/DeviceList/InertialSensor/Ack',
 'Device/SubDeviceList/ChestBoard/Button/Sensor/Gain',
 '_Behavior__animationsSitWaitingAutoFormat_11045385624__root_1__speech__format__Say_2',
 'Device/SubDeviceList/RHand/Touch/Back/Sensor/Name',
 'Device/SubDeviceList/ChestBoard/Button/Sensor/Value',
 'Device/SubDeviceList/ChestBoard/Button/Sensor/Name',
 'Launchpad/RobotFellRecently',
 'Diagnosis/Temperature/Face/Led/Red/Left/0Deg/Error',
 'Device/SubDeviceList/RFoot/Led/Blue/Actuator/Type',
 'Device/SubDeviceList/RAnklePitch/Hardness/Actuator/Gain',
 'Device/SubDeviceList/RFoot/Led/Blue/Actuator/Max',
 'Device/SubDeviceList/LElbowRoll/ElectricCurrent/Sensor/Name',
 'Device/SubDeviceList/RFoot/Led/Blue/Actuator/Min',
 'Device/DeviceList/LeftArmBoard/Address',
 'Device/SubDeviceList/Head/Touch/Front/Sensor/SubDeviceNumber',
 'Device/SubDeviceList/RFoot/Led/Blue/Actuator/Offset',
 'Motion/VirtualContact/LFootFR',
 'Device/SubDeviceList/RFoot/Led/Blue/Actuator/Gain',
 'Device/SubDeviceList/LElbowRoll/Speed/Sensor/Value',
 'Device/SubDeviceList/RFoot/Led/Blue/Actuator/Name',
 'Motion/Velocity/Sensor/LWristYaw',
 'Device/SubDeviceList/RFoot/Led/Green/Actuator/Type',
 'Device/SubDeviceList/RFoot/Led/Green/Actuator/Register',
 '_Behavior__animationsStandEmotionsPositiveHappy_31086649120__root_3__behavior_layer2__Sound__PlaySound_4/File path',
 'Device/SubDeviceList/RFoot/Led/Green/Actuator/SubDeviceNumber',
 'Device/SubDeviceList/RFoot/Led/Green/Actuator/Max',
 'Device/SubDeviceList/RFoot/Led/Green/Actuator/Min',
 'Diagnosis/Passive/Head/Touch/Rear/Error',
 'Device/SubDeviceList/RFoot/Led/Green/Actuator/Offset',
 'Device/SubDeviceList/RFoot/Led/Green/Actuator/Gain',
 'Device/SubDeviceList/RFoot/Led/Red/Actuator/Device',
 'Device/DeviceList/LeftShinBoard/Name',
 'Device/SubDeviceList/RAnklePitch/Temperature/Sensor/AddressTemperatureSensor',
 'Device/SubDeviceList/LShoulderRoll/Position/Sensor/Max',
 'Device/SubDeviceList/LHand/Position/Sensor/GearRatio',
 'Device/SubDeviceList/RFoot/Led/Red/Actuator/Type',
 'Device/SubDeviceList/RFoot/Led/Red/Actuator/Register',
 '_Behavior__animationsStandWaitingRelaxation_31088218848__root_3__onStopped',
 'Device/SubDeviceList/RFoot/Led/Red/Actuator/Max',
 'Diagnosis/Active/Accelerometer/Error',
 'Device/SubDeviceList/RFoot/Led/Red/Actuator/Min',
 'Device/SubDeviceList/ChestBoard/Button/Sensor/Min',
 'footContactChanged',
 'Device/SubDeviceList/RFoot/Led/Red/Actuator/Gain',
 'DCM/Simulation',
 'Device/SubDeviceList/RFoot/Led/Red/Actuator/Value',
 'Diagnosis/Temperature/HeadYaw/Error',
 'Device/SubDeviceList/LFoot/Led/Blue/Actuator/Device',
 'DCM/hardnessMode',
 'Device/SubDeviceList/LFoot/Led/Blue/Actuator/Type',
 'Device/SubDeviceList/LFoot/Led/Blue/Actuator/Min',
 'Motion/Position/Sensor/LElbowRoll',
 'Device/SubDeviceList/LFoot/Led/Blue/Actuator/Gain',
 'Device/SubDeviceList/LFoot/Led/Green/Actuator/Device',
 'Device/SubDeviceList/US/Actuator/Name',
 'Device/SubDeviceList/RElbowRoll/Position/Actuator/Ki',
 'Device/SubDeviceList/LFoot/Led/Green/Actuator/Register',
 'Diagnosis/Active/Face/Led/Green/Left/270Deg/Error',
 'Device/SubDeviceList/LFoot/Led/Green/Actuator/Name',
 'Device/DeviceList/InitMotorBoardPlugin/Ack',
 '_Behavior__animationsSitOnPodGesturesWhatSThis_91096829016__root_161__onStopped',
 'Device/SubDeviceList/Head/Led/Rear/Right/2/Actuator/SubDeviceNumber',
 'Device/SubDeviceList/LFoot/Led/Red/Actuator/Device',
 '_Behavior__animationsStandEmotionsPositiveLaugh_11097323680__root_1__behavior_layer2__Sound__PlaySound_4/Begin position (s)',
 'Device/SubDeviceList/LFoot/Led/Red/Actuator/Register',
 'Device/SubDeviceList/LFoot/Led/Red/Actuator/SubDeviceNumber',
 'Device/SubDeviceList/RHand/Position/Sensor/MechanicalStopMax',
 '_Behavior__animationsSitWaitingThink_1161270296__root_1__onStopped',
 'Device/SubDeviceList/LFoot/Led/Red/Actuator/Min',
 'Device/SubDeviceList/LFoot/Led/Red/Actuator/Name',
 'Device/SubDeviceList/Head/Led/Middle/Left/0/Actuator/Device',
 'Device/SubDeviceList/Head/Led/Middle/Left/0/Actuator/Type',
 'Device/SubDeviceList/InertialSensor/GyroscopeX/Sensor/Min',
 'Device/SubDeviceList/Head/Led/Middle/Left/0/Actuator/Register',
 'Launchpad/PeopleNotSeen',
 'Diagnosis/Active/Ears/Led/Error',
 '_Behavior__animationsStandGesturesThis_101133378960__root_147',
 'Device/SubDeviceList/Head/Led/Middle/Left/0/Actuator/SubDeviceNumber',
 'Device/SubDeviceList/Head/Led/Middle/Left/0/Actuator/Max',
 'Device/SubDeviceList/DcmLostPlugin/StiffnessDecrease/Leg/Register',
 'Device/SubDeviceList/Head/Led/Middle/Left/0/Actuator/Min',
 'Device/SubDeviceList/ChestBoard/Led/Blue/Actuator/Gain',
 '_Behavior__animationsStandEmotionsPositiveLaugh_31086691384__root_1__behavior_layer2__keyframe1__PlaySound_4/Volume (%)',
 '_Behavior__animationsSitBodyTalkSpeakingBodyTalk_81145655400__root_12__onStopped',
 'Device/SubDeviceList/Head/Led/Middle/Left/0/Actuator/Gain',
 'ALTelepathe/User',
 'Device/SubDeviceList/Head/Led/Middle/Left/0/Actuator/Value',
 'RobotConfig/Head/Type',
 'Device/SubDeviceList/RKneePitch/Temperature/Sensor/Register',
 'Device/SubDeviceList/Head/Led/Front/Left/0/Actuator/Type',
 '_Behavior__animationsStandWaitingBinoculars_11087312216__root_4__onStopped',
 '_Behavior__animationsStandReactionsTouchHead_21093918352__root_3',
 'Device/SubDeviceList/Head/Led/Front/Left/0/Actuator/Register',
 '_Behavior__animationsSitOnPodBodyTalkSpeakingBodyTalk_91142624952__root_13',
 'Device/SubDeviceList/LShoulderPitch/Hardness/Actuator/Type',
 'Device/SubDeviceList/Head/Led/Front/Left/0/Actuator/Max',
 'ALBehaviorManager/BehaviorsRemoved',
 'Device/SubDeviceList/Head/Led/Front/Left/0/Actuator/Min',
 'Device/SubDeviceList/Head/Led/Front/Left/0/Actuator/Offset',
 'Device/SubDeviceList/Head/Led/Front/Left/0/Actuator/Gain',
 'InfraRedRemoteKeyReceived',
 'Device/SubDeviceList/Head/Led/Front/Left/0/Actuator/Value',
 '_Behavior__animationsSitWaitingDriveCar_11048973264__root_1__sounds__angry__PlaySound_3/Play in loop',
 '_Behavior__animationsStandReactionsLightShine_11093797352__root_3__onStopped',
 'Device/SubDeviceList/Head/Led/Front/Left/0/Actuator/Name',
 'Diagnosis/Temperature/Head/Led/Rear/Right/0/Error',
 'Device/SubDeviceList/Head/Led/Front/Left/1/Actuator/Device',
 'Device/SubDeviceList/DcmLostPlugin/StiffnessDecrease/Wheels/Name',
 '_Behavior__animationsStandReactionsSeeColor_21093378856__root_4__onStopped',
 'Diagnosis/Active/Face/Led/Blue/Right/45Deg/Error',
 'Device/SubDeviceList/Head/Led/Front/Left/1/Actuator/Type',
 '_Behavior__animationMode1554920712__root__AnimationMode_2__TouchControl_2',
 '_Behavior__animationsSitEmotionsNegativeSurprise_11060170240__root_1__behavior_layer2__Sound__PlaySound_1/Play in loop',
 'Device/SubDeviceList/Head/Led/Front/Left/1/Actuator/Max',
 'Device/SubDeviceList/Head/Led/Front/Left/1/Actuator/Min',
 'Device/SubDeviceList/Head/Led/Front/Left/1/Actuator/Offset',
 'Device/SubDeviceList/LFoot/FSR/CenterOfPressure/Y/Sensor/Min',
 'Device/SubDeviceList/RFoot/FSR/RearRight/Sensor/Name',
 'Device/SubDeviceList/Head/Led/Front/Left/1/Actuator/Value',
 'Motion/ExternalCollision/ClippingAmplitude/RArm',
 'Device/SubDeviceList/Ears/Led/Right/108Deg/Actuator/Device',
 'Diagnosis/Temperature/LFoot/FSR/RearRight/Error',
 'Device/DeviceList/Battery/Manufactor',
 'Device/SubDeviceList/Face/Led/Red/Left/270Deg/Actuator/Name',
 'Device/SubDeviceList/RAnklePitch/Temperature/Sensor/OtherMotorTransmission',
 'Device/SubDeviceList/Head/Led/Front/Left/1/Actuator/Name',
 'Device/SubDeviceList/Head/Led/Front/Right/1/Actuator/Type',
 'Device/SubDeviceList/InitMotorBoardPlugin/InitializedMotorboardCount/Register',
 'WordRecognized',
 'Device/SubDeviceList/LKneePitch/Temperature/Sensor/Device',
 'Device/SubDeviceList/Head/Led/Front/Right/1/Actuator/Register',
 'Device/SubDeviceList/Head/Led/Front/Right/1/Actuator/SubDeviceNumber',
 'Device/SubDeviceList/Head/Led/Front/Right/1/Actuator/Max',
 'Device/SubDeviceList/LHipYawPitch/Position/Actuator/Ki',
 '_Behavior__bootconfig162815720__root',
 'Device/SubDeviceList/Head/Led/Front/Right/1/Actuator/Min',
 'Device/SubDeviceList/Head/Led/Front/Right/1/Actuator/Offset',
 'Device/SubDeviceList/Head/Led/Front/Right/1/Actuator/Gain',
 'Device/SubDeviceList/Head/Led/Front/Right/1/Actuator/Name',
 'Device/SubDeviceList/Face/Led/Red/Left/45Deg/Actuator/Value',
 'Device/SubDeviceList/Head/Led/Front/Right/0/Actuator/Type',
 '_Behavior__animationsSitBodyTalkThinkingThinkingLoop_11142130840__root_6__onStopped',
 'Device/SubDeviceList/Head/Led/Front/Right/0/Actuator/Register',
 'Device/SubDeviceList/Head/Led/Front/Right/0/Actuator/Max',
 'Device/SubDeviceList/HeadPitch/Temperature/Sensor/Type',
 'Device/SubDeviceList/Head/Led/Front/Right/0/Actuator/Min',
 'Device/SubDeviceList/Head/Led/Middle/Right/0/Actuator/Register',
 'Device/SubDeviceList/RElbowYaw/Position/Sensor/positionChainMREJoint',
 'Device/SubDeviceList/Head/Led/Middle/Right/0/Actuator/SubDeviceNumber',
 '_Behavior__animationsStandWaitingSpaceShuttle_11075332920__root_1__speech__keyframe157__Say_1',
 'Device/SubDeviceList/Face/Led/Blue/Right/315Deg/Actuator/Offset',
 'Device/SubDeviceList/Head/Led/Middle/Right/0/Actuator/Offset',
 'Device/SubDeviceList/Head/Led/Middle/Right/0/Actuator/Gain',
 'Device/SubDeviceList/Head/Led/Middle/Right/0/Actuator/Value',
 'Dialog/Second',
 'Device/SubDeviceList/LHand/Position/Sensor/jointZeroPosition',
 'Device/SubDeviceList/Head/Led/Rear/Right/0/Actuator/Type',
 '_Behavior__animationsStandEmotionsNegativeShocked_11089563648__root_1',
 'Diagnosis/Temperature/Face/Led/Green/Left/315Deg/Error',
 'Diagnosis/Active/Face/Led/Green/Right/0Deg/Error',
 'Device/SubDeviceList/RShoulderPitch/Hardness/Actuator/stiffnessDecreaseRate',
 '_Behavior__animationsSitOnPodGesturesThis_91131129656__root_146',
 'Device/SubDeviceList/Head/Led/Rear/Right/0/Actuator/Min',
 'Device/SubDeviceList/RShoulderPitch/Temperature/Sensor/Status',
 'Device/SubDeviceList/Head/Led/Rear/Right/0/Actuator/Offset',
 'Motion/VirtualContact/RFootRR',
 'Device/SubDeviceList/Head/Led/Rear/Right/0/Actuator/Gain',
 '_Behavior__animationsStandReactionsEthernetOff_1148846648__root_2',
 'Diagnosis/Active/HeadPitch/Error',
 'Device/SubDeviceList/Head/Led/Rear/Right/0/Actuator/Value',
 'Device/SubDeviceList/RElbowRoll/Position/Sensor/SubDeviceNumber',
 'Device/SubDeviceList/Head/Led/Rear/Right/0/Actuator/Name',
 'Device/SubDeviceList/Head/Led/Rear/Right/1/Actuator/Type',
 'Device/SubDeviceList/LAnkleRoll/Position/Actuator/Min',
 'Device/SubDeviceList/Head/Led/Rear/Right/1/Actuator/Register',
 '_Behavior__animationsSitEmotionsPositiveMocker_1158573888__root_29__behavior_layer2__Sound1__PlaySound_4/File path',
 'Device/SubDeviceList/Head/Led/Rear/Right/1/Actuator/SubDeviceNumber',
 'Device/SubDeviceList/Head/Led/Rear/Right/1/Actuator/Max',
 'Motion/Torque/Sensor/LElbowRoll',
 'Diagnosis/Passive/Face/Led/Green/Left/90Deg/Error',
 'Device/SubDeviceList/RWristYaw/Position/Actuator/MotorNumber',
 'Device/SubDeviceList/RWristYaw/Temperature/Sensor/AddressTemperatureSensor',
 'Device/SubDeviceList/Head/Led/Rear/Right/1/Actuator/Min',
 'Device/SubDeviceList/Head/Led/Rear/Right/1/Actuator/Offset',
 'Device/SubDeviceList/Head/Led/Front/Right/0/Actuator/Name',
 'Device/DeviceList/Battery/BootLoaderVersion',
 'Device/SubDeviceList/Head/Led/Rear/Right/1/Actuator/Gain',
 'Device/SubDeviceList/Head/Led/Rear/Right/1/Actuator/Name',
 'Device/SubDeviceList/LHipPitch/Temperature/Sensor/ThermalTimeConstant',
 '_Behavior__animationsStandWaitingDriveCar_11073971056__root_1__sounds__carStart__PlaySound_3/Begin position (s)',
 'Device/DeviceList/MotorTemperaturePlugin/Priority',
 'Device/SubDeviceList/Head/Led/Rear/Right/2/Actuator/Type',
 'Device/SubDeviceList/LFoot/FSR/CenterOfPressure/Y/Sensor/Type',
 'Device/SubDeviceList/InertialSensor/GyrY/Sensor/Max',
 'Device/SubDeviceList/Head/Led/Rear/Right/2/Actuator/Register',
 '_Behavior__animationsSitEmotionsPositiveHungry_11055755664__root_34__Fx2__keyframe89__PlaySound_1/File path',
 'Diagnosis/Passive/Face/Led/Green/Right/270Deg/Error',
 'Device/SubDeviceList/LHipRoll/Temperature/Sensor/Name',
 'Device/SubDeviceList/Head/Led/Rear/Right/2/Actuator/Max',
 'Device/SubDeviceList/IoCommunicationPlugin/ActivateCommunication/Actuator/Offset',
 'Diagnosis/Passive/Face/Led/Green/Left/270Deg/Error',
 'Device/SubDeviceList/Head/Led/Rear/Right/2/Actuator/Offset',
 'Device/SubDeviceList/RHipRoll/Position/Actuator/PWMValue',
 '_Behavior__animationsStandGesturesThis_131063842392__root_150',
 'Device/DeviceList/RightShinBoard/brakeVersion',
 'Device/SubDeviceList/Head/Led/Rear/Right/2/Actuator/Gain',
 '_Behavior__animationsStandWaitingDriveCar_11073971056__root_1__sounds2__keyframe242__PlaySound_1/Volume (%)',
 'Motion/Position/Command/LHand',
 'Device/SubDeviceList/Ears/Led/Right/252Deg/Actuator/Max',
 'Device/SubDeviceList/Head/Led/Rear/Right/2/Actuator/Value',
 '_Behavior__animationsSitWaitingScratchTorso_11051182352__root__onStopped',
 'Device/SubDeviceList/Head/Led/Rear/Right/2/Actuator/Name',
 'Device/SubDeviceList/Head/Led/Rear/Left/2/Actuator/Device',
 'Device/SubDeviceList/Head/Led/Rear/Left/2/Actuator/Type',
 '_Behavior__animationsStandReactionsTouchHead_21093918352__root_3__LED__touch__FaceLeds_1',
 'Device/DeviceList/RightShoulderBoard/Error',
 'Motion/Velocity/Sensor/RShoulderPitch',
 '_Behavior__animationsSitEmotionsPositiveMocker_1158573888__root_29',
 'Device/SubDeviceList/Head/Led/Rear/Left/2/Actuator/Register',
 'Device/SubDeviceList/RShoulderRoll/Position/Sensor/GearRatio',
 'Device/SubDeviceList/Head/Led/Rear/Left/2/Actuator/SubDeviceNumber',
 '_Behavior__animationsStandGesturesBut_11070113240__root_4',
 'Device/SubDeviceList/Head/Led/Rear/Left/2/Actuator/Max',
 'Motion/VirtualContact/LFootRR',
 'Device/DeviceList/HeadBoard/BoardId',
 'Device/SubDeviceList/LFoot/FSR/FrontLeft/Sensor/Register',
 '_Behavior__animationsStandGesturesMe_6155670896__root_81__onStopped',
 'Device/SubDeviceList/Head/Led/Rear/Left/2/Actuator/Min',
 'Device/SubDeviceList/Head/Led/Rear/Left/2/Actuator/Value',
 'Device/DeviceList/LeftHandBoard/brakeVersion',
 'Device/SubDeviceList/LShoulderRoll/ElectricCurrent/Sensor/Gain',
 'Motion/Obstacles/Distance/Head',
 'Device/SubDeviceList/Head/Led/Rear/Left/1/Actuator/Device',
 'Device/SubDeviceList/Head/Led/Rear/Left/1/Actuator/Type',
 'Device/SubDeviceList/HeadPitch/Temperature/Sensor/TemperatureSensorType',
 'Device/DeviceList/HeadBoard/Available',
 'Device/SubDeviceList/Head/Led/Rear/Left/1/Actuator/SubDeviceNumber',
 'Device/SubDeviceList/Head/Led/Rear/Left/1/Actuator/Min',
 'Device/SubDeviceList/RHand/Touch/Right/Sensor/Gain',
 'Device/SubDeviceList/Head/Led/Rear/Left/1/Actuator/Offset',
 'Device/SubDeviceList/Head/Led/Rear/Left/1/Actuator/Gain',
 'Device/SubDeviceList/Head/Led/Rear/Left/1/Actuator/Value',
 'Motion/Torque/Sensor/LHipYawPitch',
 'Motion/Obstacles/Closest/LArm/Z',
 'Device/SubDeviceList/LShoulderRoll/Temperature/Sensor/Value',
 'Device/SubDeviceList/Head/Led/Rear/Left/0/Actuator/Type',
 'Device/SubDeviceList/Head/Led/Rear/Left/0/Actuator/Register',
 'Device/SubDeviceList/Head/Led/Rear/Left/0/Actuator/Min',
 'Device/SubDeviceList/RHipRoll/Temperature/Sensor/Max',
 'Device/SubDeviceList/HeadYaw/Hardness/Actuator/SubDeviceNumber',
 'Device/SubDeviceList/Head/Led/Rear/Left/0/Actuator/Gain',
 'Device/SubDeviceList/Head/Led/Rear/Left/0/Actuator/Value',
 'Device/SubDeviceList/RAnkleRoll/Temperature/Sensor/Max',
 'Device/SubDeviceList/ChestBoard/Led/State/Actuator/Device',
 'Device/SubDeviceList/ChestBoard/Led/State/Actuator/Type',
 'Device/SubDeviceList/ChestBoard/Led/State/Actuator/SubDeviceNumber',
 'Device/SubDeviceList/ChestBoard/Led/State/Actuator/Min',
 '_Behavior__animationsSitWaitingAutoFormat_11045385624__root_1__Fx__keyframe327__PlaySound_1/Volume (%)',
 'Device/SubDeviceList/ChestBoard/Led/State/Actuator/Offset',
 'Device/SubDeviceList/ChestBoard/Led/State/Actuator/Gain',
 'Device/SubDeviceList/ChestBoard/Led/State/Actuator/Name',
 '_Behavior__animationsStandWaitingRobot_1153325320__root_10__fx__r2d2__PlaySound_1',
 'Device/SubDeviceList/RKneePitch/Position/Actuator/SubDeviceNumber',
 'Device/SubDeviceList/RWristYaw/Hardness/Actuator/Gain',
 'Device/SubDeviceList/ChestBoard/Led/Blue/Actuator/Device',
 '_Behavior__animationsStandEmotionsNeutralAskForAttention_31088281896__root_3',
 'Device/SubDeviceList/ChestBoard/Led/Blue/Actuator/Type',
 '_Behavior__animationsSitOnPodGesturesHeSays_31092671120__root_60__onStopped',
 '_Behavior__animationsSitBodyTalkListeningListening_11145787008__root__onStopped',
 'Device/SubDeviceList/SpecialJointLimitationPlugin/SpecialLimitHead/SubDeviceNumber',
 '_Behavior__animationsSitBodyTalkSpeakingBodyTalk_31132487656__root_4__onStopped',
 'Device/SubDeviceList/RElbowYaw/Position/Actuator/Ki',
 '_Behavior__animationsStandGesturesJointHands_3154430112__root_71__onStopped',
 'Device/SubDeviceList/ChestBoard/Led/Blue/Actuator/Register',
 'Device/SubDeviceList/ChestBoard/Led/Blue/Actuator/SubDeviceNumber',
 'Device/SubDeviceList/RElbowRoll/ElectricCurrent/Sensor/ShuntResistance',
 'Device/SubDeviceList/ChestBoard/Led/Blue/Actuator/Min',
 'Device/SubDeviceList/ChestBoard/Led/Blue/Actuator/Value',
 'Device/DeviceList/PreferencesPlugin/Available',
 'WavingDetection/PersonWavingRight',
 'Device/SubDeviceList/LFoot/FSR/CenterOfPressure/X/Sensor/Type',
 'Device/SubDeviceList/ChestBoard/Led/Blue/Actuator/Name',
 'Device/SubDeviceList/ChestBoard/Led/Green/Actuator/Device',
 'Device/SubDeviceList/RShoulderPitch/Position/Actuator/SubDeviceNumber',
 'Device/SubDeviceList/ChestBoard/Led/Green/Actuator/Type',
 'Device/SubDeviceList/LElbowYaw/ElectricCurrent/Sensor/Value',
 'EngagementZones/PeopleInZone2',
 'Device/SubDeviceList/ChestBoard/Led/Green/Actuator/Register',
 'Device/SubDeviceList/ChestBoard/Led/Green/Actuator/SubDeviceNumber',
 'Device/SubDeviceList/ChestBoard/Led/Green/Actuator/Max',
 'Device/SubDeviceList/ChestBoard/Led/Green/Actuator/Min',
 '_Behavior__animationsStandEmotionsNeutralAskForAttention_21080501440__root_2__behavior_layer2__Sound__PlaySound_4/Play in loop',
 'Device/SubDeviceList/ChestBoard/Led/Green/Actuator/Offset',
 'Device/SubDeviceList/Head/Led/Front/Right/0/Actuator/Value',
 'Device/SubDeviceList/ChestBoard/Led/Green/Actuator/Name',
 'Device/SubDeviceList/ChestBoard/Led/Red/Actuator/Type',
 'Device/SubDeviceList/Face/Led/Green/Left/315Deg/Actuator/Value',
 'Device/SubDeviceList/ChestBoard/Led/Red/Actuator/SubDeviceNumber',
 'WavingDetection/PersonWavingLeft',
 'Device/SubDeviceList/LKneePitch/Temperature/Sensor/Max',
 'Device/SubDeviceList/RWristYaw/ElectricCurrent/Sensor/Max',
 'Device/SubDeviceList/ChestBoard/Led/Red/Actuator/Gain',
 'Device/SubDeviceList/LAnklePitch/ElectricCurrent/Sensor/ShuntResistance',
 'Device/SubDeviceList/LShoulderPitch/Temperature/Sensor/AddressTemperatureSensor',
 'Device/SubDeviceList/ChestBoard/Led/Red/Actuator/Value',
 'Device/SubDeviceList/Face/Led/Blue/Right/315Deg/Actuator/Value',
 'Device/SubDeviceList/ChestBoard/Led/Red/Actuator/Name',
 'Device/SubDeviceList/Face/Led/Blue/Right/315Deg/Actuator/Device',
 'Device/SubDeviceList/Ears/Led/Left/0Deg/Actuator/Register',
 '_Behavior__animationsSitOnPodGesturesNo_71097683904__root_90__onStopped',
 'Diagnosis/Temperature/RHipRoll/Error',
 '_Behavior__animationsStandBodyTalkSpeakingBodyTalk_161145096128__root_33__onStopped',
 'Device/DeviceList/RightHandBoard/StructVersion',
 'Device/SubDeviceList/RShoulderRoll/ElectricCurrent/Sensor/Offset',
 'Device/SubDeviceList/Face/Led/Blue/Right/315Deg/Actuator/Max',
 'Device/SubDeviceList/Face/Led/Blue/Right/315Deg/Actuator/Min',
 '_Behavior__animationsStandEmotionsPositiveLaugh_31086691384__root_1__behavior_layer2__keyframe1__PlaySound_4/Panorama',
 'Device/SubDeviceList/Face/Led/Blue/Right/270Deg/Actuator/Type',
 'Device/SubDeviceList/Face/Led/Blue/Right/270Deg/Actuator/SubDeviceNumber',
 'Device/SubDeviceList/Face/Led/Blue/Right/270Deg/Actuator/Max',
 'Device/SubDeviceList/Battery/Charge/Sensor/BatteryLow',
 '_Behavior__animationsSitWaitingAutoFormat_11045385624__root_1__speech__confirm__Say_1/Speed (%)',
 'Diagnosis/Temperature/Head/Led/Front/Right/1/Error',
 'Device/SubDeviceList/Head/Led/Front/Right/0/Actuator/Gain',
 'Device/SubDeviceList/Face/Led/Blue/Right/270Deg/Actuator/Gain',
 'Device/SubDeviceList/Face/Led/Blue/Right/270Deg/Actuator/Value',
 'Device/SubDeviceList/RHand/Position/Actuator/Max',
 'Device/SubDeviceList/US/Actuator/Type',
 'Device/SubDeviceList/Face/Led/Blue/Right/270Deg/Actuator/Name',
 'Device/SubDeviceList/Face/Led/Blue/Right/225Deg/Actuator/Device',
 'Device/SubDeviceList/Face/Led/Blue/Right/225Deg/Actuator/SubDeviceNumber',
 'Device/SubDeviceList/Face/Led/Blue/Right/225Deg/Actuator/Max',
 'Device/SubDeviceList/RHand/ElectricCurrent/Sensor/Offset',
 'Device/SubDeviceList/Face/Led/Blue/Right/225Deg/Actuator/Min',
 'Device/SubDeviceList/LElbowYaw/ElectricCurrent/Sensor/CurrentType',
 '_Behavior__animationsStandEmotionsPositiveMocker_11085071392__root_1__onStopped',
 'Device/SubDeviceList/Face/Led/Blue/Right/225Deg/Actuator/Offset',
 'Device/DeviceList/RightHandBoard/Name',
 'Device/SubDeviceList/Face/Led/Blue/Right/225Deg/Actuator/Gain',
 '_Behavior__animationsSitOnPodGesturesThis_151131987776__root_152__onStopped',
 'RobotConfig/Head/Device/Camera/Version',
 'Device/SubDeviceList/Face/Led/Blue/Right/180Deg/Actuator/Device',
 'Device/SubDeviceList/Face/Led/Blue/Right/180Deg/Actuator/Type',
 'Device/SubDeviceList/Face/Led/Blue/Right/180Deg/Actuator/Register',
 'Diagnosis/Passive/LWristYaw/Error',
 'Device/SubDeviceList/Battery/Charge/Sensor/Max',
 'Device/SubDeviceList/RKneePitch/Position/Actuator/PWMValue',
 'Device/SubDeviceList/LAnklePitch/ElectricCurrent/Sensor/CurrentType',
 '_Behavior__diagnostic1043902184__root__Diagnostic_20__behavior_layer1__diagnostic__WakeUp_11__Fx__keyframe77__PlaySound_1',
 'Device/SubDeviceList/LKneePitch/Speed/Sensor/Value',
 'Diagnosis/Passive/RKneePitch/Error',
 'Device/SubDeviceList/Face/Led/Blue/Right/135Deg/Actuator/Register',
 '_Behavior__animationsStandEmotionsNegativeExhausted_2150364160__root_2__Fx__Baille__PlaySound_4',
 'Device/SubDeviceList/Battery/Charge/Sensor/Age',
 'Device/DeviceList/LeftShinBoard/ProgVersion',
 'Device/SubDeviceList/RWristYaw/Position/Actuator/Max',
 'Device/SubDeviceList/Face/Led/Blue/Right/135Deg/Actuator/Offset',
 'Motion/Velocity/Sensor/HeadYaw',
 'Device/SubDeviceList/Face/Led/Blue/Right/135Deg/Actuator/Value',
 '_Behavior__animationsSitOnPodGesturesWhatSThis_71097033496__root_159',
 'Device/SubDeviceList/Face/Led/Blue/Left/180Deg/Actuator/Gain',
 'Device/SubDeviceList/Head/Led/Front/Right/0/Actuator/Device',
 'Device/DeviceList/FillNaoAvailableDevicePlugin/Nack',
 'Device/SubDeviceList/Face/Led/Blue/Right/90Deg/Actuator/SubDeviceNumber',
 'Motion/Position/Sensor/LShoulderPitch',
 'Device/SubDeviceList/Face/Led/Blue/Right/90Deg/Actuator/Max',
 'Device/SubDeviceList/RShoulderRoll/Position/Actuator/InvertControlDirection',
 'Device/SubDeviceList/Face/Led/Blue/Right/90Deg/Actuator/Offset',
 'Device/DeviceList/CalibrationPlugin/Available',
 'Device/SubDeviceList/Face/Led/Blue/Right/90Deg/Actuator/Value',
 'Diagnosis/Temperature/Face/Led/Blue/Left/225Deg/Error',
 'Device/SubDeviceList/Face/Led/Blue/Right/90Deg/Actuator/Name',
 '_Behavior__animationsStandEmotionsPositiveAmused_11085178544__root_1__behavior_layer1__Sound__PlaySound_4/Begin position (s)',
 'Device/SubDeviceList/LAnkleRoll/ElectricCurrent/Sensor/Max',
 'Device/SubDeviceList/RHipPitch/Position/Sensor/Name',
 'Device/SubDeviceList/Face/Led/Blue/Right/45Deg/Actuator/Register',
 'Device/SubDeviceList/LFoot/FSR/RearRight/Sensor/Value',
 'Device/SubDeviceList/Face/Led/Blue/Right/45Deg/Actuator/SubDeviceNumber',
 'Device/SubDeviceList/RAnkleRoll/Temperature/Sensor/Offset',
 'Device/SubDeviceList/Face/Led/Blue/Right/45Deg/Actuator/Max',
 'Device/SubDeviceList/Face/Led/Blue/Right/45Deg/Actuator/Offset',
 '_Behavior__animationsSitWaitingAutoFormat_11045385624__root_1__Fx__keyframe327__PlaySound_1/Play in loop',
 'Device/SubDeviceList/RElbowYaw/Hardness/Actuator/Min',
 'Device/SubDeviceList/Face/Led/Blue/Right/45Deg/Actuator/Gain',
 'Device/SubDeviceList/LWristYaw/Temperature/Sensor/Register',
 'Device/SubDeviceList/Face/Led/Blue/Right/45Deg/Actuator/Name',
 'Device/SubDeviceList/Face/Led/Blue/Right/0Deg/Actuator/Device',
 'Device/SubDeviceList/Face/Led/Blue/Right/0Deg/Actuator/Type',
 'Device/SubDeviceList/Face/Led/Blue/Right/0Deg/Actuator/Register',
 'Device/SubDeviceList/Face/Led/Blue/Right/0Deg/Actuator/SubDeviceNumber',
 'Device/SubDeviceList/LHipYawPitch/Position/Actuator/Value',
 '_Behavior__diagnostic1043902184__root__Diagnostic_20__behavior_layer1__diagnostic__WakeUp_11__Diagnostic__Diagnostic__EyesGreen_1',
 '_Behavior__animationsStandWaitingRelaxation_4154261920__root_4',
 'Device/SubDeviceList/LShoulderRoll/Temperature/Sensor/Gain',
 '_Behavior__animationsStandGesturesWings_31097562832__root_171__onStopped',
 'Device/SubDeviceList/Face/Led/Blue/Right/0Deg/Actuator/Gain',
 'Device/SubDeviceList/Face/Led/Blue/Right/0Deg/Actuator/Name',
 'Device/DeviceList/Chest-Eeprom-80/Available',
 'Diagnosis/Active/Ears/Led/Left/180Deg/Error',
 'Device/SubDeviceList/Face/Led/Green/Right/315Deg/Actuator/Type',
 '_Behavior__animationsSitOnPodGesturesEverything_31094988352__root_34__onStopped',
 'Device/SubDeviceList/Face/Led/Green/Right/315Deg/Actuator/Register',
 'Device/SubDeviceList/LAnkleRoll/Position/Sensor/Gain',
 'Device/SubDeviceList/Face/Led/Green/Right/315Deg/Actuator/SubDeviceNumber',
 '_Behavior__animationsSitWaitingScratchHand_11046486096__root__onStopped',
 'Device/SubDeviceList/Face/Led/Green/Right/315Deg/Actuator/Max',
 'Device/SubDeviceList/Face/Led/Green/Right/315Deg/Actuator/Min',
 'Device/SubDeviceList/Face/Led/Green/Right/315Deg/Actuator/Offset',
 '_Behavior__animationsSitOnPodBodyTalkSpeakingBodyTalk_101130522720__root_10__onStopped',
 'Device/SubDeviceList/Face/Led/Green/Right/315Deg/Actuator/Gain',
 '_Behavior__animationsSitWaitingMysticalPower_1160996400__root_10__Fx__keyframe50__PlaySound_1/Play in loop',
 '_Behavior__animationsStandWaitingTakePicture_11077944288__root_1',
 'Motion/Velocity/Command/LElbowRoll',
 '_Behavior__animationsSitOnPodGesturesWhatSThis_161096003304__root_168',
 'Device/SubDeviceList/Face/Led/Green/Right/315Deg/Actuator/Name',
 'Device/SubDeviceList/Face/Led/Green/Right/270Deg/Actuator/Device',
 'Device/SubDeviceList/Face/Led/Green/Right/270Deg/Actuator/Register',
 'Device/SubDeviceList/Face/Led/Green/Right/270Deg/Actuator/SubDeviceNumber',
 'Device/DeviceList/InitMotorBoardPlugin/Address',
 'Device/SubDeviceList/InertialSensor/AccX/Sensor/Device',
 'Device/SubDeviceList/Face/Led/Green/Right/270Deg/Actuator/Max',
 '_Behavior__animationsStandGesturesCountFive_21060646024__root_18__onStopped',
 '_Behavior__animationsStandEmotionsNeutralPuzzled_11087946136__root_1',
 'Diagnosis/Temperature/Face/Led/Green/Right/90Deg/Error',
 'Device/SubDeviceList/Face/Led/Green/Right/270Deg/Actuator/Name',
 'Diagnosis/Passive/RAnkleRoll/Error',
 'Device/SubDeviceList/LWristYaw/ElectricCurrent/Sensor/Register',
 'Device/SubDeviceList/Face/Led/Green/Right/225Deg/Actuator/Type',
 'Device/SubDeviceList/RAnkleRoll/Position/Actuator/MotorNumber',
 'Device/SubDeviceList/Face/Led/Green/Right/225Deg/Actuator/Register',
 '_Behavior__animationsStandGesturesThis_101133378960__root_147__onStopped',
 'Device/SubDeviceList/Face/Led/Green/Right/225Deg/Actuator/SubDeviceNumber',
 'RobotConfig/Body/MreType',
 'Device/SubDeviceList/Face/Led/Green/Right/225Deg/Actuator/Max',
 'Device/SubDeviceList/Face/Led/Green/Right/225Deg/Actuator/Min',
 'Device/SubDeviceList/Face/Led/Red/Left/0Deg/Actuator/Type',
 'Device/SubDeviceList/RHipPitch/Hardness/Actuator/Gain',
 'Device/DeviceList/ClientSyncPlugin/Available',
 'Device/SubDeviceList/RWristYaw/ElectricCurrent/Sensor/Type',
 'Device/SubDeviceList/Face/Led/Green/Right/225Deg/Actuator/Value',
 'Device/SubDeviceList/Face/Led/Green/Right/180Deg/Actuator/Type',
 'Motion/Velocity/Command/LHipYawPitch',
 'Device/SubDeviceList/LElbowRoll/Position/Sensor/Max',
 'Device/SubDeviceList/Face/Led/Green/Right/180Deg/Actuator/Min',
 'Device/SubDeviceList/Face/Led/Green/Right/180Deg/Actuator/Offset',
 'Device/SubDeviceList/Face/Led/Green/Right/180Deg/Actuator/Gain',
 'Device/SubDeviceList/LHipYawPitch/Temperature/Sensor/Register',
 'Device/SubDeviceList/Face/Led/Green/Right/180Deg/Actuator/Value',
 '_Behavior__animationsStandEmotionsNegativeSurprise_2150138368__root_2__behavior_layer2__Sound__PlaySound_4/Volume (%)',
 'Device/SubDeviceList/LHand/Touch/Back/Sensor/Max',
 '_Behavior__animationsStandEmotionsPositiveMocker_11085071392__root_1__behavior_layer2__Sound1__PlaySound_4',
 '_Behavior__animationsStandEmotionsNegativeHurt_1149857440__root_2__onStopped',
 'Device/SubDeviceList/Face/Led/Green/Right/135Deg/Actuator/SubDeviceNumber',
 'Device/SubDeviceList/US/Sensor/Max',
 'Device/SubDeviceList/RHand/Touch/Right/Sensor/Device',
 'Device/SubDeviceList/HeadPitch/Position/Actuator/Type',
 'Device/SubDeviceList/Face/Led/Green/Right/135Deg/Actuator/Min',
 'Device/SubDeviceList/HeadYaw/Position/Actuator/Kp',
 'Device/SubDeviceList/Face/Led/Green/Right/135Deg/Actuator/Value',
 'Device/SubDeviceList/Face/Led/Green/Right/90Deg/Actuator/Device',
 '_Behavior__animationsStandGesturesExplain_61068645120__root_44',
 'Motion/Velocity/Error/LKneePitch',
 'Device/SubDeviceList/LShoulderRoll/Temperature/Sensor/Register',
 'Device/SubDeviceList/LFoot/Led/Green/Actuator/Min',
 'Device/SubDeviceList/Face/Led/Green/Right/90Deg/Actuator/Type',
 'Device/SubDeviceList/LShoulderPitch/Position/Actuator/IMax',
 'Device/SubDeviceList/HeadPitch/Temperature/Sensor/ThermalResistance',
 'Device/SubDeviceList/Face/Led/Green/Right/90Deg/Actuator/Register',
 'Device/SubDeviceList/LAnkleRoll/Temperature/Sensor/ThermalTimeConstant',
 'Device/SubDeviceList/Face/Led/Green/Right/90Deg/Actuator/SubDeviceNumber',
 'Device/SubDeviceList/Face/Led/Blue/Left/225Deg/Actuator/Device',
 'RobotConfig/Body/Device/Foot/Version',
 'Device/SubDeviceList/RElbowYaw/Position/Actuator/MotorNumber',
 'Device/SubDeviceList/Face/Led/Red/Right/135Deg/Actuator/Max',
 'Device/SubDeviceList/Face/Led/Green/Right/90Deg/Actuator/Max',
 'Device/SubDeviceList/Face/Led/Green/Right/90Deg/Actuator/Min',
 '_Behavior__animationsStandEmotionsNeutralLonely_11759636224__root_1',
 'Device/SubDeviceList/US/Left/Sensor/Name',
 'Device/SubDeviceList/LShoulderRoll/Position/Sensor/Type',
 'Device/SubDeviceList/Face/Led/Green/Right/90Deg/Actuator/Offset',
 'Device/SubDeviceList/Face/Led/Green/Right/90Deg/Actuator/Value',
 'Device/SubDeviceList/Face/Led/Green/Right/90Deg/Actuator/Name',
 '_Behavior__animationsStandReactionsEthernetOff_1148846648__root_2__onStopped',
 'Device/DeviceList/iocommunicationPlugin/Priority',
 'Device/SubDeviceList/Face/Led/Green/Right/45Deg/Actuator/Device',
 '_Behavior__animationsStandEmotionsNegativeAngry_21088783704__root_2__sound__angry__PlaySound_4/File path',
 'Device/SubDeviceList/Face/Led/Green/Right/45Deg/Actuator/Type',
 'Device/SubDeviceList/LKneePitch/Position/Sensor/Value',
 'Device/SubDeviceList/Face/Led/Green/Right/45Deg/Actuator/Register',
 'Device/SubDeviceList/Face/Led/Green/Right/45Deg/Actuator/Max',
 'Device/SubDeviceList/Face/Led/Green/Right/45Deg/Actuator/Min',
 'Device/SubDeviceList/Face/Led/Green/Right/45Deg/Actuator/Value',
 'Device/SubDeviceList/Face/Led/Green/Right/0Deg/Actuator/Device',
 '_Behavior__animationsStandGesturesWhatSThis_141068680048__root_166',
 'ALTextToSpeech/Status',
 'Device/SubDeviceList/Face/Led/Green/Right/0Deg/Actuator/Type',
 '_Behavior__animationsStandGesturesThis_121065656120__root_149',
 'Device/SubDeviceList/LAnkleRoll/Position/Sensor/SensorType',
 'Device/SubDeviceList/Face/Led/Green/Right/0Deg/Actuator/Register',
 'Device/SubDeviceList/Face/Led/Green/Right/0Deg/Actuator/SubDeviceNumber',
 'Device/SubDeviceList/Face/Led/Green/Right/0Deg/Actuator/Min',
 'Device/SubDeviceList/Face/Led/Green/Right/0Deg/Actuator/Offset',
 'Device/SubDeviceList/Face/Led/Green/Right/0Deg/Actuator/Value',
 'Device/SubDeviceList/Head/Led/Front/Left/0/Actuator/SubDeviceNumber',
 'Device/SubDeviceList/Face/Led/Red/Right/315Deg/Actuator/Device',
 'Device/SubDeviceList/Face/Led/Red/Right/315Deg/Actuator/Type',
 'Device/SubDeviceList/NaoSpecialPlugin/Special/Actuator/Type',
 'Device/SubDeviceList/Face/Led/Red/Right/315Deg/Actuator/Max',
 'Device/SubDeviceList/RFoot/FSR/FrontLeft/Sensor/Name',
 '_Behavior__animationsStandGesturesThis_121065656120__root_149__onStopped',
 '_Behavior__animationsStandWaitingMysticalPower_11080598232__root_10__LED__LED__CircleEyes_4/Speed',
 'Device/SubDeviceList/LAnkleRoll/Position/Actuator/Kp',
 'Diagnosis/Temperature/Head/Led/Front/Right/0/Error',
 'Device/SubDeviceList/Face/Led/Red/Right/315Deg/Actuator/Value',
 '_Behavior__animationsStandBodyTalkListeningListeningRight_11131438560__root_4__onStopped',
 'Device/SubDeviceList/Face/Led/Red/Right/270Deg/Actuator/Type',
 'Device/SubDeviceList/Face/Led/Red/Right/270Deg/Actuator/Register',
 'Device/SubDeviceList/Face/Led/Red/Right/270Deg/Actuator/Offset',
 'Device/SubDeviceList/Face/Led/Red/Right/270Deg/Actuator/Gain',
 'Device/SubDeviceList/LAnkleRoll/Temperature/Sensor/ThermalResistance',
 'Device/SubDeviceList/Face/Led/Red/Right/270Deg/Actuator/Name',
 'Device/SubDeviceList/Face/Led/Red/Right/225Deg/Actuator/Device',
 'Device/SubDeviceList/Face/Led/Red/Right/0Deg/Actuator/SubDeviceNumber',
 'Device/SubDeviceList/Face/Led/Red/Right/225Deg/Actuator/Min',
 'Device/SubDeviceList/Face/Led/Red/Right/225Deg/Actuator/Offset',
 'Device/SubDeviceList/Face/Led/Red/Right/225Deg/Actuator/Value',
 'Device/SubDeviceList/Ears/Led/Right/216Deg/Actuator/Min',
 'Device/SubDeviceList/RFoot/Led/Blue/Actuator/Device',
 'Device/SubDeviceList/Face/Led/Red/Right/225Deg/Actuator/Name',
 'Device/SubDeviceList/Face/Led/Red/Right/180Deg/Actuator/Device',
 'Device/SubDeviceList/Face/Led/Red/Left/315Deg/Actuator/Offset',
 'Diagnosis/Active/RFoot/Led/Red/Error',
 'Diagnosis/Temperature/Gyrometer/Error',
 '_Behavior__animationsStandWaitingRobot_1153325320__root_10__fx__r2d2__PlaySound_1/Begin position (s)',
 'Diagnosis/Active/RFoot/Bumper/Right/Error',
 'Device/DeviceList/MotorTemperaturePlugin/Name',
 'Device/SubDeviceList/Face/Led/Red/Right/180Deg/Actuator/Type',
 'Device/SubDeviceList/Face/Led/Red/Right/180Deg/Actuator/Max',
 'Device/SubDeviceList/Face/Led/Red/Right/180Deg/Actuator/Gain',
 '_Behavior__animationsSitWaitingWakeUp_11054588568__root_1',
 '_Behavior__animationsStandGesturesGreat_11142891208__root_3',
 'Device/SubDeviceList/Face/Led/Red/Right/180Deg/Actuator/Value',
 'Device/SubDeviceList/RWristYaw/Position/Sensor/GearRatio',
 'Diagnosis/Active/RShoulderRoll/Error',
 'Device/SubDeviceList/Face/Led/Red/Right/180Deg/Actuator/Name',
 'Device/SubDeviceList/Face/Led/Red/Right/135Deg/Actuator/Type',
 'ALTracker/SearchLoopOver',
 'Device/SubDeviceList/RKneePitch/Temperature/Sensor/Offset',
 'Device/SubDeviceList/Face/Led/Red/Right/135Deg/Actuator/Register',
 'Device/SubDeviceList/Ears/Led/Left/36Deg/Actuator/Value',
 'Device/SubDeviceList/Face/Led/Red/Right/135Deg/Actuator/Gain',
 'Device/SubDeviceList/LAnkleRoll/Temperature/Sensor/Max',
 'Device/SubDeviceList/Face/Led/Red/Right/135Deg/Actuator/Value',
 'Device/SubDeviceList/MaxCurrentPlugin/StiffnessDecrease/Max',
 'Device/SubDeviceList/Face/Led/Red/Right/135Deg/Actuator/Name',
 'Device/SubDeviceList/RWristYaw/Position/Actuator/Name',
 'Device/SubDeviceList/Face/Led/Red/Right/90Deg/Actuator/Type',
 'Device/SubDeviceList/Face/Led/Red/Right/90Deg/Actuator/Register',
 '_Behavior__animationsStandWaitingKnockEye_11072286608__root_2__sound__fx_neonOn__PlaySound_4/File path',
 'Device/SubDeviceList/Face/Led/Red/Right/90Deg/Actuator/SubDeviceNumber',
 '_Behavior__animationsSitOnPodGesturesThis_131130627976__root_150',
 'Device/SubDeviceList/Face/Led/Red/Right/90Deg/Actuator/Max',
 'Device/SubDeviceList/RAnkleRoll/Temperature/Sensor/ThermalTimeConstant',
 'Device/SubDeviceList/Face/Led/Red/Right/90Deg/Actuator/Offset',
 '_Behavior__animationsStandBodyTalkThinkingRemember_11194308608__root_7__onStopped',
 'Device/SubDeviceList/LHipYawPitch/ElectricCurrent/Sensor/Offset',
 'Device/SubDeviceList/Face/Led/Red/Right/45Deg/Actuator/Device',
 'Device/SubDeviceList/Face/Led/Red/Right/45Deg/Actuator/SubDeviceNumber',
 'Device/SubDeviceList/Face/Led/Red/Right/45Deg/Actuator/Min',
 'Device/SubDeviceList/Face/Led/Red/Right/45Deg/Actuator/Offset',
 'Device/SubDeviceList/Face/Led/Red/Right/45Deg/Actuator/Value',
 'Device/SubDeviceList/Face/Led/Red/Right/45Deg/Actuator/Name',
 'Device/SubDeviceList/Face/Led/Red/Right/0Deg/Actuator/Register',
 'Device/SubDeviceList/Face/Led/Red/Right/0Deg/Actuator/Max',
 'Device/SubDeviceList/RHipPitch/Position/Sensor/MechanicalStopMax',
 'Device/SubDeviceList/LFoot/FSR/RearRight/Sensor/Max',
 'Device/SubDeviceList/LFoot/FSR/RearRight/Sensor/Offset',
 'Device/SubDeviceList/Face/Led/Red/Right/0Deg/Actuator/Min',
 '_Behavior__animationsStandGesturesLook_11064327304__root_74',
 'Device/SubDeviceList/Face/Led/Red/Right/0Deg/Actuator/Offset',
 'Device/SubDeviceList/Face/Led/Red/Right/0Deg/Actuator/Gain',
 '_Behavior__animationsSitWaitingPuppet_1161066304__root_1__speech__speech_copy_copy__PlaySound_5/Begin position (s)',
 'Device/SubDeviceList/Face/Led/Red/Right/0Deg/Actuator/Value',
 '_Behavior__animationsStandEmotionsNeutralHesitation_11083050312__root_1__behavior_layer2__Sound__PlaySound_4/Panorama',
 'Diagnosis/Passive/Head/Led/Rear/Left/2/Error',
 'Device/SubDeviceList/LHand/Temperature/Sensor/ThermalResistance',
 'Device/SubDeviceList/Face/Led/Red/Right/0Deg/Actuator/Name',
 '_Behavior__animationsSitGesturesMe_71045538992__root_25',
 '_Behavior__animationsStandEmotionsPositiveMocker_11085071392__root_1__behavior_layer2__Sound1__PlaySound_4/Panorama',
 'Device/SubDeviceList/RHand/Hardness/Actuator/Value',
 'Device/SubDeviceList/Head/Led/Front/Right/1/Actuator/Device',
 '_Behavior__animationsStandEmotionsPositiveHappy_11084700288__root_1__behavior_layer3__Sound__PlaySound_4/Begin position (s)',
 'Device/SubDeviceList/Face/Led/Blue/Left/315Deg/Actuator/Type',
 'Device/SubDeviceList/RShoulderPitch/Position/Sensor/MechanicalStopMin',
 'Device/SubDeviceList/Face/Led/Blue/Left/315Deg/Actuator/Max',
 'Device/SubDeviceList/HeadYaw/Position/Sensor/Register',
 'Device/SubDeviceList/HeadPitch/ElectricCurrent/Sensor/Min',
 'Device/SubDeviceList/LElbowYaw/Temperature/Sensor/Min',
 'Device/SubDeviceList/Face/Led/Blue/Left/315Deg/Actuator/Offset',
 'Device/SubDeviceList/Face/Led/Blue/Left/315Deg/Actuator/Gain',
 'Device/SubDeviceList/Face/Led/Blue/Left/315Deg/Actuator/Value',
 'Device/SubDeviceList/Face/Led/Blue/Left/315Deg/Actuator/Name',
 'Device/SubDeviceList/LAnkleRoll/Temperature/Sensor/StartTemperature',
 'Device/SubDeviceList/Face/Led/Blue/Left/270Deg/Actuator/Register',
 'Diagnosis/Temperature/Face/Led/Red/Right/45Deg/Error',
 'Device/SubDeviceList/ChestBoard/Led/Red/Actuator/Offset',
 'Device/SubDeviceList/Face/Led/Blue/Left/270Deg/Actuator/Max',
 '_Behavior__animationsSitEmotionsNegativeFrustrated_11057570544__root_1__onStopped',
 '_Behavior__animationsStandEmotionsNegativeHurt_21095582000__root_3',
 'Device/SubDeviceList/Face/Led/Blue/Left/270Deg/Actuator/Offset',
 '_Behavior__animationsSitBodyTalkSpeakingBodyTalk_5145754512__root_7',
 '_Behavior__animationsStandGesturesYou_41060142576__root_14',
 'Device/SubDeviceList/InertialSensor/GyroscopeZ/Sensor/Value',
 'Device/SubDeviceList/RHipRoll/Hardness/Actuator/Register',
 'Device/SubDeviceList/Face/Led/Blue/Left/270Deg/Actuator/Gain',
 'Device/SubDeviceList/Face/Led/Blue/Left/270Deg/Actuator/Value',
 '_Behavior__animationsStandWaitingShowMuscles_41078179928__root_4__Fx__keyframe18__PlaySound_1',
 'Device/SubDeviceList/Face/Led/Blue/Left/225Deg/Actuator/Type',
 'Device/SubDeviceList/Face/Led/Blue/Left/225Deg/Actuator/Register',
 'Device/SubDeviceList/Face/Led/Blue/Left/225Deg/Actuator/SubDeviceNumber',
 'Device/SubDeviceList/Head/Led/Front/Right/0/Actuator/Offset',
 'Device/SubDeviceList/Face/Led/Blue/Left/225Deg/Actuator/Max',
 'Device/SubDeviceList/Face/Led/Blue/Left/225Deg/Actuator/Offset',
 'Device/SubDeviceList/HeadYaw/ElectricCurrent/Sensor/Register',
 'Device/SubDeviceList/Face/Led/Blue/Left/225Deg/Actuator/Gain',
 'Device/SubDeviceList/InertialSensor/AccelerometerX/Sensor/Min',
 'Device/SubDeviceList/Face/Led/Blue/Left/225Deg/Actuator/Value',
 'Device/SubDeviceList/Face/Led/Blue/Left/180Deg/Actuator/Device',
 '_Behavior__animationsSitOnPodBodyTalkSpeakingBodyTalk_81130600128__root_12',
 'Device/SubDeviceList/RWristYaw/Position/Actuator/Device',
 'Device/SubDeviceList/Ears/Led/Left/288Deg/Actuator/Offset',
 'Device/SubDeviceList/Face/Led/Blue/Left/180Deg/Actuator/Type',
 '_Behavior__animationsSitBodyTalkThinkingRemember_11145733384__root_1',
 'Device/SubDeviceList/Face/Led/Blue/Right/135Deg/Actuator/Name',
 'Device/SubDeviceList/Face/Led/Blue/Left/180Deg/Actuator/Register',
 'Device/SubDeviceList/LKneePitch/Hardness/Actuator/Gain',
 'Device/SubDeviceList/Face/Led/Blue/Left/180Deg/Actuator/SubDeviceNumber',
 'Device/DeviceList/MaxCurrentPlugin/Nack',
 'Device/SubDeviceList/Face/Led/Blue/Left/180Deg/Actuator/Min',
 'Device/SubDeviceList/Face/Led/Blue/Left/135Deg/Actuator/Type',
 'Device/SubDeviceList/LHipYawPitch/Position/Sensor/GearRatio',
 'Device/SubDeviceList/LWristYaw/Temperature/Sensor/Type',
 'Device/SubDeviceList/RWristYaw/Temperature/Sensor/Min',
 'Device/SubDeviceList/LFoot/Led/Green/Actuator/Gain',
 'Device/SubDeviceList/Face/Led/Blue/Left/135Deg/Actuator/Register',
 'Device/SubDeviceList/Face/Led/Blue/Left/135Deg/Actuator/SubDeviceNumber',
 'Device/SubDeviceList/Face/Led/Blue/Left/135Deg/Actuator/Min',
 'Device/SubDeviceList/Face/Led/Blue/Left/135Deg/Actuator/Offset',
 'Diagnosis/Temperature/Face/Led/Red/Right/315Deg/Error',
 'Device/SubDeviceList/Face/Led/Blue/Left/135Deg/Actuator/Gain',
 '_Behavior__animationsStandReactionsSeeColor_31088804928__root_5__onStopped',
 'Device/SubDeviceList/Face/Led/Blue/Left/135Deg/Actuator/Value',
 'Device/SubDeviceList/Face/Led/Blue/Left/135Deg/Actuator/Name',
 '_Behavior__animationsStandEmotionsNegativeExhausted_2150364160__root_2__Fx__Baille__PlaySound_4/Volume (%)',
 'Device/SubDeviceList/Face/Led/Blue/Left/90Deg/Actuator/Device',
 'Device/SubDeviceList/ChestBoard/Led/Red/Actuator/Register',
 'Device/SubDeviceList/Face/Led/Blue/Left/90Deg/Actuator/Register',
 'Device/SubDeviceList/Face/Led/Blue/Left/90Deg/Actuator/SubDeviceNumber',
 'Device/SubDeviceList/Face/Led/Blue/Left/90Deg/Actuator/Min',
 '_Behavior__animationsStandGesturesStretch_2156105448__root_127__onStopped',
 'Device/SubDeviceList/LHipPitch/Position/Actuator/IMax',
 'Device/SubDeviceList/Face/Led/Blue/Left/90Deg/Actuator/Offset',
 'Device/SubDeviceList/Face/Led/Blue/Left/90Deg/Actuator/Gain',
 'ALBasicAwareness/HumanLost',
 'Device/SubDeviceList/LHand/Hardness/Actuator/SubDeviceNumber',
 'Device/SubDeviceList/Face/Led/Blue/Left/90Deg/Actuator/Name',
 'Device/SubDeviceList/LHipRoll/Position/Sensor/Min',
 '_Behavior__animationsStandBodyTalkSpeakingBodyTalk_221759900312__root_41',
 'Device/SubDeviceList/Face/Led/Blue/Left/45Deg/Actuator/Device',
 'Device/SubDeviceList/Face/Led/Blue/Left/45Deg/Actuator/Type',
 'Device/SubDeviceList/RAnkleRoll/Hardness/Actuator/SubDeviceNumber',
 'Device/SubDeviceList/HeadPitch/Position/Actuator/Kp',
 'Device/SubDeviceList/Face/Led/Blue/Left/45Deg/Actuator/Register',
 'Device/SubDeviceList/Ears/Led/Left/216Deg/Actuator/Value',
 'Device/SubDeviceList/RHipRoll/Position/Sensor/Min',
 'Device/SubDeviceList/Face/Led/Blue/Left/45Deg/Actuator/SubDeviceNumber',
 'Device/SubDeviceList/LKneePitch/Temperature/Sensor/Register',
 'Device/SubDeviceList/Face/Led/Blue/Left/45Deg/Actuator/Max',
 'Device/SubDeviceList/Face/Led/Blue/Left/45Deg/Actuator/Min',
 'Device/SubDeviceList/Face/Led/Blue/Left/45Deg/Actuator/Value',
 'Device/SubDeviceList/RHipYawPitch/Hardness/Actuator/Value',
 '_Behavior__animationsStandGesturesFollow_1155809600__root_52',
 'Device/SubDeviceList/RShoulderPitch/Position/Actuator/Min',
 'Device/SubDeviceList/Face/Led/Blue/Left/0Deg/Actuator/Device',
 '_Behavior__animationsStandWaitingShowMuscles_41078179928__root_4__Fx__keyframe18__PlaySound_1/File path',
 'ALBehaviorManager/BehaviorFailed',
 'Device/SubDeviceList/Battery/Charge/Sensor/Register',
 'Device/SubDeviceList/Face/Led/Blue/Left/0Deg/Actuator/Register',
 'Device/SubDeviceList/ChestBoard/Button/Sensor/Offset',
 'Device/SubDeviceList/Face/Led/Blue/Left/0Deg/Actuator/Max',
 'Device/SubDeviceList/Face/Led/Blue/Left/0Deg/Actuator/Offset',
 'Device/SubDeviceList/Face/Led/Blue/Left/0Deg/Actuator/Gain',
 'Device/SubDeviceList/Face/Led/Blue/Left/0Deg/Actuator/Value',
 'CloseObjectDetection/ObjectInfo',
 'Navigation/AvoidanceNavigator/MovingToFreeZone',
 'Motion/VirtualContact/LHip',
 'Diagnosis/Temperature/LLeg/Status',
 'Device/SubDeviceList/Face/Led/Green/Left/315Deg/Actuator/Device',
 'Device/SubDeviceList/LAnklePitch/Position/Actuator/PWMValue',
 'Device/SubDeviceList/Face/Led/Green/Left/315Deg/Actuator/Register',
 '_Behavior__animationsStandWaitingSpaceShuttle_11075332920__root_1__speech__keyframe157__Say_1/Speed (%)',
 'Device/SubDeviceList/Face/Led/Green/Left/315Deg/Actuator/SubDeviceNumber',
 'Device/SubDeviceList/Head/Led/Rear/Left/2/Actuator/Gain',
 'Device/SubDeviceList/Face/Led/Green/Left/315Deg/Actuator/Min',
 'Device/SubDeviceList/LHipPitch/Hardness/Actuator/Offset',
 'Device/SubDeviceList/Face/Led/Green/Left/315Deg/Actuator/Gain',
 'Diagnosis/Active/RElbowRoll/Error',
 'Device/SubDeviceList/RWristYaw/Temperature/Sensor/Name',
 'Device/SubDeviceList/Face/Led/Green/Left/270Deg/Actuator/Device',
 'Device/DeviceList/AlMemoryPlugin/Bus',
 'Device/SubDeviceList/Face/Led/Green/Left/270Deg/Actuator/Type',
 '_Behavior__animationsSitOnPodGesturesThis_61131781120__root_143',
 'Device/SubDeviceList/Face/Led/Green/Left/270Deg/Actuator/SubDeviceNumber',
 'Device/SubDeviceList/Face/Led/Green/Left/270Deg/Actuator/Max',
 'Diagnosis/Active/Ears/Led/Left/108Deg/Error',
 '_Behavior__animationsStandEmotionsPositiveLaugh_11097323680__root_1__behavior_layer2__Sound__PlaySound_4/Play in loop',
 'Device/SubDeviceList/Face/Led/Green/Left/270Deg/Actuator/Offset',
 'Diagnosis/Passive/Face/Led/Blue/Left/225Deg/Error',
 'Device/SubDeviceList/US/Sensor/Name',
 'Device/SubDeviceList/Face/Led/Green/Left/270Deg/Actuator/Value',
 'Device/SubDeviceList/RHipYawPitch/ElectricCurrent/Sensor/Value',
 'Device/SubDeviceList/LHipPitch/ElectricCurrent/Sensor/Max',
 'Device/SubDeviceList/LFoot/Led/Red/Actuator/Value',
 'Device/SubDeviceList/Face/Led/Green/Left/225Deg/Actuator/Register',
 'Device/SubDeviceList/Face/Led/Green/Left/225Deg/Actuator/SubDeviceNumber',
 'Device/SubDeviceList/HeadPitch/Position/Sensor/MechanicalStopMin',
 'Device/SubDeviceList/Face/Led/Green/Left/225Deg/Actuator/Max',
 'Device/SubDeviceList/US/Right/Sensor/Value',
 'Device/SubDeviceList/LElbowRoll/Position/Sensor/Type',
 'Motion/Obstacles/Closest/RArm/Y',
 '_Behavior__animationsSitWaitingAutoFormat_11045385624__root_1__Fx__keyframe327__PlaySound_1/File path',
 'Device/SubDeviceList/Face/Led/Green/Left/180Deg/Actuator/Type',
 'Device/SubDeviceList/LKneePitch/Hardness/Actuator/stiffnessDecreaseRate',
 'Device/DeviceList/MotorTemperaturePlugin/Bus',
 'Device/SubDeviceList/LAnkleRoll/Hardness/Actuator/Max',
 'Device/SubDeviceList/Face/Led/Green/Left/180Deg/Actuator/Register',
 '_Behavior__animationsSitReactionsBumperRight_11064635840__root_3__onStopped',
 'Device/SubDeviceList/US/Left/Sensor/Offset',
 '_Behavior__animationsStandWaitingScratchTorso_11088313936__root_12',
 'Device/SubDeviceList/HeadYaw/Position/Actuator/InvertControlDirection',
 'Device/SubDeviceList/Face/Led/Green/Left/180Deg/Actuator/SubDeviceNumber',
 'Device/SubDeviceList/Face/Led/Green/Left/180Deg/Actuator/Max',
 'Diagnosis/Temperature/Face/Led/Red/Left/225Deg/Error',
 '_Behavior__animationsStandGesturesChoice_11061666232__root_15__onStopped',
 'Device/SubDeviceList/Face/Led/Green/Left/180Deg/Actuator/Min',
 'Diagnosis/Passive/RFoot/FSR/FrontLeft/Error',
 'Device/SubDeviceList/RHand/Hardness/Actuator/Max',
 'Device/SubDeviceList/Face/Led/Green/Left/180Deg/Actuator/Offset',
 '_Behavior__animationsSitEmotionsNegativeSurprise_11060170240__root_1__onStopped',
 'Device/SubDeviceList/Face/Led/Green/Left/180Deg/Actuator/Gain',
 '_Behavior__animationsStandReactionsShakeBody_1148928728__root_3',
 'Device/SubDeviceList/RKneePitch/Temperature/Sensor/Device',
 'Device/SubDeviceList/Face/Led/Green/Left/180Deg/Actuator/Value',
 'Device/SubDeviceList/Face/Led/Green/Left/135Deg/Actuator/Device',
 'Device/SubDeviceList/Face/Led/Green/Left/135Deg/Actuator/Type',
 '_Behavior__animationsSitOnPodGesturesYes_31095083808__root_6',
 'Device/SubDeviceList/RElbowRoll/Position/Actuator/Device',
 'Device/SubDeviceList/Face/Led/Blue/Left/225Deg/Actuator/Name',
 'Motion/Velocity/Error/RKneePitch',
 '_Behavior__animationsStandWaitingStretch_31074540208__root_7',
 'Device/SubDeviceList/LFoot/Led/Blue/Actuator/Value',
 '_Behavior__animationsSitWaitingOar_11046614624__root_1__onStopped',
 'Device/SubDeviceList/RHipRoll/Position/Actuator/Offset',
 'Device/SubDeviceList/Face/Led/Green/Left/135Deg/Actuator/Max',
 'Device/SubDeviceList/Face/Led/Green/Left/135Deg/Actuator/Offset',
 'Device/SubDeviceList/Face/Led/Green/Left/135Deg/Actuator/Value',
 'ChestButtonPressed',
 'Device/SubDeviceList/Face/Led/Green/Left/135Deg/Actuator/Name',
 '_Behavior__animationsSitOnPodGesturesMe_11759646904__root_76__onStopped',
 'Device/SubDeviceList/Face/Led/Green/Left/90Deg/Actuator/Min',
 '_Behavior__animationsStandGesturesExplain_7150177072__root_45',
 'Device/SubDeviceList/Face/Led/Green/Left/90Deg/Actuator/Value',
 'Device/SubDeviceList/Face/Led/Green/Left/90Deg/Actuator/Name',
 'Device/DeviceList/FaceBoard/Nack',
 'Device/SubDeviceList/RFoot/FSR/TotalWeight/Sensor/Max',
 'Device/SubDeviceList/LHand/Temperature/Sensor/ThermalTimeConstant',
 'Device/SubDeviceList/Face/Led/Green/Left/45Deg/Actuator/Type',
 'Device/SubDeviceList/Face/Led/Green/Left/45Deg/Actuator/Register',
 'Device/SubDeviceList/InitMotorBoardPlugin/InitializedMotorboardCount/Device',
 'Device/SubDeviceList/Face/Led/Green/Left/45Deg/Actuator/Max',
 'Device/SubDeviceList/Face/Led/Green/Left/45Deg/Actuator/Min',
 'Device/SubDeviceList/LElbowRoll/Position/Actuator/Min',
 'Device/SubDeviceList/Face/Led/Green/Left/45Deg/Actuator/Gain',
 'Device/SubDeviceList/Face/Led/Green/Left/45Deg/Actuator/Value',
 '_Behavior__animationsSitWaitingRobot_11048153360__root_23__fx__r2d2__PlaySound_1/Panorama',
 '_Behavior__animationsStandGesturesShowFloor_21063416440__root_109__onStopped',
 'Device/SubDeviceList/RFoot/FSR/FrontLeft/Sensor/YPosition',
 'Device/SubDeviceList/PreferencesPlugin/ChangeCalibration/Offset',
 'Device/SubDeviceList/RFoot/FSR/FrontLeft/Sensor/Value',
 'Device/SubDeviceList/Face/Led/Green/Left/45Deg/Actuator/Name',
 'Device/DeviceList/LeftThighBoard/ProgVersion',
 'Device/SubDeviceList/Face/Led/Green/Left/0Deg/Actuator/Device',
 'Device/SubDeviceList/Face/Led/Green/Left/0Deg/Actuator/Type',
 'Device/SubDeviceList/Face/Led/Green/Left/0Deg/Actuator/Register',
 'Device/DeviceList/Chest-Eeprom-80/Type',
 'Device/SubDeviceList/Face/Led/Green/Left/0Deg/Actuator/SubDeviceNumber',
 'Device/SubDeviceList/Face/Led/Green/Left/0Deg/Actuator/Max',
 'Device/SubDeviceList/Face/Led/Green/Left/0Deg/Actuator/Min',
 'Device/SubDeviceList/Face/Led/Green/Left/0Deg/Actuator/Offset',
 'Device/SubDeviceList/RAnkleRoll/Temperature/Sensor/Device',
 'Navigation/FreeZoneFinder/ConstraintZone',
 'Device/SubDeviceList/LHand/Touch/Left/Sensor/Type',
 'Device/SubDeviceList/Face/Led/Green/Left/0Deg/Actuator/Name',
 'Device/SubDeviceList/RHand/ElectricCurrent/Sensor/CurrentType',
 'Device/SubDeviceList/Face/Led/Red/Right/90Deg/Actuator/Device',
 'Device/SubDeviceList/Face/Led/Red/Left/315Deg/Actuator/Type',
 '_Behavior__animationsSitOnPodBodyTalkListeningListening_81130624440__root_7',
 'Device/SubDeviceList/Face/Led/Red/Left/315Deg/Actuator/Register',
 'Device/SubDeviceList/InertialSensor/AccelerometerY/Sensor/Gain',
 'Device/SubDeviceList/Face/Led/Red/Left/315Deg/Actuator/SubDeviceNumber',
 'Device/SubDeviceList/Face/Led/Red/Left/315Deg/Actuator/Min',
 '_Behavior__animationsStandEmotionsNeutralConfused_11083046272__root_1__onStopped',
 'Device/SubDeviceList/Face/Led/Red/Right/180Deg/Actuator/Min',
 'Device/SubDeviceList/Face/Led/Red/Left/45Deg/Actuator/Max',
 'Diagnosis/Active/Face/Led/Blue/Right/0Deg/Error',
 'Device/SubDeviceList/IoCommunicationPlugin/ActivateCommunication/Actuator/Gain',
 'Device/SubDeviceList/Face/Led/Red/Left/315Deg/Actuator/Name',
 'Device/SubDeviceList/RHand/Position/Sensor/Limit',
 'Device/SubDeviceList/Face/Led/Red/Left/270Deg/Actuator/Register',
 'Device/SubDeviceList/LElbowRoll/Temperature/Sensor/motorModel',
 'Device/SubDeviceList/Face/Led/Red/Left/270Deg/Actuator/SubDeviceNumber',
 'Device/DeviceList/LeftHandBoard/capacitiveVersion',
 'Diagnosis/Temperature/RFoot/FSR/FrontLeft/Error',
 '_Behavior__animationsSitReactionsBumperLeft_11131811640__root_3__onStopped',
 'Device/SubDeviceList/Face/Led/Red/Left/270Deg/Actuator/Value',
 'Device/SubDeviceList/Face/Led/Red/Left/225Deg/Actuator/Type',
 'Device/SubDeviceList/Face/Led/Red/Left/225Deg/Actuator/Register',
 'Motion/Torque/Command/HeadPitch',
 'Device/SubDeviceList/Face/Led/Green/Left/180Deg/Actuator/Device',
 'Device/SubDeviceList/Face/Led/Red/Left/225Deg/Actuator/SubDeviceNumber',
 'Device/SubDeviceList/LShoulderPitch/Temperature/Sensor/ThermalTimeConstant',
 'Device/SubDeviceList/LWristYaw/Position/Sensor/MechanicalStopMax',
 'Device/SubDeviceList/HeadYaw/Hardness/Actuator/Value',
 'Device/SubDeviceList/Face/Led/Red/Left/225Deg/Actuator/Max',
 'RobotConfig/Body/Device/Legs/Version',
 'Device/SubDeviceList/Face/Led/Red/Left/225Deg/Actuator/Min',
 '_Behavior__animationsSitWaitingDriveCar_11048973264__root_1__sounds__angry__PlaySound_3/File path',
 'Device/SubDeviceList/HeadPitch/ElectricCurrent/Sensor/CurrentType',
 'Device/SubDeviceList/Face/Led/Red/Left/225Deg/Actuator/Name',
 'Device/SubDeviceList/RAnklePitch/Temperature/Sensor/Name',
 'Device/SubDeviceList/Face/Led/Red/Left/180Deg/Actuator/Device',
 'Device/SubDeviceList/Face/Led/Red/Left/180Deg/Actuator/Type',
 'Device/SubDeviceList/Face/Led/Red/Left/180Deg/Actuator/Register',
 'Device/DeviceList/DiagnosisPlugin/Name',
 'Device/SubDeviceList/Face/Led/Red/Left/180Deg/Actuator/SubDeviceNumber',
 'Device/SubDeviceList/Face/Led/Red/Left/180Deg/Actuator/Max',
 'Device/SubDeviceList/Face/Led/Red/Left/180Deg/Actuator/Offset',
 '_Behavior__animationsStandGesturesYou_21065693080__root_175',
 'Device/SubDeviceList/RHipPitch/Hardness/Actuator/Type',
 'Device/SubDeviceList/Face/Led/Red/Left/180Deg/Actuator/Value',
 'Device/SubDeviceList/LKneePitch/Position/Sensor/positionChainMREMotor',
 'Device/SubDeviceList/RWristYaw/Hardness/Actuator/SubDeviceNumber',
 'Device/SubDeviceList/Face/Led/Red/Left/135Deg/Actuator/Register',
 'Device/SubDeviceList/RWristYaw/Position/Sensor/MechanicalStopMin',
 'Device/SubDeviceList/Face/Led/Red/Left/135Deg/Actuator/Offset',
 'Device/SubDeviceList/Face/Led/Blue/Left/0Deg/Actuator/SubDeviceNumber',
 'Device/DeviceList/PreferencesPlugin/Error',
 'Device/SubDeviceList/Face/Led/Red/Left/135Deg/Actuator/Value',
 'Device/SubDeviceList/Face/Led/Red/Left/135Deg/Actuator/Name',
 'Device/SubDeviceList/LFoot/FSR/CenterOfPressure/Y/Sensor/Device',
 'Device/SubDeviceList/Face/Led/Red/Left/90Deg/Actuator/Device',
 'Device/SubDeviceList/Face/Led/Red/Left/90Deg/Actuator/Type',
 'Device/SubDeviceList/Face/Led/Red/Left/315Deg/Actuator/Device',
 'Device/SubDeviceList/Ears/Led/Left/180Deg/Actuator/Type',
 'Device/SubDeviceList/Face/Led/Red/Left/90Deg/Actuator/Register',
 'Motion/Position/Command/RAnklePitch',
 'Device/SubDeviceList/RShoulderRoll/Position/Sensor/MechanicalStopMin',
 'Device/SubDeviceList/Face/Led/Red/Left/90Deg/Actuator/SubDeviceNumber',
 'Device/SubDeviceList/Face/Led/Red/Left/90Deg/Actuator/Max',
 'Device/SubDeviceList/Face/Led/Red/Left/90Deg/Actuator/Min',
 'Device/SubDeviceList/Face/Led/Red/Left/90Deg/Actuator/Offset',
 'Device/SubDeviceList/RHand/Position/Actuator/Offset',
 'Device/SubDeviceList/Face/Led/Red/Left/90Deg/Actuator/Gain',
 'Device/SubDeviceList/RWristYaw/Position/Sensor/Type',
 'Device/SubDeviceList/LShoulderPitch/ElectricCurrent/Sensor/Value',
 'Device/SubDeviceList/Face/Led/Red/Left/90Deg/Actuator/Name',
 'Device/SubDeviceList/RFoot/Led/Green/Actuator/Name',
 'Device/SubDeviceList/Face/Led/Red/Right/315Deg/Actuator/Name',
 'Diagnosis/Active/RFoot/Bumper/Left/Error',
 'Device/SubDeviceList/Face/Led/Red/Left/45Deg/Actuator/Device',
 'Device/SubDeviceList/LKneePitch/Position/Actuator/Max',
 'Device/SubDeviceList/Face/Led/Red/Left/45Deg/Actuator/Type',
 '_Behavior__animationsStandGesturesYouKnowWhat_51061263424__root_180',
 'Device/SubDeviceList/Ears/Led/Left/324Deg/Actuator/Name',
 'Device/SubDeviceList/Battery/Charge/Sensor/CellValue',
 'Device/SubDeviceList/Face/Led/Red/Left/45Deg/Actuator/Register',
 'Motion/Position/Command/RElbowYaw',
 '_Behavior__animationsStandGesturesDesperate_31065164784__root_25',
 'Device/SubDeviceList/Face/Led/Red/Left/45Deg/Actuator/SubDeviceNumber',
 '_Behavior__animationsStandEmotionsPositiveWinner_11083129096__root_1__behavior_layer2__Sound__PlaySound_4/File path',
 'Device/SubDeviceList/Face/Led/Red/Left/45Deg/Actuator/Min',
 'Device/SubDeviceList/Face/Led/Red/Left/45Deg/Actuator/Offset',
 'Device/SubDeviceList/Face/Led/Blue/Left/270Deg/Actuator/Min',
 'Launchpad/PostureFamily',
 'Device/SubDeviceList/Face/Led/Red/Left/0Deg/Actuator/SubDeviceNumber',
 'Motion/Obstacles/Closest/LLeg/Y',
 'Diagnosis/Passive/LHand/Touch/Right/Error',
 'Device/SubDeviceList/RKneePitch/Hardness/Actuator/Type',
 'Device/SubDeviceList/Ears/Led/Left/0Deg/Actuator/Min',
 'Device/SubDeviceList/HeadYaw/Position/Sensor/MechanicalStopMin',
 'Device/SubDeviceList/Face/Led/Red/Left/0Deg/Actuator/Max',
 'Device/SubDeviceList/HeadYaw/ElectricCurrent/Sensor/Value',
 'Device/SubDeviceList/Face/Led/Red/Left/0Deg/Actuator/Min',
 'Device/SubDeviceList/Face/Led/Red/Left/0Deg/Actuator/Offset',
 'Motion/Velocity/Sensor/RAnkleRoll',
 'Device/DeviceList/LeftThighBoard/RobotId',
 'Device/SubDeviceList/Face/Led/Red/Left/0Deg/Actuator/Gain',
 'Device/SubDeviceList/InertialSensor/AngleZ/Sensor/Value',
 'Device/SubDeviceList/Face/Led/Red/Left/0Deg/Actuator/Value',
 '_Behavior__animationsSitOnPodGesturesThis_5145777840__root_142__onStopped',
 'Device/SubDeviceList/Ears/Led/Left/324Deg/Actuator/Device',
 'Device/SubDeviceList/RKneePitch/Position/Sensor/SensorType',
 'Device/SubDeviceList/Ears/Led/Left/324Deg/Actuator/Type',
 'Motion/Velocity/Command/LKneePitch',
 '_Behavior__animationsSitOnPodBodyTalkSpeakingBodyTalk_101130522720__root_10',
 'Device/SubDeviceList/LWristYaw/Temperature/Sensor/WindingResistance',
 'Device/SubDeviceList/Ears/Led/Left/324Deg/Actuator/Max',
 '_Behavior__animationsStandWaitingShowMuscles_41078179928__root_4__Fx__keyframe18__PlaySound_1/Volume (%)',
 'Device/SubDeviceList/Ears/Led/Left/324Deg/Actuator/Min',
 'Device/SubDeviceList/Ears/Led/Left/324Deg/Actuator/Offset',
 '_Behavior__default_launchpad_pluginsQRCode1043873832__root__onStopped',
 'Device/SubDeviceList/Ears/Led/Left/324Deg/Actuator/Gain',
 'ALTextToSpeech/CurrentSentence',
 'Device/SubDeviceList/Ears/Led/Left/288Deg/Actuator/Device',
 'Device/SubDeviceList/Face/Led/Red/Left/270Deg/Actuator/Offset',
 'Device/SubDeviceList/Ears/Led/Left/288Deg/Actuator/Register',
 'Device/SubDeviceList/Ears/Led/Left/288Deg/Actuator/SubDeviceNumber',
 'ALMotion/Stiffness/wakeUpFinished',
 'Device/SubDeviceList/Ears/Led/Left/288Deg/Actuator/Max',
 'Device/SubDeviceList/Ears/Led/Left/288Deg/Actuator/Min',
 'Device/SubDeviceList/LHipRoll/Position/Actuator/MotorNumber',
 'Device/SubDeviceList/Ears/Led/Left/288Deg/Actuator/Gain',
 '_Behavior__animationsStandEmotionsNegativeSurprise_2150138368__root_2__behavior_layer2__Sound__PlaySound_4/File path',
 'Device/SubDeviceList/ChestBoard/Led/Red/Actuator/Max',
 '_Behavior__animationsSitReactionsEthernetOff_11131512376__root_2',
 'Device/SubDeviceList/Ears/Led/Left/288Deg/Actuator/Name',
 'Device/SubDeviceList/Face/Led/Green/Left/225Deg/Actuator/Value',
 'Device/SubDeviceList/Ears/Led/Left/252Deg/Actuator/Device',
 '_Behavior__animationsStandGesturesWhatSThis_71060393296__root_159',
 'Device/SubDeviceList/Ears/Led/Left/252Deg/Actuator/Type',
 'Device/SubDeviceList/Ears/Led/Left/252Deg/Actuator/Register',
 'Device/SubDeviceList/Ears/Led/Left/252Deg/Actuator/SubDeviceNumber',
 'Device/SubDeviceList/RFoot/FSR/CenterOfPressure/X/Sensor/Offset',
 'Device/SubDeviceList/Ears/Led/Left/252Deg/Actuator/Max',
 'Device/SubDeviceList/Face/Led/Blue/Right/45Deg/Actuator/Min',
 'Device/SubDeviceList/Ears/Led/Left/252Deg/Actuator/Min',
 'Device/SubDeviceList/US/Left/Sensor/Value4',
 'Device/SubDeviceList/Ears/Led/Left/252Deg/Actuator/Offset',
 'Device/SubDeviceList/Ears/Led/Left/252Deg/Actuator/Gain',
 'Device/SubDeviceList/Ears/Led/Left/252Deg/Actuator/Value',
 'Device/SubDeviceList/Ears/Led/Left/216Deg/Actuator/Device',
 'RobotConfig/Body/SoftwareRequirement',
 'Device/SubDeviceList/Ears/Led/Left/216Deg/Actuator/Register',
 'Device/SubDeviceList/Ears/Led/Left/216Deg/Actuator/SubDeviceNumber',
 '_Behavior__animationsStandGesturesShowFloor_21063416440__root_109',
 'Device/DeviceList/HeadBoard/MotorBoardSerialNumber',
 'Device/SubDeviceList/Ears/Led/Left/216Deg/Actuator/Max',
 'EngagementZones/FirstLimitDistanceUpdated',
 '_Behavior__animationsSitOnPodGesturesWhatSThis_131095968472__root_165',
 'Device/SubDeviceList/Ears/Led/Left/216Deg/Actuator/Gain',
 'Device/SubDeviceList/Ears/Led/Left/216Deg/Actuator/Name',
 '_Behavior__animationsStandEmotionsNegativeSurprise_11094655520__root_1__behavior_layer2__Sound__PlaySound_4/File path',
 'Device/SubDeviceList/Face/Led/Blue/Right/180Deg/Actuator/Name',
 'Device/SubDeviceList/LShoulderRoll/Speed/Sensor/Value',
 'Device/SubDeviceList/Ears/Led/Left/180Deg/Actuator/Device',
 'Motion/Position/Sensor/LHand',
 'Device/SubDeviceList/Ears/Led/Left/180Deg/Actuator/Register',
 'Device/SubDeviceList/RElbowRoll/Temperature/Sensor/StartTemperature',
 'Device/SubDeviceList/RShoulderPitch/ElectricCurrent/Sensor/ShuntResistance',
 'Device/SubDeviceList/Face/Led/Green/Left/90Deg/Actuator/Register',
 'Device/SubDeviceList/Ears/Led/Left/180Deg/Actuator/SubDeviceNumber',
 'Device/SubDeviceList/Face/Led/Red/Right/225Deg/Actuator/Register',
 'Device/SubDeviceList/Ears/Led/Left/180Deg/Actuator/Min',
 'Diagnosis/Active/Head/Touch/Error',
 '_Behavior__animationsSitWaitingCallSomeone_11075323272__root_1__speech__keyframe134__Say_1/Speed (%)',
 'Device/SubDeviceList/Ears/Led/Left/180Deg/Actuator/Offset',
 'Device/DeviceList/LeftHipBoard/Available',
 'Device/SubDeviceList/LElbowRoll/Position/Sensor/Value',
 'Device/SubDeviceList/HeadYaw/Position/Sensor/jointZeroPosition',
 'Device/SubDeviceList/Ears/Led/Left/144Deg/Actuator/Device',
 '_Behavior__animationsSitOnPodGesturesWhatSThis_11148350032__root_163',
 'Device/SubDeviceList/Ears/Led/Left/144Deg/Actuator/Register',
 'Device/SubDeviceList/Ears/Led/Left/144Deg/Actuator/SubDeviceNumber',
 'Device/SubDeviceList/LFoot/Led/Green/Actuator/Type',
 '_Behavior__animationsStandReactionsHeat_21088492032__root_4',
 'Device/SubDeviceList/LHand/Position/Actuator/Max',
 'Device/SubDeviceList/Ears/Led/Left/144Deg/Actuator/Max',
 'Device/SubDeviceList/LFoot/FSR/CenterOfPressure/X/Sensor/Max',
 'Device/SubDeviceList/Ears/Led/Left/144Deg/Actuator/Offset',
 'Device/SubDeviceList/Ears/Led/Left/144Deg/Actuator/Gain',
 'Device/SubDeviceList/HeadPitch/ElectricCurrent/Sensor/Max',
 'Device/SubDeviceList/Ears/Led/Left/144Deg/Actuator/Value',
 'Device/SubDeviceList/Ears/Led/Left/144Deg/Actuator/Name',
 'Device/SubDeviceList/InertialSensor/GyroscopeYZeroOffset/Sensor/Type',
 'Device/SubDeviceList/LHand/Position/Actuator/Kp',
 'Device/SubDeviceList/Ears/Led/Left/108Deg/Actuator/Type',
 'Device/SubDeviceList/Head/Led/Rear/Right/0/Actuator/Max',
 '_Behavior__animationsSitWaitingCallSomeone_11075323272__root_1__speech__keyframe134__Say_1',
 'Device/SubDeviceList/Ears/Led/Left/108Deg/Actuator/SubDeviceNumber',
 'Device/SubDeviceList/Ears/Led/Left/108Deg/Actuator/Max',
 '_Behavior__animationsStandGesturesWhatSThis_151070595672__root_167__onStopped',
 '_Behavior__animationsStandEmotionsNeutralSneeze1083480744__root_20__sound__sound__PlaySound_4/Play in loop',
 'Device/SubDeviceList/Ears/Led/Left/108Deg/Actuator/Min',
 'Device/SubDeviceList/Ears/Led/Left/108Deg/Actuator/Offset',
 'Device/SubDeviceList/Ears/Led/Left/108Deg/Actuator/Gain',
 '_Behavior__animationsStandBodyTalkSpeakingBodyTalk_5145559496__root_23',
 'Device/SubDeviceList/Ears/Led/Left/108Deg/Actuator/Value',
 'Device/SubDeviceList/RElbowRoll/Position/Sensor/Limit',
 'Device/SubDeviceList/Ears/Led/Left/72Deg/Actuator/Device',
 'SittingPeopleDetection/PersonStandingUp',
 'Device/SubDeviceList/Ears/Led/Left/72Deg/Actuator/SubDeviceNumber',
 '_Behavior__animationsSitWaitingKnockEye_1161856288__root_1__onStopped',
 '_Behavior__animationsStandEmotionsNegativeHurt_21095582000__root_3__behavior_layer3__Sound__PlaySound_4/Play in loop',
 'Device/SubDeviceList/LHipPitch/Position/Sensor/Type',
 'Device/SubDeviceList/LWristYaw/Hardness/Actuator/Register',
 'Device/SubDeviceList/Ears/Led/Left/72Deg/Actuator/Max',
 'Device/SubDeviceList/Head/Led/Rear/Right/1/Actuator/Value',
 '_Behavior__animationsStandWaitingHeadbang_11083209584__root_7__onStopped',
 'Device/SubDeviceList/Ears/Led/Left/72Deg/Actuator/Min',
 '_Behavior__animationsStandGesturesTake_11066931120__root_129__onStopped',
 'Diagnosis/Active/Gyrometer/Error',
 'Device/SubDeviceList/HeadPitch/Position/Sensor/positionChainMREJoint',
 'Device/SubDeviceList/Ears/Led/Left/180Deg/Actuator/Gain',
 'Device/SubDeviceList/PreferencesPlugin/ChangeCalibration/SubDeviceNumber',
 'Device/SubDeviceList/Ears/Led/Left/72Deg/Actuator/Offset',
 'Device/SubDeviceList/Battery/Charge/Sensor/Gain',
 'Device/DeviceList/RightFootBoard/currentCalibrationResultMotor2',
 'Device/SubDeviceList/RWristYaw/Hardness/Actuator/Min',
 'Device/SubDeviceList/Ears/Led/Left/72Deg/Actuator/Gain',
 'Device/SubDeviceList/Ears/Led/Right/252Deg/Actuator/Offset',
 'Device/SubDeviceList/Ears/Led/Left/72Deg/Actuator/Value',
 'Device/SubDeviceList/RAnkleRoll/Hardness/Actuator/stiffnessDecreaseRate',
 'Device/SubDeviceList/Ears/Led/Left/36Deg/Actuator/Type',
 'Device/SubDeviceList/Ears/Led/Left/36Deg/Actuator/Register',
 'Device/SubDeviceList/Ears/Led/Left/36Deg/Actuator/SubDeviceNumber',
 'Device/DeviceList/RightHipBoard/StructVersion',
 'Launchpad/DayName',
 'Diagnosis/Temperature/Face/Led/Green/Left/0Deg/Error',
 'Device/SubDeviceList/Ears/Led/Left/36Deg/Actuator/Min',
 '_Behavior__animationsSitGesturesYou_41046016088__root_22',
 'Motion/Position/Sensor/RHipRoll',
 'Device/SubDeviceList/RWristYaw/Temperature/Sensor/Status',
 'Device/SubDeviceList/Ears/Led/Left/36Deg/Actuator/Name',
 'Device/SubDeviceList/Ears/Led/Left/0Deg/Actuator/Device',
 'Diagnosis/Temperature/LHipPitch/Error',
 'Device/SubDeviceList/Ears/Led/Left/0Deg/Actuator/Type',
 'Diagnosis/Temperature/Head/Led/Middle/Left/0/Error',
 'Device/SubDeviceList/Face/Led/Red/Right/225Deg/Actuator/Type',
 'Device/SubDeviceList/Ears/Led/Left/0Deg/Actuator/SubDeviceNumber',
 'Navigation/AvoidanceNavigator/AbsTargetModified',
 'Device/SubDeviceList/Ears/Led/Left/0Deg/Actuator/Max',
 'Device/SubDeviceList/Ears/Led/Left/0Deg/Actuator/Offset',
 'Device/SubDeviceList/Ears/Led/Left/0Deg/Actuator/Gain',
 'Motion/VirtualContact/RElbow',
 'Device/SubDeviceList/Ears/Led/Left/0Deg/Actuator/Name',
 'Device/DeviceList/RightHipBoard/Ack',
 'Device/SubDeviceList/Ears/Led/Right/324Deg/Actuator/Device',
 '_Behavior__animationsStandGesturesShowFloor_51059687656__root_112__onStopped',
 'Device/SubDeviceList/HeadYaw/Temperature/Sensor/Register',
 'Device/SubDeviceList/LKneePitch/Position/Actuator/SubDeviceNumber',
 'Device/SubDeviceList/Ears/Led/Right/324Deg/Actuator/Register',
 'VisualCompass/FinalDeviation',
 'Device/SubDeviceList/RShoulderPitch/Position/Sensor/Type',
 'Device/DeviceList/LeftThighBoard/Bid',
 'Device/SubDeviceList/Ears/Led/Right/324Deg/Actuator/SubDeviceNumber',
 'Device/SubDeviceList/Ears/Led/Right/324Deg/Actuator/Max',
 'Device/SubDeviceList/Ears/Led/Right/324Deg/Actuator/Min',
 'Diagnosis/Active/Face/Led/Green/Right/225Deg/Error',
 'Device/SubDeviceList/LHipPitch/Position/Actuator/Ki',
 'Device/SubDeviceList/Ears/Led/Right/324Deg/Actuator/Offset',
 'Device/SubDeviceList/Ears/Led/Right/324Deg/Actuator/Gain',
 'Device/SubDeviceList/LFoot/FSR/FrontRight/Sensor/Min',
 'Device/SubDeviceList/RKneePitch/Temperature/Sensor/TemperatureSensorType',
 '_Behavior__animationsStandWaitingScratchEye_11075141072__root_8',
 'Device/SubDeviceList/Ears/Led/Right/324Deg/Actuator/Value',
 'DarknessDetection/DarknessDetected',
 'Device/SubDeviceList/InitMotorBoardPlugin/InitializedMotorboardCount/NewValueInt',
 'Diagnosis/Passive/LElbowRoll/Error',
 '_Behavior__animationsSitEmotionsPositiveWinner_1157978768__root_1__behavior_layer2__Sound__PlaySound_1/Play in loop',
 'Device/SubDeviceList/Ears/Led/Right/324Deg/Actuator/Name',
 'Device/SubDeviceList/Ears/Led/Right/288Deg/Actuator/Device',
 'Device/SubDeviceList/Ears/Led/Right/288Deg/Actuator/Type',
 'Device/SubDeviceList/Ears/Led/Right/288Deg/Actuator/Register',
 'Motion/Torque/Sensor/LShoulderRoll',
 'Diagnosis/Temperature/LAnkleRoll/Error',
 'Device/SubDeviceList/Ears/Led/Right/288Deg/Actuator/Min',
 'Device/DeviceList/FsrTotalCenterOfPressionPlugin/Priority',
 'Device/SubDeviceList/Ears/Led/Right/288Deg/Actuator/Offset',
 'Device/SubDeviceList/LWristYaw/Temperature/Sensor/AddressTemperatureSensor',
 'Device/SubDeviceList/Ears/Led/Right/288Deg/Actuator/Gain',
 '_Behavior__animationsStandEmotionsNegativeAngry_31095536256__root_3__sound__angry__PlaySound_4',
 'Device/SubDeviceList/Ears/Led/Right/288Deg/Actuator/Value',
 'Device/SubDeviceList/Ears/Led/Right/288Deg/Actuator/Name',
 'Diagnosis/Passive/Ears/Led/Right/324Deg/Error',
 'Device/SubDeviceList/Ears/Led/Right/252Deg/Actuator/Device',
 'Device/SubDeviceList/Ears/Led/Right/252Deg/Actuator/Register',
 'Device/SubDeviceList/Ears/Led/Right/252Deg/Actuator/SubDeviceNumber',
 'Device/SubDeviceList/Ears/Led/Right/252Deg/Actuator/Min',
 'Device/SubDeviceList/Ears/Led/Right/252Deg/Actuator/Gain',
 'Device/SubDeviceList/RHand/Position/Sensor/jointZeroPosition',
 'Device/SubDeviceList/Ears/Led/Right/252Deg/Actuator/Value',
 'Device/SubDeviceList/Face/Led/Blue/Left/270Deg/Actuator/Name',
 'Device/SubDeviceList/SpecialJointLimitationPlugin/SpecialLimitRAnkle/Value',
 'Device/SubDeviceList/Ears/Led/Right/216Deg/Actuator/Device',
 'Device/SubDeviceList/LKneePitch/Hardness/Actuator/Offset',
 'Device/SubDeviceList/Ears/Led/Right/216Deg/Actuator/Type',
 'Device/SubDeviceList/Ears/Led/Right/216Deg/Actuator/Register',
 'Device/SubDeviceList/RHipPitch/Position/Sensor/Min',
 'Device/SubDeviceList/RHipPitch/Position/Actuator/Name',
 'Diagnosis/Passive/RFoot/FSR/RearRight/Error',
 'Diagnosis/Active/Face/Led/Blue/Left/180Deg/Error',
 'Device/SubDeviceList/LElbowRoll/ElectricCurrent/Sensor/CurrentType',
 'Device/SubDeviceList/Ears/Led/Right/216Deg/Actuator/SubDeviceNumber',
 'Device/SubDeviceList/LAnklePitch/Temperature/Sensor/AmbientTemperature',
 'Device/SubDeviceList/RAnkleRoll/ElectricCurrent/Sensor/Name',
 'Device/SubDeviceList/Face/Led/Red/Right/180Deg/Actuator/Offset',
 'Device/SubDeviceList/Ears/Led/Right/216Deg/Actuator/Max',
 '_Behavior__animationsStandGesturesPlease_31069221536__root_100__onStopped',
 'Device/SubDeviceList/RFoot/Led/Blue/Actuator/SubDeviceNumber',
 'Device/SubDeviceList/Ears/Led/Right/216Deg/Actuator/Gain',
 'Device/SubDeviceList/Ears/Led/Right/216Deg/Actuator/Name',
 'Device/SubDeviceList/US/Left/Sensor/Value8',
 'Device/SubDeviceList/LElbowYaw/Position/Sensor/Register',
 'Device/SubDeviceList/Ears/Led/Right/180Deg/Actuator/Device',
 'Device/SubDeviceList/Ears/Led/Right/180Deg/Actuator/Type',
 'ALLocalization/HalfScanSuccess',
 'Device/DeviceList/CalibrationPlugin/Address',
 'Device/SubDeviceList/Ears/Led/Right/180Deg/Actuator/SubDeviceNumber',
 'Diagnosis/Active/Ears/Led/Left/144Deg/Error',
 'Device/SubDeviceList/LAnklePitch/Position/Sensor/Offset',
 'Device/SubDeviceList/Ears/Led/Right/180Deg/Actuator/Offset',
 'Device/SubDeviceList/Ears/Led/Right/180Deg/Actuator/Gain',
 'Device/SubDeviceList/Ears/Led/Right/180Deg/Actuator/Value',
 'Device/DeviceList/RightHandBoard/Error',
 'Device/SubDeviceList/Ears/Led/Right/180Deg/Actuator/Name',
 'Device/SubDeviceList/Face/Led/Green/Right/180Deg/Actuator/Max',
 'Device/SubDeviceList/InitMotorBoardPlugin/InitializedMotorboardCount/Gain',
 'Diagnosis/Temperature/LFoot/Led/Red/Error',
 'Device/SubDeviceList/RElbowRoll/ElectricCurrent/Sensor/Value',
 'Device/SubDeviceList/Ears/Led/Right/144Deg/Actuator/Device',
 'Device/SubDeviceList/Ears/Led/Right/144Deg/Actuator/Type',
 'Device/SubDeviceList/Ears/Led/Right/144Deg/Actuator/Register',
 'Device/SubDeviceList/LAnkleRoll/Position/Sensor/jointZeroPosition',
 'Device/SubDeviceList/RShoulderPitch/Position/Sensor/Name',
 'Device/SubDeviceList/Head/Led/Rear/Left/0/Actuator/Offset',
 'Device/SubDeviceList/Ears/Led/Right/144Deg/Actuator/SubDeviceNumber',
 'Device/SubDeviceList/Ears/Led/Right/144Deg/Actuator/Max',
 '_Behavior__animationsSitEmotionsPositiveHappy_31063777448__root_1__behavior_layer2__Sound__PlaySound_2/File path',
 'Device/SubDeviceList/Ears/Led/Right/144Deg/Actuator/Min',
 'Device/SubDeviceList/Ears/Led/Right/144Deg/Actuator/Gain',
 'Device/SubDeviceList/Ears/Led/Right/144Deg/Actuator/Value',
 'Diagnosis/Temperature/Ears/Led/Left/216Deg/Error',
 'Device/SubDeviceList/Ears/Led/Right/144Deg/Actuator/Name',
 'Device/SubDeviceList/RElbowYaw/Temperature/Sensor/motorModel',
 'Device/SubDeviceList/Ears/Led/Right/108Deg/Actuator/Type',
 'Device/SubDeviceList/LHipYawPitch/Position/Actuator/PWMValue',
 'Device/SubDeviceList/Ears/Led/Right/108Deg/Actuator/SubDeviceNumber',
 '_Behavior__animationsSitEmotionsPositiveHungry_11055755664__root_34__onStopped',
 'Device/SubDeviceList/Ears/Led/Right/108Deg/Actuator/Offset',
 'Device/SubDeviceList/Ears/Led/Right/108Deg/Actuator/Value',
 'Device/SubDeviceList/Ears/Led/Right/108Deg/Actuator/Name',
 '_Behavior__diagnostic1043902184__root__Diagnostic_20__behavior_layer1__diagnostic__WakeUp_11__Fx__keyframe268__PlaySound_1/Begin position (s)',
 '_Behavior__animationsStandGesturesShowSky_101060033232__root_122__onStopped',
 'Device/SubDeviceList/Ears/Led/Right/72Deg/Actuator/Device',
 'Device/SubDeviceList/DcmLostPlugin/StiffnessDecrease/Slow/SubDeviceNumber',
 'Device/SubDeviceList/RAnkleRoll/ElectricCurrent/Sensor/CurrentType',
 'Device/SubDeviceList/Face/Led/Blue/Right/135Deg/Actuator/Type',
 'Device/SubDeviceList/Ears/Led/Right/72Deg/Actuator/Type',
 '_Behavior__animationsSitGesturesYou_41046016088__root_22__onStopped',
 'Device/SubDeviceList/Battery/Charge/Sensor/TimeToEmpty',
 'Device/SubDeviceList/Ears/Led/Right/72Deg/Actuator/Max',
 'Device/DeviceList/NaoSpecialPlugin/Address',
 '_Behavior__animationsStandEmotionsPositiveHappy_11084700288__root_1__behavior_layer3__Sound__PlaySound_4/File path',
 'Device/SubDeviceList/LWristYaw/Position/Sensor/Value',
 '_Behavior__animationsStandReactionsTouchHead_11093433680__root_4__LED__touch__FaceLeds_1',
 'AsrEmotion',
 '_Behavior__animationsStandGesturesGive_11067019344__root_54',
 'Device/SubDeviceList/Ears/Led/Right/72Deg/Actuator/Name',
 'Device/SubDeviceList/Ears/Led/Left/36Deg/Actuator/Max',
 'Device/SubDeviceList/Ears/Led/Right/36Deg/Actuator/Device',
 'Device/SubDeviceList/Ears/Led/Right/36Deg/Actuator/Type',
 'Device/DeviceList/HeadBoard/Name',
 'Device/SubDeviceList/InertialSensor/GyroscopeZZeroOffset/Sensor/Value',
 '_Behavior__animationsSitGesturesMe_71045538992__root_25__onStopped',
 'Device/SubDeviceList/LKneePitch/Position/Actuator/Min',
 'Device/SubDeviceList/Ears/Led/Right/36Deg/Actuator/Register',
 'Device/SubDeviceList/Ears/Led/Right/36Deg/Actuator/Max',
 'Device/SubDeviceList/Ears/Led/Right/36Deg/Actuator/Min',
 'Device/SubDeviceList/Ears/Led/Right/36Deg/Actuator/Offset',
 'Device/SubDeviceList/InertialSensor/AngleY/Sensor/Device',
 'Device/SubDeviceList/LAnklePitch/Temperature/Sensor/WindingResistance',
 'Device/SubDeviceList/Ears/Led/Right/36Deg/Actuator/Value',
 'Device/SubDeviceList/RHipPitch/Position/Actuator/IMax',
 '_Behavior__animationsSitWaitingPuppet_1161066304__root_1__speech__speech__PlaySound_3/Play in loop',
 'Device/SubDeviceList/Ears/Led/Right/36Deg/Actuator/Name',
 'Device/SubDeviceList/RAnklePitch/Position/Actuator/Value',
 '_Behavior__animationsStandGesturesCalmDown_61068794544__root_10',
 'Device/SubDeviceList/RFoot/Led/Red/Actuator/Offset',
 'Device/SubDeviceList/Ears/Led/Right/0Deg/Actuator/Device',
 'Device/SubDeviceList/HeadYaw/ElectricCurrent/Sensor/Max',
 'Device/SubDeviceList/Ears/Led/Right/0Deg/Actuator/Type',
 'Device/SubDeviceList/InertialSensor/AccX/Sensor/Type',
 '_Behavior__animationsStandGesturesHeSays_11067410208__root_58__onStopped',
 'Device/SubDeviceList/Ears/Led/Right/0Deg/Actuator/Register',
 'HeadProcessorIsHot',
 'Motion/Velocity/Command/HeadYaw',
 'Device/SubDeviceList/LFoot/Led/Blue/Actuator/Register',
 'Device/SubDeviceList/Ears/Led/Right/0Deg/Actuator/Max',
 '_Behavior__animationsSitOnPodGesturesCountTwo_21094890680__root_16',
 'Device/SubDeviceList/Ears/Led/Right/0Deg/Actuator/Min',
 'Device/SubDeviceList/Ears/Led/Right/0Deg/Actuator/Offset',
 'Device/SubDeviceList/Ears/Led/Right/0Deg/Actuator/Value',
 'Device/SubDeviceList/LHand/Touch/Left/Sensor/Device',
 'Device/SubDeviceList/Ears/Led/Right/0Deg/Actuator/Name',
 '_Behavior__animationsStandBodyTalkThinkingThinkingLoop_21145321312__root_2',
 'Device/SubDeviceList/InertialSensor/GyroscopeY/Sensor/Value',
 'Device/SubDeviceList/NaoSpecialPlugin/Special/Actuator/Device',
 'Device/SubDeviceList/LFoot/Led/Blue/Actuator/Name',
 'Diagnosis/Passive/Face/Led/Green/Left/225Deg/Error',
 'Device/SubDeviceList/NaoSpecialPlugin/Special/Actuator/SubDeviceNumber',
 'Device/SubDeviceList/NaoSpecialPlugin/Special/Actuator/Max',
 'Device/SubDeviceList/InertialSensor/GyroscopeZ/Sensor/Gain',
 '_Behavior__animationsStandGesturesJointHands_11131546616__root_69',
 'Device/SubDeviceList/NaoSpecialPlugin/Special/Actuator/Offset',
 'Device/SubDeviceList/US/Sensor/Offset',
 'Diagnosis/Active/Head/Touch/Middle/Error',
 'Device/SubDeviceList/NaoSpecialPlugin/Special/Actuator/Value',
 '_Behavior__animationsStandWaitingDriveCar_11073971056__root_1__sounds__carStart__PlaySound_3/Volume (%)',
 'Device/DeviceList/GridEyePlugin/Nack',
 'Device/SubDeviceList/PreferencesPlugin/ChangePreference/Type',
 '_Behavior__animationsSitWaitingPuppet_1161066304__root_1__speech__speech_copy__PlaySound_3/Volume (%)',
 'Device/SubDeviceList/PreferencesPlugin/ChangePreference/Available',
 'Device/SubDeviceList/LElbowYaw/Position/Actuator/Value',
 'Device/SubDeviceList/PreferencesPlugin/ChangePreference/NewValueString',
 'Device/SubDeviceList/PreferencesPlugin/ChangePreference/NewValueFloat',
 'Device/SubDeviceList/PreferencesPlugin/ChangePreference/ValueType',
 'Device/SubDeviceList/PreferencesPlugin/ChangePreference/KeyName',
 'Device/SubDeviceList/Head/Led/Front/Left/0/Actuator/Device',
 'Device/SubDeviceList/PreferencesPlugin/ChangePreference/Where',
 '_Behavior__animationsStandGesturesReject_61133478552__root_106__onStopped',
 'Device/SubDeviceList/Battery/Current/Sensor/Max',
 'Device/SubDeviceList/PreferencesPlugin/ChangePreference/Register',
 '_Behavior__animationsStandGesturesGive_11067019344__root_54__onStopped',
 'Device/SubDeviceList/PreferencesPlugin/ChangePreference/SubDeviceNumber',
 'Motion/Obstacles/Closest/RLeg/Z',
 'Device/SubDeviceList/PreferencesPlugin/ChangePreference/Offset',
 '_Behavior__animationsStandGesturesWhatSThis_41063624104__root_156__onStopped',
 'Device/SubDeviceList/RHipPitch/Position/Sensor/Max',
 'Device/SubDeviceList/PreferencesPlugin/ChangePreference/Value',
 'Device/SubDeviceList/PreferencesPlugin/ChangePreference/Name',
 'Device/SubDeviceList/LHipYawPitch/ElectricCurrent/Sensor/SubDeviceNumber',
 'Device/SubDeviceList/PreferencesPlugin/ChangeCalibration/Device',
 'Device/SubDeviceList/Head/Touch/Rear/Sensor/Min',
 'Device/SubDeviceList/LAnkleRoll/Position/Actuator/Type',
 'Device/SubDeviceList/PreferencesPlugin/ChangeCalibration/Available',
 '_Behavior__animationsStandGesturesWings_11070230192__root_169__onStopped',
 'Device/SubDeviceList/PreferencesPlugin/ChangeCalibration/NewValueInt',
 'Device/SubDeviceList/PreferencesPlugin/ChangeCalibration/ValueType',
 'Device/SubDeviceList/RElbowRoll/Temperature/Sensor/ThermalTimeConstant',
 'VisualCompass/NewReferenceImageSet',
 'Device/SubDeviceList/PreferencesPlugin/ChangeCalibration/Where',
 'Device/SubDeviceList/PreferencesPlugin/ChangeCalibration/Max',
 'Device/SubDeviceList/PreferencesPlugin/ChangeCalibration/Min',
 'Device/SubDeviceList/ChestBoard/Led/State/Actuator/Value',
 'Device/SubDeviceList/LHand/Position/Sensor/Value',
 'Device/SubDeviceList/PreferencesPlugin/ChangeCalibration/Gain',
 'Device/SubDeviceList/LHipYawPitch/Position/Sensor/MechanicalStopMax',
 'Device/SubDeviceList/PreferencesPlugin/ChangeCalibration/Value',
 'Device/SubDeviceList/PreferencesPlugin/ChangeCalibration/Name',
 'Diagnosis/Temperature/Face/Led/Green/Left/270Deg/Error',
 'Device/SubDeviceList/RShoulderPitch/ElectricCurrent/Sensor/CurrentType',
 'Device/SubDeviceList/SpecialJointLimitationPlugin/SpecialLimitHead/Type',
 'ALBasicAwareness/HumanTracked',
 'Device/SubDeviceList/RAnklePitch/Temperature/Sensor/Max',
 'Device/SubDeviceList/SpecialJointLimitationPlugin/SpecialLimitHead/FirstAngle',
 'Diagnosis/Temperature/Accelerometer/Error',
 '_Behavior__animationsStandWaitingWakeUp_11082048920__root_1__Fx__keyframe77__PlaySound_1/Begin position (s)',
 'Device/SubDeviceList/HeadPitch/Position/Sensor/Max',
 'Device/SubDeviceList/SpecialJointLimitationPlugin/SpecialLimitHead/Joints',
 'Motion/Velocity/Error/LElbowYaw',
 'Device/SubDeviceList/SpecialJointLimitationPlugin/SpecialLimitHead/Register',
 '_Behavior__animationsStandWaitingHelicopter_11081372184__root_1__Fx__keyframe1__PlaySound_1/File name',
 'Device/SubDeviceList/LFoot/Led/Red/Actuator/Offset',
 '_Behavior__animationsStandGesturesHeSays_31399647976__root_60',
 'Motion/Velocity/Error/RAnklePitch',
 'Device/SubDeviceList/SpecialJointLimitationPlugin/SpecialLimitHead/Max',
 'Device/SubDeviceList/SpecialJointLimitationPlugin/SpecialLimitHead/Offset',
 '_Behavior__animationsSitBodyTalkSpeakingBodyTalk_11145477496__root_3__onStopped',
 'Device/SubDeviceList/SpecialJointLimitationPlugin/SpecialLimitHead/Value',
 'Motion/Velocity/Error/LHipPitch',
 'Device/SubDeviceList/LFoot/Bumper/Right/Sensor/Gain',
 'Device/SubDeviceList/SpecialJointLimitationPlugin/SpecialLimitHead/Name',
 'Device/SubDeviceList/RHand/Touch/Back/Sensor/Register',
 'Device/SubDeviceList/SpecialJointLimitationPlugin/SpecialLimitRAnkle/Device',
 'Device/SubDeviceList/SpecialJointLimitationPlugin/SpecialLimitRAnkle/Type',
 'Device/SubDeviceList/Ears/Led/Left/324Deg/Actuator/SubDeviceNumber',
 'Device/SubDeviceList/RHipPitch/Position/Sensor/Value',
 'Device/SubDeviceList/SpecialJointLimitationPlugin/SpecialLimitRAnkle/SecondAngleMin',
 'Device/SubDeviceList/LElbowYaw/Hardness/Actuator/Min',
 'Device/SubDeviceList/SpecialJointLimitationPlugin/SpecialLimitRAnkle/FirstAngle',
 'Device/SubDeviceList/Head/Led/Front/Right/1/Actuator/Value',
 '_Behavior__animationsStandWaitingWakeUp_11082048920__root_1__Fx__keyframe245__PlaySound_1/Begin position (s)',
 'Device/SubDeviceList/SpecialJointLimitationPlugin/SpecialLimitRAnkle/Joints',
 'Launchpad/WavingDetection',
 'Device/SubDeviceList/SpecialJointLimitationPlugin/SpecialLimitRAnkle/SubDeviceNumber',
 '_Behavior__animationsStandBodyTalkSpeakingBodyTalk_71194040272__root_27',
 'Device/SubDeviceList/SpecialJointLimitationPlugin/SpecialLimitRAnkle/Max',
 '_Behavior__animationsStandEmotionsNegativeAngry_1150295080__root_1__sound__angry__PlaySound_4/File path',
 'LeftBumperPressed',
 'Device/SubDeviceList/SpecialJointLimitationPlugin/SpecialLimitRAnkle/Min',
 'Device/SubDeviceList/RWristYaw/Temperature/Sensor/TemperatureSensorType',
 'Device/SubDeviceList/SpecialJointLimitationPlugin/SpecialLimitRAnkle/Offset',
 '_Behavior__animationsStandGesturesThinking_41061424536__root_133',
 'Device/SubDeviceList/Face/Led/Blue/Right/135Deg/Actuator/Min',
 'Device/SubDeviceList/Face/Led/Green/Right/225Deg/Actuator/Device',
 'Device/SubDeviceList/Face/Led/Green/Left/135Deg/Actuator/Min',
 'Device/SubDeviceList/SpecialJointLimitationPlugin/SpecialLimitRAnkle/Gain',
 'Motion/Position/Error/RHand',
 'Device/SubDeviceList/RAnkleRoll/Position/Actuator/Offset',
 'Device/SubDeviceList/SpecialJointLimitationPlugin/SpecialLimitRAnkle/Name',
 'Device/SubDeviceList/SpecialJointLimitationPlugin/SpecialLimitLAnkle/Device',
 '_Behavior__animationsSitWaitingFalseStop_11054587104__root_1',
 'Diagnosis/Passive/LFoot/Bumper/Right/Error',
 'Device/SubDeviceList/SpecialJointLimitationPlugin/SpecialLimitLAnkle/Type',
 'Motion/VirtualContact/RKnee',
 'Device/SubDeviceList/SpecialJointLimitationPlugin/SpecialLimitLAnkle/SecondAngleMax',
 'Device/SubDeviceList/SpecialJointLimitationPlugin/SpecialLimitLAnkle/SecondAngleMin',
 'Device/SubDeviceList/SpecialJointLimitationPlugin/SpecialLimitLAnkle/FirstAngle',
 'Device/SubDeviceList/SpecialJointLimitationPlugin/SpecialLimitLAnkle/Joints',
 'Device/SubDeviceList/SpecialJointLimitationPlugin/SpecialLimitLAnkle/Register',
 'Device/SubDeviceList/SpecialJointLimitationPlugin/SpecialLimitLAnkle/Min',
 'Device/SubDeviceList/Head/Led/Middle/Right/0/Actuator/Type',
 'Diagnosis/Temperature/RKneePitch/Error',
 'Device/DeviceList/LeftFootBoard/BoardId',
 'Device/SubDeviceList/SpecialJointLimitationPlugin/SpecialLimitLAnkle/Offset',
 'Device/SubDeviceList/InertialSensor/AccelerometerX/Sensor/Value',
 'Device/SubDeviceList/SpecialJointLimitationPlugin/SpecialLimitLAnkle/Gain',
 'Device/SubDeviceList/SpecialJointLimitationPlugin/SpecialLimitLAnkle/Value',
 'Device/SubDeviceList/Ears/Led/Right/108Deg/Actuator/Min',
 'Device/SubDeviceList/SpecialJointLimitationPlugin/SpecialLimitLAnkle/Name',
 'Device/SubDeviceList/DcmLostPlugin/StiffnessDecrease/Wheels/Device',
 'Device/SubDeviceList/LKneePitch/Hardness/Actuator/Max',
 'Device/SubDeviceList/DcmLostPlugin/StiffnessDecrease/Wheels/Type',
 'Device/SubDeviceList/LElbowYaw/Temperature/Sensor/Max',
 'Device/SubDeviceList/DcmLostPlugin/StiffnessDecrease/Wheels/Register',
 'Device/SubDeviceList/DcmLostPlugin/StiffnessDecrease/Wheels/SubDeviceNumber',
 '_Behavior__animationsStandWaitingThink_21074540488__root_1__onStopped',
 '_Behavior__animationsStandEmotionsPositiveMocker_11085071392__root_1__behavior_layer2__Sound1__PlaySound_4/Play in loop',
 'Device/SubDeviceList/DcmLostPlugin/StiffnessDecrease/Wheels/Max',
 'Device/SubDeviceList/LElbowRoll/Position/Actuator/Kp',
 'Dialog/Weekday',
 'Device/SubDeviceList/DcmLostPlugin/StiffnessDecrease/Wheels/Offset',
 '_Behavior__animationsSitOnPodBodyTalkListeningListening_7146386360__root_6__onStopped',
 '_Behavior__animationsSitEmotionsPositiveMocker_1158573888__root_29__behavior_layer2__Sound1__PlaySound_4/Panorama',
 'Device/SubDeviceList/Ears/Led/Left/36Deg/Actuator/Offset',
 'Device/SubDeviceList/RFoot/FSR/FrontRight/Sensor/Max',
 'Device/SubDeviceList/Face/Led/Blue/Left/0Deg/Actuator/Min',
 'Device/SubDeviceList/DcmLostPlugin/StiffnessDecrease/Wheels/Gain',
 '_Behavior__animationsStandGesturesWhatSThis_61072372000__root_158',
 'Device/SubDeviceList/DcmLostPlugin/StiffnessDecrease/Wheels/Value',
 'Device/SubDeviceList/DcmLostPlugin/StiffnessDecrease/Leg/Device',
 'Device/SubDeviceList/DcmLostPlugin/StiffnessDecrease/Leg/Type',
 '_Behavior__animationsStandWaitingAirGuitar_11072367856__root_1__stand_airGuitar1_loop_2__music__music__PlaySound_4/Begin position (s)',
 'Device/SubDeviceList/DcmLostPlugin/StiffnessDecrease/Leg/SubDeviceNumber',
 'Device/SubDeviceList/RHand/Touch/Right/Sensor/Type',
 'Device/SubDeviceList/Face/Led/Blue/Left/270Deg/Actuator/Device',
 'Device/SubDeviceList/DcmLostPlugin/StiffnessDecrease/Leg/Offset',
 'GazeAnalysis/PersonStopsLookingAtRobot',
 'Device/SubDeviceList/LHipRoll/Position/Actuator/Max',
 'Device/SubDeviceList/DcmLostPlugin/StiffnessDecrease/Leg/Gain',
 'notificationAdded',
 'Device/SubDeviceList/Face/Led/Green/Right/180Deg/Actuator/Device',
 'Device/SubDeviceList/DcmLostPlugin/StiffnessDecrease/Leg/Value',
 '_Behavior__animationsStandEmotionsNeutralAskForAttention_1152054176__root_1__behavior_layer2__SayPssst__PlaySound_4',
 'Device/SubDeviceList/DcmLostPlugin/StiffnessDecrease/Leg/Name',
 'Device/SubDeviceList/DcmLostPlugin/StiffnessDecrease/Slow/Device',
 'Device/SubDeviceList/DcmLostPlugin/StiffnessDecrease/Slow/Type',
 'Device/DeviceList/LeftThighBoard/Address',
 'Device/SubDeviceList/RShoulderRoll/ElectricCurrent/Sensor/Value',
 'Device/SubDeviceList/DcmLostPlugin/StiffnessDecrease/Slow/Max',
 'Device/DeviceList/EarLeds/ProgVersion',
 'Device/SubDeviceList/DcmLostPlugin/StiffnessDecrease/Slow/Offset',
 'Device/SubDeviceList/Ears/Led/Left/72Deg/Actuator/Register',
 'Device/SubDeviceList/DcmLostPlugin/StiffnessDecrease/Slow/Gain',
 'Device/SubDeviceList/DcmLostPlugin/StiffnessDecrease/Slow/Value',
 '_Behavior__animationsSitWaitingThink_1161270296__root_1',
 'Device/SubDeviceList/DcmLostPlugin/StiffnessDecrease/Slow/Name',
 'Device/SubDeviceList/MaxCurrentPlugin/StiffnessDecrease/Type',
 '_Behavior__animationsSitWaitingOar_11046614624__root_1__sound__rame__PlaySound_1',
 'Device/SubDeviceList/RShoulderPitch/ElectricCurrent/Sensor/Name',
 '_Behavior__animationsStandReactionsSeeSomething_11095801632__root_14',
 'Device/SubDeviceList/MaxCurrentPlugin/StiffnessDecrease/SubDeviceNumber',
 '_Behavior__animationsSitBodyTalkListeningListening_41142657336__root__onStopped',
 'Device/SubDeviceList/MaxCurrentPlugin/StiffnessDecrease/Min',
 'PeoplePerception/PopulationUpdated',
 'Device/SubDeviceList/MaxCurrentPlugin/StiffnessDecrease/Offset',
 'Device/SubDeviceList/MaxCurrentPlugin/StiffnessDecrease/Value',
 'Device/SubDeviceList/MaxCurrentPlugin/StiffnessDecrease/Name',
 '_Behavior__animationsSitWaitingPuppet_1161066304__root_1__speech__speech_copy_copy__PlaySound_5/Play in loop',
 '_Behavior__animationsStandWaitingAirGuitar_11072367856__root_1',
 'Device/SubDeviceList/RElbowRoll/Hardness/Actuator/Name',
 'Device/SubDeviceList/InitMotorBoardPlugin/InitializedMotorboardCount/Available',
 'Device/SubDeviceList/InitMotorBoardPlugin/InitializedMotorboardCount/NewValueString',
 'Device/SubDeviceList/RKneePitch/Position/Sensor/positionChainMREMotor',
 'Device/SubDeviceList/Ears/Led/Right/108Deg/Actuator/Gain',
 'Device/SubDeviceList/RShoulderPitch/Position/Sensor/Max',
 '_Behavior__animationsStandWaitingTakePicture_11077944288__root_1__onStopped',
 'Device/SubDeviceList/Head/Led/Rear/Right/2/Actuator/Min',
 'Device/SubDeviceList/InitMotorBoardPlugin/InitializedMotorboardCount/ValueType',
 'FrontTactilTouched',
 'Device/SubDeviceList/RElbowRoll/Temperature/Sensor/OtherMotorTransmission',
 'Device/SubDeviceList/LHand/Touch/Right/Sensor/Type',
 'Device/SubDeviceList/InitMotorBoardPlugin/InitializedMotorboardCount/SubDeviceNumber',
 'Device/SubDeviceList/InitMotorBoardPlugin/InitializedMotorboardCount/Max',
 'Diagnosis/Temperature/Face/Led/Blue/Right/180Deg/Error',
 'Device/SubDeviceList/InitMotorBoardPlugin/InitializedMotorboardCount/Min',
 'Device/SubDeviceList/RAnklePitch/ElectricCurrent/Sensor/Min',
 'Device/SubDeviceList/InitMotorBoardPlugin/InitializedMotorboardCount/Offset',
 'Device/SubDeviceList/LHipRoll/Position/Actuator/Register',
 'Device/SubDeviceList/Face/Led/Red/Left/225Deg/Actuator/Device',
 '_Behavior__animationsStandEmotionsNegativeSad_11094563248__root_1__behavior_layer2__Sound__PlaySound_4/Volume (%)',
 'Device/SubDeviceList/InitMotorBoardPlugin/InitializedMotorboardCount/Value',
 'Device/SubDeviceList/RAnkleRoll/Position/Sensor/jointZeroPosition',
 '_Behavior__diagnostic1043902184__root__Diagnostic_20__behavior_layer1__diagnostic__WakeUp_11__Fx__keyframe268__PlaySound_1',
 'Device/SubDeviceList/InitMotorBoardPlugin/InitializedMotorboardCount/Name',
 'Device/DeviceList/FillNaoAvailableDevicePlugin/Name',
 '_Behavior__animationsSitOnPodBodyTalkThinkingThinkingLoop_2146023616__root_15__onStopped',
 'Device/SubDeviceList/IoCommunicationPlugin/ActivateCommunication/Actuator/Type',
 'Device/SubDeviceList/RHand/Touch/Left/Sensor/Value',
 'Device/SubDeviceList/IoCommunicationPlugin/ActivateCommunication/Actuator/Register',
 'Device/SubDeviceList/Face/Led/Blue/Right/270Deg/Actuator/Register',
 'Device/SubDeviceList/IoCommunicationPlugin/ActivateCommunication/Actuator/SubDeviceNumber',
 'Device/SubDeviceList/IoCommunicationPlugin/ActivateCommunication/Actuator/Max',
 'Device/SubDeviceList/LHipYawPitch/Temperature/Sensor/Device',
 'Device/SubDeviceList/IoCommunicationPlugin/ActivateCommunication/Actuator/Min',
 'Device/SubDeviceList/IoCommunicationPlugin/ActivateCommunication/Actuator/Value',
 'Device/SubDeviceList/Head/Led/Front/Left/1/Actuator/Register',
 'Device/SubDeviceList/IoCommunicationPlugin/ActivateCommunication/Actuator/Name',
 'Device/DeviceList/AlMemoryPlugin/Type',
 'Device/DeviceList/AlMemoryPlugin/Available',
 'Device/SubDeviceList/Face/Led/Blue/Left/315Deg/Actuator/Register',
 'Device/DeviceList/LeftFootBoard/Ack',
 'Device/DeviceList/AlMemoryPlugin/Error',
 'Device/DeviceList/AlMemoryPlugin/Ack',
 'Diagnosis/Active/LHand/Error',
 '_Behavior__animationsSitEmotionsNeutralAskForAttention_1159799912__root_2__behavior_layer2__SayPssst__PlaySound_1/File path',
 'Device/SubDeviceList/LHand/Position/Sensor/Offset',
 'Device/DeviceList/AlMemoryPlugin/Name',
 'Device/DeviceList/TimedCommandPlugin/Available',
 'Device/DeviceList/TimedCommandPlugin/Error',
 'Device/DeviceList/TimedCommandPlugin/Nack',
 'Device/SubDeviceList/RShoulderRoll/Position/Sensor/MechanicalStopMax',
 'Device/DeviceList/TimedCommandPlugin/Bus',
 'ALBehaviorManager/BehaviorAdded',
 'Device/DeviceList/TimedCommandPlugin/Address',
 'Device/SubDeviceList/LKneePitch/Position/Sensor/Device',
 'Device/SubDeviceList/RHand/Position/Actuator/InvertControlDirection',
 'Device/SubDeviceList/LElbowYaw/Position/Sensor/Value',
 'Device/DeviceList/Chest-Eeprom-81/ProgVersion',
 'Device/DeviceList/Chest-Eeprom-81/BootLoaderVersion',
 'Device/DeviceList/Chest-Eeprom-81/Available',
 'Device/DeviceList/Chest-Eeprom-81/Error',
 'Device/SubDeviceList/LHipPitch/Temperature/Sensor/Min',
 'Device/SubDeviceList/Face/Led/Red/Left/270Deg/Actuator/Gain',
 'ActiveDiagnosisErrorChanged',
 'Device/SubDeviceList/RHand/Position/Actuator/MotorNumber',
 'Device/DeviceList/Chest-Eeprom-81/Bus',
 'Device/DeviceList/Chest-Eeprom-81/Address',
 'Device/SubDeviceList/LKneePitch/ElectricCurrent/Sensor/Offset',
 'Device/DeviceList/Chest-Eeprom-80/ProgVersion',
 '_Behavior__animationsStandGesturesOnTheEvening_31142212088__root_95__onStopped',
 'Motion/Obstacles/Closest/LArm/X',
 '_Behavior__animationsSitEmotionsPositiveHungry_11055755664__root_34__Fx__keyframe8__PlaySound_1/Volume (%)',
 'Device/SubDeviceList/LHipRoll/Position/Sensor/GearRatio',
 'Device/DeviceList/LeftHipBoard/Bus',
 'Device/DeviceList/Chest-Eeprom-80/BootLoaderVersion',
 'Device/DeviceList/Chest-Eeprom-80/BoardId',
 'Device/SubDeviceList/Face/Led/Green/Right/90Deg/Actuator/Gain',
 'Device/DeviceList/Chest-Eeprom-80/Error',
 '_Behavior__animationsStandWaitingMonster_11071701208__root_6',
 'Device/DeviceList/Chest-Eeprom-80/Ack',
 'Device/SubDeviceList/LElbowYaw/Position/Sensor/MechanicalStopMin',
 'Device/DeviceList/Chest-Eeprom-80/Bus',
 'Device/SubDeviceList/LWristYaw/ElectricCurrent/Sensor/CurrentType',
 'Device/DeviceList/Chest-Eeprom-80/Address',
 'Device/DeviceList/Chest-Eeprom-80/Name',
 'Device/DeviceList/TouchBoard/Type',
 'Device/DeviceList/TouchBoard/ProgVersion',
 'Device/SubDeviceList/RElbowRoll/Position/Sensor/Value',
 'Device/DeviceList/TouchBoard/BoardId',
 '_Behavior__animationsSitOnPodGesturesHey_41096016888__root_6__onStopped',
 '_Behavior__animationsStandWaitingLookHand_11081123128__root_3__onStopped',
 'Device/SubDeviceList/LHand/Touch/Left/Sensor/SubDeviceNumber',
 'Device/SubDeviceList/LHipRoll/ElectricCurrent/Sensor/Min',
 'Device/DeviceList/TouchBoard/Error',
 'Device/SubDeviceList/InertialSensor/GyroscopeZ/Sensor/Max',
 'Device/DeviceList/TouchBoard/Ack',
 'Device/DeviceList/TouchBoard/Bus',
 'Device/SubDeviceList/Face/Led/Blue/Right/315Deg/Actuator/Register',
 'Device/DeviceList/TouchBoard/Name',
 'Device/SubDeviceList/Face/Led/Red/Left/135Deg/Actuator/Type',
 'Device/SubDeviceList/InertialSensor/AccX/Sensor/Offset',
 'Device/DeviceList/LeftShoulderBoard/Type',
 'Device/DeviceList/RightFootBoard/capacitiveVersion',
 'Device/SubDeviceList/RHipPitch/Hardness/Actuator/Register',
 'Device/SubDeviceList/LHand/Position/Actuator/MotorNumber',
 'Device/DeviceList/RightFootBoard/currentCalibrationResultMotor1',
 'Device/DeviceList/RightFootBoard/Bid',
 'Device/DeviceList/RightFootBoard/RobotId',
 'Launchpad/Year',
 'Device/DeviceList/RightFootBoard/MotorBoardSerialNumber',
 'Diagnosis/Active/Face/Led/Blue/Left/270Deg/Error',
 'Device/DeviceList/RightFootBoard/ProgVersion',
 'Diagnosis/Temperature/LHipYawPitch/Error',
 'Device/DeviceList/RightFootBoard/BoardId',
 '_Behavior__animationsStandReactionsHeat_11095572384__root_3',
 'Device/SubDeviceList/Face/Led/Red/Right/45Deg/Actuator/Type',
 'Device/SubDeviceList/InertialSensor/AngleY/Sensor/Max',
 'Device/DeviceList/RightFootBoard/Available',
 'Device/SubDeviceList/RFoot/FSR/TotalWeight/Sensor/Type',
 'Launchpad/HighestJoint',
 'Device/DeviceList/RightFootBoard/Error',
 'Device/DeviceList/RightFootBoard/Nack',
 'Device/DeviceList/RightFootBoard/Ack',
 'Device/SubDeviceList/RShoulderPitch/ElectricCurrent/Sensor/Gain',
 'Device/DeviceList/RightFootBoard/Bus',
 'Device/DeviceList/RightFootBoard/Name',
 'Device/SubDeviceList/LWristYaw/Temperature/Sensor/Min',
 'Device/DeviceList/LeftFootBoard/Type',
 'Device/DeviceList/LeftFootBoard/brakeVersion',
 'Device/SubDeviceList/RHipPitch/Temperature/Sensor/OtherMotorTransmission',
 '_Behavior__animationsSitEmotionsNegativeFrustrated_11057570544__root_1__behavior_layer2__Sound__PlaySound_1',
 'Device/DeviceList/LeftFootBoard/capacitiveVersion',
 '_Behavior__animationsStandEmotionsNegativeAngry_41093618672__root_4__behavior_layer2__Sound__PlaySound_4/Volume (%)',
 'Motion/Torque/Sensor/RShoulderPitch',
 '_Behavior__animationsStandWaitingWakeUp_11082048920__root_1__Fx__keyframe77__PlaySound_1/Panorama',
 'Device/SubDeviceList/Face/Led/Blue/Left/0Deg/Actuator/Name',
 'Device/DeviceList/LeftFootBoard/currentCalibrationResultMotor2',
 'Device/DeviceList/LeftFootBoard/Bid',
 'Device/SubDeviceList/LHipRoll/Hardness/Actuator/Value',
 'Device/DeviceList/LeftFootBoard/MotorBoardSerialNumber',
 'Device/SubDeviceList/RHipRoll/Speed/Sensor/Value',
 'Device/DeviceList/LeftFootBoard/ProgVersion',
 'Device/SubDeviceList/LAnklePitch/Hardness/Actuator/Type',
 'Device/DeviceList/LeftFootBoard/BootLoaderVersion',
 'Device/SubDeviceList/LAnklePitch/Position/Sensor/SensorType',
 'Device/SubDeviceList/Face/Led/Green/Right/270Deg/Actuator/Min',
 '_Behavior__animationsSitReactionsTouchHead_21065242200__root_4__LED__touch__FaceLeds_1',
 'Device/DeviceList/LeftHandBoard/BootLoaderVersion',
 'Device/SubDeviceList/LHipPitch/Hardness/Actuator/Min',
 'Diagnosis/Active/Face/Led/Red/Right/225Deg/Error',
 'Device/DeviceList/RightThighBoard/Nack',
 'Device/SubDeviceList/RAnkleRoll/Position/Actuator/SubDeviceNumber',
 'Device/DeviceList/LeftFootBoard/Nack',
 'Device/SubDeviceList/LHand/ElectricCurrent/Sensor/SubDeviceNumber',
 'Device/DeviceList/LeftFootBoard/Bus',
 'Device/DeviceList/LeftFootBoard/Address',
 '_Behavior__animationsSitOnPodGesturesYes_11096974048__root_4__onStopped',
 'Device/DeviceList/LeftShinBoard/Type',
 'Device/DeviceList/RightArmBoard/Type',
 'Device/SubDeviceList/RHipPitch/Position/Actuator/Offset',
 'Device/SubDeviceList/LElbowYaw/Hardness/Actuator/Name',
 '_Behavior__animationsStandEmotionsNeutralAskForAttention_1152054176__root_1__behavior_layer2__SayPssst__PlaySound_4/Volume (%)',
 'Device/DeviceList/LeftShinBoard/brakeVersion',
 'Device/DeviceList/LeftShinBoard/currentCalibrationResultMotor2',
 'Motion/IsMoving/LShoulderRoll',
 'Device/DeviceList/LeftShinBoard/currentCalibrationResultMotor1',
 '_Behavior__animationsStandEmotionsPositiveInterested_21082498128__root_2__behavior_layer2__Sound__PlaySound_4/Play in loop',
 'Device/DeviceList/LeftShinBoard/Bid',
 'Device/SubDeviceList/RHipRoll/Position/Actuator/Kd',
 'Device/DeviceList/RightArmBoard/Ack',
 'Device/DeviceList/LeftShinBoard/RobotId',
 'Device/DeviceList/LeftShinBoard/StructVersion',
 'Device/SubDeviceList/RHipPitch/Position/Actuator/Type',
 'Device/DeviceList/LeftShinBoard/StoredSerialNumber',
 'Device/DeviceList/LeftShinBoard/MotorBoardSerialNumber',
 'Device/SubDeviceList/RShoulderRoll/Temperature/Sensor/motorModel',
 '_Behavior__animationsSitEmotionsNegativeHurt_11057250000__root_1',
 'Device/DeviceList/LeftShinBoard/BootLoaderVersion',
 'Device/DeviceList/LeftShinBoard/BoardId',
 '_Behavior__animationsSitEmotionsPositiveLaugh_11053826656__root_1',
 'Device/DeviceList/LeftShinBoard/Available',
 'Device/SubDeviceList/Face/Led/Green/Left/315Deg/Actuator/Max',
 'Device/DeviceList/LeftShinBoard/Error',
 'Device/DeviceList/LeftShinBoard/Nack',
 '_Behavior__animationsStandGesturesCountOne_21131609392__root_14',
 'Device/SubDeviceList/LShoulderRoll/Hardness/Actuator/SubDeviceNumber',
 'Device/DeviceList/LeftShinBoard/Bus',
 '_Behavior__animationsStandEmotionsPositiveMocker_11085071392__root_1',
 'Device/SubDeviceList/Face/Led/Blue/Right/180Deg/Actuator/Min',
 '_Behavior__animationsSitOnPodGesturesWhatSThis_91096829016__root_161',
 '_Behavior__animationsStandGesturesCountOne_21131609392__root_14__onStopped',
 'Device/DeviceList/LeftThighBoard/capacitiveVersion',
 'Device/DeviceList/LeftThighBoard/currentCalibrationResultMotor1',
 'Motion/Position/Error/LHand',
 'Motion/Torque/Sensor/RHipRoll',
 'Device/DeviceList/LeftThighBoard/StructVersion',
 'Device/SubDeviceList/InertialSensor/GyrY/Sensor/Gain',
 '_Behavior__animationsStandGesturesCaress_2154982880__root_12',
 'Motion/Position/Command/RAnkleRoll',
 'Device/SubDeviceList/LFoot/FSR/RearLeft/Sensor/Value',
 'Device/DeviceList/LeftThighBoard/BootLoaderVersion',
 'Device/DeviceList/LeftThighBoard/BoardId',
 'Device/SubDeviceList/HeadYaw/Position/Actuator/Ki',
 '_Behavior__diagnostic1043902184__root__Diagnostic_20__behavior_layer1__diagnostic__WakeUp_11__Fx__keyframe268__PlaySound_1/Volume (%)',
 'Device/DeviceList/LeftThighBoard/Available',
 'Device/SubDeviceList/InertialSensor/AccelerometerY/Sensor/Register',
 'Device/DeviceList/LeftThighBoard/Nack',
 'Device/SubDeviceList/HeadPitch/ElectricCurrent/Sensor/Register',
 'Device/DeviceList/LeftThighBoard/Ack',
 '_Behavior__animationsStandGesturesShowSky_11132052904__root_113',
 '_Behavior__animationsStandEmotionsNegativeFear_21091280864__root_2__behavior_layer2__keyframe1__PlaySound_4/Panorama',
 'Device/DeviceList/LeftThighBoard/Bus',
 'Device/DeviceList/LeftThighBoard/Name',
 'Device/DeviceList/LeftHipBoard/Type',
 'Device/DeviceList/LeftHipBoard/currentCalibrationResultMotor2',
 'Device/SubDeviceList/RKneePitch/ElectricCurrent/Sensor/Max',
 'Device/SubDeviceList/RShoulderRoll/ElectricCurrent/Sensor/Name',
 'Device/DeviceList/LeftHipBoard/Bid',
 'Device/SubDeviceList/RHipRoll/Hardness/Actuator/stiffnessDecreaseRate',
 'Device/DeviceList/LeftHipBoard/StructVersion',
 'Device/DeviceList/LeftHipBoard/MotorBoardSerialNumber',
 'Device/SubDeviceList/LWristYaw/Temperature/Sensor/Max',
 '_Behavior__animationsStandGesturesYes_11072456712__root_4',
 'Device/DeviceList/LeftHipBoard/ProgVersion',
 'Device/DeviceList/LeftHipBoard/BootLoaderVersion',
 'Device/DeviceList/LeftHipBoard/BoardId',
 'Device/SubDeviceList/Face/Led/Green/Left/225Deg/Actuator/Type',
 'Device/SubDeviceList/RKneePitch/Position/Sensor/Limit',
 'Device/DeviceList/LeftHipBoard/Error',
 'Device/DeviceList/LeftHipBoard/Nack',
 'Device/DeviceList/LeftHipBoard/Ack',
 '_Behavior__animationsStandEmotionsNeutralAskForAttention_31088281896__root_3__behavior_layer2__Sound__PlaySound_4/File path',
 'Device/SubDeviceList/LElbowRoll/Temperature/Sensor/Status',
 'Diagnosis/Temperature/LFoot/FSR/FrontRight/Error',
 'Device/DeviceList/ActuatorIfNoStiffnessPlugin/Ack',
 'RobotConfig/Head/Version',
 'Device/DeviceList/LeftHipBoard/Address',
 'Device/DeviceList/LeftHipBoard/Name',
 'Device/DeviceList/RightShinBoard/Type',
 'Device/SubDeviceList/LFoot/FSR/FrontLeft/Sensor/Gain',
 'Device/SubDeviceList/SpecialJointLimitationPlugin/SpecialLimitHead/Gain',
 '_Behavior__animationsStandWaitingLoveYou_11081566184__root_5',
 'Device/DeviceList/RightShinBoard/currentCalibrationResultMotor1',
 'Device/DeviceList/FsrTotalCenterOfPressionPlugin/Bus',
 '_Behavior__animationsSitOnPodGesturesYes_11096974048__root_4',
 'Device/DeviceList/RightShinBoard/Bid',
 'Device/SubDeviceList/RHipRoll/Position/Actuator/Name',
 'Device/DeviceList/RightShinBoard/StructVersion',
 'Device/DeviceList/RightShinBoard/StoredSerialNumber',
 'Device/DeviceList/ChestBoard/Name',
 'Device/DeviceList/RightShinBoard/ProgVersion',
 '_Behavior__animationsSitWaitingDriveCar_11048973264__root_1__sounds__carStart__PlaySound_3/Begin position (s)',
 'Device/DeviceList/RightShinBoard/BootLoaderVersion',
 'Diagnosis/Temperature/RArm/Status',
 'Device/DeviceList/RightShinBoard/BoardId',
 'Device/SubDeviceList/Face/Led/Red/Right/270Deg/Actuator/Device',
 '_Behavior__animationsStandGesturesCalmDown_21066173224__root_6',
 '_Behavior__animationsStandGesturesNo_1154423912__root_84__onStopped',
 'Device/DeviceList/RightShinBoard/Available',
 'Device/SubDeviceList/RHipPitch/Temperature/Sensor/Status',
 'Device/DeviceList/RightShinBoard/Error',
 'Device/DeviceList/RightShinBoard/Nack',
 'Device/DeviceList/RightShinBoard/Ack',
 '_Behavior__animationsSitOnPodGesturesMe_41097603256__root_79__onStopped',
 'Device/DeviceList/RightShinBoard/Address',
 'Device/SubDeviceList/LFoot/FSR/RearLeft/Sensor/Max',
 'Device/SubDeviceList/Head/Touch/Rear/Sensor/Offset',
 'Device/DeviceList/RightShinBoard/Name',
 '_Behavior__animationsStandReactionsLightShine_21096016568__root_5',
 'Device/DeviceList/RightThighBoard/Type',
 'Device/DeviceList/RightThighBoard/brakeVersion',
 'CloseObjectDetection/ObjectNotDetected',
 'Device/DeviceList/RightThighBoard/currentCalibrationResultMotor2',
 '_Behavior__animationsStandGesturesWhatSThis_21067149152__root_154__onStopped',
 'Device/SubDeviceList/Face/Led/Red/Right/45Deg/Actuator/Gain',
 'Device/DeviceList/RightThighBoard/currentCalibrationResultMotor1',
 'Device/SubDeviceList/LHipRoll/Hardness/Actuator/stiffnessDecreaseRate',
 '_Behavior__animationsStandGesturesCountThree_11064332344__root_10__onStopped',
 'Device/DeviceList/ClientSyncPlugin/Ack',
 'Device/SubDeviceList/Face/Led/Red/Right/90Deg/Actuator/Gain',
 'Motion/Velocity/Error/RShoulderRoll',
 'Device/DeviceList/RightThighBoard/RobotId',
 '_Behavior__animationsStandEmotionsNegativeSurprise_2150138368__root_2__onStopped',
 'Device/SubDeviceList/Head/Led/Rear/Right/0/Actuator/Register',
 'Device/DeviceList/RightThighBoard/StructVersion',
 'Device/DeviceList/RightThighBoard/StoredSerialNumber',
 'Device/SubDeviceList/RAnklePitch/ElectricCurrent/Sensor/ShuntResistance',
 'Device/SubDeviceList/RKneePitch/Temperature/Sensor/Name',
 'Device/DeviceList/RightThighBoard/MotorBoardSerialNumber',
 '_Behavior__animationsStandWaitingKnockEye_11072286608__root_2__sound__fx_neonOn__PlaySound_4',
 'Device/SubDeviceList/InertialSensor/AngleY/Sensor/Min',
 'Device/DeviceList/RightThighBoard/ProgVersion',
 'Device/DeviceList/RightThighBoard/BootLoaderVersion',
 'Device/DeviceList/RightThighBoard/BoardId',
 '_Behavior__animationsStandEmotionsPositiveInterested_11142900472__root_1__onStopped',
 '_Behavior__animationsStandGesturesThinking_7154398168__root_136__onStopped',
 'Device/DeviceList/RightThighBoard/Error',
 'Device/DeviceList/RightThighBoard/Bus',
 'Device/DeviceList/RightThighBoard/Address',
 'Device/DeviceList/RightFootBoard/Type',
 'Device/DeviceList/RightThighBoard/Name',
 'Device/DeviceList/RightHipBoard/Type',
 'Device/SubDeviceList/Face/Led/Red/Right/225Deg/Actuator/Max',
 '_Behavior__animationsStandGesturesHeSays_21066209312__root_59__onStopped',
 'Device/DeviceList/RightHipBoard/brakeVersion',
 'Device/SubDeviceList/RFoot/FSR/FrontRight/Sensor/Gain',
 'Device/SubDeviceList/RElbowRoll/ElectricCurrent/Sensor/Device',
 '_Behavior__animationsStandGesturesDesperate_4155244360__root_26__onStopped',
 'Device/DeviceList/RightHipBoard/currentCalibrationResultMotor2',
 'Diagnosis/Active/RKneePitch/Error',
 'Device/SubDeviceList/InertialSensor/GyroscopeZZeroOffset/Sensor/Type',
 'Device/DeviceList/RightHipBoard/currentCalibrationResultMotor1',
 'Device/SubDeviceList/RWristYaw/Temperature/Sensor/Register',
 'Device/DeviceList/RightHipBoard/Bid',
 'Motion/Position/Sensor/RHipYawPitch',
 '_Behavior__animationsStandGesturesWhatSThis_91060548192__root_161__onStopped',
 'Device/DeviceList/RightHipBoard/RobotId',
 '_Behavior__animationsStandGesturesWhatSThis_91060548192__root_161',
 'Device/DeviceList/RightHipBoard/StoredSerialNumber',
 'Device/DeviceList/RightHipBoard/MotorBoardSerialNumber',
 '_Behavior__animationsStandReactionsShakeBody_21093332800__root_4',
 'Device/DeviceList/RightHipBoard/ProgVersion',
 'Device/DeviceList/RightArmBoard/brakeVersion',
 'Device/SubDeviceList/RWristYaw/Position/Actuator/Register',
 'Device/DeviceList/RightHipBoard/BootLoaderVersion',
 'Device/DeviceList/RightHipBoard/Error',
 'Device/DeviceList/RightHipBoard/Nack',
 'Device/DeviceList/TouchBoard/BootLoaderVersion',
 'Device/DeviceList/RightHipBoard/Address',
 'Device/DeviceList/RightHandBoard/capacitiveVersion',
 'Device/SubDeviceList/Face/Led/Blue/Right/90Deg/Actuator/Gain',
 '_Behavior__animationsSitWaitingCallSomeone_11075323272__root_1__speech__keyframe134__Say_1/Voice shaping (%)',
 'Device/SubDeviceList/SpecialJointLimitationPlugin/SpecialLimitLAnkle/SubDeviceNumber',
 'Device/DeviceList/RightHandBoard/Bid',
 'Device/DeviceList/RightHandBoard/RobotId',
 'Device/SubDeviceList/LAnkleRoll/Position/Sensor/Min',
 'Device/DeviceList/RightHandBoard/MotorBoardSerialNumber',
 'Device/SubDeviceList/LHipYawPitch/Temperature/Sensor/OtherMotorTransmission',
 '_Behavior__animationsStandWaitingWakeUp_11082048920__root_1__Fx__keyframe245__PlaySound_1/File path',
 'Device/DeviceList/RightHandBoard/BootLoaderVersion',
 'Device/DeviceList/RightHandBoard/BoardId',
 'Device/SubDeviceList/RHipPitch/Hardness/Actuator/Name',
 'Device/DeviceList/RightHandBoard/Ack',
 'Device/DeviceList/RightHandBoard/Bus',
 'Device/SubDeviceList/HeadPitch/Position/Sensor/Min',
 'Device/SubDeviceList/LFoot/Bumper/Left/Sensor/Device',
 'Device/SubDeviceList/RHipRoll/ElectricCurrent/Sensor/Device',
 'BatteryFullChargedFlagChanged',
 'Device/SubDeviceList/Face/Led/Red/Right/315Deg/Actuator/Register',
 '_Behavior__animationsSitEmotionsNegativeAngry_11055440824__root_1__behavior_layer2__Sound__PlaySound_1/Begin position (s)',
 'Device/DeviceList/RightArmBoard/currentCalibrationResultMotor2',
 'Device/SubDeviceList/LKneePitch/Position/Sensor/Min',
 'Device/DeviceList/RightArmBoard/currentCalibrationResultMotor1',
 'Device/SubDeviceList/LAnklePitch/Hardness/Actuator/Value',
 'Device/DeviceList/RightArmBoard/RobotId',
 '_Behavior__animationsSitWaitingDriveCar_11048973264__root_1__sounds__angry__PlaySound_3/Panorama',
 '_Behavior__animationsSitWaitingRelaxation_31051180576__root__onStopped',
 'Device/DeviceList/RightArmBoard/StructVersion',
 'Dialog/NotSpeaking5',
 'Device/SubDeviceList/RHand/Hardness/Actuator/Gain',
 'Device/DeviceList/RightArmBoard/StoredSerialNumber',
 'Dialog/DateCode',
 'Device/SubDeviceList/RElbowYaw/Position/Actuator/InvertControlDirection',
 'Device/DeviceList/RightArmBoard/BoardId',
 'Device/DeviceList/RightArmBoard/Available',
 'Device/SubDeviceList/Head/Touch/Middle/Sensor/Device',
 'Device/DeviceList/RightArmBoard/Bus',
 'Device/DeviceList/RightArmBoard/Name',
 'Device/SubDeviceList/LHipPitch/Position/Sensor/Limit',
 'Device/DeviceList/RightShoulderBoard/Type',
 'Device/DeviceList/RightShoulderBoard/brakeVersion',
 'Device/DeviceList/RightShoulderBoard/capacitiveVersion',
 '_Behavior__animationsStandReactionsShakeBody_31096955552__root_5',
 'Device/SubDeviceList/Ears/Led/Right/216Deg/Actuator/Offset',
 'Device/DeviceList/RightShoulderBoard/StructVersion',
 'ALTracker/FastPersonTracking',
 '_Behavior__animationsStandWaitingSpaceShuttle_11075332920__root_1__fx__keyframe21__PlaySound_1/Begin position (s)',
 'Device/SubDeviceList/RKneePitch/Temperature/Sensor/StartTemperature',
 'Device/SubDeviceList/Face/Led/Green/Left/90Deg/Actuator/Type',
 'Device/DeviceList/RightShoulderBoard/StoredSerialNumber',
 'Device/SubDeviceList/LShoulderPitch/Hardness/Actuator/Gain',
 '_Behavior__animationsStandGesturesExplain_7150177072__root_45__onStopped',
 'Device/DeviceList/RightShoulderBoard/MotorBoardSerialNumber',
 'Device/SubDeviceList/Face/Led/Red/Left/270Deg/Actuator/Min',
 '_Behavior__animationsStandGesturesShy_11075690632__root_125',
 'Device/SubDeviceList/HeadYaw/Position/Sensor/Type',
 'Device/DeviceList/RightShoulderBoard/Available',
 '_Behavior__animationsSitOnPodGesturesWhatSThis_101095927432__root_162__onStopped',
 'Motion/Position/Command/LShoulderPitch',
 'Diagnosis/Active/LFoot/Bumper/Left/Error',
 'Device/SubDeviceList/RHipRoll/Hardness/Actuator/Value',
 'Device/DeviceList/RightShoulderBoard/Ack',
 '_Behavior__animationsStandBodyTalkSpeakingBodyTalk_121246121152__root_22',
 '_Behavior__animationsSitWaitingMusic_HighwayToHell_11052737080__root_5__Music__keyframe29__PlaySound_1/Volume (%)',
 'Device/SubDeviceList/Face/Led/Red/Left/45Deg/Actuator/Name',
 'Device/DeviceList/RightShoulderBoard/Bus',
 'Diagnosis/Passive/Face/Led/Red/Left/0Deg/Error',
 '_Behavior__animationsSitWaitingRobot_11048153360__root_23__fx__r2d2__PlaySound_1/Begin position (s)',
 'Device/SubDeviceList/RAnklePitch/Position/Actuator/Kd',
 'Device/SubDeviceList/Ears/Led/Left/108Deg/Actuator/Register',
 'Device/DeviceList/RightShoulderBoard/Address',
 'Device/SubDeviceList/RAnklePitch/ElectricCurrent/Sensor/CurrentType',
 'Device/SubDeviceList/RAnkleRoll/Hardness/Actuator/Value',
 'Device/DeviceList/RightShoulderBoard/Name',
 'Device/SubDeviceList/InertialSensor/AccZ/Sensor/Name',
 'Device/DeviceList/SpecialJointLimitationPlugin/Address',
 'Device/SubDeviceList/LHipYawPitch/Position/Actuator/InvertControlDirection',
 '_Behavior__animationsSitEmotionsNegativeLate_1156291080__root_1__behavior_layer2__Sound__PlaySound_1/Panorama',
 'Device/DeviceList/LeftHandBoard/currentCalibrationResultMotor2',
 'Device/DeviceList/LeftHandBoard/Bid',
 'Device/DeviceList/LeftHandBoard/StructVersion',
 'Launchpad/NumPeopleZone3',
 'Device/SubDeviceList/RHipPitch/ElectricCurrent/Sensor/Max',
 'Device/DeviceList/LeftHandBoard/StoredSerialNumber',
 '_Behavior__animationsSitOnPodGesturesWhatSThis_51097002928__root_157__onStopped',
 'Device/DeviceList/LeftHandBoard/MotorBoardSerialNumber',
 'Device/SubDeviceList/LHipRoll/Temperature/Sensor/Register',
 '_Behavior__animationsStandWaitingThink_31071882624__root_1',
 'Device/SubDeviceList/Face/Led/Red/Left/270Deg/Actuator/Max',
 'Device/SubDeviceList/LHipRoll/Position/Sensor/positionChainMREJoint',
 'Device/DeviceList/LeftHandBoard/Available',
 'Device/SubDeviceList/RHand/Temperature/Sensor/StartTemperature',
 'Device/DeviceList/LeftHandBoard/Error',
 'Device/DeviceList/LeftHandBoard/Nack',
 '_Behavior__animationsStandGesturesShowSky_91061240368__root_121__onStopped',
 'Device/DeviceList/LeftHandBoard/Bus',
 'Device/DeviceList/LeftHandBoard/Name',
 'Device/DeviceList/LeftArmBoard/Type',
 'Device/DeviceList/LeftArmBoard/brakeVersion',
 'Device/DeviceList/LeftArmBoard/capacitiveVersion',
 'Device/DeviceList/LeftArmBoard/currentCalibrationResultMotor1',
 'Device/SubDeviceList/LShoulderPitch/Temperature/Sensor/Device',
 '_Behavior__animationsStandWaitingScratchBottom_11072371040__root_7__onStopped',
 'Device/SubDeviceList/Ears/Led/Right/144Deg/Actuator/Offset',
 'Device/DeviceList/LeftArmBoard/Bid',
 'Device/DeviceList/LeftArmBoard/RobotId',
 '_Behavior__animationsStandEmotionsPositiveHappy_21086648816__root_2',
 'Device/SubDeviceList/Ears/Led/Left/36Deg/Actuator/Gain',
 'Device/DeviceList/LeftArmBoard/StructVersion',
 'Device/DeviceList/LeftArmBoard/StoredSerialNumber',
 'Device/DeviceList/LeftArmBoard/MotorBoardSerialNumber',
 '_Behavior__animationsStandGesturesEnthusiastic_21066227072__root_29',
 'Device/SubDeviceList/US/Sensor/Value5',
 'Device/SubDeviceList/LHand/Temperature/Sensor/TemperatureSensorType',
 'Device/DeviceList/LeftArmBoard/ProgVersion',
 'Device/DeviceList/LeftArmBoard/BootLoaderVersion',
 'Device/SubDeviceList/Face/Led/Red/Right/45Deg/Actuator/Max',
 'Device/DeviceList/LeftArmBoard/BoardId',
 '_Behavior__animationsSitWaitingPuppet_1161066304__root_1__speech__speech_copy_copy__PlaySound_1/Play in loop',
 '_Behavior__animationsStandEmotionsPositiveLaugh_11097323680__root_1__behavior_layer2__Sound__PlaySound_4/Panorama',
 'Device/SubDeviceList/US/Left/Sensor/SubDeviceNumber',
 'Device/DeviceList/LeftArmBoard/Nack',
 '_Behavior__animationsSitEmotionsPositiveLaugh_21050846024__root_1',
 'Device/SubDeviceList/Ears/Led/Left/108Deg/Actuator/Name',
 'Device/DeviceList/LeftArmBoard/Ack',
 'Device/DeviceList/LeftArmBoard/Bus',
 'Device/SubDeviceList/HeadYaw/Position/Actuator/Kd',
 'Device/DeviceList/LeftArmBoard/Name',
 'Device/SubDeviceList/LElbowYaw/Position/Actuator/InvertControlDirection',
 'Device/DeviceList/LeftShoulderBoard/brakeVersion',
 'Device/DeviceList/LeftShoulderBoard/currentCalibrationResultMotor2',
 'Device/DeviceList/LeftShoulderBoard/currentCalibrationResultMotor1',
 'Device/SubDeviceList/Face/Led/Green/Left/180Deg/Actuator/Name',
 'Device/SubDeviceList/RShoulderPitch/Position/Actuator/Gain',
 'Device/DeviceList/LeftShoulderBoard/MotorBoardSerialNumber',
 '_Behavior__animationsStandWaitingScratchHead_11072434488__root_10',
 'Device/DeviceList/LeftShoulderBoard/ProgVersion',
 'Device/DeviceList/LeftShoulderBoard/BootLoaderVersion',
 'Device/DeviceList/LeftShoulderBoard/BoardId',
 'Device/SubDeviceList/HeadPitch/Temperature/Sensor/motorModel',
 'Device/SubDeviceList/Face/Led/Green/Right/270Deg/Actuator/Value',
 'Device/DeviceList/LeftShoulderBoard/Error',
 'Device/DeviceList/LeftShoulderBoard/Nack',
 'Device/SubDeviceList/RShoulderRoll/Temperature/Sensor/OtherMotorTransmission',
 'Device/DeviceList/LeftShoulderBoard/Ack',
 'Device/DeviceList/LeftShoulderBoard/Bus',
 'Launchpad/HighestTemperature',
 'Device/SubDeviceList/HeadPitch/Hardness/Actuator/Name',
 'Device/SubDeviceList/LFoot/Led/Blue/Actuator/Max',
 'Device/DeviceList/LeftShoulderBoard/Address',
 'NAOqiReady',
 'Device/SubDeviceList/Face/Led/Blue/Right/90Deg/Actuator/Type',
 'Device/DeviceList/LeftShoulderBoard/Name',
 'RobotConfig/Body/Device/Sonar/Version',
 'Device/SubDeviceList/RAnkleRoll/Position/Actuator/Device',
 'Device/DeviceList/HeadBoard/Type',
 'Device/DeviceList/HeadBoard/capacitiveVersion',
 'Device/SubDeviceList/LHand/Touch/Right/Sensor/SubDeviceNumber',
 'Motion/Position/Error/LElbowRoll',
 'Device/DeviceList/HeadBoard/Bid',
 'Device/SubDeviceList/HeadPitch/ElectricCurrent/Sensor/Name',
 'Device/DeviceList/HeadBoard/StructVersion',
 'Device/DeviceList/HeadBoard/StoredSerialNumber',
 'Device/SubDeviceList/Face/Led/Blue/Right/90Deg/Actuator/Register',
 'DCM/Error',
 'Device/DeviceList/HeadBoard/ProgVersion',
 '_Behavior__animationsSitWaitingPuppet_1161066304__root_1__speech__speech__PlaySound_3',
 'Device/SubDeviceList/Face/Led/Blue/Left/45Deg/Actuator/Offset',
 'Device/SubDeviceList/Head/Led/Rear/Right/1/Actuator/Device',
 'Device/DeviceList/HeadBoard/BootLoaderVersion',
 'Device/SubDeviceList/Battery/Charge/Sensor/Value',
 'Device/SubDeviceList/InertialSensor/GyroscopeX/Sensor/Gain',
 'Device/DeviceList/HeadBoard/Error',
 'Device/SubDeviceList/Face/Led/Blue/Left/180Deg/Actuator/Max',
 'Device/DeviceList/HeadBoard/Nack',
 'Device/DeviceList/HeadBoard/Ack',
 '_Behavior__bootconfig146838088__root__bootconfigmain_2__LaunchBootScript_3__onTabletConfig',
 'Device/DeviceList/MemberIdentificationPlugin/Priority',
 'Device/DeviceList/HeadBoard/Bus',
 'Device/DeviceList/HeadBoard/Address',
 '_Behavior__animationsStandReactionsTouchHead_21093918352__root_3__onStopped',
 'Device/SubDeviceList/Face/Led/Green/Right/180Deg/Actuator/SubDeviceNumber',
 'Device/DeviceList/ChestBoard/Type',
 'Device/DeviceList/ChestBoard/Bootloader/BootloaderId',
 'Motion/VirtualContact/LKnee',
 'Device/DeviceList/ChestBoard/Bootloader/BodyId',
 'Device/DeviceList/ChestBoard/BodyNickName',
 'RobotConfig/Body/Device/Hand/Right/Version',
 'Device/SubDeviceList/LShoulderRoll/ElectricCurrent/Sensor/Register',
 'Device/DeviceList/ChestBoard/BodyId',
 'Device/SubDeviceList/Face/Led/Red/Right/270Deg/Actuator/SubDeviceNumber',
 '_Behavior__animationsStandBodyTalkSpeakingBodyTalk_81142241808__root_28',
 'Device/DeviceList/ChestBoard/ChainResult',
 'Device/DeviceList/ChestBoard/ProgVersionChest',
 'Device/DeviceList/ChestBoard/ProgVersion',
 '_Behavior__animationsStandReactionsSeeSomething_61097538336__root_6__onStopped',
 'Device/DeviceList/ChestBoard/BootLoaderVersion',
 '_Behavior__animationsSitOnPodGesturesNo_1146597320__root_84',
 'EngagementZones/LastMovementsInZone1',
 'Device/DeviceList/AlMemoryPlugin/Priority',
 'Device/DeviceList/ChestBoard/BoardId',
 'Device/SubDeviceList/Battery/Charge/Sensor/StateOfHealth',
 'Device/SubDeviceList/PreferencesPlugin/ChangeCalibration/Register',
 'Device/SubDeviceList/LHand/Temperature/Sensor/OtherMotorTransmission',
 'Motion/Position/Sensor/RElbowRoll',
 'Device/SubDeviceList/Face/Led/Green/Right/0Deg/Actuator/Gain',
 'Device/DeviceList/ChestBoard/Nack',
 'DCM/CycleTime',
 'Device/SubDeviceList/RKneePitch/Hardness/Actuator/Max',
 'Device/DeviceList/ChestBoard/Bus',
 '_Behavior__animationsStandWaitingRest_1154136336__root_5',
 'Device/SubDeviceList/RHipRoll/Position/Actuator/InvertControlDirection',
 '_Behavior__diagnostic1043902184__root__Diagnostic_20__behavior_layer1__diagnostic__WakeUp_11__Fx__keyframe476__PlaySound_1/Begin position (s)',
 'Device/DeviceList/USBoard/ProgVersion',
 'Device/DeviceList/USBoard/BootLoaderVersion',
 'Device/DeviceList/USBoard/BoardId',
 'Device/DeviceList/USBoard/Available',
 'Device/SubDeviceList/Face/Led/Green/Left/225Deg/Actuator/Device',
 '_Behavior__animationsSitEmotionsNeutralAskForAttention_21051179856__root_1__behavior_layer2__Sound__PlaySound_1/Begin position (s)',
 'Device/DeviceList/USBoard/Ack',
 'Motion/Velocity/Command/RShoulderPitch',
 '_Behavior__animationsStandGesturesCountMore_21060518616__root_17__onStopped',
 'Device/SubDeviceList/Head/Led/Front/Right/0/Actuator/SubDeviceNumber',
 'Device/DeviceList/USBoard/Bus',
 'Device/DeviceList/RightShoulderBoard/ProgVersion',
 'Device/SubDeviceList/Face/Led/Red/Left/135Deg/Actuator/Gain',
 'Device/DeviceList/USBoard/Name',
 '_Behavior__animationsSitWaitingYawn_1159871504__root_31__Fx__keyframe32__PlaySound_1/Play in loop',
 'Device/DeviceList/LeftHandBoard/Ack',
 'Device/DeviceList/Battery/Type',
 'Device/SubDeviceList/Face/Led/Green/Left/315Deg/Actuator/Name',
 'Device/DeviceList/Battery/HWRevision',
 'Device/SubDeviceList/Face/Led/Red/Right/135Deg/Actuator/Min',
 'Device/DeviceList/Battery/CellRevision',
 '_Behavior__animationsStandGesturesClaw_11131607416__root_17',
 'Device/SubDeviceList/Face/Led/Green/Left/45Deg/Actuator/Offset',
 'Device/DeviceList/Battery/FirmwareVersion',
 '_Behavior__animationsLEDCircleEyes1046285512__root_3/Speed',
 'Device/DeviceList/Battery/DeviceName',
 'Diagnosis/Passive/HeadPitch/Error',
 'Device/DeviceList/RightArmBoard/Error',
 'Device/DeviceList/Battery/VersionNumber',
 '_Behavior__animationsStandGesturesCountMore_11070430696__root_12__onStopped',
 'Device/SubDeviceList/LHand/ElectricCurrent/Sensor/Type',
 'Device/DeviceList/Battery/ProjectName',
 'Device/DeviceList/Battery/ProgVersion',
 'Device/SubDeviceList/HeadPitch/Temperature/Sensor/StartTemperature',
 'Device/DeviceList/HeadBoard/brakeVersion',
 'Device/DeviceList/Battery/Available',
 'Device/SubDeviceList/LHand/Position/Actuator/Register',
 'Device/DeviceList/Battery/Nack',
 '_Behavior__animationsStandGesturesExplain_10154410760__root_48',
 '_Behavior__animationsStandEmotionsNegativeSad_11094563248__root_1',
 '_Behavior__diagnostic1043902184__root__Diagnostic_20__behavior_layer1__diagnostic__WakeUp_11__Diagnostic__Diagnostic__EyesRed_2/Side',
 'Diagnosis/Passive/Face/Led/Green/Left/180Deg/Error',
 'Device/DeviceList/Battery/Name',
 'Device/SubDeviceList/MaxCurrentPlugin/StiffnessDecrease/Register',
 'Device/DeviceList/InertialSensor/Type',
 'Device/SubDeviceList/LWristYaw/Temperature/Sensor/Device',
 'Device/DeviceList/InertialSensor/BootLoaderVersion',
 'Device/SubDeviceList/RHipRoll/ElectricCurrent/Sensor/Type',
 'Device/DeviceList/InertialSensor/BoardId',
 '_Behavior__animationsStandEmotionsPositiveHappy_21086648816__root_2__behavior_layer2__SayYes__PlaySound_4/Play in loop',
 'Device/SubDeviceList/RShoulderPitch/Hardness/Actuator/SubDeviceNumber',
 'Device/DeviceList/InertialSensor/Available',
 'Device/DeviceList/InertialSensor/Error',
 'Device/SubDeviceList/LAnklePitch/Temperature/Sensor/motorModel',
 'Device/DeviceList/InertialSensor/Bus',
 '_Behavior__animationsSitEmotionsNegativeSurprise_11060170240__root_1__behavior_layer2__Sound__PlaySound_1',
 '_Behavior__animationsStandEmotionsPositiveShy_21086916968__root_2__onStopped',
 'Device/DeviceList/InertialSensor/Address',
 'Diagnosis/Active/RHipRoll/Error',
 'Device/DeviceList/InertialSensor/Name',
 'Device/DeviceList/EarLeds/Type',
 'Diagnosis/Active/Ears/Led/Left/0Deg/Error',
 'Device/DeviceList/EarLeds/BootLoaderVersion',
 'Device/DeviceList/EarLeds/BoardId',
 'Device/SubDeviceList/HeadYaw/Position/Actuator/PWMValue',
 'Device/DeviceList/EarLeds/Available',
 'Device/DeviceList/EarLeds/Error',
 'Device/DeviceList/EarLeds/Ack',
 'Device/DeviceList/EarLeds/Bus',
 'Device/SubDeviceList/Face/Led/Blue/Left/270Deg/Actuator/Type',
 'Device/DeviceList/RightArmBoard/Address',
 'Device/DeviceList/FaceBoard/ProgVersion',
 'Device/DeviceList/FaceBoard/BoardId',
 'Device/SubDeviceList/HeadYaw/Temperature/Sensor/TemperatureSensorType',
 '_Behavior__animationsStandEmotionsPositiveHappy_11084700288__root_1__behavior_layer3__Sound__PlaySound_4',
 'Device/SubDeviceList/Face/Led/Green/Left/90Deg/Actuator/Device',
 'Device/DeviceList/RightShoulderBoard/currentCalibrationResultMotor1',
 'Device/DeviceList/FaceBoard/Error',
 'Device/DeviceList/ChestBoard/Address',
 'Device/DeviceList/FaceBoard/Ack',
 'Device/DeviceList/FaceBoard/Name',
 '_Behavior__animationsSitOnPodBodyTalkSpeakingBodyTalk_91142624952__root_13__onStopped',
 '_Behavior__diagnostic1043902184__root__Diagnostic_20__behavior_layer1__diagnostic__WakeUp_11__Fx__keyframe77__PlaySound_1/Volume (%)',
 'Device/SubDeviceList/RFoot/Bumper/Left/Sensor/SubDeviceNumber',
 'Device/DeviceList/DiagnosisPlugin/Type',
 'Device/DeviceList/DiagnosisPlugin/Priority',
 'Device/DeviceList/DiagnosisPlugin/Error',
 'Device/SubDeviceList/DcmLostPlugin/StiffnessDecrease/Slow/Min',
 'Device/DeviceList/DiagnosisPlugin/Ack',
 'Device/DeviceList/DiagnosisPlugin/Address',
 'Device/DeviceList/MemberIdentificationPlugin/Type',
 'Device/SubDeviceList/LWristYaw/ElectricCurrent/Sensor/Name',
 'Device/DeviceList/MemberIdentificationPlugin/Error',
 'Diagnosis/Active/USSensor1/Error',
 'Device/SubDeviceList/RFoot/FSR/CenterOfPressure/X/Sensor/Gain',
 'Device/DeviceList/RightHipBoard/Bus',
 'Device/DeviceList/MemberIdentificationPlugin/Nack',
 '_Behavior__animationsStandEmotionsPositiveHappy_21086648816__root_2__onStopped',
 '_Behavior__animationsStandEmotionsNegativeHumiliated_1149919144__root_1',
 'Device/SubDeviceList/RShoulderPitch/Temperature/Sensor/StartTemperature',
 'Device/SubDeviceList/RElbowRoll/Position/Actuator/Value',
 'Device/DeviceList/MemberIdentificationPlugin/Name',
 '_Behavior__animationsStandEmotionsNegativeHurt_1149857440__root_2',
 'Device/SubDeviceList/Face/Led/Red/Left/315Deg/Actuator/Gain',
 'Device/DeviceList/TestRobotVersionPlugin/Type',
 'Device/SubDeviceList/RHipRoll/Hardness/Actuator/Name',
 'Device/DeviceList/TestRobotVersionPlugin/Available',
 'Device/DeviceList/TestRobotVersionPlugin/Error',
 'Diagnosis/Temperature/RFoot/Bumper/Right/Error',
 'Device/DeviceList/TestRobotVersionPlugin/Ack',
 'Device/DeviceList/TestRobotVersionPlugin/Bus',
 'Device/SubDeviceList/RFoot/FSR/RearRight/Sensor/YPosition',
 'Device/SubDeviceList/Face/Led/Blue/Left/45Deg/Actuator/Gain',
 'Device/DeviceList/TestRobotVersionPlugin/Name',
 '_Behavior__animationsStandWaitingScratchEye_11075141072__root_8__onStopped',
 '_Behavior__animationsStandBodyTalkListeningListeningRight_11131438560__root_4',
 'Device/DeviceList/FillNaoAvailableDevicePlugin/Priority',
 'Device/DeviceList/FillNaoAvailableDevicePlugin/Available',
 'Device/DeviceList/FillNaoAvailableDevicePlugin/Error',
 'Device/DeviceList/FillNaoAvailableDevicePlugin/Ack',
 'Device/DeviceList/FillNaoAvailableDevicePlugin/Address',
 'Device/SubDeviceList/SpecialJointLimitationPlugin/SpecialLimitHead/SecondAngleMin',
 'Device/DeviceList/FillNaoAvailableDevicePlugin/Bus',
 'Device/SubDeviceList/LHipYawPitch/ElectricCurrent/Sensor/ShuntResistance',
 'Device/DeviceList/NaoSpecialPlugin/Type',
 'Device/SubDeviceList/InertialSensor/AccX/Sensor/Register',
 'Device/DeviceList/NaoSpecialPlugin/Error',
 '_Behavior__animationsSitEmotionsPositiveHungry_11055755664__root_34__Fx2__keyframe89__PlaySound_1/Play in loop',
 'Device/DeviceList/NaoSpecialPlugin/Nack',
 'Device/DeviceList/NaoSpecialPlugin/Bus',
 'Device/DeviceList/LeftThighBoard/brakeVersion',
 'Device/DeviceList/NaoSpecialPlugin/Name',
 'Device/DeviceList/PreferencesPlugin/Type',
 'Device/SubDeviceList/LHipPitch/Position/Sensor/Name',
 'Device/DeviceList/PreferencesPlugin/Priority',
 'Device/SubDeviceList/RShoulderRoll/Position/Sensor/SensorType',
 'Device/DeviceList/PreferencesPlugin/Nack',
 'Device/DeviceList/PreferencesPlugin/Bus',
 'Device/DeviceList/PreferencesPlugin/Address',
 'Device/SubDeviceList/HeadPitch/Temperature/Sensor/Device',
 'Device/DeviceList/PreferencesPlugin/Name',
 'Device/DeviceList/CalibrationPlugin/Type',
 'Device/DeviceList/Battery/SerialNumber',
 'Device/DeviceList/CalibrationPlugin/Priority',
 'Device/SubDeviceList/LFoot/Bumper/Left/Sensor/Min',
 'Device/SubDeviceList/Ears/Led/Left/288Deg/Actuator/Value',
 'Device/DeviceList/CalibrationPlugin/Error',
 'Device/DeviceList/CalibrationPlugin/Nack',
 'Device/DeviceList/CalibrationPlugin/Ack',
 '_Behavior__animationsStandGesturesHungry_11068707664__root_62',
 'Device/SubDeviceList/LHipRoll/ElectricCurrent/Sensor/Gain',
 'Device/DeviceList/CalibrationPlugin/Bus',
 'Device/DeviceList/CalibrationPlugin/Name',
 'Device/DeviceList/SpecialJointLimitationPlugin/Priority',
 '_Behavior__animationsStandGesturesWings_51075692224__root_173__onStopped',
 '_Behavior__animationsStandWaitingDriveCar_11073971056__root_1',
 'Device/SubDeviceList/RFoot/FSR/CenterOfPressure/X/Sensor/Value',
 'Device/DeviceList/SpecialJointLimitationPlugin/Error',
 '_Behavior__animationsStandEmotionsNegativeSurprise_11094655520__root_1__behavior_layer2__Sound__PlaySound_4/Volume (%)',
 'Device/SubDeviceList/LFoot/FSR/CenterOfPressure/Y/Sensor/Gain',
 'Device/DeviceList/SpecialJointLimitationPlugin/Nack',
 'Device/SubDeviceList/Battery/Charge/Sensor/CEDV',
 'Device/DeviceList/SpecialJointLimitationPlugin/Ack',
 'Device/SubDeviceList/RFoot/FSR/RearLeft/Sensor/Value',
 'Device/DeviceList/SpecialJointLimitationPlugin/Bus',
 '_Behavior__animationsStandWaitingWakeUp_11082048920__root_1__onStopped',
 '_Behavior__animationsStandEmotionsNegativeSad_21094515136__root_2',
 'Device/SubDeviceList/LShoulderPitch/ElectricCurrent/Sensor/SubDeviceNumber',
 'Device/DeviceList/SpecialJointLimitationPlugin/Name',
 '_Behavior__animationsSitOnPodGesturesYes_21132958904__root_5',
 'Device/DeviceList/FsrTotalCenterOfPressionPlugin/Type',
 'Device/DeviceList/FsrTotalCenterOfPressionPlugin/Available',
 'Device/DeviceList/FsrTotalCenterOfPressionPlugin/Error',
 'Device/DeviceList/FsrTotalCenterOfPressionPlugin/Ack',
 'Device/DeviceList/FsrTotalCenterOfPressionPlugin/Address',
 'Device/DeviceList/FsrTotalCenterOfPressionPlugin/Name',
 'Device/SubDeviceList/InertialSensor/GyrY/Sensor/SubDeviceNumber',
 'Device/DeviceList/ActuatorIfNoStiffnessPlugin/Type',
 'Device/DeviceList/ActuatorIfNoStiffnessPlugin/Available',
 'Device/SubDeviceList/RElbowYaw/ElectricCurrent/Sensor/SubDeviceNumber',
 'Device/DeviceList/ActuatorIfNoStiffnessPlugin/Error',
 'Device/DeviceList/ActuatorIfNoStiffnessPlugin/Nack',
 '_Behavior__animationsStandWaitingKnockEye_11072286608__root_2__sound__fx_neonOff__PlaySound_4/Begin position (s)',
 'Motion/Position/Command/LAnkleRoll',
 'Device/DeviceList/HeadBoard/RobotId',
 '_Behavior__animationsStandGesturesDesperate_51133448224__root_27__onStopped',
 'Device/DeviceList/DcmLostPlugin/Type',
 'Device/DeviceList/MemberIdentificationPlugin/Bus',
 'Device/DeviceList/DcmLostPlugin/Available',
 'AudioInputAdded',
 'Device/DeviceList/DcmLostPlugin/Nack',
 'Device/DeviceList/LeftShinBoard/capacitiveVersion',
 '_Behavior__animationsStandGesturesShoot_11060059592__root_1__onStopped',
 'Device/SubDeviceList/RWristYaw/Position/Actuator/Min',
 'Device/DeviceList/DcmLostPlugin/Bus',
 'Device/SubDeviceList/RElbowRoll/Hardness/Actuator/Min',
 '_Behavior__animationsSitEmotionsNeutralAskForAttention_31053819400__root_1__behavior_layer2__Sound__PlaySound_1',
 'Device/SubDeviceList/ChestBoard/Led/Red/Actuator/Device',
 '_Behavior__animationsSitOnPodBodyTalkSpeakingBodyTalk_61130620184__root_9',
 'Device/SubDeviceList/RHipPitch/Temperature/Sensor/WindingResistance',
 'Device/DeviceList/DcmLostPlugin/Name',
 'Device/DeviceList/GridEyePlugin/Priority',
 'Diagnosis/Temperature/Face/Led/Blue/Right/90Deg/Error',
 '_Behavior__animationsSitEmotionsNegativeLate_1156291080__root_1__behavior_layer2__Sound__PlaySound_1',
 'Device/SubDeviceList/LAnkleRoll/Position/Actuator/SubDeviceNumber',
 'Device/DeviceList/GridEyePlugin/Error',
 'Device/DeviceList/LeftHipBoard/RobotId',
 'Device/DeviceList/GridEyePlugin/Ack',
 'Device/DeviceList/GridEyePlugin/Bus',
 'Device/SubDeviceList/LAnklePitch/ElectricCurrent/Sensor/Name',
 'Device/SubDeviceList/Face/Led/Green/Left/270Deg/Actuator/Gain',
 'Device/SubDeviceList/Face/Led/Red/Left/270Deg/Actuator/Type',
 'Device/DeviceList/LedIfNoDcmPlugin/Priority',
 'Device/DeviceList/LedIfNoDcmPlugin/Available',
 'Diagnosis/Active/Face/Led/Blue/Right/270Deg/Error',
 'Device/SubDeviceList/LHipPitch/Position/Actuator/PWMValue',
 'Device/SubDeviceList/RElbowRoll/ElectricCurrent/Sensor/Min',
 'Device/DeviceList/LedIfNoDcmPlugin/Error',
 'Device/SubDeviceList/Face/Led/Green/Right/135Deg/Actuator/Type',
 '_Behavior__animationsSitWaitingPhone_11048170576__root_4__onStopped',
 'Device/DeviceList/LedIfNoDcmPlugin/Nack',
 'Device/SubDeviceList/Face/Led/Green/Left/90Deg/Actuator/Max',
 'Device/DeviceList/LedIfNoDcmPlugin/Bus',
 'Device/SubDeviceList/LFoot/Led/Green/Actuator/Max',
 'Device/DeviceList/LedIfNoDcmPlugin/Name',
 'Device/DeviceList/MaxCurrentPlugin/Type',
 'Device/DeviceList/MaxCurrentPlugin/Priority',
 'Device/DeviceList/MaxCurrentPlugin/Available',
 'Diagnosis/Passive/ChestBoard/Led/Blue/Error',
 'Device/SubDeviceList/RHipRoll/Temperature/Sensor/ThermalTimeConstant',
 'Device/SubDeviceList/LHipPitch/Position/Sensor/Max',
 'Device/DeviceList/MaxCurrentPlugin/Bus',
 'Device/DeviceList/MaxCurrentPlugin/Address',
 'Motion/Torque/Sensor/LShoulderPitch',
 'Device/DeviceList/MaxCurrentPlugin/Name',
 'Device/DeviceList/InitMotorBoardPlugin/Priority',
 'Device/SubDeviceList/LShoulderPitch/ElectricCurrent/Sensor/Max',
 'Device/DeviceList/InitMotorBoardPlugin/Error',
 'Device/DeviceList/InitMotorBoardPlugin/Nack',
 'Device/DeviceList/InitMotorBoardPlugin/Bus',
 '_Behavior__animationsStandEmotionsNegativeAngry_31095536256__root_3',
 'Device/SubDeviceList/LFoot/Bumper/Left/Sensor/Name',
 '_Behavior__diagnostic1043902184__root__Diagnostic_20__behavior_layer1__diagnostic__WakeUp_11__Fx__keyframe476__PlaySound_1',
 'Device/DeviceList/InitMotorBoardPlugin/Name',
 'Device/SubDeviceList/HeadPitch/Position/Sensor/Offset',
 'Device/DeviceList/MotorTemperaturePlugin/Type',
 'Device/SubDeviceList/PreferencesPlugin/ChangePreference/Device',
 'Device/DeviceList/MotorTemperaturePlugin/Available',
 'Device/DeviceList/MotorTemperaturePlugin/Error',
 'Device/DeviceList/MotorTemperaturePlugin/Nack',
 'Diagnosis/Temperature/RFoot/FSR/RearRight/Error',
 'Device/SubDeviceList/LAnkleRoll/Position/Actuator/InvertControlDirection',
 'Device/DeviceList/LeftFootBoard/currentCalibrationResultMotor1',
 'Device/DeviceList/MotorTemperaturePlugin/Ack',
 'Diagnosis/Temperature/Face/Led/Red/Right/225Deg/Error',
 'Device/SubDeviceList/RHand/Hardness/Actuator/stiffnessDecreaseRate',
 'Device/SubDeviceList/LHand/ElectricCurrent/Sensor/Gain',
 'ALLocalization/GoToContinue',
 'Device/DeviceList/iocommunicationPlugin/Ack',
 'Device/SubDeviceList/RShoulderPitch/Temperature/Sensor/ThermalResistance',
 'Device/SubDeviceList/Ears/Led/Right/216Deg/Actuator/Value',
 'Device/DeviceList/iocommunicationPlugin/Bus',
 '_Behavior__animationMode1554920712__root__onStopped',
 'Diagnosis/Passive/Face/Led/Green/Right/135Deg/Error',
 '_Behavior__animationsSitWaitingKnockKnee_2162758864__root_1',
 'Device/DeviceList/iocommunicationPlugin/Address',
 'Device/SubDeviceList/LFoot/Led/Blue/Actuator/Offset',
 'Device/DeviceList/iocommunicationPlugin/Name',
 'Diagnosis/Passive/Face/Led/Blue/Left/315Deg/Error',
 'Device/SubDeviceList/ChestBoard/Led/Blue/Actuator/Offset',
 '_Behavior__animationMode1554920712__root',
 'Device/DeviceList/InitNaoDevicesPlugin/Error',
 'Device/SubDeviceList/Ears/Led/Right/180Deg/Actuator/Max',
 'Device/DeviceList/InitNaoDevicesPlugin/Nack',
 'Device/SubDeviceList/RAnklePitch/Position/Sensor/MechanicalStopMin',
 'Device/DeviceList/LeftHandBoard/Type',
 'Device/DeviceList/NaoSpecialPlugin/Available',
 'Device/DeviceList/InitNaoDevicesPlugin/Ack',
 'Device/DeviceList/InitNaoDevicesPlugin/Bus',
 'Device/SubDeviceList/RHand/Temperature/Sensor/Type',
 '_Behavior__animationsStandGesturesReject_41066210544__root_104',
 'Device/SubDeviceList/Face/Led/Blue/Right/225Deg/Actuator/Register',
 '_Behavior__animationsStandGesturesWings_51075692224__root_173',
 'Device/DeviceList/ClientSyncPlugin/Type',
 'Device/DeviceList/ClientSyncPlugin/Priority',
 'Device/DeviceList/ClientSyncPlugin/Error',
 'Device/DeviceList/ClientSyncPlugin/Bus',
 '_Behavior__animationsStandWaitingCallSomeone_11081422200__root_1__fx__keyframe62__PlaySound_1/Play in loop',
 'Device/SubDeviceList/RKneePitch/Position/Sensor/Value',
 'Device/DeviceList/ClientSyncPlugin/Name',
 'notificationRemoved',
 'notificationRead',
 'preferenceSynchronized',
 'preferenceDomainRemoved',
 '_Behavior__animationsSitOnPodGesturesChoice_11142888384__root_15',
 'Device/SubDeviceList/InertialSensor/AngleComplementaryX/Sensor/Value',
 'Device/SubDeviceList/Ears/Led/Right/288Deg/Actuator/SubDeviceNumber',
 'preferenceRemoved',
 'Device/DeviceList/MemberIdentificationPlugin/Available',
 'preferenceAdded',
 'preferenceChanged',
 'ALMemory/KeyTypeChanged',
 'ALMemory/KeyRemoved',
 '_Behavior__animationsSitOnPodGesturesThis_111095787912__root_148__onStopped',
 'Device/SubDeviceList/RFoot/FSR/FrontLeft/Sensor/Register']
